[Message:   BepInEx] BepInEx 5.4.21.0 - MonsterTrain2 (2025/11/9 17:30:30)
[Info   :   BepInEx] Running under Unity v2022.3.62.7762112
[Info   :   BepInEx] CLR runtime version: 4.0.30319.42000
[Info   :   BepInEx] Supports SRE: True
[Info   :   BepInEx] System platform: Bits64, Windows
[Message:   BepInEx] Preloader started
[Info   :   BepInEx] Loaded 1 patcher method from [BepInEx.Preloader 5.4.21.0]
[Info   :   BepInEx] 1 patcher plugin loaded
[Info   :   BepInEx] Patching [UnityEngine.CoreModule] with [BepInEx.Chainloader]
[Message:   BepInEx] Preloader finished
[Message:   BepInEx] Chainloader ready
[Message:   BepInEx] Chainloader started
[Info   :   BepInEx] 1 plugins to load
[Info   :   BepInEx] Loading [Monster Train 2 Isolation Probe 0.1.0]
[Info   :Monster Train 2 Isolation Probe] Probe patches installed before AppManager startup; isolated root: E:\Workspace\Program\monster-train2-poju\.probe-runs\run2
[Info   :Monster Train 2 Isolation Probe] Two-turn smoke scenario armed.
[Message:   BepInEx] Chainloader startup complete
[Info   :Monster Train 2 Isolation Probe] AppManager.Awake reached with isolated save-root patch active.
[Info   :Monster Train 2 Isolation Probe] SaveDirStandalone.GetRootDirectory redirected to E:\Workspace\Program\monster-train2-poju\.probe-runs\run2
[Warning: Unity Log] There can be only one active Event System.
[Info   :Monster Train 2 Isolation Probe] AppManager.Awake reached with isolated save-root patch active.
[Info   :Monster Train 2 Isolation Probe] SMOKE-WAIT stage=Menu managers=True user=UserLoaded menu=False
[Info   :Monster Train 2 Isolation Probe] SMOKE-WAIT stage=Menu managers=True user=UserLoaded menu=False
[Info   :Monster Train 2 Isolation Probe] SMOKE-WAIT stage=Menu managers=True user=UserLoaded menu=False
[Info   :Monster Train 2 Isolation Probe] SMOKE-WAIT stage=Menu managers=True user=UserLoaded menu=False
[Info   :Monster Train 2 Isolation Probe] SMOKE-WAIT stage=Menu managers=True user=UserLoaded menu=False
