Mono path[0] = 'E:/Workspace/Program/monster-train2-poju/.sandbox-game/MonsterTrain2_Data/Managed'
Mono config path = 'E:/Workspace/Program/monster-train2-poju/.sandbox-game/MonoBleedingEdge/etc'
Fallback handler could not load library E:/Workspace/Program/monster-train2-poju/.sandbox-game/MonsterTrain2_Data/MonoBleedingEdge/data-0000026A8857B0C0.dll
Fallback handler could not load library E:/Workspace/Program/monster-train2-poju/.sandbox-game/MonsterTrain2_Data/MonoBleedingEdge/data-0000026A8DD33040.dll
Input System module state changed to: Initialized.
[PhysX] Initialized MultithreadedTaskDispatcher with 16 workers.
Initialize engine version: 2022.3.62f2 (7670c08855a9)
[Subsystems] Discovering subsystems at path E:/Workspace/Program/monster-train2-poju/.sandbox-game/MonsterTrain2_Data/UnitySubsystems
GfxDevice: creating device client; threaded=1; jobified=0
Direct3D:
    Version:  Direct3D 11.0 [level 11.1]
    Renderer: NVIDIA GeForce RTX 5070 (ID=0x2f04)
    Vendor:   NVIDIA
    VRAM:     11944 MB
    Driver:   32.0.16.1692
Begin MonoManager ReloadAssembly
- Loaded All Assemblies, in  0.087 seconds
- Finished resetting the current domain, in  0.001 seconds
<RI> Initializing input.
<RI> Input initialized.
<RI> Initialized touch support.
[Message:   BepInEx] BepInEx 5.4.21.0 - MonsterTrain2 (2025/11/9 17:30:30)
[Info   :   BepInEx] Running under Unity v2022.3.62.7762112
[Info   :   BepInEx] CLR runtime version: 4.0.30319.42000
[Info   :   BepInEx] Supports SRE: True
[Info   :   BepInEx] System platform: Bits64, Windows
[Message:   BepInEx] Preloader started
[Info   :   BepInEx] Loaded 1 patcher method from [BepInEx.Preloader 5.4.21.0]
[Info   :   BepInEx] 1 patcher plugin loaded
[Info   :   BepInEx] Patching [UnityEngine.CoreModule] with [BepInEx.Chainloader]
[Message:   BepInEx] Preloader finished
[Message:   BepInEx] Chainloader ready
[Message:   BepInEx] Chainloader started
[Info   :   BepInEx] 1 plugins to load
[Info   :   BepInEx] Loading [Monster Train 2 Isolation Probe 0.1.0]
[Info   :Monster Train 2 Isolation Probe] Probe patches installed before AppManager startup; isolated root: E:\Workspace\Program\monster-train2-poju\.probe-runs\run13
[Info   :Monster Train 2 Isolation Probe] Two-turn smoke scenario armed.
[Message:   BepInEx] Chainloader startup complete
[PhysX] Initialized MultithreadedTaskDispatcher with 16 workers.
UnloadTime: 0.483800 ms
[Info   :Monster Train 2 Isolation Probe] AppManager.Awake reached with isolated save-root patch active.
[Info   :Monster Train 2 Isolation Probe] SaveDirStandalone.GetRootDirectory redirected to E:\Workspace\Program\monster-train2-poju\.probe-runs\run13
Unloading 7 Unused Serialized files (Serialized files now loaded: 0)
Unloading 3 unused Assets to reduce memory usage. Loaded Objects now: 27596.
Total: 27.597900 ms (FindLiveObjects: 1.092100 ms CreateObjectMapping: 1.721900 ms MarkObjects: 24.734000 ms  DeleteObjects: 0.049100 ms)

Unloading 14 Unused Serialized files (Serialized files now loaded: 0)
Unloading 15 unused Assets to reduce memory usage. Loaded Objects now: 30368.
Total: 24.458100 ms (FindLiveObjects: 1.650700 ms CreateObjectMapping: 1.696800 ms MarkObjects: 21.048400 ms  DeleteObjects: 0.061400 ms)

Unloading 7 Unused Serialized files (Serialized files now loaded: 0)
Unloading 1 unused Assets to reduce memory usage. Loaded Objects now: 30523.
Total: 25.374900 ms (FindLiveObjects: 1.221500 ms CreateObjectMapping: 1.361500 ms MarkObjects: 22.744900 ms  DeleteObjects: 0.046700 ms)

Unloading 8 Unused Serialized files (Serialized files now loaded: 0)
Unloading 7 unused Assets to reduce memory usage. Loaded Objects now: 32810.
Total: 34.616400 ms (FindLiveObjects: 2.416400 ms CreateObjectMapping: 1.912500 ms MarkObjects: 30.201300 ms  DeleteObjects: 0.085400 ms)

Unloading 10 Unused Serialized files (Serialized files now loaded: 0)
Unloading 2 unused Assets to reduce memory usage. Loaded Objects now: 36896.
Total: 29.612400 ms (FindLiveObjects: 1.600700 ms CreateObjectMapping: 1.475600 ms MarkObjects: 26.474400 ms  DeleteObjects: 0.061200 ms)

Unloading 13 Unused Serialized files (Serialized files now loaded: 0)
Unloading 4 unused Assets to reduce memory usage. Loaded Objects now: 37449.
Total: 29.194800 ms (FindLiveObjects: 2.141000 ms CreateObjectMapping: 1.924300 ms MarkObjects: 25.066400 ms  DeleteObjects: 0.062700 ms)

Unloading 11 Unused Serialized files (Serialized files now loaded: 0)
Unloading 6 unused Assets to reduce memory usage. Loaded Objects now: 45610.
Total: 28.922900 ms (FindLiveObjects: 2.544600 ms CreateObjectMapping: 1.109800 ms MarkObjects: 25.184000 ms  DeleteObjects: 0.084100 ms)

There can be only one active Event System.
[Info   :Monster Train 2 Isolation Probe] AppManager.Awake reached with isolated save-root patch active.
Unloading 8 Unused Serialized files (Serialized files now loaded: 0)
Unloading 4 unused Assets to reduce memory usage. Loaded Objects now: 45860.
Total: 30.310100 ms (FindLiveObjects: 2.851600 ms CreateObjectMapping: 1.692300 ms MarkObjects: 25.685700 ms  DeleteObjects: 0.080200 ms)

[Info   :Monster Train 2 Isolation Probe] Smoke: moved isolated profile from IntroStart to main menu.
[Info   :Monster Train 2 Isolation Probe] Smoke: fixed seed 424242; new run requested.
[Info   :Monster Train 2 Isolation Probe] AppManager.Awake reached with isolated save-root patch active.
Unloading 5 Unused Serialized files (Serialized files now loaded: 0)
Unloading 24 unused Assets to reduce memory usage. Loaded Objects now: 47544.
Total: 25.651600 ms (FindLiveObjects: 3.035900 ms CreateObjectMapping: 1.807500 ms MarkObjects: 20.414600 ms  DeleteObjects: 0.393200 ms)

Unloading 9 Unused Serialized files (Serialized files now loaded: 20)
Unloading 237 unused Assets to reduce memory usage. Loaded Objects now: 73925.
Total: 36.683200 ms (FindLiveObjects: 4.026700 ms CreateObjectMapping: 2.975600 ms MarkObjects: 28.896900 ms  DeleteObjects: 0.783700 ms)

Unloading 5 Unused Serialized files (Serialized files now loaded: 20)
Unloading 3 unused Assets to reduce memory usage. Loaded Objects now: 76963.
Total: 39.435700 ms (FindLiveObjects: 4.443300 ms CreateObjectMapping: 3.684800 ms MarkObjects: 31.170500 ms  DeleteObjects: 0.136700 ms)

Unloading 9 Unused Serialized files (Serialized files now loaded: 20)
Unloading 7 unused Assets to reduce memory usage. Loaded Objects now: 77485.
Total: 37.743300 ms (FindLiveObjects: 4.292200 ms CreateObjectMapping: 3.560600 ms MarkObjects: 29.742800 ms  DeleteObjects: 0.147300 ms)

Unloading 5 Unused Serialized files (Serialized files now loaded: 20)
Unloading 7 unused Assets to reduce memory usage. Loaded Objects now: 93421.
Total: 43.166800 ms (FindLiveObjects: 6.637900 ms CreateObjectMapping: 3.816100 ms MarkObjects: 32.576300 ms  DeleteObjects: 0.136400 ms)

Unloading 7 Unused Serialized files (Serialized files now loaded: 20)
Unloading 4 unused Assets to reduce memory usage. Loaded Objects now: 95607.
Total: 43.644300 ms (FindLiveObjects: 6.887000 ms CreateObjectMapping: 3.981700 ms MarkObjects: 32.630700 ms  DeleteObjects: 0.144600 ms)

Unloading 8 Unused Serialized files (Serialized files now loaded: 20)
Unloading 2 unused Assets to reduce memory usage. Loaded Objects now: 95951.
Total: 42.183800 ms (FindLiveObjects: 6.318800 ms CreateObjectMapping: 3.655400 ms MarkObjects: 32.085300 ms  DeleteObjects: 0.123900 ms)

[Info   :Monster Train 2 Isolation Probe] Smoke: entering battle through the map UI.
[Info   :Monster Train 2 Isolation Probe] Smoke: clicked map battle node in section 1.
Unloading 7 Unused Serialized files (Serialized files now loaded: 23)
Unloading 370 unused Assets to reduce memory usage. Loaded Objects now: 89719.
Total: 47.617300 ms (FindLiveObjects: 5.664300 ms CreateObjectMapping: 3.773100 ms MarkObjects: 34.824600 ms  DeleteObjects: 3.354800 ms)

Unloading 10 Unused Serialized files (Serialized files now loaded: 23)
Unloading 2 unused Assets to reduce memory usage. Loaded Objects now: 90133.
Total: 41.482000 ms (FindLiveObjects: 5.492400 ms CreateObjectMapping: 3.503800 ms MarkObjects: 32.363400 ms  DeleteObjects: 0.122000 ms)

[Info   :Monster Train 2 Isolation Probe] Smoke: started battle through the intro UI.
[Info   :Monster Train 2 Isolation Probe] SMOKE-WAIT stage=Battle managers=True user=UserLoaded menu=False top=BattleIntro loading=False sequence=BattleIntro busy=True
[Info   :Monster Train 2 Isolation Probe] SMOKE-WAIT stage=Battle managers=True user=UserLoaded menu=False top=BattleIntro loading=False sequence=BattleIntro busy=True
[Info   :Monster Train 2 Isolation Probe] SMOKE-WAIT stage=Battle managers=True user=UserLoaded menu=False top=BattleIntro loading=False sequence=BattleIntro busy=True
[Info   :Monster Train 2 Isolation Probe] SMOKE-WAIT stage=Battle managers=True user=UserLoaded menu=False top=BattleIntro loading=False sequence=BattleIntro busy=True
[Info   :Monster Train 2 Isolation Probe] SMOKE-WAIT stage=Battle managers=True user=UserLoaded menu=False top=BattleIntro loading=False sequence=BattleIntro busy=True
[Info   :Monster Train 2 Isolation Probe] SMOKE-WAIT stage=Battle managers=True user=UserLoaded menu=False top=BattleIntro loading=False sequence=BattleIntro busy=True
[Info   :Monster Train 2 Isolation Probe] SMOKE-WAIT stage=Battle managers=True user=UserLoaded menu=False top=BattleIntro loading=False sequence=BattleIntro busy=True
[Info   :Monster Train 2 Isolation Probe] SMOKE-WAIT stage=Battle managers=True user=UserLoaded menu=False top=BattleIntro loading=False sequence=BattleIntro busy=True
[Info   :Monster Train 2 Isolation Probe] SMOKE-WAIT stage=Battle managers=True user=UserLoaded menu=False top=BattleIntro loading=False sequence=BattleIntro busy=True
[Info   :Monster Train 2 Isolation Probe] SMOKE-WAIT stage=Battle managers=True user=UserLoaded menu=False top=BattleIntro loading=False sequence=BattleIntro busy=True
[Info   :Monster Train 2 Isolation Probe] SMOKE-WAIT stage=Battle managers=True user=UserLoaded menu=False top=BattleIntro loading=False sequence=BattleIntro busy=True
