Mono path[0] = 'E:/Workspace/Program/monster-train2-poju/.sandbox-game/MonsterTrain2_Data/Managed'
Mono config path = 'E:/Workspace/Program/monster-train2-poju/.sandbox-game/MonoBleedingEdge/etc'
Fallback handler could not load library E:/Workspace/Program/monster-train2-poju/.sandbox-game/MonsterTrain2_Data/MonoBleedingEdge/data-000002128D53E0A0.dll
Fallback handler could not load library E:/Workspace/Program/monster-train2-poju/.sandbox-game/MonsterTrain2_Data/MonoBleedingEdge/data-0000021292CAE040.dll
Input System module state changed to: Initialized.
[PhysX] Initialized MultithreadedTaskDispatcher with 16 workers.
Initialize engine version: 2022.3.62f2 (7670c08855a9)
[Subsystems] Discovering subsystems at path E:/Workspace/Program/monster-train2-poju/.sandbox-game/MonsterTrain2_Data/UnitySubsystems
GfxDevice: creating device client; threaded=1; jobified=0
Direct3D:
    Version:  Direct3D 11.0 [level 11.1]
    Renderer: NVIDIA GeForce RTX 5070 (ID=0x2f04)
    Vendor:   NVIDIA
    VRAM:     11944 MB
    Driver:   32.0.16.1692
Begin MonoManager ReloadAssembly
- Loaded All Assemblies, in  0.183 seconds
- Finished resetting the current domain, in  0.002 seconds
<RI> Initializing input.
<RI> Input initialized.
<RI> Initialized touch support.
[Message:   BepInEx] BepInEx 5.4.21.0 - MonsterTrain2 (2025/11/9 17:30:30)
[Info   :   BepInEx] Running under Unity v2022.3.62.7762112
[Info   :   BepInEx] CLR runtime version: 4.0.30319.42000
[Info   :   BepInEx] Supports SRE: True
[Info   :   BepInEx] System platform: Bits64, Windows
[Message:   BepInEx] Preloader started
[Info   :   BepInEx] Loaded 1 patcher method from [BepInEx.Preloader 5.4.21.0]
[Info   :   BepInEx] 1 patcher plugin loaded
[Info   :   BepInEx] Patching [UnityEngine.CoreModule] with [BepInEx.Chainloader]
[Message:   BepInEx] Preloader finished
[Message:   BepInEx] Chainloader ready
[Message:   BepInEx] Chainloader started
[Info   :   BepInEx] 1 plugins to load
[Info   :   BepInEx] Loading [Monster Train 2 Isolation Probe 0.1.0]
[Info   :Monster Train 2 Isolation Probe] Probe patches installed before AppManager startup; isolated root: E:\Workspace\Program\monster-train2-poju\.probe-runs\run12
[Info   :Monster Train 2 Isolation Probe] Two-turn smoke scenario armed.
[Message:   BepInEx] Chainloader startup complete
[PhysX] Initialized MultithreadedTaskDispatcher with 16 workers.
UnloadTime: 1.124100 ms
[Info   :Monster Train 2 Isolation Probe] AppManager.Awake reached with isolated save-root patch active.
[Info   :Monster Train 2 Isolation Probe] SaveDirStandalone.GetRootDirectory redirected to E:\Workspace\Program\monster-train2-poju\.probe-runs\run12
Unloading 7 Unused Serialized files (Serialized files now loaded: 0)
Unloading 3 unused Assets to reduce memory usage. Loaded Objects now: 27596.
Total: 31.439900 ms (FindLiveObjects: 2.135400 ms CreateObjectMapping: 2.135900 ms MarkObjects: 27.104200 ms  DeleteObjects: 0.064000 ms)

Unloading 14 Unused Serialized files (Serialized files now loaded: 0)
Unloading 15 unused Assets to reduce memory usage. Loaded Objects now: 30368.
Total: 33.111700 ms (FindLiveObjects: 1.757200 ms CreateObjectMapping: 1.703000 ms MarkObjects: 29.533500 ms  DeleteObjects: 0.117700 ms)

Unloading 7 Unused Serialized files (Serialized files now loaded: 0)
Unloading 1 unused Assets to reduce memory usage. Loaded Objects now: 30524.
Total: 43.675600 ms (FindLiveObjects: 2.467300 ms CreateObjectMapping: 2.061300 ms MarkObjects: 39.088300 ms  DeleteObjects: 0.058200 ms)

Unloading 8 Unused Serialized files (Serialized files now loaded: 0)
Unloading 7 unused Assets to reduce memory usage. Loaded Objects now: 32810.
Total: 38.866900 ms (FindLiveObjects: 2.130100 ms CreateObjectMapping: 2.134300 ms MarkObjects: 34.515900 ms  DeleteObjects: 0.086200 ms)

Unloading 10 Unused Serialized files (Serialized files now loaded: 0)
Unloading 2 unused Assets to reduce memory usage. Loaded Objects now: 36896.
Total: 42.143000 ms (FindLiveObjects: 2.409500 ms CreateObjectMapping: 1.953500 ms MarkObjects: 37.702000 ms  DeleteObjects: 0.077600 ms)

Unloading 13 Unused Serialized files (Serialized files now loaded: 0)
Unloading 4 unused Assets to reduce memory usage. Loaded Objects now: 37449.
Total: 45.411700 ms (FindLiveObjects: 2.593400 ms CreateObjectMapping: 2.211200 ms MarkObjects: 40.509500 ms  DeleteObjects: 0.097000 ms)

Unloading 11 Unused Serialized files (Serialized files now loaded: 0)
Unloading 6 unused Assets to reduce memory usage. Loaded Objects now: 45610.
Total: 38.835900 ms (FindLiveObjects: 3.832800 ms CreateObjectMapping: 2.243100 ms MarkObjects: 32.673200 ms  DeleteObjects: 0.086500 ms)

There can be only one active Event System.
[Info   :Monster Train 2 Isolation Probe] AppManager.Awake reached with isolated save-root patch active.
Unloading 8 Unused Serialized files (Serialized files now loaded: 0)
Unloading 4 unused Assets to reduce memory usage. Loaded Objects now: 45860.
Total: 38.859600 ms (FindLiveObjects: 3.561800 ms CreateObjectMapping: 2.151300 ms MarkObjects: 33.054400 ms  DeleteObjects: 0.091600 ms)

[Info   :Monster Train 2 Isolation Probe] Smoke: moved isolated profile from IntroStart to main menu.
[Info   :Monster Train 2 Isolation Probe] Smoke: fixed seed 424242; new run requested.
[Info   :Monster Train 2 Isolation Probe] AppManager.Awake reached with isolated save-root patch active.
Unloading 5 Unused Serialized files (Serialized files now loaded: 0)
Unloading 24 unused Assets to reduce memory usage. Loaded Objects now: 47544.
Total: 34.451000 ms (FindLiveObjects: 3.303800 ms CreateObjectMapping: 1.968100 ms MarkObjects: 28.776900 ms  DeleteObjects: 0.401800 ms)

Unloading 9 Unused Serialized files (Serialized files now loaded: 20)
Unloading 237 unused Assets to reduce memory usage. Loaded Objects now: 73925.
Total: 41.014800 ms (FindLiveObjects: 4.725500 ms CreateObjectMapping: 3.953500 ms MarkObjects: 31.514600 ms  DeleteObjects: 0.820700 ms)

Unloading 5 Unused Serialized files (Serialized files now loaded: 20)
Unloading 3 unused Assets to reduce memory usage. Loaded Objects now: 76963.
Total: 40.307100 ms (FindLiveObjects: 5.119200 ms CreateObjectMapping: 4.009000 ms MarkObjects: 31.047700 ms  DeleteObjects: 0.130400 ms)

Unloading 9 Unused Serialized files (Serialized files now loaded: 20)
Unloading 7 unused Assets to reduce memory usage. Loaded Objects now: 77485.
Total: 41.632900 ms (FindLiveObjects: 5.862700 ms CreateObjectMapping: 3.950500 ms MarkObjects: 31.698100 ms  DeleteObjects: 0.121200 ms)

Unloading 5 Unused Serialized files (Serialized files now loaded: 20)
Unloading 7 unused Assets to reduce memory usage. Loaded Objects now: 93421.
Total: 45.664000 ms (FindLiveObjects: 7.178000 ms CreateObjectMapping: 4.063200 ms MarkObjects: 34.254300 ms  DeleteObjects: 0.168000 ms)

Unloading 7 Unused Serialized files (Serialized files now loaded: 20)
Unloading 4 unused Assets to reduce memory usage. Loaded Objects now: 95607.
Total: 46.517000 ms (FindLiveObjects: 7.393100 ms CreateObjectMapping: 4.065800 ms MarkObjects: 34.908700 ms  DeleteObjects: 0.149000 ms)

Unloading 8 Unused Serialized files (Serialized files now loaded: 20)
Unloading 2 unused Assets to reduce memory usage. Loaded Objects now: 95951.
Total: 46.847500 ms (FindLiveObjects: 6.636800 ms CreateObjectMapping: 3.983700 ms MarkObjects: 36.057600 ms  DeleteObjects: 0.168900 ms)

[Info   :Monster Train 2 Isolation Probe] Smoke: selected nonempty scenario Level1BattleHealers groups=4
[Info   :Monster Train 2 Isolation Probe] Smoke: battle requested: Level1BattleHealers
[Info   :Monster Train 2 Isolation Probe] AppManager.Awake reached with isolated save-root patch active.
Unloading 8 Unused Serialized files (Serialized files now loaded: 27)
Unloading 280 unused Assets to reduce memory usage. Loaded Objects now: 113110.
Total: 48.563200 ms (FindLiveObjects: 9.418800 ms CreateObjectMapping: 5.114200 ms MarkObjects: 32.054100 ms  DeleteObjects: 1.975600 ms)

[Info   :Monster Train 2 Isolation Probe] SMOKE-WAIT stage=Battle managers=True user=UserLoaded menu=False top=Game loading=True sequence=InBattle busy=False
Unloading 10 Unused Serialized files (Serialized files now loaded: 27)
Unloading 6 unused Assets to reduce memory usage. Loaded Objects now: 116374.
Total: 46.493700 ms (FindLiveObjects: 8.613600 ms CreateObjectMapping: 4.527100 ms MarkObjects: 33.179000 ms  DeleteObjects: 0.173200 ms)

[Info   :Monster Train 2 Isolation Probe] SMOKE-SNAPSHOT before turn=0 phase=MonsterTurn pyre=80/80 energy=4 hand=[d14a50f3-728d-43e1-87f0-ef1b013f6678:d14a50f3-728d-43e1-87f0-ef1b013f6678,d14a50f3-728d-43e1-87f0-ef1b013f6678:d14a50f3-728d-43e1-87f0-ef1b013f6678,19705414-816d-4549-bcf5-866f338a551f:19705414-816d-4549-bcf5-866f338a551f,] draw=[fb0683b1-20ac-4dd2-b580-14b502e182f4:fb0683b1-20ac-4dd2-b580-14b502e182f4,fb0683b1-20ac-4dd2-b580-14b502e182f4:fb0683b1-20ac-4dd2-b580-14b502e182f4,fb0683b1-20ac-4dd2-b580-14b502e182f4:fb0683b1-20ac-4dd2-b580-14b502e182f4,c8b39244-83c1-4eb3-b474-8898226d4280:c8b39244-83c1-4eb3-b474-8898226d4280,fb0683b1-20ac-4dd2-b580-14b502e182f4:fb0683b1-20ac-4dd2-b580-14b502e182f4,fb0683b1-20ac-4dd2-b580-14b502e182f4:fb0683b1-20ac-4dd2-b580-14b502e182f4,c8b39244-83c1-4eb3-b474-8898226d4280:c8b39244-83c1-4eb3-b474-8898226d4280,38e70e6a-20f3-4e36-8d31-c5110be07f87:38e70e6a-20f3-4e36-8d31-c5110be07f87,38e70e6a-20f3-4e36-8d31-c5110be07f87:38e70e6a-20f3-4e36-8d31-c5110be07f87,c8b39244-83c1-4eb3-b474-8898226d4280:c8b39244-83c1-4eb3-b474-8898226d4280,c8b39244-83c1-4eb3-b474-8898226d4280:c8b39244-83c1-4eb3-b474-8898226d4280,c8b39244-83c1-4eb3-b474-8898226d4280:c8b39244-83c1-4eb3-b474-8898226d4280,] discard=[] exhausted=[] eaten=[] heroes=[] monsters=[PyreHeartStarter@3:0:45:80/80,]
[Info   :Monster Train 2 Isolation Probe] SMOKE-RNG before Master={s0:-905267014,s1:1653247403,s2:48924428,s3:-588248859,} NonDeterministic={s0:2105697876,s1:-1890395946,s2:-589127628,s3:-1395568131,} SetupRun={s0:1642461796,s1:1522012100,s2:408987559,s3:572290056,} Spawning={s0:1059462399,s1:-1366890596,s2:846191757,s3:1191475362,} Chatter={s0:110906590,s1:48177559,s2:706940820,s3:1077369189,} CardDraw={s0:1404201429,s1:-99922742,s2:-90414896,s3:942939367,} Battle={s0:152371493,s1:1994997914,s2:2043602627,s3:1534354928,} BossActions={s0:106642708,s1:1899678949,s2:1511809882,s3:1842633859,} Merchant={s0:1648720830,s1:2127855607,s2:1980935028,s3:860534981,} StoryEvents={s0:2097849429,s1:1635209866,s2:-922391949,s3:-1572894112,} Rewards={s0:1974875670,s1:-1234232145,s2:217643020,s3:-333908116,} Trials={s0:56341503,s1:-428180836,s2:-1540105331,s3:97457058,} BossGeneration={s0:1242216635,s1:-466357048,s2:-403268887,s3:93376238,} BattleTest={s0:1653247403,s1:170354552,s2:-1942812071,s3:1964750366,} AutoselectTrainPath={s0:48924428,s1:1780528061,s2:88215186,s3:1792663963,} HellforgedShardEnemy={s0:1559234790,s1:1707120831,s2:-135038372,s3:1208910413,}
[Info   :Monster Train 2 Isolation Probe] Smoke: playing TrainStewardShield from hand index 0 in room 0.
[Info   :Monster Train 2 Isolation Probe] SMOKE-SNAPSHOT after-play turn=0 phase=MonsterTurn pyre=80/80 energy=3 hand=[d14a50f3-728d-43e1-87f0-ef1b013f6678:d14a50f3-728d-43e1-87f0-ef1b013f6678,19705414-816d-4549-bcf5-866f338a551f:19705414-816d-4549-bcf5-866f338a551f,] draw=[fb0683b1-20ac-4dd2-b580-14b502e182f4:fb0683b1-20ac-4dd2-b580-14b502e182f4,fb0683b1-20ac-4dd2-b580-14b502e182f4:fb0683b1-20ac-4dd2-b580-14b502e182f4,fb0683b1-20ac-4dd2-b580-14b502e182f4:fb0683b1-20ac-4dd2-b580-14b502e182f4,c8b39244-83c1-4eb3-b474-8898226d4280:c8b39244-83c1-4eb3-b474-8898226d4280,fb0683b1-20ac-4dd2-b580-14b502e182f4:fb0683b1-20ac-4dd2-b580-14b502e182f4,fb0683b1-20ac-4dd2-b580-14b502e182f4:fb0683b1-20ac-4dd2-b580-14b502e182f4,c8b39244-83c1-4eb3-b474-8898226d4280:c8b39244-83c1-4eb3-b474-8898226d4280,38e70e6a-20f3-4e36-8d31-c5110be07f87:38e70e6a-20f3-4e36-8d31-c5110be07f87,38e70e6a-20f3-4e36-8d31-c5110be07f87:38e70e6a-20f3-4e36-8d31-c5110be07f87,c8b39244-83c1-4eb3-b474-8898226d4280:c8b39244-83c1-4eb3-b474-8898226d4280,c8b39244-83c1-4eb3-b474-8898226d4280:c8b39244-83c1-4eb3-b474-8898226d4280,c8b39244-83c1-4eb3-b474-8898226d4280:c8b39244-83c1-4eb3-b474-8898226d4280,] discard=[] exhausted=[] eaten=[] heroes=[] monsters=[PyreHeartStarter@3:0:45:80/80,TrainStewardBig@0:0:8:25/25,]
[Info   :Monster Train 2 Isolation Probe] SMOKE-RNG after-play Master={s0:-905267014,s1:1653247403,s2:48924428,s3:-588248859,} NonDeterministic={s0:-1378438163,s1:-456392585,s2:1149901465,s3:444074015,} SetupRun={s0:1642461796,s1:1522012100,s2:408987559,s3:572290056,} Spawning={s0:1059462399,s1:-1366890596,s2:846191757,s3:1191475362,} Chatter={s0:1835840081,s1:-1754647832,s2:2065149467,s3:772797930,} CardDraw={s0:1404201429,s1:-99922742,s2:-90414896,s3:942939367,} Battle={s0:152371493,s1:1994997914,s2:2043602627,s3:1534354928,} BossActions={s0:106642708,s1:1899678949,s2:1511809882,s3:1842633859,} Merchant={s0:1648720830,s1:2127855607,s2:1980935028,s3:860534981,} StoryEvents={s0:2097849429,s1:1635209866,s2:-922391949,s3:-1572894112,} Rewards={s0:1974875670,s1:-1234232145,s2:217643020,s3:-333908116,} Trials={s0:56341503,s1:-428180836,s2:-1540105331,s3:97457058,} BossGeneration={s0:1242216635,s1:-466357048,s2:-403268887,s3:93376238,} BattleTest={s0:1653247403,s1:170354552,s2:-1942812071,s3:1964750366,} AutoselectTrainPath={s0:48924428,s1:1780528061,s2:88215186,s3:1792663963,} HellforgedShardEnemy={s0:1559234790,s1:1707120831,s2:-135038372,s3:1208910413,}
[Info   :Monster Train 2 Isolation Probe] SMOKE-SNAPSHOT after-first turn=1 phase=MonsterTurn pyre=80/80 energy=3 hand=[fb0683b1-20ac-4dd2-b580-14b502e182f4:fb0683b1-20ac-4dd2-b580-14b502e182f4,38e70e6a-20f3-4e36-8d31-c5110be07f87:38e70e6a-20f3-4e36-8d31-c5110be07f87,c8b39244-83c1-4eb3-b474-8898226d4280:c8b39244-83c1-4eb3-b474-8898226d4280,c8b39244-83c1-4eb3-b474-8898226d4280:c8b39244-83c1-4eb3-b474-8898226d4280,c8b39244-83c1-4eb3-b474-8898226d4280:c8b39244-83c1-4eb3-b474-8898226d4280,] draw=[fb0683b1-20ac-4dd2-b580-14b502e182f4:fb0683b1-20ac-4dd2-b580-14b502e182f4,d14a50f3-728d-43e1-87f0-ef1b013f6678:d14a50f3-728d-43e1-87f0-ef1b013f6678,19705414-816d-4549-bcf5-866f338a551f:19705414-816d-4549-bcf5-866f338a551f,38e70e6a-20f3-4e36-8d31-c5110be07f87:38e70e6a-20f3-4e36-8d31-c5110be07f87,fb0683b1-20ac-4dd2-b580-14b502e182f4:fb0683b1-20ac-4dd2-b580-14b502e182f4,c8b39244-83c1-4eb3-b474-8898226d4280:c8b39244-83c1-4eb3-b474-8898226d4280,fb0683b1-20ac-4dd2-b580-14b502e182f4:fb0683b1-20ac-4dd2-b580-14b502e182f4,fb0683b1-20ac-4dd2-b580-14b502e182f4:fb0683b1-20ac-4dd2-b580-14b502e182f4,c8b39244-83c1-4eb3-b474-8898226d4280:c8b39244-83c1-4eb3-b474-8898226d4280,] discard=[] exhausted=[] eaten=[] heroes=[HeavyT1_Basic@0:0:4:45/45,] monsters=[PyreHeartStarter@3:0:45:80/80,TrainStewardBig@0:0:8:25/25,]
[Info   :Monster Train 2 Isolation Probe] SMOKE-RNG after-first Master={s0:-905267014,s1:1653247403,s2:48924428,s3:-588248859,} NonDeterministic={s0:-269699623,s1:2060808934,s2:-442989049,s3:-1606511729,} SetupRun={s0:1642461796,s1:1522012100,s2:408987559,s3:572290056,} Spawning={s0:1059462400,s1:445542657,s2:934485606,s3:-1313237953,} Chatter={s0:1844014307,s1:1445110556,s2:-1261596928,s3:450254486,} CardDraw={s0:297753370,s1:1770761320,s2:-920053149,s3:-120956702,} Battle={s0:152371493,s1:1994997914,s2:2043602627,s3:1534354928,} BossActions={s0:106642708,s1:1899678949,s2:1511809882,s3:1842633859,} Merchant={s0:1648720830,s1:2127855607,s2:1980935028,s3:860534981,} StoryEvents={s0:2097849429,s1:1635209866,s2:-922391949,s3:-1572894112,} Rewards={s0:1974875670,s1:-1234232145,s2:217643020,s3:-333908116,} Trials={s0:56341503,s1:-428180836,s2:-1540105331,s3:97457058,} BossGeneration={s0:1242216635,s1:-466357048,s2:-403268887,s3:93376238,} BattleTest={s0:1653247403,s1:170354552,s2:-1942812071,s3:1964750366,} AutoselectTrainPath={s0:48924428,s1:1780528061,s2:88215186,s3:1792663963,} HellforgedShardEnemy={s0:1559234790,s1:1707120831,s2:-135038372,s3:1208910413,}
[Info   :Monster Train 2 Isolation Probe] SMOKE-WAIT stage=SecondTurn managers=True user=UserLoaded menu=False top=Game loading=False sequence=InBattle busy=True
[Info   :Monster Train 2 Isolation Probe] SMOKE-SNAPSHOT after-second turn=2 phase=MonsterTurn pyre=80/80 energy=3 hand=[fb0683b1-20ac-4dd2-b580-14b502e182f4:fb0683b1-20ac-4dd2-b580-14b502e182f4,c8b39244-83c1-4eb3-b474-8898226d4280:c8b39244-83c1-4eb3-b474-8898226d4280,fb0683b1-20ac-4dd2-b580-14b502e182f4:fb0683b1-20ac-4dd2-b580-14b502e182f4,fb0683b1-20ac-4dd2-b580-14b502e182f4:fb0683b1-20ac-4dd2-b580-14b502e182f4,c8b39244-83c1-4eb3-b474-8898226d4280:c8b39244-83c1-4eb3-b474-8898226d4280,] draw=[fb0683b1-20ac-4dd2-b580-14b502e182f4:fb0683b1-20ac-4dd2-b580-14b502e182f4,d14a50f3-728d-43e1-87f0-ef1b013f6678:d14a50f3-728d-43e1-87f0-ef1b013f6678,19705414-816d-4549-bcf5-866f338a551f:19705414-816d-4549-bcf5-866f338a551f,38e70e6a-20f3-4e36-8d31-c5110be07f87:38e70e6a-20f3-4e36-8d31-c5110be07f87,] discard=[c8b39244-83c1-4eb3-b474-8898226d4280:c8b39244-83c1-4eb3-b474-8898226d4280,c8b39244-83c1-4eb3-b474-8898226d4280:c8b39244-83c1-4eb3-b474-8898226d4280,c8b39244-83c1-4eb3-b474-8898226d4280:c8b39244-83c1-4eb3-b474-8898226d4280,38e70e6a-20f3-4e36-8d31-c5110be07f87:38e70e6a-20f3-4e36-8d31-c5110be07f87,fb0683b1-20ac-4dd2-b580-14b502e182f4:fb0683b1-20ac-4dd2-b580-14b502e182f4,] exhausted=[] eaten=[] heroes=[HeavyT1_Basic@1:0:4:37/45,HeavyT1_Basic@0:0:4:45/45,ClericT1_OminousAcolyte@0:1:0:1/1,TreasureBagLvl1Gold@1:1:0:1/1,] monsters=[PyreHeartStarter@3:0:45:80/80,TrainStewardBig@0:0:8:21/25,]
[Info   :Monster Train 2 Isolation Probe] SMOKE-RNG after-second Master={s0:-905267014,s1:1653247403,s2:48924428,s3:-588248859,} NonDeterministic={s0:-803961297,s1:-1927757724,s2:-804157402,s3:-1089001419,} SetupRun={s0:1642461796,s1:1522012100,s2:408987559,s3:572290056,} Spawning={s0:1059462401,s1:-2036991386,s2:1022779455,s3:477016028,} Chatter={s0:582852967,s1:-2091446212,s2:-939960685,s3:-531708249,} CardDraw={s0:297753370,s1:1770761320,s2:-920053149,s3:-120956702,} Battle={s0:152371493,s1:1994997914,s2:2043602627,s3:1534354928,} BossActions={s0:106642708,s1:1899678949,s2:1511809882,s3:1842633859,} Merchant={s0:1648720830,s1:2127855607,s2:1980935028,s3:860534981,} StoryEvents={s0:2097849429,s1:1635209866,s2:-922391949,s3:-1572894112,} Rewards={s0:1974875670,s1:-1234232145,s2:217643020,s3:-333908116,} Trials={s0:56341503,s1:-428180836,s2:-1540105331,s3:97457058,} BossGeneration={s0:1242216635,s1:-466357048,s2:-403268887,s3:93376238,} BattleTest={s0:1653247403,s1:170354552,s2:-1942812071,s3:1964750366,} AutoselectTrainPath={s0:48924428,s1:1780528061,s2:88215186,s3:1792663963,} HellforgedShardEnemy={s0:1559234790,s1:1707120831,s2:-135038372,s3:1208910413,}
[Info   :Monster Train 2 Isolation Probe] Smoke: undoing second end-turn action.
[Info   :Monster Train 2 Isolation Probe] AppManager.Awake reached with isolated save-root patch active.
Unloading 5 Unused Serialized files (Serialized files now loaded: 27)
Unloading 283 unused Assets to reduce memory usage. Loaded Objects now: 97687.
Total: 69.238900 ms (FindLiveObjects: 9.020800 ms CreateObjectMapping: 6.853300 ms MarkObjects: 50.528100 ms  DeleteObjects: 2.836200 ms)

Unloading 9 Unused Serialized files (Serialized files now loaded: 27)
Unloading 227 unused Assets to reduce memory usage. Loaded Objects now: 100465.
Total: 107.176000 ms (FindLiveObjects: 11.835400 ms CreateObjectMapping: 8.945300 ms MarkObjects: 85.096100 ms  DeleteObjects: 1.298300 ms)

Unloading 5 Unused Serialized files (Serialized files now loaded: 27)
Unloading 7 unused Assets to reduce memory usage. Loaded Objects now: 102012.
Total: 90.884900 ms (FindLiveObjects: 14.980000 ms CreateObjectMapping: 5.958800 ms MarkObjects: 69.749200 ms  DeleteObjects: 0.196200 ms)

Unloading 7 Unused Serialized files (Serialized files now loaded: 27)
Unloading 4 unused Assets to reduce memory usage. Loaded Objects now: 104186.
Total: 99.320500 ms (FindLiveObjects: 18.805100 ms CreateObjectMapping: 7.877400 ms MarkObjects: 72.433800 ms  DeleteObjects: 0.203100 ms)

[Info   :Monster Train 2 Isolation Probe] SMOKE-WAIT stage=Undoing managers=True user=UserLoaded menu=False top=Map loading=True sequence=DestinationReached busy=False
[Info   :Monster Train 2 Isolation Probe] SMOKE-WAIT stage=Undoing managers=True user=UserLoaded menu=False top=Map loading=True sequence=DestinationReached busy=False
[Info   :Monster Train 2 Isolation Probe] SMOKE-WAIT stage=Undoing managers=True user=UserLoaded menu=False top=Map loading=True sequence=DestinationReached busy=False
[Info   :Monster Train 2 Isolation Probe] SMOKE-WAIT stage=Undoing managers=True user=UserLoaded menu=False top=Map loading=True sequence=DestinationReached busy=False
[Info   :Monster Train 2 Isolation Probe] SMOKE-WAIT stage=Undoing managers=True user=UserLoaded menu=False top=Map loading=True sequence=DestinationReached busy=False
[Info   :Monster Train 2 Isolation Probe] SMOKE-WAIT stage=Undoing managers=True user=UserLoaded menu=False top=Map loading=True sequence=DestinationReached busy=False
[Info   :Monster Train 2 Isolation Probe] SMOKE-WAIT stage=Undoing managers=True user=UserLoaded menu=False top=Map loading=True sequence=DestinationReached busy=False
[Info   :Monster Train 2 Isolation Probe] SMOKE-WAIT stage=Undoing managers=True user=UserLoaded menu=False top=Map loading=True sequence=DestinationReached busy=False
[Info   :Monster Train 2 Isolation Probe] SMOKE-WAIT stage=Undoing managers=True user=UserLoaded menu=False top=Map loading=True sequence=DestinationReached busy=False
[Info   :Monster Train 2 Isolation Probe] SMOKE-WAIT stage=Undoing managers=True user=UserLoaded menu=False top=Map loading=True sequence=DestinationReached busy=False
[Info   :Monster Train 2 Isolation Probe] SMOKE-WAIT stage=Undoing managers=True user=UserLoaded menu=False top=Map loading=True sequence=DestinationReached busy=False
[Info   :Monster Train 2 Isolation Probe] SMOKE-WAIT stage=Undoing managers=True user=UserLoaded menu=False top=Map loading=True sequence=DestinationReached busy=False
[Error  :Monster Train 2 Isolation Probe] SMOKE-FAIL Timed out in stage Undoing
Input System module state changed to: ShutdownInProgress.
Input System polling thread exited.
Input System module state changed to: Shutdown.
Memory Statistics:
[ALLOC_TEMP_TLS] TLS Allocator
  StackAllocators : 
    [ALLOC_TEMP_MAIN]
      Peak usage frame count: [0-1.0 KB]: 2045 frames, [1.0 KB-2.0 KB]: 3 frames, [2.0 KB-4.0 KB]: 600 frames, [4.0 KB-8.0 KB]: 2720 frames, [8.0 KB-16.0 KB]: 4975 frames, [16.0 KB-32.0 KB]: 109771 frames, [32.0 KB-64.0 KB]: 719 frames, [64.0 KB-128.0 KB]: 5027 frames, [128.0 KB-256.0 KB]: 8 frames, [256.0 KB-0.5 MB]: 20 frames, [0.5 MB-1.0 MB]: 8 frames, [2.0 MB-4.0 MB]: 1 frames, [4.0 MB-8.0 MB]: 21 frames
      Initial Block Size 4.0 MB
      Current Block Size 8.0 MB
      Peak Allocated Bytes 8.0 MB
      Overflow Count 63
    [ALLOC_TEMP_Loading.AsyncRead]
      Initial Block Size 64.0 KB
      Current Block Size 124.0 KB
      Peak Allocated Bytes 120.5 KB
      Overflow Count 0
    [ALLOC_TEMP_Loading.PreloadManager]
      Initial Block Size 256.0 KB
      Current Block Size 0.5 MB
      Peak Allocated Bytes 511.4 KB
      Overflow Count 165189
    [ALLOC_TEMP_Background Job.Worker 8]
      Initial Block Size 32.0 KB
      Current Block Size 32.0 KB
      Peak Allocated Bytes 54 B
      Overflow Count 0
    [ALLOC_TEMP_Job.Worker 6]
      Initial Block Size 256.0 KB
      Current Block Size 256.0 KB
      Peak Allocated Bytes 27.0 KB
      Overflow Count 0
    [ALLOC_TEMP_Job.Worker 0]
      Initial Block Size 256.0 KB
      Current Block Size 256.0 KB
      Peak Allocated Bytes 27.0 KB
      Overflow Count 0
    [ALLOC_TEMP_Background Job.Worker 10]
      Initial Block Size 32.0 KB
      Current Block Size 32.0 KB
      Peak Allocated Bytes 54 B
      Overflow Count 0
    [ALLOC_TEMP_Background Job.Worker 9]
      Initial Block Size 32.0 KB
      Current Block Size 32.0 KB
      Peak Allocated Bytes 54 B
      Overflow Count 0
    [ALLOC_TEMP_Job.Worker 5]
      Initial Block Size 256.0 KB
      Current Block Size 256.0 KB
      Peak Allocated Bytes 27.0 KB
      Overflow Count 0
    [ALLOC_TEMP_Background Job.Worker 14]
      Initial Block Size 32.0 KB
      Current Block Size 32.0 KB
      Peak Allocated Bytes 54 B
      Overflow Count 0
    [ALLOC_TEMP_Background Job.Worker 6]
      Initial Block Size 32.0 KB
      Current Block Size 32.0 KB
      Peak Allocated Bytes 54 B
      Overflow Count 0
    [ALLOC_TEMP_Job.Worker 4]
      Initial Block Size 256.0 KB
      Current Block Size 256.0 KB
      Peak Allocated Bytes 27.0 KB
      Overflow Count 0
    [ALLOC_TEMP_Job.Worker 14]
      Initial Block Size 256.0 KB
      Current Block Size 256.0 KB
      Peak Allocated Bytes 5.2 KB
      Overflow Count 0
    [ALLOC_TEMP_Job.Worker 3]
      Initial Block Size 256.0 KB
      Current Block Size 256.0 KB
      Peak Allocated Bytes 47.3 KB
      Overflow Count 0
    [ALLOC_TEMP_Job.Worker 13]
      Initial Block Size 256.0 KB
      Current Block Size 256.0 KB
      Peak Allocated Bytes 27.0 KB
      Overflow Count 0
    [ALLOC_TEMP_Background Job.Worker 12]
      Initial Block Size 32.0 KB
      Current Block Size 32.0 KB
      Peak Allocated Bytes 54 B
      Overflow Count 0
    [ALLOC_TEMP_EnlightenWorker] x 8
      Initial Block Size 64.0 KB
      Current Block Size 64.0 KB
      Peak Allocated Bytes 54 B
      Overflow Count 0
    [ALLOC_TEMP_Background Job.Worker 15]
      Initial Block Size 32.0 KB
      Current Block Size 32.0 KB
      Peak Allocated Bytes 54 B
      Overflow Count 0
    [ALLOC_TEMP_Background Job.Worker 1]
      Initial Block Size 32.0 KB
      Current Block Size 32.0 KB
      Peak Allocated Bytes 21.0 KB
      Overflow Count 0
    [ALLOC_TEMP_Background Job.Worker 2]
      Initial Block Size 32.0 KB
      Current Block Size 32.0 KB
      Peak Allocated Bytes 9.8 KB
      Overflow Count 0
    [ALLOC_TEMP_Background Job.Worker 7]
      Initial Block Size 32.0 KB
      Current Block Size 32.0 KB
      Peak Allocated Bytes 54 B
      Overflow Count 0
    [ALLOC_TEMP_UnityGfxDeviceWorker]
      Initial Block Size 256.0 KB
      Current Block Size 256.0 KB
      Peak Allocated Bytes 27.0 KB
      Overflow Count 0
    [ALLOC_TEMP_AssetGarbageCollectorHelper] x 15
      Initial Block Size 64.0 KB
      Current Block Size 64.0 KB
      Peak Allocated Bytes 138 B
      Overflow Count 0
    [ALLOC_TEMP_Background Job.Worker 5]
      Initial Block Size 32.0 KB
      Current Block Size 32.0 KB
      Peak Allocated Bytes 54 B
      Overflow Count 0
    [ALLOC_TEMP_Job.Worker 9]
      Initial Block Size 256.0 KB
      Current Block Size 256.0 KB
      Peak Allocated Bytes 27.0 KB
      Overflow Count 0
    [ALLOC_TEMP_Background Job.Worker 13]
      Initial Block Size 32.0 KB
      Current Block Size 32.0 KB
      Peak Allocated Bytes 54 B
      Overflow Count 0
    [ALLOC_TEMP_Job.Worker 8]
      Initial Block Size 256.0 KB
      Current Block Size 256.0 KB
      Peak Allocated Bytes 27.0 KB
      Overflow Count 0
    [ALLOC_TEMP_Job.Worker 7]
      Initial Block Size 256.0 KB
      Current Block Size 256.0 KB
      Peak Allocated Bytes 27.0 KB
      Overflow Count 0
    [ALLOC_TEMP_Job.Worker 1]
      Initial Block Size 256.0 KB
      Current Block Size 256.0 KB
      Peak Allocated Bytes 50.0 KB
      Overflow Count 0
    [ALLOC_TEMP_Job.Worker 2]
      Initial Block Size 256.0 KB
      Current Block Size 256.0 KB
      Peak Allocated Bytes 50.3 KB
      Overflow Count 0
    [ALLOC_TEMP_Background Job.Worker 3]
      Initial Block Size 32.0 KB
      Current Block Size 32.0 KB
      Peak Allocated Bytes 471 B
      Overflow Count 0
    [ALLOC_TEMP_Background Job.Worker 11]
      Initial Block Size 32.0 KB
      Current Block Size 32.0 KB
      Peak Allocated Bytes 54 B
      Overflow Count 0
    [ALLOC_TEMP_Job.Worker 10]
      Initial Block Size 256.0 KB
      Current Block Size 256.0 KB
      Peak Allocated Bytes 27.0 KB
      Overflow Count 0
    [ALLOC_TEMP_Background Job.Worker 0]
      Initial Block Size 32.0 KB
      Current Block Size 32.0 KB
      Peak Allocated Bytes 54 B
      Overflow Count 0
    [ALLOC_TEMP_Job.Worker 11]
      Initial Block Size 256.0 KB
      Current Block Size 256.0 KB
      Peak Allocated Bytes 27.0 KB
      Overflow Count 0
    [ALLOC_TEMP_Job.Worker 12]
      Initial Block Size 256.0 KB
      Current Block Size 256.0 KB
      Peak Allocated Bytes 27.0 KB
      Overflow Count 0
    [ALLOC_TEMP_Background Job.Worker 4]
      Initial Block Size 32.0 KB
      Current Block Size 32.0 KB
      Peak Allocated Bytes 54 B
      Overflow Count 0
    [ALLOC_TEMP_BatchDeleteObjects]
      Initial Block Size 64.0 KB
      Current Block Size 64.0 KB
      Peak Allocated Bytes 54 B
      Overflow Count 0
[ALLOC_DEFAULT] Dual Thread Allocator
  Peak main deferred allocation count 41451
    [ALLOC_BUCKET]
      Large Block size 4.0 MB
      Used Block count 1
      Peak Allocated bytes 4.0 MB
      Failed Allocations. Bucket layout:
        16B: 21 Subsections = 21504 buckets. Failed count: 184282
        32B: 28 Subsections = 14336 buckets. Failed count: 342131
        48B: 120 Subsections = 40960 buckets. Failed count: 2719374
        64B: 37 Subsections = 9472 buckets. Failed count: 128231
        80B: 33 Subsections = 6758 buckets. Failed count: 23204
        96B: 4 Subsections = 682 buckets. Failed count: 34076
        112B: 6 Subsections = 877 buckets. Failed count: 282261
        128B: 7 Subsections = 896 buckets. Failed count: 62692
    [ALLOC_DEFAULT_MAIN]
      Peak usage frame count: [16.0 MB-32.0 MB]: 1786 frames, [32.0 MB-64.0 MB]: 3494 frames, [64.0 MB-128.0 MB]: 120638 frames
      Requested Block Size 16.0 MB
      Peak Block count 7
      Peak Allocated memory 92.5 MB
      Peak Large allocation bytes 8.0 MB
    [ALLOC_DEFAULT_THREAD]
      Peak usage frame count: [32.0 MB-64.0 MB]: 123390 frames, [64.0 MB-128.0 MB]: 2528 frames
      Requested Block Size 16.0 MB
      Peak Block count 6
      Peak Allocated memory 70.4 MB
      Peak Large allocation bytes 0 B
[ALLOC_TEMP_JOB_1_FRAME]
  Initial Block Size 2.0 MB
  Used Block Count 0
  Overflow Count (too large) 0
  Overflow Count (full) 0
[ALLOC_TEMP_JOB_2_FRAMES]
  Initial Block Size 2.0 MB
  Used Block Count 0
  Overflow Count (too large) 0
  Overflow Count (full) 0
[ALLOC_TEMP_JOB_4_FRAMES (JobTemp)]
  Initial Block Size 2.0 MB
  Used Block Count 1
  Overflow Count (too large) 0
  Overflow Count (full) 0
[ALLOC_TEMP_JOB_ASYNC (Background)]
  Initial Block Size 1.0 MB
  Used Block Count 1
  Overflow Count (too large) 0
  Overflow Count (full) 0
[ALLOC_GFX] Dual Thread Allocator
  Peak main deferred allocation count 19
    [ALLOC_BUCKET]
      Large Block size 4.0 MB
      Used Block count 1
      Peak Allocated bytes 4.0 MB
      Failed Allocations. Bucket layout:
        16B: 21 Subsections = 21504 buckets. Failed count: 184282
        32B: 28 Subsections = 14336 buckets. Failed count: 342131
        48B: 120 Subsections = 40960 buckets. Failed count: 2719374
        64B: 37 Subsections = 9472 buckets. Failed count: 128231
        80B: 33 Subsections = 6758 buckets. Failed count: 23204
        96B: 4 Subsections = 682 buckets. Failed count: 34076
        112B: 6 Subsections = 877 buckets. Failed count: 282261
        128B: 7 Subsections = 896 buckets. Failed count: 62692
    [ALLOC_GFX_MAIN]
      Peak usage frame count: [0.5 MB-1.0 MB]: 4527 frames, [1.0 MB-2.0 MB]: 111399 frames, [2.0 MB-4.0 MB]: 9992 frames
      Requested Block Size 16.0 MB
      Peak Block count 1
      Peak Allocated memory 2.7 MB
      Peak Large allocation bytes 0 B
    [ALLOC_GFX_THREAD]
      Peak usage frame count: [2.0 MB-4.0 MB]: 4767 frames, [4.0 MB-8.0 MB]: 121151 frames
      Requested Block Size 16.0 MB
      Peak Block count 1
      Peak Allocated memory 5.0 MB
      Peak Large allocation bytes 0 B
[ALLOC_CACHEOBJECTS] Dual Thread Allocator
  Peak main deferred allocation count 822
    [ALLOC_BUCKET]
      Large Block size 4.0 MB
      Used Block count 1
      Peak Allocated bytes 4.0 MB
      Failed Allocations. Bucket layout:
        16B: 21 Subsections = 21504 buckets. Failed count: 184282
        32B: 28 Subsections = 14336 buckets. Failed count: 342131
        48B: 120 Subsections = 40960 buckets. Failed count: 2719374
        64B: 37 Subsections = 9472 buckets. Failed count: 128231
        80B: 33 Subsections = 6758 buckets. Failed count: 23204
        96B: 4 Subsections = 682 buckets. Failed count: 34076
        112B: 6 Subsections = 877 buckets. Failed count: 282261
        128B: 7 Subsections = 896 buckets. Failed count: 62692
    [ALLOC_CACHEOBJECTS_MAIN]
      Peak usage frame count: [4.0 MB-8.0 MB]: 2171 frames, [8.0 MB-16.0 MB]: 123747 frames
      Requested Block Size 4.0 MB
      Peak Block count 5
      Peak Allocated memory 15.8 MB
      Peak Large allocation bytes 2.0 MB
    [ALLOC_CACHEOBJECTS_THREAD]
      Peak usage frame count: [64.0 MB-128.0 MB]: 4530 frames, [128.0 MB-256.0 MB]: 121388 frames
      Requested Block Size 4.0 MB
      Peak Block count 39
      Peak Allocated memory 251.0 MB
      Peak Large allocation bytes 109.3 MB
[ALLOC_TYPETREE] Dual Thread Allocator
  Peak main deferred allocation count 1
    [ALLOC_BUCKET]
      Large Block size 4.0 MB
      Used Block count 1
      Peak Allocated bytes 4.0 MB
      Failed Allocations. Bucket layout:
        16B: 21 Subsections = 21504 buckets. Failed count: 184282
        32B: 28 Subsections = 14336 buckets. Failed count: 342131
        48B: 120 Subsections = 40960 buckets. Failed count: 2719374
        64B: 37 Subsections = 9472 buckets. Failed count: 128231
        80B: 33 Subsections = 6758 buckets. Failed count: 23204
        96B: 4 Subsections = 682 buckets. Failed count: 34076
        112B: 6 Subsections = 877 buckets. Failed count: 282261
        128B: 7 Subsections = 896 buckets. Failed count: 62692
    [ALLOC_TYPETREE_MAIN]
      Peak usage frame count: [8.0 KB-16.0 KB]: 1 frames, [16.0 KB-32.0 KB]: 1200 frames, [32.0 KB-64.0 KB]: 3326 frames, [64.0 KB-128.0 KB]: 121391 frames
      Requested Block Size 2.0 MB
      Peak Block count 1
      Peak Allocated memory 93.0 KB
      Peak Large allocation bytes 0 B
    [ALLOC_TYPETREE_THREAD]
      Peak usage frame count: [256.0 KB-0.5 MB]: 4528 frames, [0.5 MB-1.0 MB]: 1 frames, [2.0 MB-4.0 MB]: 57 frames, [4.0 MB-8.0 MB]: 121332 frames
      Requested Block Size 2.0 MB
      Peak Block count 4
      Peak Allocated memory 7.6 MB
      Peak Large allocation bytes 0 B
