Mono path[0] = 'E:/Workspace/Program/monster-train2-poju/.sandbox-game/MonsterTrain2_Data/Managed'
Mono config path = 'E:/Workspace/Program/monster-train2-poju/.sandbox-game/MonoBleedingEdge/etc'
Fallback handler could not load library E:/Workspace/Program/monster-train2-poju/.sandbox-game/MonsterTrain2_Data/MonoBleedingEdge/data-000001D2187AD030.dll
Fallback handler could not load library E:/Workspace/Program/monster-train2-poju/.sandbox-game/MonsterTrain2_Data/MonoBleedingEdge/data-000001D21DED5040.dll
Input System module state changed to: Initialized.
[PhysX] Initialized MultithreadedTaskDispatcher with 16 workers.
Initialize engine version: 2022.3.62f2 (7670c08855a9)
[Subsystems] Discovering subsystems at path E:/Workspace/Program/monster-train2-poju/.sandbox-game/MonsterTrain2_Data/UnitySubsystems
GfxDevice: creating device client; threaded=1; jobified=0
Direct3D:
    Version:  Direct3D 11.0 [level 11.1]
    Renderer: NVIDIA GeForce RTX 5070 (ID=0x2f04)
    Vendor:   NVIDIA
    VRAM:     11944 MB
    Driver:   32.0.16.1692
Begin MonoManager ReloadAssembly
- Loaded All Assemblies, in  0.085 seconds
- Finished resetting the current domain, in  0.001 seconds
<RI> Initializing input.
<RI> Input initialized.
<RI> Initialized touch support.
[Message:   BepInEx] BepInEx 5.4.21.0 - MonsterTrain2 (2025/11/9 17:30:30)
[Info   :   BepInEx] Running under Unity v2022.3.62.7762112
[Info   :   BepInEx] CLR runtime version: 4.0.30319.42000
[Info   :   BepInEx] Supports SRE: True
[Info   :   BepInEx] System platform: Bits64, Windows
[Message:   BepInEx] Preloader started
[Info   :   BepInEx] Loaded 1 patcher method from [BepInEx.Preloader 5.4.21.0]
[Info   :   BepInEx] 1 patcher plugin loaded
[Info   :   BepInEx] Patching [UnityEngine.CoreModule] with [BepInEx.Chainloader]
[Message:   BepInEx] Preloader finished
[Message:   BepInEx] Chainloader ready
[Message:   BepInEx] Chainloader started
[Info   :   BepInEx] 1 plugins to load
[Info   :   BepInEx] Loading [Monster Train 2 Isolation Probe 0.1.0]
[Info   :Monster Train 2 Isolation Probe] Probe patches installed before AppManager startup; isolated root: E:\Workspace\Program\monster-train2-poju\.probe-runs\run17
[Info   :Monster Train 2 Isolation Probe] Two-turn smoke scenario armed.
[Message:   BepInEx] Chainloader startup complete
[PhysX] Initialized MultithreadedTaskDispatcher with 16 workers.
UnloadTime: 0.493400 ms
[Info   :Monster Train 2 Isolation Probe] AppManager.Awake reached with isolated save-root patch active.
[Info   :Monster Train 2 Isolation Probe] SaveDirStandalone.GetRootDirectory redirected to E:\Workspace\Program\monster-train2-poju\.probe-runs\run17
Unloading 7 Unused Serialized files (Serialized files now loaded: 0)
Unloading 3 unused Assets to reduce memory usage. Loaded Objects now: 27596.
Total: 19.459300 ms (FindLiveObjects: 1.063000 ms CreateObjectMapping: 1.361800 ms MarkObjects: 16.996000 ms  DeleteObjects: 0.038100 ms)

Unloading 14 Unused Serialized files (Serialized files now loaded: 0)
Unloading 15 unused Assets to reduce memory usage. Loaded Objects now: 30368.
Total: 24.265000 ms (FindLiveObjects: 1.645300 ms CreateObjectMapping: 1.751800 ms MarkObjects: 20.801200 ms  DeleteObjects: 0.066100 ms)

Unloading 7 Unused Serialized files (Serialized files now loaded: 0)
Unloading 1 unused Assets to reduce memory usage. Loaded Objects now: 30523.
Total: 24.978600 ms (FindLiveObjects: 1.209200 ms CreateObjectMapping: 1.344500 ms MarkObjects: 22.383600 ms  DeleteObjects: 0.040800 ms)

Unloading 8 Unused Serialized files (Serialized files now loaded: 0)
Unloading 7 unused Assets to reduce memory usage. Loaded Objects now: 32810.
Total: 29.515000 ms (FindLiveObjects: 1.674700 ms CreateObjectMapping: 1.672100 ms MarkObjects: 26.103500 ms  DeleteObjects: 0.064300 ms)

Unloading 10 Unused Serialized files (Serialized files now loaded: 0)
Unloading 2 unused Assets to reduce memory usage. Loaded Objects now: 36896.
Total: 26.994000 ms (FindLiveObjects: 1.524900 ms CreateObjectMapping: 1.406600 ms MarkObjects: 23.999000 ms  DeleteObjects: 0.063000 ms)

Unloading 13 Unused Serialized files (Serialized files now loaded: 0)
Unloading 4 unused Assets to reduce memory usage. Loaded Objects now: 37449.
Total: 26.783900 ms (FindLiveObjects: 2.180500 ms CreateObjectMapping: 1.686100 ms MarkObjects: 22.837800 ms  DeleteObjects: 0.078900 ms)

Unloading 11 Unused Serialized files (Serialized files now loaded: 0)
Unloading 6 unused Assets to reduce memory usage. Loaded Objects now: 45610.
Total: 29.946100 ms (FindLiveObjects: 2.753200 ms CreateObjectMapping: 1.808700 ms MarkObjects: 25.298200 ms  DeleteObjects: 0.085800 ms)

There can be only one active Event System.
[Info   :Monster Train 2 Isolation Probe] AppManager.Awake reached with isolated save-root patch active.
Unloading 8 Unused Serialized files (Serialized files now loaded: 0)
Unloading 4 unused Assets to reduce memory usage. Loaded Objects now: 45860.
Total: 28.602700 ms (FindLiveObjects: 2.690500 ms CreateObjectMapping: 1.627400 ms MarkObjects: 24.219100 ms  DeleteObjects: 0.065100 ms)

[Info   :Monster Train 2 Isolation Probe] Smoke: moved isolated profile from IntroStart to main menu.
[Info   :Monster Train 2 Isolation Probe] Smoke: FTUE completion set in isolated profile.
[Info   :Monster Train 2 Isolation Probe] Smoke: fixed seed 424242; new run requested.
[Info   :Monster Train 2 Isolation Probe] AppManager.Awake reached with isolated save-root patch active.
Unloading 5 Unused Serialized files (Serialized files now loaded: 0)
Unloading 25 unused Assets to reduce memory usage. Loaded Objects now: 47519.
Total: 30.401100 ms (FindLiveObjects: 3.257000 ms CreateObjectMapping: 2.006900 ms MarkObjects: 24.777500 ms  DeleteObjects: 0.359200 ms)

Unloading 15 Unused Serialized files (Serialized files now loaded: 30)
[Info   :Monster Train 2 Isolation Probe] Smoke: confirmed isolated run setup.
Unloading 199 unused Assets to reduce memory usage. Loaded Objects now: 77623.
Total: 32.506800 ms (FindLiveObjects: 5.737300 ms CreateObjectMapping: 2.272700 ms MarkObjects: 23.700200 ms  DeleteObjects: 0.796200 ms)

Unloading 9 Unused Serialized files (Serialized files now loaded: 51)
Unloading 1252 unused Assets to reduce memory usage. Loaded Objects now: 89304.
Total: 45.028900 ms (FindLiveObjects: 5.189800 ms CreateObjectMapping: 5.015300 ms MarkObjects: 30.288200 ms  DeleteObjects: 4.535300 ms)

Unloading 5 Unused Serialized files (Serialized files now loaded: 30)
Unloading 3 unused Assets to reduce memory usage. Loaded Objects now: 92342.
Total: 44.636400 ms (FindLiveObjects: 5.665400 ms CreateObjectMapping: 4.616500 ms MarkObjects: 34.214500 ms  DeleteObjects: 0.139600 ms)

Unloading 9 Unused Serialized files (Serialized files now loaded: 30)
Unloading 7 unused Assets to reduce memory usage. Loaded Objects now: 92864.
Total: 42.384000 ms (FindLiveObjects: 5.937500 ms CreateObjectMapping: 4.922600 ms MarkObjects: 31.389000 ms  DeleteObjects: 0.134700 ms)

Unloading 5 Unused Serialized files (Serialized files now loaded: 30)
Unloading 7 unused Assets to reduce memory usage. Loaded Objects now: 108800.
Total: 54.514700 ms (FindLiveObjects: 6.911900 ms CreateObjectMapping: 5.440400 ms MarkObjects: 41.999900 ms  DeleteObjects: 0.162100 ms)

Unloading 7 Unused Serialized files (Serialized files now loaded: 30)
Unloading 4 unused Assets to reduce memory usage. Loaded Objects now: 110975.
Total: 45.473600 ms (FindLiveObjects: 6.891200 ms CreateObjectMapping: 5.585800 ms MarkObjects: 32.833400 ms  DeleteObjects: 0.162600 ms)

Unloading 8 Unused Serialized files (Serialized files now loaded: 30)
Unloading 2 unused Assets to reduce memory usage. Loaded Objects now: 111319.
Total: 46.630000 ms (FindLiveObjects: 6.956200 ms CreateObjectMapping: 4.552400 ms MarkObjects: 34.917100 ms  DeleteObjects: 0.204000 ms)

Unloading 9 Unused Serialized files (Serialized files now loaded: 30)
Unloading 1 unused Assets to reduce memory usage. Loaded Objects now: 116064.
Total: 48.065300 ms (FindLiveObjects: 6.335300 ms CreateObjectMapping: 4.724300 ms MarkObjects: 36.845300 ms  DeleteObjects: 0.159800 ms)

[Info   :Monster Train 2 Isolation Probe] SMOKE-WAIT stage=NewRun managers=True user=UserLoaded menu=False top=RunOpening loading=False sequence=Initial busy=True
[Info   :Monster Train 2 Isolation Probe] SMOKE-WAIT stage=NewRun managers=True user=UserLoaded menu=False top=RunOpening loading=False sequence=Initial busy=True
[Info   :Monster Train 2 Isolation Probe] SMOKE-WAIT stage=NewRun managers=True user=UserLoaded menu=False top=RunOpening loading=False sequence=Initial busy=True
[Info   :Monster Train 2 Isolation Probe] SMOKE-WAIT stage=NewRun managers=True user=UserLoaded menu=False top=RunOpening loading=False sequence=Initial busy=True
[Info   :Monster Train 2 Isolation Probe] SMOKE-WAIT stage=NewRun managers=True user=UserLoaded menu=False top=RunOpening loading=False sequence=Initial busy=True
[Info   :Monster Train 2 Isolation Probe] SMOKE-WAIT stage=NewRun managers=True user=UserLoaded menu=False top=RunOpening loading=False sequence=Initial busy=True
[Info   :Monster Train 2 Isolation Probe] SMOKE-WAIT stage=NewRun managers=True user=UserLoaded menu=False top=RunOpening loading=False sequence=Initial busy=True
