Mono path[0] = 'E:/Workspace/Program/monster-train2-poju/.sandbox-game/MonsterTrain2_Data/Managed'
Mono config path = 'E:/Workspace/Program/monster-train2-poju/.sandbox-game/MonoBleedingEdge/etc'
Fallback handler could not load library E:/Workspace/Program/monster-train2-poju/.sandbox-game/MonsterTrain2_Data/MonoBleedingEdge/data-00000231866AC070.dll
Fallback handler could not load library E:/Workspace/Program/monster-train2-poju/.sandbox-game/MonsterTrain2_Data/MonoBleedingEdge/data-000002318BE0B040.dll
Input System module state changed to: Initialized.
[PhysX] Initialized MultithreadedTaskDispatcher with 16 workers.
Initialize engine version: 2022.3.62f2 (7670c08855a9)
[Subsystems] Discovering subsystems at path E:/Workspace/Program/monster-train2-poju/.sandbox-game/MonsterTrain2_Data/UnitySubsystems
GfxDevice: creating device client; threaded=1; jobified=0
Direct3D:
    Version:  Direct3D 11.0 [level 11.1]
    Renderer: NVIDIA GeForce RTX 5070 (ID=0x2f04)
    Vendor:   NVIDIA
    VRAM:     11944 MB
    Driver:   32.0.16.1692
Begin MonoManager ReloadAssembly
- Loaded All Assemblies, in  0.083 seconds
- Finished resetting the current domain, in  0.001 seconds
<RI> Initializing input.
<RI> Input initialized.
<RI> Initialized touch support.
[Message:   BepInEx] BepInEx 5.4.21.0 - MonsterTrain2 (2025/11/9 17:30:30)
[Info   :   BepInEx] Running under Unity v2022.3.62.7762112
[Info   :   BepInEx] CLR runtime version: 4.0.30319.42000
[Info   :   BepInEx] Supports SRE: True
[Info   :   BepInEx] System platform: Bits64, Windows
[Message:   BepInEx] Preloader started
[Info   :   BepInEx] Loaded 1 patcher method from [BepInEx.Preloader 5.4.21.0]
[Info   :   BepInEx] 1 patcher plugin loaded
[Info   :   BepInEx] Patching [UnityEngine.CoreModule] with [BepInEx.Chainloader]
[Message:   BepInEx] Preloader finished
[Message:   BepInEx] Chainloader ready
[Message:   BepInEx] Chainloader started
[Info   :   BepInEx] 1 plugins to load
[Info   :   BepInEx] Loading [Monster Train 2 Isolation Probe 0.1.0]
[Info   :Monster Train 2 Isolation Probe] Probe patches installed before AppManager startup; isolated root: E:\Workspace\Program\monster-train2-poju\.probe-runs\run29-direct-depth4-target1
[Info   :Monster Train 2 Isolation Probe] DEPTH-CONFIG depth=4 target=1 sourcePlays= direct=True
[Info   :Monster Train 2 Isolation Probe] Native replay depth scenario armed.
[Message:   BepInEx] Chainloader startup complete
[PhysX] Initialized MultithreadedTaskDispatcher with 16 workers.
UnloadTime: 0.525300 ms
[Info   :Monster Train 2 Isolation Probe] AppManager.Awake reached with isolated save-root patch active.
[Info   :Monster Train 2 Isolation Probe] SaveDirStandalone.GetRootDirectory redirected to E:\Workspace\Program\monster-train2-poju\.probe-runs\run29-direct-depth4-target1
Unloading 7 Unused Serialized files (Serialized files now loaded: 0)
Unloading 3 unused Assets to reduce memory usage. Loaded Objects now: 27596.
Total: 19.906000 ms (FindLiveObjects: 1.070400 ms CreateObjectMapping: 1.249000 ms MarkObjects: 17.540900 ms  DeleteObjects: 0.045200 ms)

Unloading 14 Unused Serialized files (Serialized files now loaded: 0)
Unloading 15 unused Assets to reduce memory usage. Loaded Objects now: 30368.
Total: 27.303300 ms (FindLiveObjects: 1.399600 ms CreateObjectMapping: 1.530800 ms MarkObjects: 24.295300 ms  DeleteObjects: 0.077000 ms)

Unloading 7 Unused Serialized files (Serialized files now loaded: 0)
Unloading 1 unused Assets to reduce memory usage. Loaded Objects now: 30523.
Total: 26.252800 ms (FindLiveObjects: 1.346700 ms CreateObjectMapping: 1.471500 ms MarkObjects: 23.394000 ms  DeleteObjects: 0.039600 ms)

Unloading 8 Unused Serialized files (Serialized files now loaded: 0)
Unloading 7 unused Assets to reduce memory usage. Loaded Objects now: 32810.
Total: 27.622100 ms (FindLiveObjects: 1.614400 ms CreateObjectMapping: 1.970200 ms MarkObjects: 23.984000 ms  DeleteObjects: 0.053200 ms)

Unloading 10 Unused Serialized files (Serialized files now loaded: 0)
Unloading 2 unused Assets to reduce memory usage. Loaded Objects now: 36896.
Total: 28.408100 ms (FindLiveObjects: 1.401000 ms CreateObjectMapping: 0.787300 ms MarkObjects: 26.160900 ms  DeleteObjects: 0.058200 ms)

Unloading 13 Unused Serialized files (Serialized files now loaded: 0)
Unloading 4 unused Assets to reduce memory usage. Loaded Objects now: 37449.
Total: 26.396300 ms (FindLiveObjects: 1.906700 ms CreateObjectMapping: 1.396300 ms MarkObjects: 23.035500 ms  DeleteObjects: 0.057300 ms)

Unloading 11 Unused Serialized files (Serialized files now loaded: 0)
Unloading 6 unused Assets to reduce memory usage. Loaded Objects now: 45610.
Total: 27.002900 ms (FindLiveObjects: 2.806400 ms CreateObjectMapping: 1.799800 ms MarkObjects: 22.318800 ms  DeleteObjects: 0.077600 ms)

There can be only one active Event System.
[Info   :Monster Train 2 Isolation Probe] AppManager.Awake reached with isolated save-root patch active.
Unloading 8 Unused Serialized files (Serialized files now loaded: 0)
Unloading 4 unused Assets to reduce memory usage. Loaded Objects now: 45860.
Total: 23.521200 ms (FindLiveObjects: 2.487500 ms CreateObjectMapping: 1.566800 ms MarkObjects: 19.398100 ms  DeleteObjects: 0.068500 ms)

[Info   :Monster Train 2 Isolation Probe] AppManager.Awake reached with isolated save-root patch active.
Unloading 5 Unused Serialized files (Serialized files now loaded: 0)
Unloading 25 unused Assets to reduce memory usage. Loaded Objects now: 47519.
Total: 27.554700 ms (FindLiveObjects: 3.221900 ms CreateObjectMapping: 1.752300 ms MarkObjects: 22.217100 ms  DeleteObjects: 0.363000 ms)

Unloading 15 Unused Serialized files (Serialized files now loaded: 30)
Unloading 199 unused Assets to reduce memory usage. Loaded Objects now: 77623.
Total: 32.672500 ms (FindLiveObjects: 5.204200 ms CreateObjectMapping: 2.572400 ms MarkObjects: 23.915200 ms  DeleteObjects: 0.980300 ms)

Unloading 9 Unused Serialized files (Serialized files now loaded: 51)
Unloading 1252 unused Assets to reduce memory usage. Loaded Objects now: 89304.
Total: 40.888400 ms (FindLiveObjects: 5.122600 ms CreateObjectMapping: 4.545000 ms MarkObjects: 27.236900 ms  DeleteObjects: 3.983500 ms)

Unloading 5 Unused Serialized files (Serialized files now loaded: 30)
Unloading 3 unused Assets to reduce memory usage. Loaded Objects now: 92342.
Total: 38.891000 ms (FindLiveObjects: 5.257700 ms CreateObjectMapping: 4.386100 ms MarkObjects: 29.079900 ms  DeleteObjects: 0.167000 ms)

Unloading 9 Unused Serialized files (Serialized files now loaded: 30)
Unloading 7 unused Assets to reduce memory usage. Loaded Objects now: 92864.
Total: 39.579900 ms (FindLiveObjects: 5.552400 ms CreateObjectMapping: 4.655400 ms MarkObjects: 29.240100 ms  DeleteObjects: 0.131700 ms)

Unloading 5 Unused Serialized files (Serialized files now loaded: 30)
Unloading 7 unused Assets to reduce memory usage. Loaded Objects now: 108800.
Total: 45.319200 ms (FindLiveObjects: 7.081100 ms CreateObjectMapping: 5.816400 ms MarkObjects: 32.277100 ms  DeleteObjects: 0.144300 ms)

Unloading 7 Unused Serialized files (Serialized files now loaded: 30)
Unloading 4 unused Assets to reduce memory usage. Loaded Objects now: 110975.
Total: 51.790100 ms (FindLiveObjects: 7.473200 ms CreateObjectMapping: 5.160800 ms MarkObjects: 38.982900 ms  DeleteObjects: 0.172300 ms)

Unloading 8 Unused Serialized files (Serialized files now loaded: 30)
Unloading 2 unused Assets to reduce memory usage. Loaded Objects now: 111319.
Total: 52.952800 ms (FindLiveObjects: 6.960600 ms CreateObjectMapping: 5.779700 ms MarkObjects: 40.075600 ms  DeleteObjects: 0.136500 ms)

Unloading 9 Unused Serialized files (Serialized files now loaded: 30)
Unloading 1 unused Assets to reduce memory usage. Loaded Objects now: 116064.
Total: 43.712800 ms (FindLiveObjects: 6.507000 ms CreateObjectMapping: 4.943200 ms MarkObjects: 32.110200 ms  DeleteObjects: 0.152100 ms)

[Info   :Monster Train 2 Isolation Probe] DEPTH-WAIT stage=NaturalIntro pass=Direct turn=none sequence=BattleIntro loading=True
Unloading 7 Unused Serialized files (Serialized files now loaded: 33)
Unloading 450 unused Assets to reduce memory usage. Loaded Objects now: 105058.
Total: 50.562200 ms (FindLiveObjects: 6.642000 ms CreateObjectMapping: 4.973800 ms MarkObjects: 34.999700 ms  DeleteObjects: 3.946400 ms)

Unloading 10 Unused Serialized files (Serialized files now loaded: 33)
Unloading 2 unused Assets to reduce memory usage. Loaded Objects now: 105472.
Total: 44.951700 ms (FindLiveObjects: 6.228100 ms CreateObjectMapping: 4.145400 ms MarkObjects: 34.438500 ms  DeleteObjects: 0.139300 ms)

[Info   :Monster Train 2 Isolation Probe] AppManager.Awake reached with isolated save-root patch active.
Unloading 8 Unused Serialized files (Serialized files now loaded: 33)
Unloading 103 unused Assets to reduce memory usage. Loaded Objects now: 129049.
Total: 51.674500 ms (FindLiveObjects: 10.625900 ms CreateObjectMapping: 5.638500 ms MarkObjects: 35.027800 ms  DeleteObjects: 0.381900 ms)

Unloading 10 Unused Serialized files (Serialized files now loaded: 33)
Unloading 6 unused Assets to reduce memory usage. Loaded Objects now: 132313.
Total: 54.931400 ms (FindLiveObjects: 10.085800 ms CreateObjectMapping: 6.126000 ms MarkObjects: 38.526100 ms  DeleteObjects: 0.193000 ms)

[Info   :Monster Train 2 Isolation Probe] DEPTH-BATTLE scenario=Level1BattleJunker testScenario=False
[Info   :Monster Train 2 Isolation Probe] SMOKE-SNAPSHOT direct-0 turn=0 phase=MonsterTurn pyre=80/80 energy=4 hand=[d14a50f3-728d-43e1-87f0-ef1b013f6678:d14a50f3-728d-43e1-87f0-ef1b013f6678,d14a50f3-728d-43e1-87f0-ef1b013f6678:d14a50f3-728d-43e1-87f0-ef1b013f6678,19705414-816d-4549-bcf5-866f338a551f:19705414-816d-4549-bcf5-866f338a551f,] draw=[fb0683b1-20ac-4dd2-b580-14b502e182f4:fb0683b1-20ac-4dd2-b580-14b502e182f4,fb0683b1-20ac-4dd2-b580-14b502e182f4:fb0683b1-20ac-4dd2-b580-14b502e182f4,fb0683b1-20ac-4dd2-b580-14b502e182f4:fb0683b1-20ac-4dd2-b580-14b502e182f4,c8b39244-83c1-4eb3-b474-8898226d4280:c8b39244-83c1-4eb3-b474-8898226d4280,fb0683b1-20ac-4dd2-b580-14b502e182f4:fb0683b1-20ac-4dd2-b580-14b502e182f4,fb0683b1-20ac-4dd2-b580-14b502e182f4:fb0683b1-20ac-4dd2-b580-14b502e182f4,c8b39244-83c1-4eb3-b474-8898226d4280:c8b39244-83c1-4eb3-b474-8898226d4280,38e70e6a-20f3-4e36-8d31-c5110be07f87:38e70e6a-20f3-4e36-8d31-c5110be07f87,38e70e6a-20f3-4e36-8d31-c5110be07f87:38e70e6a-20f3-4e36-8d31-c5110be07f87,c8b39244-83c1-4eb3-b474-8898226d4280:c8b39244-83c1-4eb3-b474-8898226d4280,c8b39244-83c1-4eb3-b474-8898226d4280:c8b39244-83c1-4eb3-b474-8898226d4280,c8b39244-83c1-4eb3-b474-8898226d4280:c8b39244-83c1-4eb3-b474-8898226d4280,] discard=[] exhausted=[] eaten=[] heroes=[] monsters=[PyreHeartStarter@3:0:45:80/80,]
[Info   :Monster Train 2 Isolation Probe] SMOKE-RNG direct-0 Master={s0:-905267014,s1:1653247403,s2:48924428,s3:-588248859,} NonDeterministic={s0:-407081132,s1:-116011454,s2:122775850,s3:1727564281,} SetupRun={s0:1522012100,s1:408987559,s2:572290056,s3:1818533109,} Spawning={s0:1059462399,s1:-1366890596,s2:846191757,s3:1191475362,} Chatter={s0:110906590,s1:48177559,s2:706940820,s3:1077369189,} CardDraw={s0:1404201429,s1:-99922742,s2:-90414896,s3:942939367,} Battle={s0:152371493,s1:1994997914,s2:2043602627,s3:1534354928,} BossActions={s0:106642708,s1:1899678949,s2:1511809882,s3:1842633859,} Merchant={s0:1648720830,s1:2127855607,s2:1980935028,s3:860534981,} StoryEvents={s0:2097849429,s1:1635209866,s2:-922391949,s3:-1572894112,} Rewards={s0:1974875670,s1:-1234232145,s2:217643020,s3:-333908116,} Trials={s0:56341503,s1:-428180836,s2:-1540105331,s3:97457058,} BossGeneration={s0:1242216635,s1:-466357048,s2:-403268887,s3:93376238,} BattleTest={s0:1653247403,s1:170354552,s2:-1942812071,s3:1964750366,} AutoselectTrainPath={s0:48924428,s1:1780528061,s2:88215186,s3:1792663963,} HellforgedShardEnemy={s0:1559234790,s1:1707120831,s2:-135038372,s3:1208910413,}
[Info   :Monster Train 2 Isolation Probe] DEPTH-WAIT stage=WaitingTurn pass=Direct turn=1 sequence=InBattle loading=False
[Info   :Monster Train 2 Isolation Probe] SMOKE-SNAPSHOT direct-1 turn=1 phase=MonsterTurn pyre=80/80 energy=3 hand=[c8b39244-83c1-4eb3-b474-8898226d4280:c8b39244-83c1-4eb3-b474-8898226d4280,19705414-816d-4549-bcf5-866f338a551f:19705414-816d-4549-bcf5-866f338a551f,fb0683b1-20ac-4dd2-b580-14b502e182f4:fb0683b1-20ac-4dd2-b580-14b502e182f4,c8b39244-83c1-4eb3-b474-8898226d4280:c8b39244-83c1-4eb3-b474-8898226d4280,d14a50f3-728d-43e1-87f0-ef1b013f6678:d14a50f3-728d-43e1-87f0-ef1b013f6678,] draw=[fb0683b1-20ac-4dd2-b580-14b502e182f4:fb0683b1-20ac-4dd2-b580-14b502e182f4,c8b39244-83c1-4eb3-b474-8898226d4280:c8b39244-83c1-4eb3-b474-8898226d4280,fb0683b1-20ac-4dd2-b580-14b502e182f4:fb0683b1-20ac-4dd2-b580-14b502e182f4,38e70e6a-20f3-4e36-8d31-c5110be07f87:38e70e6a-20f3-4e36-8d31-c5110be07f87,fb0683b1-20ac-4dd2-b580-14b502e182f4:fb0683b1-20ac-4dd2-b580-14b502e182f4,d14a50f3-728d-43e1-87f0-ef1b013f6678:d14a50f3-728d-43e1-87f0-ef1b013f6678,c8b39244-83c1-4eb3-b474-8898226d4280:c8b39244-83c1-4eb3-b474-8898226d4280,38e70e6a-20f3-4e36-8d31-c5110be07f87:38e70e6a-20f3-4e36-8d31-c5110be07f87,c8b39244-83c1-4eb3-b474-8898226d4280:c8b39244-83c1-4eb3-b474-8898226d4280,fb0683b1-20ac-4dd2-b580-14b502e182f4:fb0683b1-20ac-4dd2-b580-14b502e182f4,] discard=[] exhausted=[] eaten=[] heroes=[ShieldGuardT1_BasicNonAttack@0:0:0:5/5,MageT1_Junker@0:1:1:1/1,] monsters=[PyreHeartStarter@3:0:45:80/80,]
[Info   :Monster Train 2 Isolation Probe] SMOKE-RNG direct-1 Master={s0:-905267014,s1:1653247403,s2:48924428,s3:-588248859,} NonDeterministic={s0:-1482414400,s1:377060787,s2:1930790752,s3:-372278903,} SetupRun={s0:1522012100,s1:408987559,s2:572290056,s3:1818533109,} Spawning={s0:1059462400,s1:445542657,s2:934485606,s3:-1313237953,} Chatter={s0:1014935387,s1:2131218827,s2:-1486166812,s3:262173817,} CardDraw={s0:1770761320,s1:-920053149,s2:-120956702,s3:323398506,} Battle={s0:152371493,s1:1994997914,s2:2043602627,s3:1534354928,} BossActions={s0:106642708,s1:1899678949,s2:1511809882,s3:1842633859,} Merchant={s0:1648720830,s1:2127855607,s2:1980935028,s3:860534981,} StoryEvents={s0:2097849429,s1:1635209866,s2:-922391949,s3:-1572894112,} Rewards={s0:1974875670,s1:-1234232145,s2:217643020,s3:-333908116,} Trials={s0:56341503,s1:-428180836,s2:-1540105331,s3:97457058,} BossGeneration={s0:1242216635,s1:-466357048,s2:-403268887,s3:93376238,} BattleTest={s0:1653247403,s1:170354552,s2:-1942812071,s3:1964750366,} AutoselectTrainPath={s0:48924428,s1:1780528061,s2:88215186,s3:1792663963,} HellforgedShardEnemy={s0:1559234790,s1:1707120831,s2:-135038372,s3:1208910413,}
[Info   :Monster Train 2 Isolation Probe] DEPTH-PLAY pass=Direct handIndex=4 room=0
[Info   :Monster Train 2 Isolation Probe] DEPTH-PLAYED pass=Direct turn=1
[Info   :Monster Train 2 Isolation Probe] SMOKE-SNAPSHOT direct-2 turn=2 phase=MonsterTurn pyre=80/80 energy=3 hand=[c8b39244-83c1-4eb3-b474-8898226d4280:c8b39244-83c1-4eb3-b474-8898226d4280,38e70e6a-20f3-4e36-8d31-c5110be07f87:38e70e6a-20f3-4e36-8d31-c5110be07f87,c8b39244-83c1-4eb3-b474-8898226d4280:c8b39244-83c1-4eb3-b474-8898226d4280,fb0683b1-20ac-4dd2-b580-14b502e182f4:fb0683b1-20ac-4dd2-b580-14b502e182f4,62cc5532-5fa0-4e66-9fec-85be573af359:62cc5532-5fa0-4e66-9fec-85be573af359,] draw=[fb0683b1-20ac-4dd2-b580-14b502e182f4:fb0683b1-20ac-4dd2-b580-14b502e182f4,c8b39244-83c1-4eb3-b474-8898226d4280:c8b39244-83c1-4eb3-b474-8898226d4280,fb0683b1-20ac-4dd2-b580-14b502e182f4:fb0683b1-20ac-4dd2-b580-14b502e182f4,38e70e6a-20f3-4e36-8d31-c5110be07f87:38e70e6a-20f3-4e36-8d31-c5110be07f87,fb0683b1-20ac-4dd2-b580-14b502e182f4:fb0683b1-20ac-4dd2-b580-14b502e182f4,d14a50f3-728d-43e1-87f0-ef1b013f6678:d14a50f3-728d-43e1-87f0-ef1b013f6678,] discard=[c8b39244-83c1-4eb3-b474-8898226d4280:c8b39244-83c1-4eb3-b474-8898226d4280,fb0683b1-20ac-4dd2-b580-14b502e182f4:fb0683b1-20ac-4dd2-b580-14b502e182f4,19705414-816d-4549-bcf5-866f338a551f:19705414-816d-4549-bcf5-866f338a551f,c8b39244-83c1-4eb3-b474-8898226d4280:c8b39244-83c1-4eb3-b474-8898226d4280,] exhausted=[] eaten=[] heroes=[ShieldGuardT1_BasicNonAttack@1:0:0:5/5,MageT1_Junker@1:1:1:1/1,HeavyT1_Basic@0:0:4:45/45,MageT1_Junker@0:1:1:1/1,TreasureBagLvl1Gold@1:2:0:1/1,] monsters=[PyreHeartStarter@3:0:45:80/80,TrainStewardBig@0:0:8:22/25,]
[Info   :Monster Train 2 Isolation Probe] SMOKE-RNG direct-2 Master={s0:-905267014,s1:1653247403,s2:48924428,s3:-588248859,} NonDeterministic={s0:1271880306,s1:174912832,s2:1069689548,s3:1063023325,} SetupRun={s0:1522012100,s1:408987559,s2:572290056,s3:1818533109,} Spawning={s0:1059462401,s1:-2036991386,s2:1022779455,s3:477016028,} Chatter={s0:1559996673,s1:1388982445,s2:-1512085677,s3:-478329532,} CardDraw={s0:1770761320,s1:-920053149,s2:-120956702,s3:323398506,} Battle={s0:1994997914,s1:2043602627,s2:1534354928,s3:-87467118,} BossActions={s0:106642708,s1:1899678949,s2:1511809882,s3:1842633859,} Merchant={s0:1648720830,s1:2127855607,s2:1980935028,s3:860534981,} StoryEvents={s0:2097849429,s1:1635209866,s2:-922391949,s3:-1572894112,} Rewards={s0:1974875670,s1:-1234232145,s2:217643020,s3:-333908116,} Trials={s0:56341503,s1:-428180836,s2:-1540105331,s3:97457058,} BossGeneration={s0:1242216635,s1:-466357048,s2:-403268887,s3:93376238,} BattleTest={s0:1653247403,s1:170354552,s2:-1942812071,s3:1964750366,} AutoselectTrainPath={s0:48924428,s1:1780528061,s2:88215186,s3:1792663963,} HellforgedShardEnemy={s0:1559234790,s1:1707120831,s2:-135038372,s3:1208910413,}
[Info   :Monster Train 2 Isolation Probe] DEPTH-WAIT stage=WaitingTurn pass=Direct turn=2 sequence=InBattle loading=False
[Info   :Monster Train 2 Isolation Probe] DEPTH-WAIT stage=WaitingTurn pass=Direct turn=3 sequence=InBattle loading=False
[Info   :Monster Train 2 Isolation Probe] SMOKE-SNAPSHOT direct-3 turn=3 phase=MonsterTurn pyre=80/80 energy=3 hand=[38e70e6a-20f3-4e36-8d31-c5110be07f87:38e70e6a-20f3-4e36-8d31-c5110be07f87,fb0683b1-20ac-4dd2-b580-14b502e182f4:fb0683b1-20ac-4dd2-b580-14b502e182f4,d14a50f3-728d-43e1-87f0-ef1b013f6678:d14a50f3-728d-43e1-87f0-ef1b013f6678,62cc5532-5fa0-4e66-9fec-85be573af359:62cc5532-5fa0-4e66-9fec-85be573af359,62cc5532-5fa0-4e66-9fec-85be573af359:62cc5532-5fa0-4e66-9fec-85be573af359,] draw=[fb0683b1-20ac-4dd2-b580-14b502e182f4:fb0683b1-20ac-4dd2-b580-14b502e182f4,c8b39244-83c1-4eb3-b474-8898226d4280:c8b39244-83c1-4eb3-b474-8898226d4280,fb0683b1-20ac-4dd2-b580-14b502e182f4:fb0683b1-20ac-4dd2-b580-14b502e182f4,] discard=[c8b39244-83c1-4eb3-b474-8898226d4280:c8b39244-83c1-4eb3-b474-8898226d4280,fb0683b1-20ac-4dd2-b580-14b502e182f4:fb0683b1-20ac-4dd2-b580-14b502e182f4,19705414-816d-4549-bcf5-866f338a551f:19705414-816d-4549-bcf5-866f338a551f,c8b39244-83c1-4eb3-b474-8898226d4280:c8b39244-83c1-4eb3-b474-8898226d4280,62cc5532-5fa0-4e66-9fec-85be573af359:62cc5532-5fa0-4e66-9fec-85be573af359,fb0683b1-20ac-4dd2-b580-14b502e182f4:fb0683b1-20ac-4dd2-b580-14b502e182f4,c8b39244-83c1-4eb3-b474-8898226d4280:c8b39244-83c1-4eb3-b474-8898226d4280,38e70e6a-20f3-4e36-8d31-c5110be07f87:38e70e6a-20f3-4e36-8d31-c5110be07f87,c8b39244-83c1-4eb3-b474-8898226d4280:c8b39244-83c1-4eb3-b474-8898226d4280,] exhausted=[] eaten=[] heroes=[ShieldGuardT1_BasicNonAttack@2:0:0:5/5,MageT1_Junker@2:1:1:1/1,HeavyT1_Basic@1:0:4:37/45,MageT1_Junker@1:1:1:1/1,] monsters=[PyreHeartStarter@3:0:45:80/80,TrainStewardBig@0:0:8:17/25,]
[Info   :Monster Train 2 Isolation Probe] SMOKE-RNG direct-3 Master={s0:-905267014,s1:1653247403,s2:48924428,s3:-588248859,} NonDeterministic={s0:-1467660686,s1:611810853,s2:-1889840259,s3:1844865629,} SetupRun={s0:1522012100,s1:408987559,s2:572290056,s3:1818533109,} Spawning={s0:1059462402,s1:-224558133,s2:1111073304,s3:-2027697287,} Chatter={s0:-1689992066,s1:-925938365,s2:1265766401,s3:-1372190323,} CardDraw={s0:1770761320,s1:-920053149,s2:-120956702,s3:323398506,} Battle={s0:1534354928,s1:-87467118,s2:-971490879,s3:-923916481,} BossActions={s0:106642708,s1:1899678949,s2:1511809882,s3:1842633859,} Merchant={s0:1648720830,s1:2127855607,s2:1980935028,s3:860534981,} StoryEvents={s0:2097849429,s1:1635209866,s2:-922391949,s3:-1572894112,} Rewards={s0:1974875670,s1:-1234232145,s2:217643020,s3:-333908116,} Trials={s0:56341503,s1:-428180836,s2:-1540105331,s3:97457058,} BossGeneration={s0:1242216635,s1:-466357048,s2:-403268887,s3:93376238,} BattleTest={s0:1653247403,s1:170354552,s2:-1942812071,s3:1964750366,} AutoselectTrainPath={s0:48924428,s1:1780528061,s2:88215186,s3:1792663963,} HellforgedShardEnemy={s0:1559234790,s1:1707120831,s2:-135038372,s3:1208910413,}
[Info   :Monster Train 2 Isolation Probe] DEPTH-WAIT stage=WaitingTurn pass=Direct turn=3 sequence=InBattle loading=False
[Info   :Monster Train 2 Isolation Probe] SMOKE-SNAPSHOT direct-4 turn=4 phase=MonsterTurn pyre=77/80 energy=3 hand=[fb0683b1-20ac-4dd2-b580-14b502e182f4:fb0683b1-20ac-4dd2-b580-14b502e182f4,c8b39244-83c1-4eb3-b474-8898226d4280:c8b39244-83c1-4eb3-b474-8898226d4280,fb0683b1-20ac-4dd2-b580-14b502e182f4:fb0683b1-20ac-4dd2-b580-14b502e182f4,62cc5532-5fa0-4e66-9fec-85be573af359:62cc5532-5fa0-4e66-9fec-85be573af359,62cc5532-5fa0-4e66-9fec-85be573af359:62cc5532-5fa0-4e66-9fec-85be573af359,] draw=[] discard=[c8b39244-83c1-4eb3-b474-8898226d4280:c8b39244-83c1-4eb3-b474-8898226d4280,fb0683b1-20ac-4dd2-b580-14b502e182f4:fb0683b1-20ac-4dd2-b580-14b502e182f4,19705414-816d-4549-bcf5-866f338a551f:19705414-816d-4549-bcf5-866f338a551f,c8b39244-83c1-4eb3-b474-8898226d4280:c8b39244-83c1-4eb3-b474-8898226d4280,62cc5532-5fa0-4e66-9fec-85be573af359:62cc5532-5fa0-4e66-9fec-85be573af359,fb0683b1-20ac-4dd2-b580-14b502e182f4:fb0683b1-20ac-4dd2-b580-14b502e182f4,c8b39244-83c1-4eb3-b474-8898226d4280:c8b39244-83c1-4eb3-b474-8898226d4280,38e70e6a-20f3-4e36-8d31-c5110be07f87:38e70e6a-20f3-4e36-8d31-c5110be07f87,c8b39244-83c1-4eb3-b474-8898226d4280:c8b39244-83c1-4eb3-b474-8898226d4280,62cc5532-5fa0-4e66-9fec-85be573af359:62cc5532-5fa0-4e66-9fec-85be573af359,62cc5532-5fa0-4e66-9fec-85be573af359:62cc5532-5fa0-4e66-9fec-85be573af359,d14a50f3-728d-43e1-87f0-ef1b013f6678:d14a50f3-728d-43e1-87f0-ef1b013f6678,fb0683b1-20ac-4dd2-b580-14b502e182f4:fb0683b1-20ac-4dd2-b580-14b502e182f4,38e70e6a-20f3-4e36-8d31-c5110be07f87:38e70e6a-20f3-4e36-8d31-c5110be07f87,] exhausted=[] eaten=[] heroes=[HeavyT1_Basic@2:0:4:37/45,MageT1_Junker@2:1:1:1/1,ShieldGuardT1_BasicNonAttack@0:0:0:5/5,Boss_Level1_Basic@0:1:7:125/125,] monsters=[PyreHeartStarter@3:0:45:77/80,TrainStewardBig@0:0:8:17/25,]
[Info   :Monster Train 2 Isolation Probe] SMOKE-RNG direct-4 Master={s0:-905267014,s1:1653247403,s2:48924428,s3:-588248859,} NonDeterministic={s0:-1620451674,s1:384314191,s2:662108980,s3:197228987,} SetupRun={s0:1522012100,s1:408987559,s2:572290056,s3:1818533109,} Spawning={s0:1059462403,s1:1587875120,s2:1199367153,s3:-237443306,} Chatter={s0:-14618815,s1:1063769301,s2:549025396,s3:1689744791,} CardDraw={s0:1770761320,s1:-920053149,s2:-120956702,s3:323398506,} Battle={s0:-971490879,s1:-923916481,s2:810385463,s3:-2132256665,} BossActions={s0:106642708,s1:1899678949,s2:1511809882,s3:1842633859,} Merchant={s0:1648720830,s1:2127855607,s2:1980935028,s3:860534981,} StoryEvents={s0:2097849429,s1:1635209866,s2:-922391949,s3:-1572894112,} Rewards={s0:1974875670,s1:-1234232145,s2:217643020,s3:-333908116,} Trials={s0:56341503,s1:-428180836,s2:-1540105331,s3:97457058,} BossGeneration={s0:1242216635,s1:-466357048,s2:-403268887,s3:93376238,} BattleTest={s0:1653247403,s1:170354552,s2:-1942812071,s3:1964750366,} AutoselectTrainPath={s0:48924428,s1:1780528061,s2:88215186,s3:1792663963,} HellforgedShardEnemy={s0:1559234790,s1:1707120831,s2:-135038372,s3:1208910413,}
[Info   :Monster Train 2 Isolation Probe] DEPTH-FINAL pyre=77/80 turn=4 pass=Direct
[Info   :Monster Train 2 Isolation Probe] DEPTH-PASS Depth 4 branch at turn 1 completed.
Input System module state changed to: ShutdownInProgress.
Input System polling thread exited.
Input System module state changed to: Shutdown.
Memory Statistics:
[ALLOC_TEMP_TLS] TLS Allocator
  StackAllocators : 
    [ALLOC_TEMP_MAIN]
      Peak usage frame count: [0-1.0 KB]: 2068 frames, [1.0 KB-2.0 KB]: 2 frames, [2.0 KB-4.0 KB]: 42 frames, [4.0 KB-8.0 KB]: 2840 frames, [8.0 KB-16.0 KB]: 3674 frames, [16.0 KB-32.0 KB]: 1867 frames, [32.0 KB-64.0 KB]: 2063 frames, [64.0 KB-128.0 KB]: 32446 frames, [128.0 KB-256.0 KB]: 7 frames, [256.0 KB-0.5 MB]: 20 frames, [0.5 MB-1.0 MB]: 13 frames, [2.0 MB-4.0 MB]: 1 frames, [4.0 MB-8.0 MB]: 21 frames
      Initial Block Size 4.0 MB
      Current Block Size 8.0 MB
      Peak Allocated Bytes 8.0 MB
      Overflow Count 73
    [ALLOC_TEMP_Loading.AsyncRead]
      Initial Block Size 64.0 KB
      Current Block Size 124.0 KB
      Peak Allocated Bytes 123.1 KB
      Overflow Count 0
    [ALLOC_TEMP_Loading.PreloadManager]
      Initial Block Size 256.0 KB
      Current Block Size 0.5 MB
      Peak Allocated Bytes 509.4 KB
      Overflow Count 143347
    [ALLOC_TEMP_Background Job.Worker 8]
      Initial Block Size 32.0 KB
      Current Block Size 32.0 KB
      Peak Allocated Bytes 54 B
      Overflow Count 0
    [ALLOC_TEMP_Background Job.Worker 9]
      Initial Block Size 32.0 KB
      Current Block Size 32.0 KB
      Peak Allocated Bytes 54 B
      Overflow Count 0
    [ALLOC_TEMP_Job.Worker 0]
      Initial Block Size 256.0 KB
      Current Block Size 256.0 KB
      Peak Allocated Bytes 7.2 KB
      Overflow Count 0
    [ALLOC_TEMP_Background Job.Worker 10]
      Initial Block Size 32.0 KB
      Current Block Size 32.0 KB
      Peak Allocated Bytes 54 B
      Overflow Count 0
    [ALLOC_TEMP_Job.Worker 6]
      Initial Block Size 256.0 KB
      Current Block Size 256.0 KB
      Peak Allocated Bytes 38.3 KB
      Overflow Count 0
    [ALLOC_TEMP_Job.Worker 5]
      Initial Block Size 256.0 KB
      Current Block Size 256.0 KB
      Peak Allocated Bytes 45.9 KB
      Overflow Count 0
    [ALLOC_TEMP_Background Job.Worker 14]
      Initial Block Size 32.0 KB
      Current Block Size 32.0 KB
      Peak Allocated Bytes 54 B
      Overflow Count 0
    [ALLOC_TEMP_Background Job.Worker 6]
      Initial Block Size 32.0 KB
      Current Block Size 32.0 KB
      Peak Allocated Bytes 54 B
      Overflow Count 0
    [ALLOC_TEMP_Job.Worker 4]
      Initial Block Size 256.0 KB
      Current Block Size 256.0 KB
      Peak Allocated Bytes 47.9 KB
      Overflow Count 0
    [ALLOC_TEMP_Job.Worker 14]
      Initial Block Size 256.0 KB
      Current Block Size 256.0 KB
      Peak Allocated Bytes 480 B
      Overflow Count 0
    [ALLOC_TEMP_Job.Worker 3]
      Initial Block Size 256.0 KB
      Current Block Size 256.0 KB
      Peak Allocated Bytes 47.9 KB
      Overflow Count 0
    [ALLOC_TEMP_Job.Worker 13]
      Initial Block Size 256.0 KB
      Current Block Size 256.0 KB
      Peak Allocated Bytes 20.9 KB
      Overflow Count 0
    [ALLOC_TEMP_Background Job.Worker 12]
      Initial Block Size 32.0 KB
      Current Block Size 32.0 KB
      Peak Allocated Bytes 54 B
      Overflow Count 0
    [ALLOC_TEMP_EnlightenWorker] x 8
      Initial Block Size 64.0 KB
      Current Block Size 64.0 KB
      Peak Allocated Bytes 54 B
      Overflow Count 0
    [ALLOC_TEMP_Background Job.Worker 15]
      Initial Block Size 32.0 KB
      Current Block Size 32.0 KB
      Peak Allocated Bytes 54 B
      Overflow Count 0
    [ALLOC_TEMP_Background Job.Worker 1]
      Initial Block Size 32.0 KB
      Current Block Size 32.0 KB
      Peak Allocated Bytes 9.8 KB
      Overflow Count 0
    [ALLOC_TEMP_Background Job.Worker 2]
      Initial Block Size 32.0 KB
      Current Block Size 32.0 KB
      Peak Allocated Bytes 21.0 KB
      Overflow Count 0
    [ALLOC_TEMP_Background Job.Worker 7]
      Initial Block Size 32.0 KB
      Current Block Size 32.0 KB
      Peak Allocated Bytes 54 B
      Overflow Count 0
    [ALLOC_TEMP_UnityGfxDeviceWorker]
      Initial Block Size 256.0 KB
      Current Block Size 256.0 KB
      Peak Allocated Bytes 31.7 KB
      Overflow Count 0
    [ALLOC_TEMP_AssetGarbageCollectorHelper] x 15
      Initial Block Size 64.0 KB
      Current Block Size 64.0 KB
      Peak Allocated Bytes 138 B
      Overflow Count 0
    [ALLOC_TEMP_Background Job.Worker 5]
      Initial Block Size 32.0 KB
      Current Block Size 32.0 KB
      Peak Allocated Bytes 54 B
      Overflow Count 0
    [ALLOC_TEMP_Job.Worker 9]
      Initial Block Size 256.0 KB
      Current Block Size 256.0 KB
      Peak Allocated Bytes 31.7 KB
      Overflow Count 0
    [ALLOC_TEMP_Background Job.Worker 13]
      Initial Block Size 32.0 KB
      Current Block Size 32.0 KB
      Peak Allocated Bytes 54 B
      Overflow Count 0
    [ALLOC_TEMP_Job.Worker 8]
      Initial Block Size 256.0 KB
      Current Block Size 256.0 KB
      Peak Allocated Bytes 32.2 KB
      Overflow Count 0
    [ALLOC_TEMP_Job.Worker 7]
      Initial Block Size 256.0 KB
      Current Block Size 256.0 KB
      Peak Allocated Bytes 32.7 KB
      Overflow Count 0
    [ALLOC_TEMP_Job.Worker 1]
      Initial Block Size 256.0 KB
      Current Block Size 256.0 KB
      Peak Allocated Bytes 50.9 KB
      Overflow Count 0
    [ALLOC_TEMP_Job.Worker 2]
      Initial Block Size 256.0 KB
      Current Block Size 256.0 KB
      Peak Allocated Bytes 55.5 KB
      Overflow Count 0
    [ALLOC_TEMP_Background Job.Worker 3]
      Initial Block Size 32.0 KB
      Current Block Size 32.0 KB
      Peak Allocated Bytes 2.6 KB
      Overflow Count 0
    [ALLOC_TEMP_Background Job.Worker 11]
      Initial Block Size 32.0 KB
      Current Block Size 32.0 KB
      Peak Allocated Bytes 54 B
      Overflow Count 0
    [ALLOC_TEMP_Job.Worker 10]
      Initial Block Size 256.0 KB
      Current Block Size 256.0 KB
      Peak Allocated Bytes 16.7 KB
      Overflow Count 0
    [ALLOC_TEMP_Background Job.Worker 0]
      Initial Block Size 32.0 KB
      Current Block Size 32.0 KB
      Peak Allocated Bytes 54 B
      Overflow Count 0
    [ALLOC_TEMP_Job.Worker 11]
      Initial Block Size 256.0 KB
      Current Block Size 256.0 KB
      Peak Allocated Bytes 6.8 KB
      Overflow Count 0
    [ALLOC_TEMP_Job.Worker 12]
      Initial Block Size 256.0 KB
      Current Block Size 256.0 KB
      Peak Allocated Bytes 7.5 KB
      Overflow Count 0
    [ALLOC_TEMP_Background Job.Worker 4]
      Initial Block Size 32.0 KB
      Current Block Size 32.0 KB
      Peak Allocated Bytes 54 B
      Overflow Count 0
    [ALLOC_TEMP_BatchDeleteObjects]
      Initial Block Size 64.0 KB
      Current Block Size 64.0 KB
      Peak Allocated Bytes 54 B
      Overflow Count 0
[ALLOC_DEFAULT] Dual Thread Allocator
  Peak main deferred allocation count 28717
    [ALLOC_BUCKET]
      Large Block size 4.0 MB
      Used Block count 1
      Peak Allocated bytes 4.0 MB
      Failed Allocations. Bucket layout:
        16B: 21 Subsections = 21504 buckets. Failed count: 231046
        32B: 28 Subsections = 14336 buckets. Failed count: 198705
        48B: 120 Subsections = 40960 buckets. Failed count: 4351796
        64B: 37 Subsections = 9472 buckets. Failed count: 155395
        80B: 33 Subsections = 6758 buckets. Failed count: 26224
        96B: 4 Subsections = 682 buckets. Failed count: 40216
        112B: 6 Subsections = 877 buckets. Failed count: 24599
        128B: 7 Subsections = 896 buckets. Failed count: 72860
    [ALLOC_DEFAULT_MAIN]
      Peak usage frame count: [16.0 MB-32.0 MB]: 1946 frames, [32.0 MB-64.0 MB]: 4082 frames, [64.0 MB-128.0 MB]: 39036 frames
      Requested Block Size 16.0 MB
      Peak Block count 7
      Peak Allocated memory 101.9 MB
      Peak Large allocation bytes 8.0 MB
    [ALLOC_DEFAULT_THREAD]
      Peak usage frame count: [32.0 MB-64.0 MB]: 15679 frames, [64.0 MB-128.0 MB]: 29385 frames
      Requested Block Size 16.0 MB
      Peak Block count 7
      Peak Allocated memory 93.3 MB
      Peak Large allocation bytes 0 B
[ALLOC_TEMP_JOB_1_FRAME]
  Initial Block Size 2.0 MB
  Used Block Count 0
  Overflow Count (too large) 0
  Overflow Count (full) 0
[ALLOC_TEMP_JOB_2_FRAMES]
  Initial Block Size 2.0 MB
  Used Block Count 0
  Overflow Count (too large) 0
  Overflow Count (full) 0
[ALLOC_TEMP_JOB_4_FRAMES (JobTemp)]
  Initial Block Size 2.0 MB
  Used Block Count 1
  Overflow Count (too large) 0
  Overflow Count (full) 0
[ALLOC_TEMP_JOB_ASYNC (Background)]
  Initial Block Size 1.0 MB
  Used Block Count 1
  Overflow Count (too large) 0
  Overflow Count (full) 0
[ALLOC_GFX] Dual Thread Allocator
  Peak main deferred allocation count 16
    [ALLOC_BUCKET]
      Large Block size 4.0 MB
      Used Block count 1
      Peak Allocated bytes 4.0 MB
      Failed Allocations. Bucket layout:
        16B: 21 Subsections = 21504 buckets. Failed count: 231046
        32B: 28 Subsections = 14336 buckets. Failed count: 198705
        48B: 120 Subsections = 40960 buckets. Failed count: 4351796
        64B: 37 Subsections = 9472 buckets. Failed count: 155395
        80B: 33 Subsections = 6758 buckets. Failed count: 26224
        96B: 4 Subsections = 682 buckets. Failed count: 40216
        112B: 6 Subsections = 877 buckets. Failed count: 24599
        128B: 7 Subsections = 896 buckets. Failed count: 72860
    [ALLOC_GFX_MAIN]
      Peak usage frame count: [0.5 MB-1.0 MB]: 4795 frames, [1.0 MB-2.0 MB]: 7815 frames, [2.0 MB-4.0 MB]: 32454 frames
      Requested Block Size 16.0 MB
      Peak Block count 1
      Peak Allocated memory 3.1 MB
      Peak Large allocation bytes 0 B
    [ALLOC_GFX_THREAD]
      Peak usage frame count: [2.0 MB-4.0 MB]: 5094 frames, [4.0 MB-8.0 MB]: 39970 frames
      Requested Block Size 16.0 MB
      Peak Block count 1
      Peak Allocated memory 5.7 MB
      Peak Large allocation bytes 0 B
[ALLOC_CACHEOBJECTS] Dual Thread Allocator
  Peak main deferred allocation count 867
    [ALLOC_BUCKET]
      Large Block size 4.0 MB
      Used Block count 1
      Peak Allocated bytes 4.0 MB
      Failed Allocations. Bucket layout:
        16B: 21 Subsections = 21504 buckets. Failed count: 231046
        32B: 28 Subsections = 14336 buckets. Failed count: 198705
        48B: 120 Subsections = 40960 buckets. Failed count: 4351796
        64B: 37 Subsections = 9472 buckets. Failed count: 155395
        80B: 33 Subsections = 6758 buckets. Failed count: 26224
        96B: 4 Subsections = 682 buckets. Failed count: 40216
        112B: 6 Subsections = 877 buckets. Failed count: 24599
        128B: 7 Subsections = 896 buckets. Failed count: 72860
    [ALLOC_CACHEOBJECTS_MAIN]
      Peak usage frame count: [4.0 MB-8.0 MB]: 2403 frames, [8.0 MB-16.0 MB]: 42661 frames
      Requested Block Size 4.0 MB
      Peak Block count 4
      Peak Allocated memory 14.1 MB
      Peak Large allocation bytes 2.0 MB
    [ALLOC_CACHEOBJECTS_THREAD]
      Peak usage frame count: [64.0 MB-128.0 MB]: 4534 frames, [128.0 MB-256.0 MB]: 688 frames, [256.0 MB-0.50 GB]: 39842 frames
      Requested Block Size 4.0 MB
      Peak Block count 46
      Peak Allocated memory 280.4 MB
      Peak Large allocation bytes 117.3 MB
[ALLOC_TYPETREE] Dual Thread Allocator
  Peak main deferred allocation count 1
    [ALLOC_BUCKET]
      Large Block size 4.0 MB
      Used Block count 1
      Peak Allocated bytes 4.0 MB
      Failed Allocations. Bucket layout:
        16B: 21 Subsections = 21504 buckets. Failed count: 231046
        32B: 28 Subsections = 14336 buckets. Failed count: 198705
        48B: 120 Subsections = 40960 buckets. Failed count: 4351796
        64B: 37 Subsections = 9472 buckets. Failed count: 155395
        80B: 33 Subsections = 6758 buckets. Failed count: 26224
        96B: 4 Subsections = 682 buckets. Failed count: 40216
        112B: 6 Subsections = 877 buckets. Failed count: 24599
        128B: 7 Subsections = 896 buckets. Failed count: 72860
    [ALLOC_TYPETREE_MAIN]
      Peak usage frame count: [8.0 KB-16.0 KB]: 1 frames, [16.0 KB-32.0 KB]: 1418 frames, [32.0 KB-64.0 KB]: 3085 frames, [64.0 KB-128.0 KB]: 40560 frames
      Requested Block Size 2.0 MB
      Peak Block count 1
      Peak Allocated memory 92.9 KB
      Peak Large allocation bytes 0 B
    [ALLOC_TYPETREE_THREAD]
      Peak usage frame count: [256.0 KB-0.5 MB]: 4505 frames, [0.5 MB-1.0 MB]: 1 frames, [4.0 MB-8.0 MB]: 32762 frames, [8.0 MB-16.0 MB]: 7796 frames
      Requested Block Size 2.0 MB
      Peak Block count 7
      Peak Allocated memory 13.0 MB
      Peak Large allocation bytes 0 B
