Mono path[0] = 'E:/Workspace/Program/monster-train2-poju/.sandbox-game/MonsterTrain2_Data/Managed'
Mono config path = 'E:/Workspace/Program/monster-train2-poju/.sandbox-game/MonoBleedingEdge/etc'
Fallback handler could not load library E:/Workspace/Program/monster-train2-poju/.sandbox-game/MonsterTrain2_Data/MonoBleedingEdge/data-000001CEA27B9080.dll
Fallback handler could not load library E:/Workspace/Program/monster-train2-poju/.sandbox-game/MonsterTrain2_Data/MonoBleedingEdge/data-000001CEA7ED1040.dll
Input System module state changed to: Initialized.
[PhysX] Initialized MultithreadedTaskDispatcher with 16 workers.
Initialize engine version: 2022.3.62f2 (7670c08855a9)
[Subsystems] Discovering subsystems at path E:/Workspace/Program/monster-train2-poju/.sandbox-game/MonsterTrain2_Data/UnitySubsystems
GfxDevice: creating device client; threaded=1; jobified=0
Direct3D:
    Version:  Direct3D 11.0 [level 11.1]
    Renderer: NVIDIA GeForce RTX 5070 (ID=0x2f04)
    Vendor:   NVIDIA
    VRAM:     11944 MB
    Driver:   32.0.16.1692
Begin MonoManager ReloadAssembly
- Loaded All Assemblies, in  0.085 seconds
- Finished resetting the current domain, in  0.001 seconds
<RI> Initializing input.
<RI> Input initialized.
<RI> Initialized touch support.
[Message:   BepInEx] BepInEx 5.4.21.0 - MonsterTrain2 (2025/11/9 17:30:30)
[Info   :   BepInEx] Running under Unity v2022.3.62.7762112
[Info   :   BepInEx] CLR runtime version: 4.0.30319.42000
[Info   :   BepInEx] Supports SRE: True
[Info   :   BepInEx] System platform: Bits64, Windows
[Message:   BepInEx] Preloader started
[Info   :   BepInEx] Loaded 1 patcher method from [BepInEx.Preloader 5.4.21.0]
[Info   :   BepInEx] 1 patcher plugin loaded
[Info   :   BepInEx] Patching [UnityEngine.CoreModule] with [BepInEx.Chainloader]
[Message:   BepInEx] Preloader finished
[Message:   BepInEx] Chainloader ready
[Message:   BepInEx] Chainloader started
[Info   :   BepInEx] 1 plugins to load
[Info   :   BepInEx] Loading [Monster Train 2 Isolation Probe 0.1.0]
[Info   :Monster Train 2 Isolation Probe] Probe patches installed before AppManager startup; isolated root: E:\Workspace\Program\monster-train2-poju\.probe-runs\run22
[Info   :Monster Train 2 Isolation Probe] Two-turn smoke scenario armed.
[Message:   BepInEx] Chainloader startup complete
[PhysX] Initialized MultithreadedTaskDispatcher with 16 workers.
UnloadTime: 0.624700 ms
[Info   :Monster Train 2 Isolation Probe] AppManager.Awake reached with isolated save-root patch active.
[Info   :Monster Train 2 Isolation Probe] SaveDirStandalone.GetRootDirectory redirected to E:\Workspace\Program\monster-train2-poju\.probe-runs\run22
Unloading 7 Unused Serialized files (Serialized files now loaded: 0)
Unloading 3 unused Assets to reduce memory usage. Loaded Objects now: 27596.
Total: 23.740300 ms (FindLiveObjects: 1.153700 ms CreateObjectMapping: 1.747600 ms MarkObjects: 20.785900 ms  DeleteObjects: 0.052900 ms)

Unloading 14 Unused Serialized files (Serialized files now loaded: 0)
Unloading 15 unused Assets to reduce memory usage. Loaded Objects now: 30368.
Total: 35.698300 ms (FindLiveObjects: 1.859800 ms CreateObjectMapping: 2.030800 ms MarkObjects: 31.711100 ms  DeleteObjects: 0.096000 ms)

Unloading 7 Unused Serialized files (Serialized files now loaded: 0)
Unloading 1 unused Assets to reduce memory usage. Loaded Objects now: 30523.
Total: 31.218100 ms (FindLiveObjects: 1.393400 ms CreateObjectMapping: 1.519300 ms MarkObjects: 28.256300 ms  DeleteObjects: 0.048600 ms)

Unloading 8 Unused Serialized files (Serialized files now loaded: 0)
Unloading 7 unused Assets to reduce memory usage. Loaded Objects now: 32810.
Total: 28.674200 ms (FindLiveObjects: 1.977000 ms CreateObjectMapping: 1.949800 ms MarkObjects: 24.662800 ms  DeleteObjects: 0.084200 ms)

Unloading 10 Unused Serialized files (Serialized files now loaded: 0)
Unloading 2 unused Assets to reduce memory usage. Loaded Objects now: 36896.
Total: 30.645600 ms (FindLiveObjects: 1.727000 ms CreateObjectMapping: 1.466800 ms MarkObjects: 27.375000 ms  DeleteObjects: 0.076400 ms)

Unloading 13 Unused Serialized files (Serialized files now loaded: 0)
Unloading 4 unused Assets to reduce memory usage. Loaded Objects now: 37449.
Total: 28.656300 ms (FindLiveObjects: 2.253700 ms CreateObjectMapping: 1.737300 ms MarkObjects: 24.588400 ms  DeleteObjects: 0.076300 ms)

Unloading 11 Unused Serialized files (Serialized files now loaded: 0)
Unloading 6 unused Assets to reduce memory usage. Loaded Objects now: 45610.
Total: 37.240800 ms (FindLiveObjects: 3.779600 ms CreateObjectMapping: 2.479800 ms MarkObjects: 30.895900 ms  DeleteObjects: 0.085100 ms)

There can be only one active Event System.
[Info   :Monster Train 2 Isolation Probe] AppManager.Awake reached with isolated save-root patch active.
Unloading 8 Unused Serialized files (Serialized files now loaded: 0)
Unloading 4 unused Assets to reduce memory usage. Loaded Objects now: 45860.
Total: 33.356500 ms (FindLiveObjects: 2.755800 ms CreateObjectMapping: 1.741800 ms MarkObjects: 28.771900 ms  DeleteObjects: 0.086500 ms)

[Info   :Monster Train 2 Isolation Probe] Smoke: moved isolated profile from IntroStart to main menu.
[Info   :Monster Train 2 Isolation Probe] Smoke: FTUE completion set in isolated profile.
[Info   :Monster Train 2 Isolation Probe] Smoke: fixed seed 424242; new run requested.
[Info   :Monster Train 2 Isolation Probe] AppManager.Awake reached with isolated save-root patch active.
Unloading 5 Unused Serialized files (Serialized files now loaded: 0)
Unloading 25 unused Assets to reduce memory usage. Loaded Objects now: 47519.
Total: 36.286700 ms (FindLiveObjects: 3.068000 ms CreateObjectMapping: 1.826900 ms MarkObjects: 31.001000 ms  DeleteObjects: 0.390500 ms)

Unloading 15 Unused Serialized files (Serialized files now loaded: 30)
[Info   :Monster Train 2 Isolation Probe] Smoke: confirmed isolated run setup.
Unloading 199 unused Assets to reduce memory usage. Loaded Objects now: 77623.
Total: 32.485800 ms (FindLiveObjects: 5.815200 ms CreateObjectMapping: 2.306800 ms MarkObjects: 23.486700 ms  DeleteObjects: 0.876700 ms)

Unloading 9 Unused Serialized files (Serialized files now loaded: 51)
Unloading 1252 unused Assets to reduce memory usage. Loaded Objects now: 89304.
Total: 46.779200 ms (FindLiveObjects: 5.748100 ms CreateObjectMapping: 5.018100 ms MarkObjects: 30.691300 ms  DeleteObjects: 5.321400 ms)

Unloading 5 Unused Serialized files (Serialized files now loaded: 30)
Unloading 3 unused Assets to reduce memory usage. Loaded Objects now: 92342.
Total: 44.981400 ms (FindLiveObjects: 5.419200 ms CreateObjectMapping: 4.692600 ms MarkObjects: 34.729500 ms  DeleteObjects: 0.139800 ms)

Unloading 9 Unused Serialized files (Serialized files now loaded: 30)
Unloading 7 unused Assets to reduce memory usage. Loaded Objects now: 92864.
Total: 45.668200 ms (FindLiveObjects: 5.771500 ms CreateObjectMapping: 4.836200 ms MarkObjects: 34.920500 ms  DeleteObjects: 0.139500 ms)

Unloading 5 Unused Serialized files (Serialized files now loaded: 30)
Unloading 7 unused Assets to reduce memory usage. Loaded Objects now: 108800.
Total: 51.359500 ms (FindLiveObjects: 7.588000 ms CreateObjectMapping: 6.039700 ms MarkObjects: 37.549400 ms  DeleteObjects: 0.182000 ms)

Unloading 7 Unused Serialized files (Serialized files now loaded: 30)
Unloading 4 unused Assets to reduce memory usage. Loaded Objects now: 110975.
Total: 51.993500 ms (FindLiveObjects: 7.815100 ms CreateObjectMapping: 5.905600 ms MarkObjects: 38.109800 ms  DeleteObjects: 0.162800 ms)

Unloading 8 Unused Serialized files (Serialized files now loaded: 30)
Unloading 2 unused Assets to reduce memory usage. Loaded Objects now: 111319.
Total: 57.661400 ms (FindLiveObjects: 7.499400 ms CreateObjectMapping: 4.904300 ms MarkObjects: 45.097000 ms  DeleteObjects: 0.160300 ms)

Unloading 9 Unused Serialized files (Serialized files now loaded: 30)
Unloading 1 unused Assets to reduce memory usage. Loaded Objects now: 116064.
Total: 64.063800 ms (FindLiveObjects: 11.028100 ms CreateObjectMapping: 7.265800 ms MarkObjects: 45.605500 ms  DeleteObjects: 0.164100 ms)

[Info   :Monster Train 2 Isolation Probe] Smoke: confirmed run opening.
[Info   :Monster Train 2 Isolation Probe] Smoke: confirmed run opening.
[Info   :Monster Train 2 Isolation Probe] Smoke: confirmed run opening.
[Info   :Monster Train 2 Isolation Probe] Smoke: confirmed run opening.
[Info   :Monster Train 2 Isolation Probe] Smoke: confirmed run opening.
[Info   :Monster Train 2 Isolation Probe] Smoke: confirmed run opening.
[Info   :Monster Train 2 Isolation Probe] Smoke: confirmed run opening.
[Info   :Monster Train 2 Isolation Probe] Smoke: confirmed run opening.
[Info   :Monster Train 2 Isolation Probe] Smoke: confirmed run opening.
[Info   :Monster Train 2 Isolation Probe] Smoke: confirmed run opening.
[Info   :Monster Train 2 Isolation Probe] Smoke: confirmed run opening.
[Info   :Monster Train 2 Isolation Probe] Smoke: confirmed run opening.
[Info   :Monster Train 2 Isolation Probe] Smoke: confirmed run opening.
[Info   :Monster Train 2 Isolation Probe] Smoke: confirmed run opening.
[Info   :Monster Train 2 Isolation Probe] Smoke: confirmed run opening.
[Info   :Monster Train 2 Isolation Probe] Smoke: confirmed run opening.
[Info   :Monster Train 2 Isolation Probe] Smoke: confirmed run opening.
[Info   :Monster Train 2 Isolation Probe] Smoke: confirmed run opening.
[Info   :Monster Train 2 Isolation Probe] Smoke: confirmed run opening.
[Info   :Monster Train 2 Isolation Probe] Smoke: confirmed run opening.
[Info   :Monster Train 2 Isolation Probe] Smoke: confirmed run opening.
[Info   :Monster Train 2 Isolation Probe] Smoke: confirmed run opening.
[Info   :Monster Train 2 Isolation Probe] Smoke: confirmed run opening.
[Info   :Monster Train 2 Isolation Probe] Smoke: confirmed run opening.
[Info   :Monster Train 2 Isolation Probe] Smoke: confirmed run opening.
[Info   :Monster Train 2 Isolation Probe] Smoke: confirmed run opening.
[Info   :Monster Train 2 Isolation Probe] Smoke: confirmed run opening.
[Info   :Monster Train 2 Isolation Probe] Smoke: confirmed run opening.
[Info   :Monster Train 2 Isolation Probe] Smoke: confirmed run opening.
[Info   :Monster Train 2 Isolation Probe] Smoke: confirmed run opening.
[Info   :Monster Train 2 Isolation Probe] Smoke: confirmed run opening.
[Info   :Monster Train 2 Isolation Probe] Smoke: confirmed run opening.
[Info   :Monster Train 2 Isolation Probe] Smoke: confirmed run opening.
[Info   :Monster Train 2 Isolation Probe] Smoke: confirmed run opening.
[Info   :Monster Train 2 Isolation Probe] Smoke: confirmed run opening.
[Info   :Monster Train 2 Isolation Probe] Smoke: confirmed run opening.
[Info   :Monster Train 2 Isolation Probe] Smoke: confirmed run opening.
[Info   :Monster Train 2 Isolation Probe] Smoke: confirmed run opening.
[Info   :Monster Train 2 Isolation Probe] Smoke: confirmed run opening.
[Info   :Monster Train 2 Isolation Probe] Smoke: confirmed run opening.
[Info   :Monster Train 2 Isolation Probe] Smoke: confirmed run opening.
[Info   :Monster Train 2 Isolation Probe] Smoke: confirmed run opening.
[Info   :Monster Train 2 Isolation Probe] Smoke: confirmed run opening.
[Info   :Monster Train 2 Isolation Probe] Smoke: confirmed run opening.
[Info   :Monster Train 2 Isolation Probe] Smoke: confirmed run opening.
[Info   :Monster Train 2 Isolation Probe] Smoke: confirmed run opening.
[Info   :Monster Train 2 Isolation Probe] Smoke: confirmed run opening.
[Info   :Monster Train 2 Isolation Probe] Smoke: confirmed run opening.
[Info   :Monster Train 2 Isolation Probe] Smoke: confirmed run opening.
[Info   :Monster Train 2 Isolation Probe] Smoke: confirmed run opening.
[Info   :Monster Train 2 Isolation Probe] Smoke: confirmed run opening.
[Info   :Monster Train 2 Isolation Probe] Smoke: confirmed run opening.
[Info   :Monster Train 2 Isolation Probe] Smoke: confirmed run opening.
[Info   :Monster Train 2 Isolation Probe] Smoke: confirmed run opening.
[Info   :Monster Train 2 Isolation Probe] Smoke: confirmed run opening.
[Info   :Monster Train 2 Isolation Probe] Smoke: confirmed run opening.
[Info   :Monster Train 2 Isolation Probe] Smoke: confirmed run opening.
[Info   :Monster Train 2 Isolation Probe] Smoke: confirmed run opening.
[Info   :Monster Train 2 Isolation Probe] Smoke: confirmed run opening.
[Info   :Monster Train 2 Isolation Probe] Smoke: confirmed run opening.
[Info   :Monster Train 2 Isolation Probe] Smoke: confirmed run opening.
[Info   :Monster Train 2 Isolation Probe] Smoke: confirmed run opening.
[Info   :Monster Train 2 Isolation Probe] Smoke: confirmed run opening.
[Info   :Monster Train 2 Isolation Probe] Smoke: confirmed run opening.
[Info   :Monster Train 2 Isolation Probe] Smoke: confirmed run opening.
[Info   :Monster Train 2 Isolation Probe] Smoke: confirmed run opening.
[Info   :Monster Train 2 Isolation Probe] Smoke: confirmed run opening.
[Info   :Monster Train 2 Isolation Probe] Smoke: confirmed run opening.
[Info   :Monster Train 2 Isolation Probe] Smoke: confirmed run opening.
[Info   :Monster Train 2 Isolation Probe] Smoke: confirmed run opening.
[Info   :Monster Train 2 Isolation Probe] Smoke: confirmed run opening.
[Info   :Monster Train 2 Isolation Probe] Smoke: confirmed run opening.
[Info   :Monster Train 2 Isolation Probe] Smoke: confirmed run opening.
[Info   :Monster Train 2 Isolation Probe] Smoke: confirmed run opening.
[Info   :Monster Train 2 Isolation Probe] Smoke: confirmed run opening.
[Info   :Monster Train 2 Isolation Probe] Smoke: confirmed run opening.
[Info   :Monster Train 2 Isolation Probe] Smoke: confirmed run opening.
[Info   :Monster Train 2 Isolation Probe] Smoke: confirmed run opening.
[Info   :Monster Train 2 Isolation Probe] Smoke: confirmed run opening.
[Info   :Monster Train 2 Isolation Probe] Smoke: confirmed run opening.
[Info   :Monster Train 2 Isolation Probe] Smoke: confirmed run opening.
[Info   :Monster Train 2 Isolation Probe] Smoke: confirmed run opening.
[Info   :Monster Train 2 Isolation Probe] Smoke: confirmed run opening.
[Info   :Monster Train 2 Isolation Probe] Smoke: confirmed run opening.
[Info   :Monster Train 2 Isolation Probe] Smoke: confirmed run opening.
[Info   :Monster Train 2 Isolation Probe] Smoke: confirmed run opening.
[Info   :Monster Train 2 Isolation Probe] Smoke: confirmed run opening.
[Info   :Monster Train 2 Isolation Probe] Smoke: confirmed run opening.
[Info   :Monster Train 2 Isolation Probe] Smoke: confirmed run opening.
[Info   :Monster Train 2 Isolation Probe] Smoke: confirmed run opening.
[Info   :Monster Train 2 Isolation Probe] Smoke: confirmed run opening.
[Info   :Monster Train 2 Isolation Probe] Smoke: confirmed run opening.
[Info   :Monster Train 2 Isolation Probe] Smoke: confirmed run opening.
[Info   :Monster Train 2 Isolation Probe] Smoke: confirmed run opening.
[Info   :Monster Train 2 Isolation Probe] Smoke: confirmed run opening.
[Info   :Monster Train 2 Isolation Probe] Smoke: confirmed run opening.
[Info   :Monster Train 2 Isolation Probe] Smoke: confirmed run opening.
[Info   :Monster Train 2 Isolation Probe] Smoke: confirmed run opening.
[Info   :Monster Train 2 Isolation Probe] Smoke: confirmed run opening.
[Info   :Monster Train 2 Isolation Probe] Smoke: confirmed run opening.
[Info   :Monster Train 2 Isolation Probe] Smoke: confirmed run opening.
[Info   :Monster Train 2 Isolation Probe] Smoke: confirmed run opening.
[Info   :Monster Train 2 Isolation Probe] Smoke: confirmed run opening.
[Info   :Monster Train 2 Isolation Probe] Smoke: confirmed run opening.
[Info   :Monster Train 2 Isolation Probe] Smoke: confirmed run opening.
[Info   :Monster Train 2 Isolation Probe] Smoke: confirmed run opening.
[Info   :Monster Train 2 Isolation Probe] Smoke: confirmed run opening.
[Info   :Monster Train 2 Isolation Probe] Smoke: confirmed run opening.
[Info   :Monster Train 2 Isolation Probe] Smoke: confirmed run opening.
[Info   :Monster Train 2 Isolation Probe] Smoke: confirmed run opening.
[Info   :Monster Train 2 Isolation Probe] Smoke: confirmed run opening.
[Info   :Monster Train 2 Isolation Probe] Smoke: confirmed run opening.
[Info   :Monster Train 2 Isolation Probe] Smoke: confirmed run opening.
[Info   :Monster Train 2 Isolation Probe] Smoke: confirmed run opening.
[Info   :Monster Train 2 Isolation Probe] Smoke: confirmed run opening.
[Info   :Monster Train 2 Isolation Probe] Smoke: confirmed run opening.
[Info   :Monster Train 2 Isolation Probe] Smoke: confirmed run opening.
[Info   :Monster Train 2 Isolation Probe] Smoke: confirmed run opening.
[Info   :Monster Train 2 Isolation Probe] Smoke: confirmed run opening.
[Info   :Monster Train 2 Isolation Probe] Smoke: confirmed run opening.
[Info   :Monster Train 2 Isolation Probe] Smoke: confirmed run opening.
[Info   :Monster Train 2 Isolation Probe] Smoke: confirmed run opening.
[Info   :Monster Train 2 Isolation Probe] Smoke: confirmed run opening.
[Info   :Monster Train 2 Isolation Probe] Smoke: confirmed run opening.
[Info   :Monster Train 2 Isolation Probe] Smoke: confirmed run opening.
[Info   :Monster Train 2 Isolation Probe] Smoke: confirmed run opening.
[Info   :Monster Train 2 Isolation Probe] Smoke: confirmed run opening.
[Info   :Monster Train 2 Isolation Probe] Smoke: confirmed run opening.
[Info   :Monster Train 2 Isolation Probe] Smoke: confirmed run opening.
[Info   :Monster Train 2 Isolation Probe] Smoke: confirmed run opening.
[Info   :Monster Train 2 Isolation Probe] Smoke: confirmed run opening.
[Info   :Monster Train 2 Isolation Probe] Smoke: confirmed run opening.
[Info   :Monster Train 2 Isolation Probe] Smoke: confirmed run opening.
[Info   :Monster Train 2 Isolation Probe] Smoke: confirmed run opening.
[Info   :Monster Train 2 Isolation Probe] Smoke: confirmed run opening.
[Info   :Monster Train 2 Isolation Probe] Smoke: confirmed run opening.
[Info   :Monster Train 2 Isolation Probe] Smoke: confirmed run opening.
[Info   :Monster Train 2 Isolation Probe] Smoke: confirmed run opening.
[Info   :Monster Train 2 Isolation Probe] Smoke: confirmed run opening.
[Info   :Monster Train 2 Isolation Probe] Smoke: confirmed run opening.
[Info   :Monster Train 2 Isolation Probe] Smoke: confirmed run opening.
[Info   :Monster Train 2 Isolation Probe] Smoke: confirmed run opening.
[Info   :Monster Train 2 Isolation Probe] Smoke: confirmed run opening.
[Info   :Monster Train 2 Isolation Probe] Smoke: confirmed run opening.
[Info   :Monster Train 2 Isolation Probe] Smoke: confirmed run opening.
[Info   :Monster Train 2 Isolation Probe] Smoke: confirmed run opening.
[Info   :Monster Train 2 Isolation Probe] Smoke: confirmed run opening.
[Info   :Monster Train 2 Isolation Probe] Smoke: confirmed run opening.
[Info   :Monster Train 2 Isolation Probe] Smoke: confirmed run opening.
[Info   :Monster Train 2 Isolation Probe] Smoke: confirmed run opening.
[Info   :Monster Train 2 Isolation Probe] Smoke: confirmed run opening.
[Info   :Monster Train 2 Isolation Probe] Smoke: confirmed run opening.
[Info   :Monster Train 2 Isolation Probe] Smoke: confirmed run opening.
[Info   :Monster Train 2 Isolation Probe] Smoke: confirmed run opening.
[Info   :Monster Train 2 Isolation Probe] Smoke: confirmed run opening.
[Info   :Monster Train 2 Isolation Probe] Smoke: confirmed run opening.
[Info   :Monster Train 2 Isolation Probe] Smoke: confirmed run opening.
[Info   :Monster Train 2 Isolation Probe] Smoke: confirmed run opening.
[Info   :Monster Train 2 Isolation Probe] Smoke: confirmed run opening.
[Info   :Monster Train 2 Isolation Probe] Smoke: confirmed run opening.
[Info   :Monster Train 2 Isolation Probe] Smoke: confirmed run opening.
[Info   :Monster Train 2 Isolation Probe] Smoke: confirmed run opening.
[Info   :Monster Train 2 Isolation Probe] Smoke: confirmed run opening.
[Info   :Monster Train 2 Isolation Probe] Smoke: confirmed run opening.
[Info   :Monster Train 2 Isolation Probe] Smoke: confirmed run opening.
[Info   :Monster Train 2 Isolation Probe] Smoke: confirmed run opening.
[Info   :Monster Train 2 Isolation Probe] Smoke: confirmed run opening.
[Info   :Monster Train 2 Isolation Probe] Smoke: confirmed run opening.
[Info   :Monster Train 2 Isolation Probe] Smoke: confirmed run opening.
[Info   :Monster Train 2 Isolation Probe] Smoke: confirmed run opening.
[Info   :Monster Train 2 Isolation Probe] Smoke: confirmed run opening.
[Info   :Monster Train 2 Isolation Probe] Smoke: confirmed run opening.
[Info   :Monster Train 2 Isolation Probe] Smoke: confirmed run opening.
[Info   :Monster Train 2 Isolation Probe] Smoke: confirmed run opening.
[Info   :Monster Train 2 Isolation Probe] Smoke: confirmed run opening.
[Info   :Monster Train 2 Isolation Probe] Smoke: confirmed run opening.
[Info   :Monster Train 2 Isolation Probe] Smoke: confirmed run opening.
[Info   :Monster Train 2 Isolation Probe] Smoke: confirmed run opening.
[Info   :Monster Train 2 Isolation Probe] Smoke: confirmed run opening.
[Info   :Monster Train 2 Isolation Probe] Smoke: confirmed run opening.
[Info   :Monster Train 2 Isolation Probe] Smoke: confirmed run opening.
[Info   :Monster Train 2 Isolation Probe] Smoke: confirmed run opening.
[Info   :Monster Train 2 Isolation Probe] Smoke: confirmed run opening.
[Info   :Monster Train 2 Isolation Probe] Smoke: confirmed run opening.
[Info   :Monster Train 2 Isolation Probe] Smoke: confirmed run opening.
[Info   :Monster Train 2 Isolation Probe] Smoke: confirmed run opening.
[Info   :Monster Train 2 Isolation Probe] Smoke: confirmed run opening.
[Info   :Monster Train 2 Isolation Probe] Smoke: confirmed run opening.
[Info   :Monster Train 2 Isolation Probe] Smoke: confirmed run opening.
[Info   :Monster Train 2 Isolation Probe] Smoke: confirmed run opening.
[Info   :Monster Train 2 Isolation Probe] Smoke: confirmed run opening.
[Info   :Monster Train 2 Isolation Probe] Smoke: confirmed run opening.
[Info   :Monster Train 2 Isolation Probe] Smoke: confirmed run opening.
[Info   :Monster Train 2 Isolation Probe] Smoke: confirmed run opening.
[Info   :Monster Train 2 Isolation Probe] Smoke: confirmed run opening.
[Info   :Monster Train 2 Isolation Probe] Smoke: confirmed run opening.
[Info   :Monster Train 2 Isolation Probe] Smoke: confirmed run opening.
[Info   :Monster Train 2 Isolation Probe] Smoke: confirmed run opening.
[Info   :Monster Train 2 Isolation Probe] Smoke: confirmed run opening.
[Info   :Monster Train 2 Isolation Probe] Smoke: confirmed run opening.
[Info   :Monster Train 2 Isolation Probe] Smoke: confirmed run opening.
[Info   :Monster Train 2 Isolation Probe] Smoke: confirmed run opening.
[Info   :Monster Train 2 Isolation Probe] Smoke: confirmed run opening.
[Info   :Monster Train 2 Isolation Probe] Smoke: confirmed run opening.
[Info   :Monster Train 2 Isolation Probe] Smoke: confirmed run opening.
[Info   :Monster Train 2 Isolation Probe] Smoke: confirmed run opening.
[Info   :Monster Train 2 Isolation Probe] Smoke: confirmed run opening.
[Info   :Monster Train 2 Isolation Probe] Smoke: confirmed run opening.
[Info   :Monster Train 2 Isolation Probe] Smoke: confirmed run opening.
[Info   :Monster Train 2 Isolation Probe] Smoke: confirmed run opening.
[Info   :Monster Train 2 Isolation Probe] Smoke: confirmed run opening.
[Info   :Monster Train 2 Isolation Probe] Smoke: confirmed run opening.
[Info   :Monster Train 2 Isolation Probe] Smoke: confirmed run opening.
[Info   :Monster Train 2 Isolation Probe] Smoke: confirmed run opening.
[Info   :Monster Train 2 Isolation Probe] Smoke: confirmed run opening.
[Info   :Monster Train 2 Isolation Probe] Smoke: confirmed run opening.
[Info   :Monster Train 2 Isolation Probe] Smoke: confirmed run opening.
[Info   :Monster Train 2 Isolation Probe] Smoke: confirmed run opening.
[Info   :Monster Train 2 Isolation Probe] Smoke: confirmed run opening.
[Info   :Monster Train 2 Isolation Probe] Smoke: confirmed run opening.
[Info   :Monster Train 2 Isolation Probe] Smoke: confirmed run opening.
[Info   :Monster Train 2 Isolation Probe] Smoke: confirmed run opening.
[Info   :Monster Train 2 Isolation Probe] Smoke: confirmed run opening.
[Info   :Monster Train 2 Isolation Probe] Smoke: confirmed run opening.
[Info   :Monster Train 2 Isolation Probe] Smoke: confirmed run opening.
[Info   :Monster Train 2 Isolation Probe] Smoke: confirmed run opening.
[Info   :Monster Train 2 Isolation Probe] Smoke: confirmed run opening.
[Info   :Monster Train 2 Isolation Probe] Smoke: confirmed run opening.
[Info   :Monster Train 2 Isolation Probe] Smoke: confirmed run opening.
[Info   :Monster Train 2 Isolation Probe] Smoke: confirmed run opening.
[Info   :Monster Train 2 Isolation Probe] Smoke: confirmed run opening.
[Info   :Monster Train 2 Isolation Probe] Smoke: confirmed run opening.
[Info   :Monster Train 2 Isolation Probe] Smoke: confirmed run opening.
[Info   :Monster Train 2 Isolation Probe] Smoke: confirmed run opening.
[Info   :Monster Train 2 Isolation Probe] Smoke: confirmed run opening.
[Info   :Monster Train 2 Isolation Probe] Smoke: confirmed run opening.
[Info   :Monster Train 2 Isolation Probe] Smoke: confirmed run opening.
[Info   :Monster Train 2 Isolation Probe] Smoke: confirmed run opening.
[Info   :Monster Train 2 Isolation Probe] Smoke: confirmed run opening.
[Info   :Monster Train 2 Isolation Probe] Smoke: confirmed run opening.
[Info   :Monster Train 2 Isolation Probe] Smoke: confirmed run opening.
[Info   :Monster Train 2 Isolation Probe] Smoke: confirmed run opening.
[Info   :Monster Train 2 Isolation Probe] Smoke: confirmed run opening.
[Info   :Monster Train 2 Isolation Probe] Smoke: confirmed run opening.
[Info   :Monster Train 2 Isolation Probe] Smoke: confirmed run opening.
[Info   :Monster Train 2 Isolation Probe] Smoke: confirmed run opening.
[Info   :Monster Train 2 Isolation Probe] Smoke: confirmed run opening.
[Info   :Monster Train 2 Isolation Probe] Smoke: confirmed run opening.
[Info   :Monster Train 2 Isolation Probe] Smoke: confirmed run opening.
[Info   :Monster Train 2 Isolation Probe] Smoke: confirmed run opening.
[Info   :Monster Train 2 Isolation Probe] Smoke: confirmed run opening.
[Info   :Monster Train 2 Isolation Probe] Smoke: confirmed run opening.
[Info   :Monster Train 2 Isolation Probe] Smoke: confirmed run opening.
[Info   :Monster Train 2 Isolation Probe] Smoke: confirmed run opening.
[Info   :Monster Train 2 Isolation Probe] Smoke: confirmed run opening.
[Info   :Monster Train 2 Isolation Probe] Smoke: confirmed run opening.
[Info   :Monster Train 2 Isolation Probe] Smoke: confirmed run opening.
[Info   :Monster Train 2 Isolation Probe] Smoke: confirmed run opening.
[Info   :Monster Train 2 Isolation Probe] Smoke: confirmed run opening.
[Info   :Monster Train 2 Isolation Probe] Smoke: confirmed run opening.
[Info   :Monster Train 2 Isolation Probe] Smoke: confirmed run opening.
[Info   :Monster Train 2 Isolation Probe] Smoke: confirmed run opening.
[Info   :Monster Train 2 Isolation Probe] Smoke: confirmed run opening.
[Info   :Monster Train 2 Isolation Probe] Smoke: confirmed run opening.
[Info   :Monster Train 2 Isolation Probe] Smoke: confirmed run opening.
[Info   :Monster Train 2 Isolation Probe] Smoke: confirmed run opening.
[Info   :Monster Train 2 Isolation Probe] Smoke: confirmed run opening.
[Info   :Monster Train 2 Isolation Probe] Smoke: confirmed run opening.
[Info   :Monster Train 2 Isolation Probe] Smoke: confirmed run opening.
[Info   :Monster Train 2 Isolation Probe] Smoke: confirmed run opening.
[Info   :Monster Train 2 Isolation Probe] Smoke: confirmed run opening.
[Info   :Monster Train 2 Isolation Probe] Smoke: confirmed run opening.
[Info   :Monster Train 2 Isolation Probe] Smoke: confirmed run opening.
[Info   :Monster Train 2 Isolation Probe] Smoke: confirmed run opening.
[Info   :Monster Train 2 Isolation Probe] Smoke: confirmed run opening.
[Info   :Monster Train 2 Isolation Probe] Smoke: confirmed run opening.
[Info   :Monster Train 2 Isolation Probe] Smoke: confirmed run opening.
[Info   :Monster Train 2 Isolation Probe] Smoke: confirmed run opening.
[Info   :Monster Train 2 Isolation Probe] Smoke: confirmed run opening.
[Info   :Monster Train 2 Isolation Probe] Smoke: confirmed run opening.
[Info   :Monster Train 2 Isolation Probe] Smoke: confirmed run opening.
[Info   :Monster Train 2 Isolation Probe] Smoke: confirmed run opening.
[Info   :Monster Train 2 Isolation Probe] Smoke: confirmed run opening.
[Info   :Monster Train 2 Isolation Probe] Smoke: confirmed run opening.
[Info   :Monster Train 2 Isolation Probe] Smoke: confirmed run opening.
[Info   :Monster Train 2 Isolation Probe] Smoke: confirmed run opening.
[Info   :Monster Train 2 Isolation Probe] Smoke: confirmed run opening.
[Info   :Monster Train 2 Isolation Probe] Smoke: confirmed run opening.
[Info   :Monster Train 2 Isolation Probe] Smoke: confirmed run opening.
[Info   :Monster Train 2 Isolation Probe] Smoke: confirmed run opening.
[Info   :Monster Train 2 Isolation Probe] Smoke: confirmed run opening.
[Info   :Monster Train 2 Isolation Probe] Smoke: confirmed run opening.
[Info   :Monster Train 2 Isolation Probe] Smoke: confirmed run opening.
[Info   :Monster Train 2 Isolation Probe] Smoke: confirmed run opening.
[Info   :Monster Train 2 Isolation Probe] Smoke: confirmed run opening.
[Info   :Monster Train 2 Isolation Probe] Smoke: confirmed run opening.
[Info   :Monster Train 2 Isolation Probe] Smoke: confirmed run opening.
[Info   :Monster Train 2 Isolation Probe] Smoke: confirmed run opening.
[Info   :Monster Train 2 Isolation Probe] Smoke: confirmed run opening.
[Info   :Monster Train 2 Isolation Probe] Smoke: confirmed run opening.
[Info   :Monster Train 2 Isolation Probe] Smoke: confirmed run opening.
[Info   :Monster Train 2 Isolation Probe] Smoke: confirmed run opening.
[Info   :Monster Train 2 Isolation Probe] Smoke: confirmed run opening.
[Info   :Monster Train 2 Isolation Probe] Smoke: confirmed run opening.
[Info   :Monster Train 2 Isolation Probe] Smoke: confirmed run opening.
[Info   :Monster Train 2 Isolation Probe] Smoke: confirmed run opening.
[Info   :Monster Train 2 Isolation Probe] Smoke: confirmed run opening.
[Info   :Monster Train 2 Isolation Probe] Smoke: confirmed run opening.
[Info   :Monster Train 2 Isolation Probe] Smoke: confirmed run opening.
[Info   :Monster Train 2 Isolation Probe] Smoke: confirmed run opening.
[Info   :Monster Train 2 Isolation Probe] Smoke: confirmed run opening.
[Info   :Monster Train 2 Isolation Probe] Smoke: confirmed run opening.
[Info   :Monster Train 2 Isolation Probe] Smoke: confirmed run opening.
[Info   :Monster Train 2 Isolation Probe] Smoke: confirmed run opening.
[Info   :Monster Train 2 Isolation Probe] Smoke: confirmed run opening.
[Info   :Monster Train 2 Isolation Probe] Smoke: confirmed run opening.
[Info   :Monster Train 2 Isolation Probe] Smoke: confirmed run opening.
[Info   :Monster Train 2 Isolation Probe] Smoke: confirmed run opening.
[Info   :Monster Train 2 Isolation Probe] Smoke: confirmed run opening.
[Info   :Monster Train 2 Isolation Probe] Smoke: confirmed run opening.
[Info   :Monster Train 2 Isolation Probe] Smoke: confirmed run opening.
[Info   :Monster Train 2 Isolation Probe] Smoke: confirmed run opening.
[Info   :Monster Train 2 Isolation Probe] Smoke: confirmed run opening.
[Info   :Monster Train 2 Isolation Probe] Smoke: confirmed run opening.
[Info   :Monster Train 2 Isolation Probe] Smoke: confirmed run opening.
[Info   :Monster Train 2 Isolation Probe] Smoke: confirmed run opening.
[Info   :Monster Train 2 Isolation Probe] Smoke: confirmed run opening.
[Info   :Monster Train 2 Isolation Probe] Smoke: confirmed run opening.
[Info   :Monster Train 2 Isolation Probe] Smoke: confirmed run opening.
[Info   :Monster Train 2 Isolation Probe] Smoke: confirmed run opening.
[Info   :Monster Train 2 Isolation Probe] Smoke: confirmed run opening.
[Info   :Monster Train 2 Isolation Probe] Smoke: confirmed run opening.
[Info   :Monster Train 2 Isolation Probe] Smoke: confirmed run opening.
[Info   :Monster Train 2 Isolation Probe] Smoke: confirmed run opening.
[Info   :Monster Train 2 Isolation Probe] Smoke: confirmed run opening.
[Info   :Monster Train 2 Isolation Probe] Smoke: confirmed run opening.
[Info   :Monster Train 2 Isolation Probe] Smoke: confirmed run opening.
[Info   :Monster Train 2 Isolation Probe] Smoke: confirmed run opening.
[Info   :Monster Train 2 Isolation Probe] Smoke: confirmed run opening.
[Info   :Monster Train 2 Isolation Probe] Smoke: confirmed run opening.
[Info   :Monster Train 2 Isolation Probe] Smoke: confirmed run opening.
[Info   :Monster Train 2 Isolation Probe] Smoke: confirmed run opening.
[Info   :Monster Train 2 Isolation Probe] Smoke: confirmed run opening.
[Info   :Monster Train 2 Isolation Probe] Smoke: confirmed run opening.
[Info   :Monster Train 2 Isolation Probe] Smoke: confirmed run opening.
[Info   :Monster Train 2 Isolation Probe] Smoke: confirmed run opening.
[Info   :Monster Train 2 Isolation Probe] Smoke: confirmed run opening.
[Info   :Monster Train 2 Isolation Probe] Smoke: confirmed run opening.
[Info   :Monster Train 2 Isolation Probe] Smoke: confirmed run opening.
[Info   :Monster Train 2 Isolation Probe] Smoke: confirmed run opening.
[Info   :Monster Train 2 Isolation Probe] Smoke: confirmed run opening.
[Info   :Monster Train 2 Isolation Probe] Smoke: confirmed run opening.
[Info   :Monster Train 2 Isolation Probe] Smoke: confirmed run opening.
[Info   :Monster Train 2 Isolation Probe] Smoke: confirmed run opening.
[Info   :Monster Train 2 Isolation Probe] Smoke: confirmed run opening.
[Info   :Monster Train 2 Isolation Probe] Smoke: confirmed run opening.
[Info   :Monster Train 2 Isolation Probe] Smoke: confirmed run opening.
[Info   :Monster Train 2 Isolation Probe] Smoke: confirmed run opening.
[Info   :Monster Train 2 Isolation Probe] Smoke: confirmed run opening.
[Info   :Monster Train 2 Isolation Probe] Smoke: entering battle through the map UI.
[Info   :Monster Train 2 Isolation Probe] Smoke: clicked map battle node in section 1.
[Info   :Monster Train 2 Isolation Probe] Smoke: confirmed map battle warning.
[Info   :Monster Train 2 Isolation Probe] SMOKE-WAIT stage=NaturalIntro managers=True user=UserLoaded menu=False top=Map loading=True sequence=BattleIntro busy=True
Unloading 7 Unused Serialized files (Serialized files now loaded: 33)
Unloading 450 unused Assets to reduce memory usage. Loaded Objects now: 105058.
Total: 51.242900 ms (FindLiveObjects: 6.580400 ms CreateObjectMapping: 5.182100 ms MarkObjects: 35.212400 ms  DeleteObjects: 4.267600 ms)

Unloading 10 Unused Serialized files (Serialized files now loaded: 33)
Unloading 2 unused Assets to reduce memory usage. Loaded Objects now: 105472.
Total: 53.060100 ms (FindLiveObjects: 7.416100 ms CreateObjectMapping: 5.082600 ms MarkObjects: 40.390400 ms  DeleteObjects: 0.170500 ms)

[Info   :Monster Train 2 Isolation Probe] Smoke: started battle through the intro UI.
[Info   :Monster Train 2 Isolation Probe] SMOKE-DIALOG content=<b>接受试炼，挑战更高风险，赢得更大回报吧！</b><br><br>启用试炼会让战斗变得更加艰险，但击败敌人之后也会获得额外奖励。 button=好的 autoClose=True callback=False
[Info   :Monster Train 2 Isolation Probe] Smoke: confirmed battle dialog.
[Info   :Monster Train 2 Isolation Probe] AppManager.Awake reached with isolated save-root patch active.
Unloading 8 Unused Serialized files (Serialized files now loaded: 33)
Unloading 103 unused Assets to reduce memory usage. Loaded Objects now: 129049.
Total: 48.095400 ms (FindLiveObjects: 9.452300 ms CreateObjectMapping: 5.195300 ms MarkObjects: 33.103900 ms  DeleteObjects: 0.343600 ms)

Unloading 10 Unused Serialized files (Serialized files now loaded: 33)
Unloading 6 unused Assets to reduce memory usage. Loaded Objects now: 132313.
Total: 48.576600 ms (FindLiveObjects: 10.071100 ms CreateObjectMapping: 5.198200 ms MarkObjects: 33.085300 ms  DeleteObjects: 0.221500 ms)

[Info   :Monster Train 2 Isolation Probe] SMOKE-DIALOG content=<b>保护你的薪火！</b><br><br>这就是你的薪火，如果敌人对它造成了太多伤害，你会输掉游戏。 button=好的 autoClose=True callback=False
[Info   :Monster Train 2 Isolation Probe] Smoke: confirmed battle dialog.
[Info   :Monster Train 2 Isolation Probe] SMOKE-DIALOG content=<b>部署阶段</b><br><br>每场战斗都从部署阶段开始。你将抽取勇者与任意带有蓝色战旗的单位卡。在你结束回合之后，敌人将会入侵。 button=好的 autoClose=True callback=False
[Info   :Monster Train 2 Isolation Probe] Smoke: confirmed battle dialog.
[Info   :Monster Train 2 Isolation Probe] SMOKE-DIALOG content=<b>召唤单位保护你的火车！</b><br><br>每张单位牌每场战斗中只能使用一次。 button=好的 autoClose=True callback=False
[Info   :Monster Train 2 Isolation Probe] Smoke: confirmed battle dialog.
[Info   :Monster Train 2 Isolation Probe] SMOKE-SNAPSHOT before turn=0 phase=MonsterTurn pyre=80/80 energy=4 hand=[d14a50f3-728d-43e1-87f0-ef1b013f6678:d14a50f3-728d-43e1-87f0-ef1b013f6678,d14a50f3-728d-43e1-87f0-ef1b013f6678:d14a50f3-728d-43e1-87f0-ef1b013f6678,19705414-816d-4549-bcf5-866f338a551f:19705414-816d-4549-bcf5-866f338a551f,] draw=[fb0683b1-20ac-4dd2-b580-14b502e182f4:fb0683b1-20ac-4dd2-b580-14b502e182f4,fb0683b1-20ac-4dd2-b580-14b502e182f4:fb0683b1-20ac-4dd2-b580-14b502e182f4,fb0683b1-20ac-4dd2-b580-14b502e182f4:fb0683b1-20ac-4dd2-b580-14b502e182f4,c8b39244-83c1-4eb3-b474-8898226d4280:c8b39244-83c1-4eb3-b474-8898226d4280,fb0683b1-20ac-4dd2-b580-14b502e182f4:fb0683b1-20ac-4dd2-b580-14b502e182f4,fb0683b1-20ac-4dd2-b580-14b502e182f4:fb0683b1-20ac-4dd2-b580-14b502e182f4,c8b39244-83c1-4eb3-b474-8898226d4280:c8b39244-83c1-4eb3-b474-8898226d4280,38e70e6a-20f3-4e36-8d31-c5110be07f87:38e70e6a-20f3-4e36-8d31-c5110be07f87,38e70e6a-20f3-4e36-8d31-c5110be07f87:38e70e6a-20f3-4e36-8d31-c5110be07f87,c8b39244-83c1-4eb3-b474-8898226d4280:c8b39244-83c1-4eb3-b474-8898226d4280,c8b39244-83c1-4eb3-b474-8898226d4280:c8b39244-83c1-4eb3-b474-8898226d4280,c8b39244-83c1-4eb3-b474-8898226d4280:c8b39244-83c1-4eb3-b474-8898226d4280,] discard=[] exhausted=[] eaten=[] heroes=[] monsters=[PyreHeartStarter@3:0:45:80/80,]
[Info   :Monster Train 2 Isolation Probe] SMOKE-RNG before Master={s0:-905267014,s1:1653247403,s2:48924428,s3:-588248859,} NonDeterministic={s0:457014640,s1:-99091244,s2:-1344087826,s3:345008396,} SetupRun={s0:1522012100,s1:408987559,s2:572290056,s3:1818533109,} Spawning={s0:1059462399,s1:-1366890596,s2:846191757,s3:1191475362,} Chatter={s0:110906590,s1:48177559,s2:706940820,s3:1077369189,} CardDraw={s0:1404201429,s1:-99922742,s2:-90414896,s3:942939367,} Battle={s0:152371493,s1:1994997914,s2:2043602627,s3:1534354928,} BossActions={s0:106642708,s1:1899678949,s2:1511809882,s3:1842633859,} Merchant={s0:1648720830,s1:2127855607,s2:1980935028,s3:860534981,} StoryEvents={s0:2097849429,s1:1635209866,s2:-922391949,s3:-1572894112,} Rewards={s0:1974875670,s1:-1234232145,s2:217643020,s3:-333908116,} Trials={s0:56341503,s1:-428180836,s2:-1540105331,s3:97457058,} BossGeneration={s0:1242216635,s1:-466357048,s2:-403268887,s3:93376238,} BattleTest={s0:1653247403,s1:170354552,s2:-1942812071,s3:1964750366,} AutoselectTrainPath={s0:48924428,s1:1780528061,s2:88215186,s3:1792663963,} HellforgedShardEnemy={s0:1559234790,s1:1707120831,s2:-135038372,s3:1208910413,}
[Info   :Monster Train 2 Isolation Probe] Smoke: scenario=Level1BattleJunker testScenario=False replayEntries=3 battleOffset=3
[Info   :Monster Train 2 Isolation Probe] Smoke: playing TrainStewardShield from hand index 0 in room 0.
[Info   :Monster Train 2 Isolation Probe] SMOKE-DIALOG content=<b>火车每一层的空间容量有限。</b><br><br>单位占据的空间由其卡牌上的 <sprite name="Capacity"> 点数决定。 button=好的 autoClose=True callback=False
[Info   :Monster Train 2 Isolation Probe] Smoke: confirmed battle dialog.
[Info   :Monster Train 2 Isolation Probe] SMOKE-WAIT stage=PlayingFirstCard managers=True user=UserLoaded menu=False top=Dialog loading=False sequence=InBattle busy=True
[Info   :Monster Train 2 Isolation Probe] SMOKE-WAIT stage=PlayingFirstCard managers=True user=UserLoaded menu=False top=Dialog loading=False sequence=InBattle busy=True
[Info   :Monster Train 2 Isolation Probe] SMOKE-WAIT stage=PlayingFirstCard managers=True user=UserLoaded menu=False top=Dialog loading=False sequence=InBattle busy=True
[Error  :Monster Train 2 Isolation Probe] SMOKE-FAIL Timed out in stage PlayingFirstCard
Input System module state changed to: ShutdownInProgress.
Input System polling thread exited.
Input System module state changed to: Shutdown.
Memory Statistics:
[ALLOC_TEMP_TLS] TLS Allocator
  StackAllocators : 
    [ALLOC_TEMP_MAIN]
      Peak usage frame count: [0-1.0 KB]: 2201 frames, [1.0 KB-2.0 KB]: 1 frames, [2.0 KB-4.0 KB]: 70 frames, [4.0 KB-8.0 KB]: 3087 frames, [8.0 KB-16.0 KB]: 3958 frames, [16.0 KB-32.0 KB]: 1575 frames, [32.0 KB-64.0 KB]: 1891 frames, [64.0 KB-128.0 KB]: 30648 frames, [128.0 KB-256.0 KB]: 7 frames, [256.0 KB-0.5 MB]: 16 frames, [0.5 MB-1.0 MB]: 7 frames, [2.0 MB-4.0 MB]: 1 frames, [4.0 MB-8.0 MB]: 21 frames
      Initial Block Size 4.0 MB
      Current Block Size 8.0 MB
      Peak Allocated Bytes 8.0 MB
      Overflow Count 73
    [ALLOC_TEMP_Loading.AsyncRead]
      Initial Block Size 64.0 KB
      Current Block Size 124.0 KB
      Peak Allocated Bytes 123.1 KB
      Overflow Count 0
    [ALLOC_TEMP_Loading.PreloadManager]
      Initial Block Size 256.0 KB
      Current Block Size 0.5 MB
      Peak Allocated Bytes 483.1 KB
      Overflow Count 143346
    [ALLOC_TEMP_Background Job.Worker 8]
      Initial Block Size 32.0 KB
      Current Block Size 32.0 KB
      Peak Allocated Bytes 54 B
      Overflow Count 0
    [ALLOC_TEMP_Background Job.Worker 9]
      Initial Block Size 32.0 KB
      Current Block Size 32.0 KB
      Peak Allocated Bytes 54 B
      Overflow Count 0
    [ALLOC_TEMP_Job.Worker 0]
      Initial Block Size 256.0 KB
      Current Block Size 256.0 KB
      Peak Allocated Bytes 16 B
      Overflow Count 0
    [ALLOC_TEMP_Background Job.Worker 10]
      Initial Block Size 32.0 KB
      Current Block Size 32.0 KB
      Peak Allocated Bytes 54 B
      Overflow Count 0
    [ALLOC_TEMP_Job.Worker 6]
      Initial Block Size 256.0 KB
      Current Block Size 256.0 KB
      Peak Allocated Bytes 34.9 KB
      Overflow Count 0
    [ALLOC_TEMP_Job.Worker 5]
      Initial Block Size 256.0 KB
      Current Block Size 256.0 KB
      Peak Allocated Bytes 47.9 KB
      Overflow Count 0
    [ALLOC_TEMP_Background Job.Worker 14]
      Initial Block Size 32.0 KB
      Current Block Size 32.0 KB
      Peak Allocated Bytes 54 B
      Overflow Count 0
    [ALLOC_TEMP_Background Job.Worker 6]
      Initial Block Size 32.0 KB
      Current Block Size 32.0 KB
      Peak Allocated Bytes 54 B
      Overflow Count 0
    [ALLOC_TEMP_Job.Worker 4]
      Initial Block Size 256.0 KB
      Current Block Size 256.0 KB
      Peak Allocated Bytes 47.7 KB
      Overflow Count 0
    [ALLOC_TEMP_Job.Worker 14]
      Initial Block Size 256.0 KB
      Current Block Size 256.0 KB
      Peak Allocated Bytes 136 B
      Overflow Count 0
    [ALLOC_TEMP_Job.Worker 3]
      Initial Block Size 256.0 KB
      Current Block Size 256.0 KB
      Peak Allocated Bytes 47.9 KB
      Overflow Count 0
    [ALLOC_TEMP_Job.Worker 13]
      Initial Block Size 256.0 KB
      Current Block Size 256.0 KB
      Peak Allocated Bytes 26.4 KB
      Overflow Count 0
    [ALLOC_TEMP_Background Job.Worker 12]
      Initial Block Size 32.0 KB
      Current Block Size 32.0 KB
      Peak Allocated Bytes 54 B
      Overflow Count 0
    [ALLOC_TEMP_EnlightenWorker] x 8
      Initial Block Size 64.0 KB
      Current Block Size 64.0 KB
      Peak Allocated Bytes 54 B
      Overflow Count 0
    [ALLOC_TEMP_Background Job.Worker 15]
      Initial Block Size 32.0 KB
      Current Block Size 32.0 KB
      Peak Allocated Bytes 54 B
      Overflow Count 0
    [ALLOC_TEMP_Background Job.Worker 1]
      Initial Block Size 32.0 KB
      Current Block Size 32.0 KB
      Peak Allocated Bytes 9.8 KB
      Overflow Count 0
    [ALLOC_TEMP_Background Job.Worker 2]
      Initial Block Size 32.0 KB
      Current Block Size 32.0 KB
      Peak Allocated Bytes 21.0 KB
      Overflow Count 0
    [ALLOC_TEMP_Background Job.Worker 7]
      Initial Block Size 32.0 KB
      Current Block Size 32.0 KB
      Peak Allocated Bytes 54 B
      Overflow Count 0
    [ALLOC_TEMP_UnityGfxDeviceWorker]
      Initial Block Size 256.0 KB
      Current Block Size 256.0 KB
      Peak Allocated Bytes 25.6 KB
      Overflow Count 0
    [ALLOC_TEMP_AssetGarbageCollectorHelper] x 15
      Initial Block Size 64.0 KB
      Current Block Size 64.0 KB
      Peak Allocated Bytes 138 B
      Overflow Count 0
    [ALLOC_TEMP_Background Job.Worker 5]
      Initial Block Size 32.0 KB
      Current Block Size 32.0 KB
      Peak Allocated Bytes 54 B
      Overflow Count 0
    [ALLOC_TEMP_Job.Worker 9]
      Initial Block Size 256.0 KB
      Current Block Size 256.0 KB
      Peak Allocated Bytes 17.0 KB
      Overflow Count 0
    [ALLOC_TEMP_Background Job.Worker 13]
      Initial Block Size 32.0 KB
      Current Block Size 32.0 KB
      Peak Allocated Bytes 54 B
      Overflow Count 0
    [ALLOC_TEMP_Job.Worker 8]
      Initial Block Size 256.0 KB
      Current Block Size 256.0 KB
      Peak Allocated Bytes 31.7 KB
      Overflow Count 0
    [ALLOC_TEMP_Job.Worker 7]
      Initial Block Size 256.0 KB
      Current Block Size 256.0 KB
      Peak Allocated Bytes 31.7 KB
      Overflow Count 0
    [ALLOC_TEMP_Background Job.Worker 11]
      Initial Block Size 32.0 KB
      Current Block Size 32.0 KB
      Peak Allocated Bytes 54 B
      Overflow Count 0
    [ALLOC_TEMP_Job.Worker 2]
      Initial Block Size 256.0 KB
      Current Block Size 256.0 KB
      Peak Allocated Bytes 52.4 KB
      Overflow Count 0
    [ALLOC_TEMP_Background Job.Worker 3]
      Initial Block Size 32.0 KB
      Current Block Size 32.0 KB
      Peak Allocated Bytes 2.6 KB
      Overflow Count 0
    [ALLOC_TEMP_Job.Worker 1]
      Initial Block Size 256.0 KB
      Current Block Size 256.0 KB
      Peak Allocated Bytes 52.4 KB
      Overflow Count 0
    [ALLOC_TEMP_Job.Worker 10]
      Initial Block Size 256.0 KB
      Current Block Size 256.0 KB
      Peak Allocated Bytes 31.7 KB
      Overflow Count 0
    [ALLOC_TEMP_Background Job.Worker 0]
      Initial Block Size 32.0 KB
      Current Block Size 32.0 KB
      Peak Allocated Bytes 54 B
      Overflow Count 0
    [ALLOC_TEMP_Job.Worker 11]
      Initial Block Size 256.0 KB
      Current Block Size 256.0 KB
      Peak Allocated Bytes 19.8 KB
      Overflow Count 0
    [ALLOC_TEMP_Job.Worker 12]
      Initial Block Size 256.0 KB
      Current Block Size 256.0 KB
      Peak Allocated Bytes 19.8 KB
      Overflow Count 0
    [ALLOC_TEMP_Background Job.Worker 4]
      Initial Block Size 32.0 KB
      Current Block Size 32.0 KB
      Peak Allocated Bytes 468 B
      Overflow Count 0
    [ALLOC_TEMP_BatchDeleteObjects]
      Initial Block Size 64.0 KB
      Current Block Size 64.0 KB
      Peak Allocated Bytes 54 B
      Overflow Count 0
[ALLOC_DEFAULT] Dual Thread Allocator
  Peak main deferred allocation count 24719
    [ALLOC_BUCKET]
      Large Block size 4.0 MB
      Used Block count 1
      Peak Allocated bytes 4.0 MB
      Failed Allocations. Bucket layout:
        16B: 21 Subsections = 21504 buckets. Failed count: 220825
        32B: 28 Subsections = 14336 buckets. Failed count: 193712
        48B: 120 Subsections = 40960 buckets. Failed count: 5143514
        64B: 37 Subsections = 9472 buckets. Failed count: 146434
        80B: 33 Subsections = 6758 buckets. Failed count: 25939
        96B: 4 Subsections = 682 buckets. Failed count: 40078
        112B: 6 Subsections = 877 buckets. Failed count: 18408
        128B: 7 Subsections = 896 buckets. Failed count: 69602
    [ALLOC_DEFAULT_MAIN]
      Peak usage frame count: [16.0 MB-32.0 MB]: 2037 frames, [32.0 MB-64.0 MB]: 4417 frames, [64.0 MB-128.0 MB]: 37029 frames
      Requested Block Size 16.0 MB
      Peak Block count 7
      Peak Allocated memory 93.6 MB
      Peak Large allocation bytes 8.0 MB
    [ALLOC_DEFAULT_THREAD]
      Peak usage frame count: [32.0 MB-64.0 MB]: 35578 frames, [64.0 MB-128.0 MB]: 7905 frames
      Requested Block Size 16.0 MB
      Peak Block count 7
      Peak Allocated memory 93.5 MB
      Peak Large allocation bytes 0 B
[ALLOC_TEMP_JOB_1_FRAME]
  Initial Block Size 2.0 MB
  Used Block Count 0
  Overflow Count (too large) 0
  Overflow Count (full) 0
[ALLOC_TEMP_JOB_2_FRAMES]
  Initial Block Size 2.0 MB
  Used Block Count 0
  Overflow Count (too large) 0
  Overflow Count (full) 0
[ALLOC_TEMP_JOB_4_FRAMES (JobTemp)]
  Initial Block Size 2.0 MB
  Used Block Count 1
  Overflow Count (too large) 0
  Overflow Count (full) 0
[ALLOC_TEMP_JOB_ASYNC (Background)]
  Initial Block Size 1.0 MB
  Used Block Count 1
  Overflow Count (too large) 0
  Overflow Count (full) 0
[ALLOC_GFX] Dual Thread Allocator
  Peak main deferred allocation count 18
    [ALLOC_BUCKET]
      Large Block size 4.0 MB
      Used Block count 1
      Peak Allocated bytes 4.0 MB
      Failed Allocations. Bucket layout:
        16B: 21 Subsections = 21504 buckets. Failed count: 220825
        32B: 28 Subsections = 14336 buckets. Failed count: 193712
        48B: 120 Subsections = 40960 buckets. Failed count: 5143514
        64B: 37 Subsections = 9472 buckets. Failed count: 146434
        80B: 33 Subsections = 6758 buckets. Failed count: 25939
        96B: 4 Subsections = 682 buckets. Failed count: 40078
        112B: 6 Subsections = 877 buckets. Failed count: 18408
        128B: 7 Subsections = 896 buckets. Failed count: 69602
    [ALLOC_GFX_MAIN]
      Peak usage frame count: [0.5 MB-1.0 MB]: 5177 frames, [1.0 MB-2.0 MB]: 7660 frames, [2.0 MB-4.0 MB]: 30646 frames
      Requested Block Size 16.0 MB
      Peak Block count 1
      Peak Allocated memory 2.9 MB
      Peak Large allocation bytes 0 B
    [ALLOC_GFX_THREAD]
      Peak usage frame count: [2.0 MB-4.0 MB]: 5475 frames, [4.0 MB-8.0 MB]: 38008 frames
      Requested Block Size 16.0 MB
      Peak Block count 1
      Peak Allocated memory 5.7 MB
      Peak Large allocation bytes 0 B
[ALLOC_CACHEOBJECTS] Dual Thread Allocator
  Peak main deferred allocation count 867
    [ALLOC_BUCKET]
      Large Block size 4.0 MB
      Used Block count 1
      Peak Allocated bytes 4.0 MB
      Failed Allocations. Bucket layout:
        16B: 21 Subsections = 21504 buckets. Failed count: 220825
        32B: 28 Subsections = 14336 buckets. Failed count: 193712
        48B: 120 Subsections = 40960 buckets. Failed count: 5143514
        64B: 37 Subsections = 9472 buckets. Failed count: 146434
        80B: 33 Subsections = 6758 buckets. Failed count: 25939
        96B: 4 Subsections = 682 buckets. Failed count: 40078
        112B: 6 Subsections = 877 buckets. Failed count: 18408
        128B: 7 Subsections = 896 buckets. Failed count: 69602
    [ALLOC_CACHEOBJECTS_MAIN]
      Peak usage frame count: [4.0 MB-8.0 MB]: 2502 frames, [8.0 MB-16.0 MB]: 40981 frames
      Requested Block Size 4.0 MB
      Peak Block count 4
      Peak Allocated memory 14.1 MB
      Peak Large allocation bytes 2.0 MB
    [ALLOC_CACHEOBJECTS_THREAD]
      Peak usage frame count: [64.0 MB-128.0 MB]: 4897 frames, [128.0 MB-256.0 MB]: 728 frames, [256.0 MB-0.50 GB]: 37858 frames
      Requested Block Size 4.0 MB
      Peak Block count 46
      Peak Allocated memory 280.9 MB
      Peak Large allocation bytes 117.3 MB
[ALLOC_TYPETREE] Dual Thread Allocator
  Peak main deferred allocation count 1
    [ALLOC_BUCKET]
      Large Block size 4.0 MB
      Used Block count 1
      Peak Allocated bytes 4.0 MB
      Failed Allocations. Bucket layout:
        16B: 21 Subsections = 21504 buckets. Failed count: 220825
        32B: 28 Subsections = 14336 buckets. Failed count: 193712
        48B: 120 Subsections = 40960 buckets. Failed count: 5143514
        64B: 37 Subsections = 9472 buckets. Failed count: 146434
        80B: 33 Subsections = 6758 buckets. Failed count: 25939
        96B: 4 Subsections = 682 buckets. Failed count: 40078
        112B: 6 Subsections = 877 buckets. Failed count: 18408
        128B: 7 Subsections = 896 buckets. Failed count: 69602
    [ALLOC_TYPETREE_MAIN]
      Peak usage frame count: [8.0 KB-16.0 KB]: 1 frames, [16.0 KB-32.0 KB]: 1483 frames, [32.0 KB-64.0 KB]: 3382 frames, [64.0 KB-128.0 KB]: 38617 frames
      Requested Block Size 2.0 MB
      Peak Block count 1
      Peak Allocated memory 93.1 KB
      Peak Large allocation bytes 0 B
    [ALLOC_TYPETREE_THREAD]
      Peak usage frame count: [256.0 KB-0.5 MB]: 4867 frames, [0.5 MB-1.0 MB]: 1 frames, [4.0 MB-8.0 MB]: 30978 frames, [8.0 MB-16.0 MB]: 7637 frames
      Requested Block Size 2.0 MB
      Peak Block count 7
      Peak Allocated memory 13.0 MB
      Peak Large allocation bytes 0 B
