Mono path[0] = 'E:/Workspace/Program/monster-train2-poju/.sandbox-game/MonsterTrain2_Data/Managed'
Mono config path = 'E:/Workspace/Program/monster-train2-poju/.sandbox-game/MonoBleedingEdge/etc'
Fallback handler could not load library E:/Workspace/Program/monster-train2-poju/.sandbox-game/MonsterTrain2_Data/MonoBleedingEdge/data-0000021594437A40.dll
Fallback handler could not load library E:/Workspace/Program/monster-train2-poju/.sandbox-game/MonsterTrain2_Data/MonoBleedingEdge/data-000002159A391040.dll
Input System module state changed to: Initialized.
[PhysX] Initialized MultithreadedTaskDispatcher with 16 workers.
Initialize engine version: 2022.3.62f2 (7670c08855a9)
[Subsystems] Discovering subsystems at path E:/Workspace/Program/monster-train2-poju/.sandbox-game/MonsterTrain2_Data/UnitySubsystems
GfxDevice: creating device client; threaded=1; jobified=0
Direct3D:
    Version:  Direct3D 11.0 [level 11.1]
    Renderer: NVIDIA GeForce RTX 5070 (ID=0x2f04)
    Vendor:   NVIDIA
    VRAM:     11944 MB
    Driver:   32.0.16.1692
Begin MonoManager ReloadAssembly
- Loaded All Assemblies, in  0.085 seconds
- Finished resetting the current domain, in  0.001 seconds
<RI> Initializing input.
<RI> Input initialized.
<RI> Initialized touch support.
[Message:   BepInEx] BepInEx 5.4.21.0 - MonsterTrain2 (2025/11/9 17:30:30)
[Info   :   BepInEx] Running under Unity v2022.3.62.7762112
[Info   :   BepInEx] CLR runtime version: 4.0.30319.42000
[Info   :   BepInEx] Supports SRE: True
[Info   :   BepInEx] System platform: Bits64, Windows
[Message:   BepInEx] Preloader started
[Info   :   BepInEx] Loaded 1 patcher method from [BepInEx.Preloader 5.4.21.0]
[Info   :   BepInEx] 1 patcher plugin loaded
[Info   :   BepInEx] Patching [UnityEngine.CoreModule] with [BepInEx.Chainloader]
[Message:   BepInEx] Preloader finished
[Message:   BepInEx] Chainloader ready
[Message:   BepInEx] Chainloader started
[Info   :   BepInEx] 1 plugins to load
[Info   :   BepInEx] Loading [Monster Train 2 Isolation Probe 0.1.0]
[Info   :Monster Train 2 Isolation Probe] Probe patches installed before AppManager startup; isolated root: E:\Workspace\Program\monster-train2-poju\.probe-runs\run21
[Info   :Monster Train 2 Isolation Probe] Two-turn smoke scenario armed.
[Message:   BepInEx] Chainloader startup complete
[PhysX] Initialized MultithreadedTaskDispatcher with 16 workers.
UnloadTime: 0.484500 ms
[Info   :Monster Train 2 Isolation Probe] AppManager.Awake reached with isolated save-root patch active.
[Info   :Monster Train 2 Isolation Probe] SaveDirStandalone.GetRootDirectory redirected to E:\Workspace\Program\monster-train2-poju\.probe-runs\run21
Unloading 7 Unused Serialized files (Serialized files now loaded: 0)
Unloading 3 unused Assets to reduce memory usage. Loaded Objects now: 27596.
Total: 22.416800 ms (FindLiveObjects: 1.097200 ms CreateObjectMapping: 1.320400 ms MarkObjects: 19.958200 ms  DeleteObjects: 0.040400 ms)

Unloading 14 Unused Serialized files (Serialized files now loaded: 0)
Unloading 15 unused Assets to reduce memory usage. Loaded Objects now: 30368.
Total: 23.614500 ms (FindLiveObjects: 1.781700 ms CreateObjectMapping: 1.649900 ms MarkObjects: 20.121300 ms  DeleteObjects: 0.061400 ms)

Unloading 7 Unused Serialized files (Serialized files now loaded: 0)
Unloading 1 unused Assets to reduce memory usage. Loaded Objects now: 30523.
Total: 23.368400 ms (FindLiveObjects: 1.273200 ms CreateObjectMapping: 1.379000 ms MarkObjects: 20.677400 ms  DeleteObjects: 0.038500 ms)

Unloading 8 Unused Serialized files (Serialized files now loaded: 0)
Unloading 7 unused Assets to reduce memory usage. Loaded Objects now: 32810.
Total: 26.517400 ms (FindLiveObjects: 1.478400 ms CreateObjectMapping: 1.613600 ms MarkObjects: 23.370000 ms  DeleteObjects: 0.055000 ms)

Unloading 10 Unused Serialized files (Serialized files now loaded: 0)
Unloading 2 unused Assets to reduce memory usage. Loaded Objects now: 36896.
Total: 29.523700 ms (FindLiveObjects: 2.221500 ms CreateObjectMapping: 1.766100 ms MarkObjects: 25.473400 ms  DeleteObjects: 0.062200 ms)

Unloading 13 Unused Serialized files (Serialized files now loaded: 0)
Unloading 4 unused Assets to reduce memory usage. Loaded Objects now: 37449.
Total: 27.198300 ms (FindLiveObjects: 2.103800 ms CreateObjectMapping: 1.668200 ms MarkObjects: 23.365000 ms  DeleteObjects: 0.060900 ms)

Unloading 11 Unused Serialized files (Serialized files now loaded: 0)
Unloading 6 unused Assets to reduce memory usage. Loaded Objects now: 45610.
Total: 29.492900 ms (FindLiveObjects: 2.930700 ms CreateObjectMapping: 2.016400 ms MarkObjects: 24.476900 ms  DeleteObjects: 0.068600 ms)

There can be only one active Event System.
[Info   :Monster Train 2 Isolation Probe] AppManager.Awake reached with isolated save-root patch active.
Unloading 8 Unused Serialized files (Serialized files now loaded: 0)
Unloading 4 unused Assets to reduce memory usage. Loaded Objects now: 45860.
Total: 31.112200 ms (FindLiveObjects: 2.499000 ms CreateObjectMapping: 1.644300 ms MarkObjects: 26.893000 ms  DeleteObjects: 0.075600 ms)

[Info   :Monster Train 2 Isolation Probe] Smoke: moved isolated profile from IntroStart to main menu.
[Info   :Monster Train 2 Isolation Probe] Smoke: FTUE completion set in isolated profile.
[Info   :Monster Train 2 Isolation Probe] Smoke: fixed seed 424242; new run requested.
[Info   :Monster Train 2 Isolation Probe] AppManager.Awake reached with isolated save-root patch active.
Unloading 5 Unused Serialized files (Serialized files now loaded: 0)
Unloading 25 unused Assets to reduce memory usage. Loaded Objects now: 47519.
Total: 30.880000 ms (FindLiveObjects: 2.947700 ms CreateObjectMapping: 2.003200 ms MarkObjects: 25.523500 ms  DeleteObjects: 0.405400 ms)

Unloading 15 Unused Serialized files (Serialized files now loaded: 30)
[Info   :Monster Train 2 Isolation Probe] Smoke: confirmed isolated run setup.
Unloading 199 unused Assets to reduce memory usage. Loaded Objects now: 77623.
Total: 36.620900 ms (FindLiveObjects: 6.026400 ms CreateObjectMapping: 2.751600 ms MarkObjects: 27.021200 ms  DeleteObjects: 0.821400 ms)

Unloading 9 Unused Serialized files (Serialized files now loaded: 51)
Unloading 1252 unused Assets to reduce memory usage. Loaded Objects now: 89304.
Total: 44.228900 ms (FindLiveObjects: 5.068700 ms CreateObjectMapping: 4.579000 ms MarkObjects: 30.279100 ms  DeleteObjects: 4.301800 ms)

Unloading 5 Unused Serialized files (Serialized files now loaded: 30)
Unloading 3 unused Assets to reduce memory usage. Loaded Objects now: 92342.
Total: 40.478300 ms (FindLiveObjects: 4.907800 ms CreateObjectMapping: 4.304000 ms MarkObjects: 31.125900 ms  DeleteObjects: 0.140200 ms)

Unloading 9 Unused Serialized files (Serialized files now loaded: 30)
Unloading 7 unused Assets to reduce memory usage. Loaded Objects now: 92864.
Total: 43.342100 ms (FindLiveObjects: 5.160300 ms CreateObjectMapping: 4.616300 ms MarkObjects: 33.431400 ms  DeleteObjects: 0.133800 ms)

Unloading 5 Unused Serialized files (Serialized files now loaded: 30)
Unloading 7 unused Assets to reduce memory usage. Loaded Objects now: 108800.
Total: 47.245900 ms (FindLiveObjects: 6.613200 ms CreateObjectMapping: 5.173600 ms MarkObjects: 35.301500 ms  DeleteObjects: 0.157300 ms)

Unloading 7 Unused Serialized files (Serialized files now loaded: 30)
Unloading 4 unused Assets to reduce memory usage. Loaded Objects now: 110975.
Total: 49.900300 ms (FindLiveObjects: 8.354000 ms CreateObjectMapping: 5.707800 ms MarkObjects: 35.676100 ms  DeleteObjects: 0.162000 ms)

Unloading 8 Unused Serialized files (Serialized files now loaded: 30)
Unloading 2 unused Assets to reduce memory usage. Loaded Objects now: 111319.
Total: 49.550400 ms (FindLiveObjects: 7.050400 ms CreateObjectMapping: 5.357100 ms MarkObjects: 36.975500 ms  DeleteObjects: 0.166600 ms)

Unloading 9 Unused Serialized files (Serialized files now loaded: 30)
Unloading 1 unused Assets to reduce memory usage. Loaded Objects now: 116064.
Total: 45.235100 ms (FindLiveObjects: 6.878600 ms CreateObjectMapping: 4.771300 ms MarkObjects: 33.429900 ms  DeleteObjects: 0.154900 ms)

[Info   :Monster Train 2 Isolation Probe] Smoke: confirmed run opening.
[Info   :Monster Train 2 Isolation Probe] Smoke: confirmed run opening.
[Info   :Monster Train 2 Isolation Probe] Smoke: confirmed run opening.
[Info   :Monster Train 2 Isolation Probe] Smoke: confirmed run opening.
[Info   :Monster Train 2 Isolation Probe] Smoke: confirmed run opening.
[Info   :Monster Train 2 Isolation Probe] Smoke: confirmed run opening.
[Info   :Monster Train 2 Isolation Probe] Smoke: confirmed run opening.
[Info   :Monster Train 2 Isolation Probe] Smoke: confirmed run opening.
[Info   :Monster Train 2 Isolation Probe] Smoke: confirmed run opening.
[Info   :Monster Train 2 Isolation Probe] Smoke: confirmed run opening.
[Info   :Monster Train 2 Isolation Probe] Smoke: confirmed run opening.
[Info   :Monster Train 2 Isolation Probe] Smoke: confirmed run opening.
[Info   :Monster Train 2 Isolation Probe] Smoke: confirmed run opening.
[Info   :Monster Train 2 Isolation Probe] Smoke: confirmed run opening.
[Info   :Monster Train 2 Isolation Probe] Smoke: confirmed run opening.
[Info   :Monster Train 2 Isolation Probe] Smoke: confirmed run opening.
[Info   :Monster Train 2 Isolation Probe] Smoke: confirmed run opening.
[Info   :Monster Train 2 Isolation Probe] Smoke: confirmed run opening.
[Info   :Monster Train 2 Isolation Probe] Smoke: confirmed run opening.
[Info   :Monster Train 2 Isolation Probe] Smoke: confirmed run opening.
[Info   :Monster Train 2 Isolation Probe] Smoke: confirmed run opening.
[Info   :Monster Train 2 Isolation Probe] Smoke: confirmed run opening.
[Info   :Monster Train 2 Isolation Probe] Smoke: confirmed run opening.
[Info   :Monster Train 2 Isolation Probe] Smoke: confirmed run opening.
[Info   :Monster Train 2 Isolation Probe] Smoke: confirmed run opening.
[Info   :Monster Train 2 Isolation Probe] Smoke: confirmed run opening.
[Info   :Monster Train 2 Isolation Probe] Smoke: confirmed run opening.
[Info   :Monster Train 2 Isolation Probe] Smoke: confirmed run opening.
[Info   :Monster Train 2 Isolation Probe] Smoke: confirmed run opening.
[Info   :Monster Train 2 Isolation Probe] Smoke: confirmed run opening.
[Info   :Monster Train 2 Isolation Probe] Smoke: confirmed run opening.
[Info   :Monster Train 2 Isolation Probe] Smoke: confirmed run opening.
[Info   :Monster Train 2 Isolation Probe] Smoke: confirmed run opening.
[Info   :Monster Train 2 Isolation Probe] Smoke: confirmed run opening.
[Info   :Monster Train 2 Isolation Probe] Smoke: confirmed run opening.
[Info   :Monster Train 2 Isolation Probe] Smoke: confirmed run opening.
[Info   :Monster Train 2 Isolation Probe] Smoke: confirmed run opening.
[Info   :Monster Train 2 Isolation Probe] Smoke: confirmed run opening.
[Info   :Monster Train 2 Isolation Probe] Smoke: confirmed run opening.
[Info   :Monster Train 2 Isolation Probe] Smoke: confirmed run opening.
[Info   :Monster Train 2 Isolation Probe] Smoke: confirmed run opening.
[Info   :Monster Train 2 Isolation Probe] Smoke: confirmed run opening.
[Info   :Monster Train 2 Isolation Probe] Smoke: confirmed run opening.
[Info   :Monster Train 2 Isolation Probe] Smoke: confirmed run opening.
[Info   :Monster Train 2 Isolation Probe] Smoke: confirmed run opening.
[Info   :Monster Train 2 Isolation Probe] Smoke: confirmed run opening.
[Info   :Monster Train 2 Isolation Probe] Smoke: confirmed run opening.
[Info   :Monster Train 2 Isolation Probe] Smoke: confirmed run opening.
[Info   :Monster Train 2 Isolation Probe] Smoke: confirmed run opening.
[Info   :Monster Train 2 Isolation Probe] Smoke: confirmed run opening.
[Info   :Monster Train 2 Isolation Probe] Smoke: confirmed run opening.
[Info   :Monster Train 2 Isolation Probe] Smoke: confirmed run opening.
[Info   :Monster Train 2 Isolation Probe] Smoke: confirmed run opening.
[Info   :Monster Train 2 Isolation Probe] Smoke: confirmed run opening.
[Info   :Monster Train 2 Isolation Probe] Smoke: confirmed run opening.
[Info   :Monster Train 2 Isolation Probe] Smoke: confirmed run opening.
[Info   :Monster Train 2 Isolation Probe] Smoke: confirmed run opening.
[Info   :Monster Train 2 Isolation Probe] Smoke: confirmed run opening.
[Info   :Monster Train 2 Isolation Probe] Smoke: confirmed run opening.
[Info   :Monster Train 2 Isolation Probe] Smoke: confirmed run opening.
[Info   :Monster Train 2 Isolation Probe] Smoke: confirmed run opening.
[Info   :Monster Train 2 Isolation Probe] Smoke: confirmed run opening.
[Info   :Monster Train 2 Isolation Probe] Smoke: confirmed run opening.
[Info   :Monster Train 2 Isolation Probe] Smoke: confirmed run opening.
[Info   :Monster Train 2 Isolation Probe] Smoke: confirmed run opening.
[Info   :Monster Train 2 Isolation Probe] Smoke: confirmed run opening.
[Info   :Monster Train 2 Isolation Probe] Smoke: confirmed run opening.
[Info   :Monster Train 2 Isolation Probe] Smoke: confirmed run opening.
[Info   :Monster Train 2 Isolation Probe] Smoke: confirmed run opening.
[Info   :Monster Train 2 Isolation Probe] Smoke: confirmed run opening.
[Info   :Monster Train 2 Isolation Probe] Smoke: confirmed run opening.
[Info   :Monster Train 2 Isolation Probe] Smoke: confirmed run opening.
[Info   :Monster Train 2 Isolation Probe] Smoke: confirmed run opening.
[Info   :Monster Train 2 Isolation Probe] Smoke: confirmed run opening.
[Info   :Monster Train 2 Isolation Probe] Smoke: confirmed run opening.
[Info   :Monster Train 2 Isolation Probe] Smoke: confirmed run opening.
[Info   :Monster Train 2 Isolation Probe] Smoke: confirmed run opening.
[Info   :Monster Train 2 Isolation Probe] Smoke: confirmed run opening.
[Info   :Monster Train 2 Isolation Probe] Smoke: confirmed run opening.
[Info   :Monster Train 2 Isolation Probe] Smoke: confirmed run opening.
[Info   :Monster Train 2 Isolation Probe] Smoke: confirmed run opening.
[Info   :Monster Train 2 Isolation Probe] Smoke: confirmed run opening.
[Info   :Monster Train 2 Isolation Probe] Smoke: confirmed run opening.
[Info   :Monster Train 2 Isolation Probe] Smoke: confirmed run opening.
[Info   :Monster Train 2 Isolation Probe] Smoke: confirmed run opening.
[Info   :Monster Train 2 Isolation Probe] Smoke: confirmed run opening.
[Info   :Monster Train 2 Isolation Probe] Smoke: confirmed run opening.
[Info   :Monster Train 2 Isolation Probe] Smoke: confirmed run opening.
[Info   :Monster Train 2 Isolation Probe] Smoke: confirmed run opening.
[Info   :Monster Train 2 Isolation Probe] Smoke: confirmed run opening.
[Info   :Monster Train 2 Isolation Probe] Smoke: confirmed run opening.
[Info   :Monster Train 2 Isolation Probe] Smoke: confirmed run opening.
[Info   :Monster Train 2 Isolation Probe] Smoke: confirmed run opening.
[Info   :Monster Train 2 Isolation Probe] Smoke: confirmed run opening.
[Info   :Monster Train 2 Isolation Probe] Smoke: confirmed run opening.
[Info   :Monster Train 2 Isolation Probe] Smoke: confirmed run opening.
[Info   :Monster Train 2 Isolation Probe] Smoke: confirmed run opening.
[Info   :Monster Train 2 Isolation Probe] Smoke: confirmed run opening.
[Info   :Monster Train 2 Isolation Probe] Smoke: confirmed run opening.
[Info   :Monster Train 2 Isolation Probe] Smoke: confirmed run opening.
[Info   :Monster Train 2 Isolation Probe] Smoke: confirmed run opening.
[Info   :Monster Train 2 Isolation Probe] Smoke: confirmed run opening.
[Info   :Monster Train 2 Isolation Probe] Smoke: confirmed run opening.
[Info   :Monster Train 2 Isolation Probe] Smoke: confirmed run opening.
[Info   :Monster Train 2 Isolation Probe] Smoke: confirmed run opening.
[Info   :Monster Train 2 Isolation Probe] Smoke: confirmed run opening.
[Info   :Monster Train 2 Isolation Probe] Smoke: confirmed run opening.
[Info   :Monster Train 2 Isolation Probe] Smoke: confirmed run opening.
[Info   :Monster Train 2 Isolation Probe] Smoke: confirmed run opening.
[Info   :Monster Train 2 Isolation Probe] Smoke: confirmed run opening.
[Info   :Monster Train 2 Isolation Probe] Smoke: confirmed run opening.
[Info   :Monster Train 2 Isolation Probe] Smoke: confirmed run opening.
[Info   :Monster Train 2 Isolation Probe] Smoke: confirmed run opening.
[Info   :Monster Train 2 Isolation Probe] Smoke: confirmed run opening.
[Info   :Monster Train 2 Isolation Probe] Smoke: confirmed run opening.
[Info   :Monster Train 2 Isolation Probe] Smoke: confirmed run opening.
[Info   :Monster Train 2 Isolation Probe] Smoke: confirmed run opening.
[Info   :Monster Train 2 Isolation Probe] Smoke: confirmed run opening.
[Info   :Monster Train 2 Isolation Probe] Smoke: confirmed run opening.
[Info   :Monster Train 2 Isolation Probe] Smoke: confirmed run opening.
[Info   :Monster Train 2 Isolation Probe] Smoke: confirmed run opening.
[Info   :Monster Train 2 Isolation Probe] Smoke: confirmed run opening.
[Info   :Monster Train 2 Isolation Probe] Smoke: confirmed run opening.
[Info   :Monster Train 2 Isolation Probe] Smoke: confirmed run opening.
[Info   :Monster Train 2 Isolation Probe] Smoke: confirmed run opening.
[Info   :Monster Train 2 Isolation Probe] Smoke: confirmed run opening.
[Info   :Monster Train 2 Isolation Probe] Smoke: confirmed run opening.
[Info   :Monster Train 2 Isolation Probe] Smoke: confirmed run opening.
[Info   :Monster Train 2 Isolation Probe] Smoke: confirmed run opening.
[Info   :Monster Train 2 Isolation Probe] Smoke: confirmed run opening.
[Info   :Monster Train 2 Isolation Probe] Smoke: confirmed run opening.
[Info   :Monster Train 2 Isolation Probe] Smoke: confirmed run opening.
[Info   :Monster Train 2 Isolation Probe] Smoke: confirmed run opening.
[Info   :Monster Train 2 Isolation Probe] Smoke: confirmed run opening.
[Info   :Monster Train 2 Isolation Probe] Smoke: confirmed run opening.
[Info   :Monster Train 2 Isolation Probe] Smoke: confirmed run opening.
[Info   :Monster Train 2 Isolation Probe] Smoke: confirmed run opening.
[Info   :Monster Train 2 Isolation Probe] Smoke: confirmed run opening.
[Info   :Monster Train 2 Isolation Probe] Smoke: confirmed run opening.
[Info   :Monster Train 2 Isolation Probe] Smoke: confirmed run opening.
[Info   :Monster Train 2 Isolation Probe] Smoke: confirmed run opening.
[Info   :Monster Train 2 Isolation Probe] Smoke: confirmed run opening.
[Info   :Monster Train 2 Isolation Probe] Smoke: confirmed run opening.
[Info   :Monster Train 2 Isolation Probe] Smoke: confirmed run opening.
[Info   :Monster Train 2 Isolation Probe] Smoke: confirmed run opening.
[Info   :Monster Train 2 Isolation Probe] Smoke: confirmed run opening.
[Info   :Monster Train 2 Isolation Probe] Smoke: confirmed run opening.
[Info   :Monster Train 2 Isolation Probe] Smoke: confirmed run opening.
[Info   :Monster Train 2 Isolation Probe] Smoke: confirmed run opening.
[Info   :Monster Train 2 Isolation Probe] Smoke: confirmed run opening.
[Info   :Monster Train 2 Isolation Probe] Smoke: confirmed run opening.
[Info   :Monster Train 2 Isolation Probe] Smoke: confirmed run opening.
[Info   :Monster Train 2 Isolation Probe] Smoke: confirmed run opening.
[Info   :Monster Train 2 Isolation Probe] Smoke: confirmed run opening.
[Info   :Monster Train 2 Isolation Probe] Smoke: confirmed run opening.
[Info   :Monster Train 2 Isolation Probe] Smoke: confirmed run opening.
[Info   :Monster Train 2 Isolation Probe] Smoke: confirmed run opening.
[Info   :Monster Train 2 Isolation Probe] Smoke: confirmed run opening.
[Info   :Monster Train 2 Isolation Probe] Smoke: confirmed run opening.
[Info   :Monster Train 2 Isolation Probe] Smoke: confirmed run opening.
[Info   :Monster Train 2 Isolation Probe] Smoke: confirmed run opening.
[Info   :Monster Train 2 Isolation Probe] Smoke: confirmed run opening.
[Info   :Monster Train 2 Isolation Probe] Smoke: confirmed run opening.
[Info   :Monster Train 2 Isolation Probe] Smoke: confirmed run opening.
[Info   :Monster Train 2 Isolation Probe] Smoke: confirmed run opening.
[Info   :Monster Train 2 Isolation Probe] Smoke: confirmed run opening.
[Info   :Monster Train 2 Isolation Probe] Smoke: confirmed run opening.
[Info   :Monster Train 2 Isolation Probe] Smoke: confirmed run opening.
[Info   :Monster Train 2 Isolation Probe] Smoke: confirmed run opening.
[Info   :Monster Train 2 Isolation Probe] Smoke: confirmed run opening.
[Info   :Monster Train 2 Isolation Probe] Smoke: confirmed run opening.
[Info   :Monster Train 2 Isolation Probe] Smoke: confirmed run opening.
[Info   :Monster Train 2 Isolation Probe] Smoke: confirmed run opening.
[Info   :Monster Train 2 Isolation Probe] Smoke: confirmed run opening.
[Info   :Monster Train 2 Isolation Probe] Smoke: confirmed run opening.
[Info   :Monster Train 2 Isolation Probe] Smoke: confirmed run opening.
[Info   :Monster Train 2 Isolation Probe] Smoke: confirmed run opening.
[Info   :Monster Train 2 Isolation Probe] Smoke: confirmed run opening.
[Info   :Monster Train 2 Isolation Probe] Smoke: confirmed run opening.
[Info   :Monster Train 2 Isolation Probe] Smoke: confirmed run opening.
[Info   :Monster Train 2 Isolation Probe] Smoke: confirmed run opening.
[Info   :Monster Train 2 Isolation Probe] Smoke: confirmed run opening.
[Info   :Monster Train 2 Isolation Probe] Smoke: confirmed run opening.
[Info   :Monster Train 2 Isolation Probe] Smoke: confirmed run opening.
[Info   :Monster Train 2 Isolation Probe] Smoke: confirmed run opening.
[Info   :Monster Train 2 Isolation Probe] Smoke: confirmed run opening.
[Info   :Monster Train 2 Isolation Probe] Smoke: confirmed run opening.
[Info   :Monster Train 2 Isolation Probe] Smoke: confirmed run opening.
[Info   :Monster Train 2 Isolation Probe] Smoke: confirmed run opening.
[Info   :Monster Train 2 Isolation Probe] Smoke: confirmed run opening.
[Info   :Monster Train 2 Isolation Probe] Smoke: confirmed run opening.
[Info   :Monster Train 2 Isolation Probe] Smoke: confirmed run opening.
[Info   :Monster Train 2 Isolation Probe] Smoke: confirmed run opening.
[Info   :Monster Train 2 Isolation Probe] Smoke: confirmed run opening.
[Info   :Monster Train 2 Isolation Probe] Smoke: confirmed run opening.
[Info   :Monster Train 2 Isolation Probe] Smoke: confirmed run opening.
[Info   :Monster Train 2 Isolation Probe] Smoke: confirmed run opening.
[Info   :Monster Train 2 Isolation Probe] Smoke: confirmed run opening.
[Info   :Monster Train 2 Isolation Probe] Smoke: confirmed run opening.
[Info   :Monster Train 2 Isolation Probe] Smoke: confirmed run opening.
[Info   :Monster Train 2 Isolation Probe] Smoke: confirmed run opening.
[Info   :Monster Train 2 Isolation Probe] Smoke: confirmed run opening.
[Info   :Monster Train 2 Isolation Probe] Smoke: confirmed run opening.
[Info   :Monster Train 2 Isolation Probe] Smoke: confirmed run opening.
[Info   :Monster Train 2 Isolation Probe] Smoke: confirmed run opening.
[Info   :Monster Train 2 Isolation Probe] Smoke: confirmed run opening.
[Info   :Monster Train 2 Isolation Probe] Smoke: confirmed run opening.
[Info   :Monster Train 2 Isolation Probe] Smoke: confirmed run opening.
[Info   :Monster Train 2 Isolation Probe] Smoke: confirmed run opening.
[Info   :Monster Train 2 Isolation Probe] Smoke: confirmed run opening.
[Info   :Monster Train 2 Isolation Probe] Smoke: confirmed run opening.
[Info   :Monster Train 2 Isolation Probe] Smoke: confirmed run opening.
[Info   :Monster Train 2 Isolation Probe] Smoke: confirmed run opening.
[Info   :Monster Train 2 Isolation Probe] Smoke: confirmed run opening.
[Info   :Monster Train 2 Isolation Probe] Smoke: confirmed run opening.
[Info   :Monster Train 2 Isolation Probe] Smoke: confirmed run opening.
[Info   :Monster Train 2 Isolation Probe] Smoke: confirmed run opening.
[Info   :Monster Train 2 Isolation Probe] Smoke: confirmed run opening.
[Info   :Monster Train 2 Isolation Probe] Smoke: confirmed run opening.
[Info   :Monster Train 2 Isolation Probe] Smoke: confirmed run opening.
[Info   :Monster Train 2 Isolation Probe] Smoke: confirmed run opening.
[Info   :Monster Train 2 Isolation Probe] Smoke: confirmed run opening.
[Info   :Monster Train 2 Isolation Probe] Smoke: confirmed run opening.
[Info   :Monster Train 2 Isolation Probe] Smoke: confirmed run opening.
[Info   :Monster Train 2 Isolation Probe] Smoke: confirmed run opening.
[Info   :Monster Train 2 Isolation Probe] Smoke: confirmed run opening.
[Info   :Monster Train 2 Isolation Probe] Smoke: confirmed run opening.
[Info   :Monster Train 2 Isolation Probe] Smoke: confirmed run opening.
[Info   :Monster Train 2 Isolation Probe] Smoke: confirmed run opening.
[Info   :Monster Train 2 Isolation Probe] Smoke: confirmed run opening.
[Info   :Monster Train 2 Isolation Probe] Smoke: confirmed run opening.
[Info   :Monster Train 2 Isolation Probe] Smoke: confirmed run opening.
[Info   :Monster Train 2 Isolation Probe] Smoke: confirmed run opening.
[Info   :Monster Train 2 Isolation Probe] Smoke: confirmed run opening.
[Info   :Monster Train 2 Isolation Probe] Smoke: confirmed run opening.
[Info   :Monster Train 2 Isolation Probe] Smoke: confirmed run opening.
[Info   :Monster Train 2 Isolation Probe] Smoke: confirmed run opening.
[Info   :Monster Train 2 Isolation Probe] Smoke: confirmed run opening.
[Info   :Monster Train 2 Isolation Probe] Smoke: confirmed run opening.
[Info   :Monster Train 2 Isolation Probe] Smoke: confirmed run opening.
[Info   :Monster Train 2 Isolation Probe] Smoke: confirmed run opening.
[Info   :Monster Train 2 Isolation Probe] Smoke: confirmed run opening.
[Info   :Monster Train 2 Isolation Probe] Smoke: confirmed run opening.
[Info   :Monster Train 2 Isolation Probe] Smoke: confirmed run opening.
[Info   :Monster Train 2 Isolation Probe] Smoke: confirmed run opening.
[Info   :Monster Train 2 Isolation Probe] Smoke: confirmed run opening.
[Info   :Monster Train 2 Isolation Probe] Smoke: confirmed run opening.
[Info   :Monster Train 2 Isolation Probe] Smoke: confirmed run opening.
[Info   :Monster Train 2 Isolation Probe] Smoke: confirmed run opening.
[Info   :Monster Train 2 Isolation Probe] Smoke: confirmed run opening.
[Info   :Monster Train 2 Isolation Probe] Smoke: confirmed run opening.
[Info   :Monster Train 2 Isolation Probe] Smoke: confirmed run opening.
[Info   :Monster Train 2 Isolation Probe] Smoke: confirmed run opening.
[Info   :Monster Train 2 Isolation Probe] Smoke: confirmed run opening.
[Info   :Monster Train 2 Isolation Probe] Smoke: confirmed run opening.
[Info   :Monster Train 2 Isolation Probe] Smoke: confirmed run opening.
[Info   :Monster Train 2 Isolation Probe] Smoke: confirmed run opening.
[Info   :Monster Train 2 Isolation Probe] Smoke: confirmed run opening.
[Info   :Monster Train 2 Isolation Probe] Smoke: confirmed run opening.
[Info   :Monster Train 2 Isolation Probe] Smoke: confirmed run opening.
[Info   :Monster Train 2 Isolation Probe] Smoke: confirmed run opening.
[Info   :Monster Train 2 Isolation Probe] Smoke: confirmed run opening.
[Info   :Monster Train 2 Isolation Probe] Smoke: confirmed run opening.
[Info   :Monster Train 2 Isolation Probe] Smoke: confirmed run opening.
[Info   :Monster Train 2 Isolation Probe] Smoke: confirmed run opening.
[Info   :Monster Train 2 Isolation Probe] Smoke: confirmed run opening.
[Info   :Monster Train 2 Isolation Probe] Smoke: confirmed run opening.
[Info   :Monster Train 2 Isolation Probe] Smoke: confirmed run opening.
[Info   :Monster Train 2 Isolation Probe] Smoke: confirmed run opening.
[Info   :Monster Train 2 Isolation Probe] Smoke: confirmed run opening.
[Info   :Monster Train 2 Isolation Probe] Smoke: confirmed run opening.
[Info   :Monster Train 2 Isolation Probe] Smoke: confirmed run opening.
[Info   :Monster Train 2 Isolation Probe] Smoke: confirmed run opening.
[Info   :Monster Train 2 Isolation Probe] Smoke: confirmed run opening.
[Info   :Monster Train 2 Isolation Probe] Smoke: confirmed run opening.
[Info   :Monster Train 2 Isolation Probe] Smoke: confirmed run opening.
[Info   :Monster Train 2 Isolation Probe] Smoke: confirmed run opening.
[Info   :Monster Train 2 Isolation Probe] Smoke: confirmed run opening.
[Info   :Monster Train 2 Isolation Probe] Smoke: confirmed run opening.
[Info   :Monster Train 2 Isolation Probe] Smoke: confirmed run opening.
[Info   :Monster Train 2 Isolation Probe] Smoke: confirmed run opening.
[Info   :Monster Train 2 Isolation Probe] Smoke: confirmed run opening.
[Info   :Monster Train 2 Isolation Probe] Smoke: confirmed run opening.
[Info   :Monster Train 2 Isolation Probe] Smoke: confirmed run opening.
[Info   :Monster Train 2 Isolation Probe] Smoke: confirmed run opening.
[Info   :Monster Train 2 Isolation Probe] Smoke: confirmed run opening.
[Info   :Monster Train 2 Isolation Probe] Smoke: confirmed run opening.
[Info   :Monster Train 2 Isolation Probe] Smoke: confirmed run opening.
[Info   :Monster Train 2 Isolation Probe] Smoke: confirmed run opening.
[Info   :Monster Train 2 Isolation Probe] Smoke: confirmed run opening.
[Info   :Monster Train 2 Isolation Probe] Smoke: confirmed run opening.
[Info   :Monster Train 2 Isolation Probe] Smoke: confirmed run opening.
[Info   :Monster Train 2 Isolation Probe] Smoke: confirmed run opening.
[Info   :Monster Train 2 Isolation Probe] Smoke: confirmed run opening.
[Info   :Monster Train 2 Isolation Probe] Smoke: confirmed run opening.
[Info   :Monster Train 2 Isolation Probe] Smoke: confirmed run opening.
[Info   :Monster Train 2 Isolation Probe] Smoke: confirmed run opening.
[Info   :Monster Train 2 Isolation Probe] Smoke: confirmed run opening.
[Info   :Monster Train 2 Isolation Probe] Smoke: confirmed run opening.
[Info   :Monster Train 2 Isolation Probe] Smoke: confirmed run opening.
[Info   :Monster Train 2 Isolation Probe] Smoke: confirmed run opening.
[Info   :Monster Train 2 Isolation Probe] Smoke: confirmed run opening.
[Info   :Monster Train 2 Isolation Probe] Smoke: confirmed run opening.
[Info   :Monster Train 2 Isolation Probe] Smoke: confirmed run opening.
[Info   :Monster Train 2 Isolation Probe] Smoke: confirmed run opening.
[Info   :Monster Train 2 Isolation Probe] Smoke: confirmed run opening.
[Info   :Monster Train 2 Isolation Probe] Smoke: confirmed run opening.
[Info   :Monster Train 2 Isolation Probe] Smoke: confirmed run opening.
[Info   :Monster Train 2 Isolation Probe] Smoke: confirmed run opening.
[Info   :Monster Train 2 Isolation Probe] Smoke: confirmed run opening.
[Info   :Monster Train 2 Isolation Probe] Smoke: confirmed run opening.
[Info   :Monster Train 2 Isolation Probe] Smoke: confirmed run opening.
[Info   :Monster Train 2 Isolation Probe] Smoke: confirmed run opening.
[Info   :Monster Train 2 Isolation Probe] Smoke: confirmed run opening.
[Info   :Monster Train 2 Isolation Probe] Smoke: confirmed run opening.
[Info   :Monster Train 2 Isolation Probe] Smoke: confirmed run opening.
[Info   :Monster Train 2 Isolation Probe] Smoke: confirmed run opening.
[Info   :Monster Train 2 Isolation Probe] Smoke: confirmed run opening.
[Info   :Monster Train 2 Isolation Probe] Smoke: confirmed run opening.
[Info   :Monster Train 2 Isolation Probe] Smoke: confirmed run opening.
[Info   :Monster Train 2 Isolation Probe] Smoke: confirmed run opening.
[Info   :Monster Train 2 Isolation Probe] Smoke: confirmed run opening.
[Info   :Monster Train 2 Isolation Probe] Smoke: confirmed run opening.
[Info   :Monster Train 2 Isolation Probe] Smoke: confirmed run opening.
[Info   :Monster Train 2 Isolation Probe] Smoke: confirmed run opening.
[Info   :Monster Train 2 Isolation Probe] Smoke: confirmed run opening.
[Info   :Monster Train 2 Isolation Probe] Smoke: confirmed run opening.
[Info   :Monster Train 2 Isolation Probe] Smoke: confirmed run opening.
[Info   :Monster Train 2 Isolation Probe] Smoke: confirmed run opening.
[Info   :Monster Train 2 Isolation Probe] Smoke: confirmed run opening.
[Info   :Monster Train 2 Isolation Probe] Smoke: confirmed run opening.
[Info   :Monster Train 2 Isolation Probe] Smoke: confirmed run opening.
[Info   :Monster Train 2 Isolation Probe] Smoke: confirmed run opening.
[Info   :Monster Train 2 Isolation Probe] Smoke: confirmed run opening.
[Info   :Monster Train 2 Isolation Probe] Smoke: confirmed run opening.
[Info   :Monster Train 2 Isolation Probe] Smoke: confirmed run opening.
[Info   :Monster Train 2 Isolation Probe] Smoke: confirmed run opening.
[Info   :Monster Train 2 Isolation Probe] Smoke: confirmed run opening.
[Info   :Monster Train 2 Isolation Probe] Smoke: confirmed run opening.
[Info   :Monster Train 2 Isolation Probe] Smoke: confirmed run opening.
[Info   :Monster Train 2 Isolation Probe] Smoke: confirmed run opening.
[Info   :Monster Train 2 Isolation Probe] Smoke: confirmed run opening.
[Info   :Monster Train 2 Isolation Probe] Smoke: confirmed run opening.
[Info   :Monster Train 2 Isolation Probe] Smoke: confirmed run opening.
[Info   :Monster Train 2 Isolation Probe] Smoke: confirmed run opening.
[Info   :Monster Train 2 Isolation Probe] Smoke: confirmed run opening.
[Info   :Monster Train 2 Isolation Probe] Smoke: confirmed run opening.
[Info   :Monster Train 2 Isolation Probe] Smoke: confirmed run opening.
[Info   :Monster Train 2 Isolation Probe] Smoke: confirmed run opening.
[Info   :Monster Train 2 Isolation Probe] Smoke: confirmed run opening.
[Info   :Monster Train 2 Isolation Probe] Smoke: confirmed run opening.
[Info   :Monster Train 2 Isolation Probe] Smoke: confirmed run opening.
[Info   :Monster Train 2 Isolation Probe] Smoke: confirmed run opening.
[Info   :Monster Train 2 Isolation Probe] Smoke: confirmed run opening.
[Info   :Monster Train 2 Isolation Probe] Smoke: confirmed run opening.
[Info   :Monster Train 2 Isolation Probe] Smoke: confirmed run opening.
[Info   :Monster Train 2 Isolation Probe] Smoke: confirmed run opening.
[Info   :Monster Train 2 Isolation Probe] Smoke: confirmed run opening.
[Info   :Monster Train 2 Isolation Probe] Smoke: confirmed run opening.
[Info   :Monster Train 2 Isolation Probe] Smoke: confirmed run opening.
[Info   :Monster Train 2 Isolation Probe] Smoke: confirmed run opening.
[Info   :Monster Train 2 Isolation Probe] Smoke: confirmed run opening.
[Info   :Monster Train 2 Isolation Probe] Smoke: confirmed run opening.
[Info   :Monster Train 2 Isolation Probe] Smoke: confirmed run opening.
[Info   :Monster Train 2 Isolation Probe] Smoke: confirmed run opening.
[Info   :Monster Train 2 Isolation Probe] Smoke: confirmed run opening.
[Info   :Monster Train 2 Isolation Probe] Smoke: confirmed run opening.
[Info   :Monster Train 2 Isolation Probe] Smoke: confirmed run opening.
[Info   :Monster Train 2 Isolation Probe] Smoke: confirmed run opening.
[Info   :Monster Train 2 Isolation Probe] Smoke: confirmed run opening.
[Info   :Monster Train 2 Isolation Probe] Smoke: confirmed run opening.
[Info   :Monster Train 2 Isolation Probe] Smoke: confirmed run opening.
[Info   :Monster Train 2 Isolation Probe] Smoke: confirmed run opening.
[Info   :Monster Train 2 Isolation Probe] Smoke: confirmed run opening.
[Info   :Monster Train 2 Isolation Probe] Smoke: confirmed run opening.
[Info   :Monster Train 2 Isolation Probe] Smoke: confirmed run opening.
[Info   :Monster Train 2 Isolation Probe] Smoke: confirmed run opening.
[Info   :Monster Train 2 Isolation Probe] Smoke: confirmed run opening.
[Info   :Monster Train 2 Isolation Probe] Smoke: confirmed run opening.
[Info   :Monster Train 2 Isolation Probe] Smoke: confirmed run opening.
[Info   :Monster Train 2 Isolation Probe] Smoke: confirmed run opening.
[Info   :Monster Train 2 Isolation Probe] Smoke: confirmed run opening.
[Info   :Monster Train 2 Isolation Probe] Smoke: confirmed run opening.
[Info   :Monster Train 2 Isolation Probe] Smoke: confirmed run opening.
[Info   :Monster Train 2 Isolation Probe] Smoke: confirmed run opening.
[Info   :Monster Train 2 Isolation Probe] Smoke: confirmed run opening.
[Info   :Monster Train 2 Isolation Probe] Smoke: confirmed run opening.
[Info   :Monster Train 2 Isolation Probe] Smoke: entering battle through the map UI.
[Info   :Monster Train 2 Isolation Probe] Smoke: clicked map battle node in section 1.
[Info   :Monster Train 2 Isolation Probe] Smoke: confirmed map battle warning.
[Info   :Monster Train 2 Isolation Probe] SMOKE-WAIT stage=NaturalIntro managers=True user=UserLoaded menu=False top=Map loading=True sequence=BattleIntro busy=True
Unloading 7 Unused Serialized files (Serialized files now loaded: 33)
Unloading 450 unused Assets to reduce memory usage. Loaded Objects now: 105058.
Total: 50.710300 ms (FindLiveObjects: 6.093100 ms CreateObjectMapping: 4.931500 ms MarkObjects: 35.574700 ms  DeleteObjects: 4.110600 ms)

Unloading 10 Unused Serialized files (Serialized files now loaded: 33)
Unloading 2 unused Assets to reduce memory usage. Loaded Objects now: 105472.
Total: 49.182700 ms (FindLiveObjects: 6.844800 ms CreateObjectMapping: 5.414600 ms MarkObjects: 36.758300 ms  DeleteObjects: 0.164400 ms)

[Info   :Monster Train 2 Isolation Probe] Smoke: started battle through the intro UI.
[Info   :Monster Train 2 Isolation Probe] SMOKE-DIALOG content=<b>接受试炼，挑战更高风险，赢得更大回报吧！</b><br><br>启用试炼会让战斗变得更加艰险，但击败敌人之后也会获得额外奖励。 button=好的 autoClose=True callback=False
[Info   :Monster Train 2 Isolation Probe] Smoke: confirmed battle dialog.
[Info   :Monster Train 2 Isolation Probe] AppManager.Awake reached with isolated save-root patch active.
Unloading 8 Unused Serialized files (Serialized files now loaded: 33)
Unloading 103 unused Assets to reduce memory usage. Loaded Objects now: 129049.
Total: 48.948700 ms (FindLiveObjects: 9.252600 ms CreateObjectMapping: 5.227200 ms MarkObjects: 34.036300 ms  DeleteObjects: 0.432100 ms)

Unloading 10 Unused Serialized files (Serialized files now loaded: 33)
Unloading 6 unused Assets to reduce memory usage. Loaded Objects now: 132313.
Total: 50.598700 ms (FindLiveObjects: 9.260700 ms CreateObjectMapping: 5.548100 ms MarkObjects: 35.596500 ms  DeleteObjects: 0.193000 ms)

[Info   :Monster Train 2 Isolation Probe] SMOKE-DIALOG content=<b>保护你的薪火！</b><br><br>这就是你的薪火，如果敌人对它造成了太多伤害，你会输掉游戏。 button=好的 autoClose=True callback=False
[Info   :Monster Train 2 Isolation Probe] Smoke: confirmed battle dialog.
[Info   :Monster Train 2 Isolation Probe] SMOKE-DIALOG content=<b>部署阶段</b><br><br>每场战斗都从部署阶段开始。你将抽取勇者与任意带有蓝色战旗的单位卡。在你结束回合之后，敌人将会入侵。 button=好的 autoClose=True callback=False
[Info   :Monster Train 2 Isolation Probe] Smoke: confirmed battle dialog.
[Info   :Monster Train 2 Isolation Probe] SMOKE-DIALOG content=<b>召唤单位保护你的火车！</b><br><br>每张单位牌每场战斗中只能使用一次。 button=好的 autoClose=True callback=False
[Info   :Monster Train 2 Isolation Probe] Smoke: confirmed battle dialog.
[Info   :Monster Train 2 Isolation Probe] SMOKE-SNAPSHOT before turn=0 phase=MonsterTurn pyre=80/80 energy=4 hand=[d14a50f3-728d-43e1-87f0-ef1b013f6678:d14a50f3-728d-43e1-87f0-ef1b013f6678,d14a50f3-728d-43e1-87f0-ef1b013f6678:d14a50f3-728d-43e1-87f0-ef1b013f6678,19705414-816d-4549-bcf5-866f338a551f:19705414-816d-4549-bcf5-866f338a551f,] draw=[fb0683b1-20ac-4dd2-b580-14b502e182f4:fb0683b1-20ac-4dd2-b580-14b502e182f4,fb0683b1-20ac-4dd2-b580-14b502e182f4:fb0683b1-20ac-4dd2-b580-14b502e182f4,fb0683b1-20ac-4dd2-b580-14b502e182f4:fb0683b1-20ac-4dd2-b580-14b502e182f4,c8b39244-83c1-4eb3-b474-8898226d4280:c8b39244-83c1-4eb3-b474-8898226d4280,fb0683b1-20ac-4dd2-b580-14b502e182f4:fb0683b1-20ac-4dd2-b580-14b502e182f4,fb0683b1-20ac-4dd2-b580-14b502e182f4:fb0683b1-20ac-4dd2-b580-14b502e182f4,c8b39244-83c1-4eb3-b474-8898226d4280:c8b39244-83c1-4eb3-b474-8898226d4280,38e70e6a-20f3-4e36-8d31-c5110be07f87:38e70e6a-20f3-4e36-8d31-c5110be07f87,38e70e6a-20f3-4e36-8d31-c5110be07f87:38e70e6a-20f3-4e36-8d31-c5110be07f87,c8b39244-83c1-4eb3-b474-8898226d4280:c8b39244-83c1-4eb3-b474-8898226d4280,c8b39244-83c1-4eb3-b474-8898226d4280:c8b39244-83c1-4eb3-b474-8898226d4280,c8b39244-83c1-4eb3-b474-8898226d4280:c8b39244-83c1-4eb3-b474-8898226d4280,] discard=[] exhausted=[] eaten=[] heroes=[] monsters=[PyreHeartStarter@3:0:45:80/80,]
[Info   :Monster Train 2 Isolation Probe] SMOKE-RNG before Master={s0:-905267014,s1:1653247403,s2:48924428,s3:-588248859,} NonDeterministic={s0:457014640,s1:-99091244,s2:-1344087826,s3:345008396,} SetupRun={s0:1522012100,s1:408987559,s2:572290056,s3:1818533109,} Spawning={s0:1059462399,s1:-1366890596,s2:846191757,s3:1191475362,} Chatter={s0:110906590,s1:48177559,s2:706940820,s3:1077369189,} CardDraw={s0:1404201429,s1:-99922742,s2:-90414896,s3:942939367,} Battle={s0:152371493,s1:1994997914,s2:2043602627,s3:1534354928,} BossActions={s0:106642708,s1:1899678949,s2:1511809882,s3:1842633859,} Merchant={s0:1648720830,s1:2127855607,s2:1980935028,s3:860534981,} StoryEvents={s0:2097849429,s1:1635209866,s2:-922391949,s3:-1572894112,} Rewards={s0:1974875670,s1:-1234232145,s2:217643020,s3:-333908116,} Trials={s0:56341503,s1:-428180836,s2:-1540105331,s3:97457058,} BossGeneration={s0:1242216635,s1:-466357048,s2:-403268887,s3:93376238,} BattleTest={s0:1653247403,s1:170354552,s2:-1942812071,s3:1964750366,} AutoselectTrainPath={s0:48924428,s1:1780528061,s2:88215186,s3:1792663963,} HellforgedShardEnemy={s0:1559234790,s1:1707120831,s2:-135038372,s3:1208910413,}
[Info   :Monster Train 2 Isolation Probe] Smoke: scenario=Level1BattleJunker testScenario=False replayEntries=3 battleOffset=3
[Info   :Monster Train 2 Isolation Probe] Smoke: playing TrainStewardShield from hand index 0 in room 0.
[Info   :Monster Train 2 Isolation Probe] SMOKE-DIALOG content=<b>火车每一层的空间容量有限。</b><br><br>单位占据的空间由其卡牌上的 <sprite name="Capacity"> 点数决定。 button=好的 autoClose=True callback=False
[Info   :Monster Train 2 Isolation Probe] Smoke: confirmed battle dialog.
[Info   :Monster Train 2 Isolation Probe] Smoke: confirmed battle dialog.
[Info   :Monster Train 2 Isolation Probe] Smoke: confirmed battle dialog.
[Info   :Monster Train 2 Isolation Probe] SMOKE-WAIT stage=PlayingFirstCard managers=True user=UserLoaded menu=False top=Dialog loading=False sequence=InBattle busy=True
[Info   :Monster Train 2 Isolation Probe] Smoke: confirmed battle dialog.
[Info   :Monster Train 2 Isolation Probe] Smoke: confirmed battle dialog.
[Info   :Monster Train 2 Isolation Probe] Smoke: confirmed battle dialog.
[Info   :Monster Train 2 Isolation Probe] Smoke: confirmed battle dialog.
[Info   :Monster Train 2 Isolation Probe] Smoke: confirmed battle dialog.
[Info   :Monster Train 2 Isolation Probe] Smoke: confirmed battle dialog.
[Info   :Monster Train 2 Isolation Probe] Smoke: confirmed battle dialog.
[Info   :Monster Train 2 Isolation Probe] Smoke: confirmed battle dialog.
[Info   :Monster Train 2 Isolation Probe] Smoke: confirmed battle dialog.
[Info   :Monster Train 2 Isolation Probe] Smoke: confirmed battle dialog.
[Info   :Monster Train 2 Isolation Probe] Smoke: confirmed battle dialog.
[Info   :Monster Train 2 Isolation Probe] Smoke: confirmed battle dialog.
[Info   :Monster Train 2 Isolation Probe] Smoke: confirmed battle dialog.
[Info   :Monster Train 2 Isolation Probe] Smoke: confirmed battle dialog.
[Info   :Monster Train 2 Isolation Probe] Smoke: confirmed battle dialog.
[Info   :Monster Train 2 Isolation Probe] Smoke: confirmed battle dialog.
[Info   :Monster Train 2 Isolation Probe] Smoke: confirmed battle dialog.
[Info   :Monster Train 2 Isolation Probe] Smoke: confirmed battle dialog.
[Info   :Monster Train 2 Isolation Probe] Smoke: confirmed battle dialog.
[Info   :Monster Train 2 Isolation Probe] Smoke: confirmed battle dialog.
[Info   :Monster Train 2 Isolation Probe] SMOKE-WAIT stage=PlayingFirstCard managers=True user=UserLoaded menu=False top=Dialog loading=False sequence=InBattle busy=True
[Info   :Monster Train 2 Isolation Probe] Smoke: confirmed battle dialog.
[Info   :Monster Train 2 Isolation Probe] Smoke: confirmed battle dialog.
[Info   :Monster Train 2 Isolation Probe] Smoke: confirmed battle dialog.
[Info   :Monster Train 2 Isolation Probe] Smoke: confirmed battle dialog.
[Info   :Monster Train 2 Isolation Probe] Smoke: confirmed battle dialog.
[Info   :Monster Train 2 Isolation Probe] Smoke: confirmed battle dialog.
[Info   :Monster Train 2 Isolation Probe] Smoke: confirmed battle dialog.
[Info   :Monster Train 2 Isolation Probe] Smoke: confirmed battle dialog.
[Info   :Monster Train 2 Isolation Probe] Smoke: confirmed battle dialog.
[Info   :Monster Train 2 Isolation Probe] Smoke: confirmed battle dialog.
[Info   :Monster Train 2 Isolation Probe] Smoke: confirmed battle dialog.
[Info   :Monster Train 2 Isolation Probe] Smoke: confirmed battle dialog.
[Info   :Monster Train 2 Isolation Probe] Smoke: confirmed battle dialog.
[Info   :Monster Train 2 Isolation Probe] Smoke: confirmed battle dialog.
[Info   :Monster Train 2 Isolation Probe] Smoke: confirmed battle dialog.
[Info   :Monster Train 2 Isolation Probe] Smoke: confirmed battle dialog.
[Info   :Monster Train 2 Isolation Probe] Smoke: confirmed battle dialog.
[Info   :Monster Train 2 Isolation Probe] Smoke: confirmed battle dialog.
[Info   :Monster Train 2 Isolation Probe] Smoke: confirmed battle dialog.
[Info   :Monster Train 2 Isolation Probe] Smoke: confirmed battle dialog.
[Info   :Monster Train 2 Isolation Probe] SMOKE-WAIT stage=PlayingFirstCard managers=True user=UserLoaded menu=False top=Dialog loading=False sequence=InBattle busy=True
[Info   :Monster Train 2 Isolation Probe] Smoke: confirmed battle dialog.
[Info   :Monster Train 2 Isolation Probe] Smoke: confirmed battle dialog.
[Info   :Monster Train 2 Isolation Probe] Smoke: confirmed battle dialog.
[Info   :Monster Train 2 Isolation Probe] Smoke: confirmed battle dialog.
[Info   :Monster Train 2 Isolation Probe] Smoke: confirmed battle dialog.
[Info   :Monster Train 2 Isolation Probe] Smoke: confirmed battle dialog.
[Info   :Monster Train 2 Isolation Probe] Smoke: confirmed battle dialog.
[Info   :Monster Train 2 Isolation Probe] Smoke: confirmed battle dialog.
[Info   :Monster Train 2 Isolation Probe] Smoke: confirmed battle dialog.
[Info   :Monster Train 2 Isolation Probe] Smoke: confirmed battle dialog.
[Info   :Monster Train 2 Isolation Probe] Smoke: confirmed battle dialog.
[Info   :Monster Train 2 Isolation Probe] Smoke: confirmed battle dialog.
[Info   :Monster Train 2 Isolation Probe] Smoke: confirmed battle dialog.
[Info   :Monster Train 2 Isolation Probe] Smoke: confirmed battle dialog.
[Info   :Monster Train 2 Isolation Probe] Smoke: confirmed battle dialog.
[Error  :Monster Train 2 Isolation Probe] SMOKE-FAIL Timed out in stage PlayingFirstCard
Input System module state changed to: ShutdownInProgress.
Input System polling thread exited.
Input System module state changed to: Shutdown.
Memory Statistics:
[ALLOC_TEMP_TLS] TLS Allocator
  StackAllocators : 
    [ALLOC_TEMP_MAIN]
      Peak usage frame count: [0-1.0 KB]: 2131 frames, [1.0 KB-2.0 KB]: 1 frames, [2.0 KB-4.0 KB]: 44 frames, [4.0 KB-8.0 KB]: 3032 frames, [8.0 KB-16.0 KB]: 3809 frames, [16.0 KB-32.0 KB]: 1714 frames, [32.0 KB-64.0 KB]: 1987 frames, [64.0 KB-128.0 KB]: 30629 frames, [128.0 KB-256.0 KB]: 7 frames, [256.0 KB-0.5 MB]: 16 frames, [0.5 MB-1.0 MB]: 7 frames, [2.0 MB-4.0 MB]: 1 frames, [4.0 MB-8.0 MB]: 21 frames
      Initial Block Size 4.0 MB
      Current Block Size 8.0 MB
      Peak Allocated Bytes 8.0 MB
      Overflow Count 73
    [ALLOC_TEMP_Loading.AsyncRead]
      Initial Block Size 64.0 KB
      Current Block Size 124.0 KB
      Peak Allocated Bytes 123.1 KB
      Overflow Count 0
    [ALLOC_TEMP_Loading.PreloadManager]
      Initial Block Size 256.0 KB
      Current Block Size 0.5 MB
      Peak Allocated Bytes 507.9 KB
      Overflow Count 143352
    [ALLOC_TEMP_Background Job.Worker 8]
      Initial Block Size 32.0 KB
      Current Block Size 32.0 KB
      Peak Allocated Bytes 54 B
      Overflow Count 0
    [ALLOC_TEMP_Job.Worker 6]
      Initial Block Size 256.0 KB
      Current Block Size 256.0 KB
      Peak Allocated Bytes 32.8 KB
      Overflow Count 0
    [ALLOC_TEMP_Job.Worker 0]
      Initial Block Size 256.0 KB
      Current Block Size 256.0 KB
      Peak Allocated Bytes 0.9 KB
      Overflow Count 0
    [ALLOC_TEMP_Background Job.Worker 10]
      Initial Block Size 32.0 KB
      Current Block Size 32.0 KB
      Peak Allocated Bytes 54 B
      Overflow Count 0
    [ALLOC_TEMP_Background Job.Worker 9]
      Initial Block Size 32.0 KB
      Current Block Size 32.0 KB
      Peak Allocated Bytes 54 B
      Overflow Count 0
    [ALLOC_TEMP_Job.Worker 5]
      Initial Block Size 256.0 KB
      Current Block Size 256.0 KB
      Peak Allocated Bytes 47.7 KB
      Overflow Count 0
    [ALLOC_TEMP_Background Job.Worker 14]
      Initial Block Size 32.0 KB
      Current Block Size 32.0 KB
      Peak Allocated Bytes 54 B
      Overflow Count 0
    [ALLOC_TEMP_Background Job.Worker 6]
      Initial Block Size 32.0 KB
      Current Block Size 32.0 KB
      Peak Allocated Bytes 54 B
      Overflow Count 0
    [ALLOC_TEMP_Job.Worker 4]
      Initial Block Size 256.0 KB
      Current Block Size 256.0 KB
      Peak Allocated Bytes 47.9 KB
      Overflow Count 0
    [ALLOC_TEMP_Job.Worker 14]
      Initial Block Size 256.0 KB
      Current Block Size 256.0 KB
      Peak Allocated Bytes 54 B
      Overflow Count 0
    [ALLOC_TEMP_Job.Worker 3]
      Initial Block Size 256.0 KB
      Current Block Size 256.0 KB
      Peak Allocated Bytes 47.9 KB
      Overflow Count 0
    [ALLOC_TEMP_Job.Worker 13]
      Initial Block Size 256.0 KB
      Current Block Size 256.0 KB
      Peak Allocated Bytes 54 B
      Overflow Count 0
    [ALLOC_TEMP_Background Job.Worker 12]
      Initial Block Size 32.0 KB
      Current Block Size 32.0 KB
      Peak Allocated Bytes 54 B
      Overflow Count 0
    [ALLOC_TEMP_EnlightenWorker] x 8
      Initial Block Size 64.0 KB
      Current Block Size 64.0 KB
      Peak Allocated Bytes 54 B
      Overflow Count 0
    [ALLOC_TEMP_Background Job.Worker 15]
      Initial Block Size 32.0 KB
      Current Block Size 32.0 KB
      Peak Allocated Bytes 54 B
      Overflow Count 0
    [ALLOC_TEMP_Background Job.Worker 1]
      Initial Block Size 32.0 KB
      Current Block Size 32.0 KB
      Peak Allocated Bytes 9.8 KB
      Overflow Count 0
    [ALLOC_TEMP_Background Job.Worker 2]
      Initial Block Size 32.0 KB
      Current Block Size 32.0 KB
      Peak Allocated Bytes 21.0 KB
      Overflow Count 0
    [ALLOC_TEMP_Background Job.Worker 7]
      Initial Block Size 32.0 KB
      Current Block Size 32.0 KB
      Peak Allocated Bytes 54 B
      Overflow Count 0
    [ALLOC_TEMP_UnityGfxDeviceWorker]
      Initial Block Size 256.0 KB
      Current Block Size 256.0 KB
      Peak Allocated Bytes 26.4 KB
      Overflow Count 0
    [ALLOC_TEMP_AssetGarbageCollectorHelper] x 15
      Initial Block Size 64.0 KB
      Current Block Size 64.0 KB
      Peak Allocated Bytes 138 B
      Overflow Count 0
    [ALLOC_TEMP_Background Job.Worker 5]
      Initial Block Size 32.0 KB
      Current Block Size 32.0 KB
      Peak Allocated Bytes 54 B
      Overflow Count 0
    [ALLOC_TEMP_Job.Worker 9]
      Initial Block Size 256.0 KB
      Current Block Size 256.0 KB
      Peak Allocated Bytes 31.7 KB
      Overflow Count 0
    [ALLOC_TEMP_Background Job.Worker 13]
      Initial Block Size 32.0 KB
      Current Block Size 32.0 KB
      Peak Allocated Bytes 54 B
      Overflow Count 0
    [ALLOC_TEMP_Job.Worker 8]
      Initial Block Size 256.0 KB
      Current Block Size 256.0 KB
      Peak Allocated Bytes 31.7 KB
      Overflow Count 0
    [ALLOC_TEMP_Job.Worker 7]
      Initial Block Size 256.0 KB
      Current Block Size 256.0 KB
      Peak Allocated Bytes 34.1 KB
      Overflow Count 0
    [ALLOC_TEMP_Job.Worker 1]
      Initial Block Size 256.0 KB
      Current Block Size 256.0 KB
      Peak Allocated Bytes 52.4 KB
      Overflow Count 0
    [ALLOC_TEMP_Job.Worker 2]
      Initial Block Size 256.0 KB
      Current Block Size 256.0 KB
      Peak Allocated Bytes 55.5 KB
      Overflow Count 0
    [ALLOC_TEMP_Background Job.Worker 3]
      Initial Block Size 32.0 KB
      Current Block Size 32.0 KB
      Peak Allocated Bytes 2.6 KB
      Overflow Count 0
    [ALLOC_TEMP_Background Job.Worker 11]
      Initial Block Size 32.0 KB
      Current Block Size 32.0 KB
      Peak Allocated Bytes 54 B
      Overflow Count 0
    [ALLOC_TEMP_Job.Worker 10]
      Initial Block Size 256.0 KB
      Current Block Size 256.0 KB
      Peak Allocated Bytes 26.3 KB
      Overflow Count 0
    [ALLOC_TEMP_Background Job.Worker 0]
      Initial Block Size 32.0 KB
      Current Block Size 32.0 KB
      Peak Allocated Bytes 54 B
      Overflow Count 0
    [ALLOC_TEMP_Job.Worker 11]
      Initial Block Size 256.0 KB
      Current Block Size 256.0 KB
      Peak Allocated Bytes 16.7 KB
      Overflow Count 0
    [ALLOC_TEMP_Job.Worker 12]
      Initial Block Size 256.0 KB
      Current Block Size 256.0 KB
      Peak Allocated Bytes 0.9 KB
      Overflow Count 0
    [ALLOC_TEMP_Background Job.Worker 4]
      Initial Block Size 32.0 KB
      Current Block Size 32.0 KB
      Peak Allocated Bytes 54 B
      Overflow Count 0
    [ALLOC_TEMP_BatchDeleteObjects]
      Initial Block Size 64.0 KB
      Current Block Size 64.0 KB
      Peak Allocated Bytes 54 B
      Overflow Count 0
[ALLOC_DEFAULT] Dual Thread Allocator
  Peak main deferred allocation count 39217
    [ALLOC_BUCKET]
      Large Block size 4.0 MB
      Used Block count 1
      Peak Allocated bytes 4.0 MB
      Failed Allocations. Bucket layout:
        16B: 21 Subsections = 21504 buckets. Failed count: 220912
        32B: 28 Subsections = 14336 buckets. Failed count: 192679
        48B: 120 Subsections = 40960 buckets. Failed count: 5154282
        64B: 37 Subsections = 9472 buckets. Failed count: 146456
        80B: 33 Subsections = 6758 buckets. Failed count: 26083
        96B: 4 Subsections = 682 buckets. Failed count: 40078
        112B: 6 Subsections = 877 buckets. Failed count: 18387
        128B: 7 Subsections = 896 buckets. Failed count: 69599
    [ALLOC_DEFAULT_MAIN]
      Peak usage frame count: [16.0 MB-32.0 MB]: 2050 frames, [32.0 MB-64.0 MB]: 4204 frames, [64.0 MB-128.0 MB]: 37145 frames
      Requested Block Size 16.0 MB
      Peak Block count 7
      Peak Allocated memory 93.7 MB
      Peak Large allocation bytes 8.0 MB
    [ALLOC_DEFAULT_THREAD]
      Peak usage frame count: [32.0 MB-64.0 MB]: 35477 frames, [64.0 MB-128.0 MB]: 7922 frames
      Requested Block Size 16.0 MB
      Peak Block count 7
      Peak Allocated memory 93.3 MB
      Peak Large allocation bytes 0 B
[ALLOC_TEMP_JOB_1_FRAME]
  Initial Block Size 2.0 MB
  Used Block Count 0
  Overflow Count (too large) 0
  Overflow Count (full) 0
[ALLOC_TEMP_JOB_2_FRAMES]
  Initial Block Size 2.0 MB
  Used Block Count 0
  Overflow Count (too large) 0
  Overflow Count (full) 0
[ALLOC_TEMP_JOB_4_FRAMES (JobTemp)]
  Initial Block Size 2.0 MB
  Used Block Count 1
  Overflow Count (too large) 0
  Overflow Count (full) 0
[ALLOC_TEMP_JOB_ASYNC (Background)]
  Initial Block Size 1.0 MB
  Used Block Count 1
  Overflow Count (too large) 0
  Overflow Count (full) 0
[ALLOC_GFX] Dual Thread Allocator
  Peak main deferred allocation count 18
    [ALLOC_BUCKET]
      Large Block size 4.0 MB
      Used Block count 1
      Peak Allocated bytes 4.0 MB
      Failed Allocations. Bucket layout:
        16B: 21 Subsections = 21504 buckets. Failed count: 220912
        32B: 28 Subsections = 14336 buckets. Failed count: 192679
        48B: 120 Subsections = 40960 buckets. Failed count: 5154282
        64B: 37 Subsections = 9472 buckets. Failed count: 146456
        80B: 33 Subsections = 6758 buckets. Failed count: 26083
        96B: 4 Subsections = 682 buckets. Failed count: 40078
        112B: 6 Subsections = 877 buckets. Failed count: 18387
        128B: 7 Subsections = 896 buckets. Failed count: 69599
    [ALLOC_GFX_MAIN]
      Peak usage frame count: [0.5 MB-1.0 MB]: 5063 frames, [1.0 MB-2.0 MB]: 7710 frames, [2.0 MB-4.0 MB]: 30626 frames
      Requested Block Size 16.0 MB
      Peak Block count 1
      Peak Allocated memory 2.9 MB
      Peak Large allocation bytes 0 B
    [ALLOC_GFX_THREAD]
      Peak usage frame count: [2.0 MB-4.0 MB]: 5353 frames, [4.0 MB-8.0 MB]: 38046 frames
      Requested Block Size 16.0 MB
      Peak Block count 1
      Peak Allocated memory 5.7 MB
      Peak Large allocation bytes 0 B
[ALLOC_CACHEOBJECTS] Dual Thread Allocator
  Peak main deferred allocation count 867
    [ALLOC_BUCKET]
      Large Block size 4.0 MB
      Used Block count 1
      Peak Allocated bytes 4.0 MB
      Failed Allocations. Bucket layout:
        16B: 21 Subsections = 21504 buckets. Failed count: 220912
        32B: 28 Subsections = 14336 buckets. Failed count: 192679
        48B: 120 Subsections = 40960 buckets. Failed count: 5154282
        64B: 37 Subsections = 9472 buckets. Failed count: 146456
        80B: 33 Subsections = 6758 buckets. Failed count: 26083
        96B: 4 Subsections = 682 buckets. Failed count: 40078
        112B: 6 Subsections = 877 buckets. Failed count: 18387
        128B: 7 Subsections = 896 buckets. Failed count: 69599
    [ALLOC_CACHEOBJECTS_MAIN]
      Peak usage frame count: [4.0 MB-8.0 MB]: 2499 frames, [8.0 MB-16.0 MB]: 40900 frames
      Requested Block Size 4.0 MB
      Peak Block count 4
      Peak Allocated memory 14.1 MB
      Peak Large allocation bytes 2.0 MB
    [ALLOC_CACHEOBJECTS_THREAD]
      Peak usage frame count: [64.0 MB-128.0 MB]: 4807 frames, [128.0 MB-256.0 MB]: 682 frames, [256.0 MB-0.50 GB]: 37910 frames
      Requested Block Size 4.0 MB
      Peak Block count 46
      Peak Allocated memory 281.0 MB
      Peak Large allocation bytes 117.3 MB
[ALLOC_TYPETREE] Dual Thread Allocator
  Peak main deferred allocation count 1
    [ALLOC_BUCKET]
      Large Block size 4.0 MB
      Used Block count 1
      Peak Allocated bytes 4.0 MB
      Failed Allocations. Bucket layout:
        16B: 21 Subsections = 21504 buckets. Failed count: 220912
        32B: 28 Subsections = 14336 buckets. Failed count: 192679
        48B: 120 Subsections = 40960 buckets. Failed count: 5154282
        64B: 37 Subsections = 9472 buckets. Failed count: 146456
        80B: 33 Subsections = 6758 buckets. Failed count: 26083
        96B: 4 Subsections = 682 buckets. Failed count: 40078
        112B: 6 Subsections = 877 buckets. Failed count: 18387
        128B: 7 Subsections = 896 buckets. Failed count: 69599
    [ALLOC_TYPETREE_MAIN]
      Peak usage frame count: [8.0 KB-16.0 KB]: 1 frames, [16.0 KB-32.0 KB]: 1525 frames, [32.0 KB-64.0 KB]: 3253 frames, [64.0 KB-128.0 KB]: 38620 frames
      Requested Block Size 2.0 MB
      Peak Block count 1
      Peak Allocated memory 93.1 KB
      Peak Large allocation bytes 0 B
    [ALLOC_TYPETREE_THREAD]
      Peak usage frame count: [256.0 KB-0.5 MB]: 4780 frames, [0.5 MB-1.0 MB]: 1 frames, [4.0 MB-8.0 MB]: 30928 frames, [8.0 MB-16.0 MB]: 7690 frames
      Requested Block Size 2.0 MB
      Peak Block count 7
      Peak Allocated memory 13.0 MB
      Peak Large allocation bytes 0 B
