Mono path[0] = 'E:/Workspace/Program/monster-train2-poju/.sandbox-game/MonsterTrain2_Data/Managed'
Mono config path = 'E:/Workspace/Program/monster-train2-poju/.sandbox-game/MonoBleedingEdge/etc'
Fallback handler could not load library E:/Workspace/Program/monster-train2-poju/.sandbox-game/MonsterTrain2_Data/MonoBleedingEdge/data-0000025B2209C150.dll
Fallback handler could not load library E:/Workspace/Program/monster-train2-poju/.sandbox-game/MonsterTrain2_Data/MonoBleedingEdge/data-0000025B2788F040.dll
Input System module state changed to: Initialized.
[PhysX] Initialized MultithreadedTaskDispatcher with 16 workers.
Initialize engine version: 2022.3.62f2 (7670c08855a9)
[Subsystems] Discovering subsystems at path E:/Workspace/Program/monster-train2-poju/.sandbox-game/MonsterTrain2_Data/UnitySubsystems
GfxDevice: creating device client; threaded=1; jobified=0
Direct3D:
    Version:  Direct3D 11.0 [level 11.1]
    Renderer: NVIDIA GeForce RTX 5070 (ID=0x2f04)
    Vendor:   NVIDIA
    VRAM:     11944 MB
    Driver:   32.0.16.1692
Begin MonoManager ReloadAssembly
- Loaded All Assemblies, in  0.085 seconds
- Finished resetting the current domain, in  0.001 seconds
<RI> Initializing input.
<RI> Input initialized.
<RI> Initialized touch support.
[Message:   BepInEx] BepInEx 5.4.21.0 - MonsterTrain2 (2025/11/9 17:30:30)
[Info   :   BepInEx] Running under Unity v2022.3.62.7762112
[Info   :   BepInEx] CLR runtime version: 4.0.30319.42000
[Info   :   BepInEx] Supports SRE: True
[Info   :   BepInEx] System platform: Bits64, Windows
[Message:   BepInEx] Preloader started
[Info   :   BepInEx] Loaded 1 patcher method from [BepInEx.Preloader 5.4.21.0]
[Info   :   BepInEx] 1 patcher plugin loaded
[Info   :   BepInEx] Patching [UnityEngine.CoreModule] with [BepInEx.Chainloader]
[Message:   BepInEx] Preloader finished
[Message:   BepInEx] Chainloader ready
[Message:   BepInEx] Chainloader started
[Info   :   BepInEx] 1 plugins to load
[Info   :   BepInEx] Loading [Monster Train 2 Isolation Probe 0.1.0]
[Info   :Monster Train 2 Isolation Probe] Probe patches installed before AppManager startup; isolated root: E:\Workspace\Program\monster-train2-poju\.probe-runs\run24
[Info   :Monster Train 2 Isolation Probe] Two-turn smoke scenario armed.
[Message:   BepInEx] Chainloader startup complete
[PhysX] Initialized MultithreadedTaskDispatcher with 16 workers.
UnloadTime: 0.505800 ms
[Info   :Monster Train 2 Isolation Probe] AppManager.Awake reached with isolated save-root patch active.
[Info   :Monster Train 2 Isolation Probe] SaveDirStandalone.GetRootDirectory redirected to E:\Workspace\Program\monster-train2-poju\.probe-runs\run24
Unloading 7 Unused Serialized files (Serialized files now loaded: 0)
Unloading 3 unused Assets to reduce memory usage. Loaded Objects now: 27596.
Total: 19.212500 ms (FindLiveObjects: 1.071900 ms CreateObjectMapping: 1.441400 ms MarkObjects: 16.659400 ms  DeleteObjects: 0.039500 ms)

Unloading 14 Unused Serialized files (Serialized files now loaded: 0)
Unloading 15 unused Assets to reduce memory usage. Loaded Objects now: 30368.
Total: 25.760200 ms (FindLiveObjects: 1.478700 ms CreateObjectMapping: 1.667400 ms MarkObjects: 22.537300 ms  DeleteObjects: 0.076500 ms)

Unloading 7 Unused Serialized files (Serialized files now loaded: 0)
Unloading 1 unused Assets to reduce memory usage. Loaded Objects now: 30523.
Total: 28.464800 ms (FindLiveObjects: 1.300000 ms CreateObjectMapping: 1.459200 ms MarkObjects: 25.659200 ms  DeleteObjects: 0.046200 ms)

Unloading 8 Unused Serialized files (Serialized files now loaded: 0)
Unloading 7 unused Assets to reduce memory usage. Loaded Objects now: 32810.
Total: 29.170100 ms (FindLiveObjects: 1.599600 ms CreateObjectMapping: 1.659500 ms MarkObjects: 25.843000 ms  DeleteObjects: 0.067600 ms)

Unloading 10 Unused Serialized files (Serialized files now loaded: 0)
Unloading 2 unused Assets to reduce memory usage. Loaded Objects now: 36896.
Total: 29.806000 ms (FindLiveObjects: 2.002600 ms CreateObjectMapping: 1.657100 ms MarkObjects: 26.092300 ms  DeleteObjects: 0.053600 ms)

Unloading 13 Unused Serialized files (Serialized files now loaded: 0)
Unloading 4 unused Assets to reduce memory usage. Loaded Objects now: 37449.
Total: 27.504400 ms (FindLiveObjects: 2.039400 ms CreateObjectMapping: 1.805700 ms MarkObjects: 23.591200 ms  DeleteObjects: 0.067600 ms)

Unloading 11 Unused Serialized files (Serialized files now loaded: 0)
Unloading 6 unused Assets to reduce memory usage. Loaded Objects now: 45610.
Total: 32.725200 ms (FindLiveObjects: 2.770900 ms CreateObjectMapping: 1.795000 ms MarkObjects: 28.086800 ms  DeleteObjects: 0.072100 ms)

There can be only one active Event System.
[Info   :Monster Train 2 Isolation Probe] AppManager.Awake reached with isolated save-root patch active.
Unloading 8 Unused Serialized files (Serialized files now loaded: 0)
Unloading 4 unused Assets to reduce memory usage. Loaded Objects now: 45860.
Total: 29.479400 ms (FindLiveObjects: 2.306200 ms CreateObjectMapping: 1.639500 ms MarkObjects: 25.450500 ms  DeleteObjects: 0.082700 ms)

[Info   :Monster Train 2 Isolation Probe] Smoke: moved isolated profile from IntroStart to main menu.
[Info   :Monster Train 2 Isolation Probe] Smoke: FTUE completion set in isolated profile.
[Info   :Monster Train 2 Isolation Probe] Smoke: fixed seed 424242; new run requested.
[Info   :Monster Train 2 Isolation Probe] AppManager.Awake reached with isolated save-root patch active.
Unloading 5 Unused Serialized files (Serialized files now loaded: 0)
Unloading 25 unused Assets to reduce memory usage. Loaded Objects now: 47519.
Total: 31.265200 ms (FindLiveObjects: 3.859000 ms CreateObjectMapping: 1.901200 ms MarkObjects: 24.991600 ms  DeleteObjects: 0.512800 ms)

Unloading 15 Unused Serialized files (Serialized files now loaded: 30)
[Info   :Monster Train 2 Isolation Probe] Smoke: confirmed isolated run setup.
Unloading 199 unused Assets to reduce memory usage. Loaded Objects now: 77623.
Total: 31.665200 ms (FindLiveObjects: 5.909600 ms CreateObjectMapping: 2.253600 ms MarkObjects: 22.662100 ms  DeleteObjects: 0.839600 ms)

Unloading 9 Unused Serialized files (Serialized files now loaded: 51)
Unloading 1252 unused Assets to reduce memory usage. Loaded Objects now: 89304.
Total: 45.586300 ms (FindLiveObjects: 4.855500 ms CreateObjectMapping: 3.843300 ms MarkObjects: 32.475100 ms  DeleteObjects: 4.412200 ms)

Unloading 5 Unused Serialized files (Serialized files now loaded: 30)
Unloading 3 unused Assets to reduce memory usage. Loaded Objects now: 92342.
Total: 42.836000 ms (FindLiveObjects: 4.737500 ms CreateObjectMapping: 4.250400 ms MarkObjects: 33.695900 ms  DeleteObjects: 0.151800 ms)

Unloading 9 Unused Serialized files (Serialized files now loaded: 30)
Unloading 7 unused Assets to reduce memory usage. Loaded Objects now: 92864.
Total: 37.559800 ms (FindLiveObjects: 5.354300 ms CreateObjectMapping: 4.322100 ms MarkObjects: 27.730300 ms  DeleteObjects: 0.152300 ms)

Unloading 5 Unused Serialized files (Serialized files now loaded: 30)
Unloading 7 unused Assets to reduce memory usage. Loaded Objects now: 108800.
Total: 47.675100 ms (FindLiveObjects: 7.287200 ms CreateObjectMapping: 5.460300 ms MarkObjects: 34.767400 ms  DeleteObjects: 0.159800 ms)

Unloading 7 Unused Serialized files (Serialized files now loaded: 30)
Unloading 4 unused Assets to reduce memory usage. Loaded Objects now: 110975.
Total: 45.264800 ms (FindLiveObjects: 6.736100 ms CreateObjectMapping: 5.085100 ms MarkObjects: 33.254700 ms  DeleteObjects: 0.188600 ms)

Unloading 8 Unused Serialized files (Serialized files now loaded: 30)
Unloading 2 unused Assets to reduce memory usage. Loaded Objects now: 111319.
Total: 51.624200 ms (FindLiveObjects: 7.469200 ms CreateObjectMapping: 5.494500 ms MarkObjects: 38.508800 ms  DeleteObjects: 0.151500 ms)

Unloading 9 Unused Serialized files (Serialized files now loaded: 30)
Unloading 1 unused Assets to reduce memory usage. Loaded Objects now: 116064.
Total: 51.548100 ms (FindLiveObjects: 7.671900 ms CreateObjectMapping: 5.239200 ms MarkObjects: 38.479600 ms  DeleteObjects: 0.156600 ms)

[Info   :Monster Train 2 Isolation Probe] Smoke: confirmed run opening.
[Info   :Monster Train 2 Isolation Probe] Smoke: confirmed run opening.
[Info   :Monster Train 2 Isolation Probe] Smoke: confirmed run opening.
[Info   :Monster Train 2 Isolation Probe] Smoke: confirmed run opening.
[Info   :Monster Train 2 Isolation Probe] Smoke: confirmed run opening.
[Info   :Monster Train 2 Isolation Probe] Smoke: confirmed run opening.
[Info   :Monster Train 2 Isolation Probe] Smoke: confirmed run opening.
[Info   :Monster Train 2 Isolation Probe] Smoke: confirmed run opening.
[Info   :Monster Train 2 Isolation Probe] Smoke: confirmed run opening.
[Info   :Monster Train 2 Isolation Probe] Smoke: confirmed run opening.
[Info   :Monster Train 2 Isolation Probe] Smoke: confirmed run opening.
[Info   :Monster Train 2 Isolation Probe] Smoke: confirmed run opening.
[Info   :Monster Train 2 Isolation Probe] Smoke: confirmed run opening.
[Info   :Monster Train 2 Isolation Probe] Smoke: confirmed run opening.
[Info   :Monster Train 2 Isolation Probe] Smoke: confirmed run opening.
[Info   :Monster Train 2 Isolation Probe] Smoke: confirmed run opening.
[Info   :Monster Train 2 Isolation Probe] Smoke: confirmed run opening.
[Info   :Monster Train 2 Isolation Probe] Smoke: confirmed run opening.
[Info   :Monster Train 2 Isolation Probe] Smoke: confirmed run opening.
[Info   :Monster Train 2 Isolation Probe] Smoke: confirmed run opening.
[Info   :Monster Train 2 Isolation Probe] Smoke: confirmed run opening.
[Info   :Monster Train 2 Isolation Probe] Smoke: confirmed run opening.
[Info   :Monster Train 2 Isolation Probe] Smoke: confirmed run opening.
[Info   :Monster Train 2 Isolation Probe] Smoke: confirmed run opening.
[Info   :Monster Train 2 Isolation Probe] Smoke: confirmed run opening.
[Info   :Monster Train 2 Isolation Probe] Smoke: confirmed run opening.
[Info   :Monster Train 2 Isolation Probe] Smoke: confirmed run opening.
[Info   :Monster Train 2 Isolation Probe] Smoke: confirmed run opening.
[Info   :Monster Train 2 Isolation Probe] Smoke: confirmed run opening.
[Info   :Monster Train 2 Isolation Probe] Smoke: confirmed run opening.
[Info   :Monster Train 2 Isolation Probe] Smoke: confirmed run opening.
[Info   :Monster Train 2 Isolation Probe] Smoke: confirmed run opening.
[Info   :Monster Train 2 Isolation Probe] Smoke: confirmed run opening.
[Info   :Monster Train 2 Isolation Probe] Smoke: confirmed run opening.
[Info   :Monster Train 2 Isolation Probe] Smoke: confirmed run opening.
[Info   :Monster Train 2 Isolation Probe] Smoke: confirmed run opening.
[Info   :Monster Train 2 Isolation Probe] Smoke: confirmed run opening.
[Info   :Monster Train 2 Isolation Probe] Smoke: confirmed run opening.
[Info   :Monster Train 2 Isolation Probe] Smoke: confirmed run opening.
[Info   :Monster Train 2 Isolation Probe] Smoke: confirmed run opening.
[Info   :Monster Train 2 Isolation Probe] Smoke: confirmed run opening.
[Info   :Monster Train 2 Isolation Probe] Smoke: confirmed run opening.
[Info   :Monster Train 2 Isolation Probe] Smoke: confirmed run opening.
[Info   :Monster Train 2 Isolation Probe] Smoke: confirmed run opening.
[Info   :Monster Train 2 Isolation Probe] Smoke: confirmed run opening.
[Info   :Monster Train 2 Isolation Probe] Smoke: confirmed run opening.
[Info   :Monster Train 2 Isolation Probe] Smoke: confirmed run opening.
[Info   :Monster Train 2 Isolation Probe] Smoke: confirmed run opening.
[Info   :Monster Train 2 Isolation Probe] Smoke: confirmed run opening.
[Info   :Monster Train 2 Isolation Probe] Smoke: confirmed run opening.
[Info   :Monster Train 2 Isolation Probe] Smoke: confirmed run opening.
[Info   :Monster Train 2 Isolation Probe] Smoke: confirmed run opening.
[Info   :Monster Train 2 Isolation Probe] Smoke: confirmed run opening.
[Info   :Monster Train 2 Isolation Probe] Smoke: confirmed run opening.
[Info   :Monster Train 2 Isolation Probe] Smoke: confirmed run opening.
[Info   :Monster Train 2 Isolation Probe] Smoke: confirmed run opening.
[Info   :Monster Train 2 Isolation Probe] Smoke: confirmed run opening.
[Info   :Monster Train 2 Isolation Probe] Smoke: confirmed run opening.
[Info   :Monster Train 2 Isolation Probe] Smoke: confirmed run opening.
[Info   :Monster Train 2 Isolation Probe] Smoke: confirmed run opening.
[Info   :Monster Train 2 Isolation Probe] Smoke: confirmed run opening.
[Info   :Monster Train 2 Isolation Probe] Smoke: confirmed run opening.
[Info   :Monster Train 2 Isolation Probe] Smoke: confirmed run opening.
[Info   :Monster Train 2 Isolation Probe] Smoke: confirmed run opening.
[Info   :Monster Train 2 Isolation Probe] Smoke: confirmed run opening.
[Info   :Monster Train 2 Isolation Probe] Smoke: confirmed run opening.
[Info   :Monster Train 2 Isolation Probe] Smoke: confirmed run opening.
[Info   :Monster Train 2 Isolation Probe] Smoke: confirmed run opening.
[Info   :Monster Train 2 Isolation Probe] Smoke: confirmed run opening.
[Info   :Monster Train 2 Isolation Probe] Smoke: confirmed run opening.
[Info   :Monster Train 2 Isolation Probe] Smoke: confirmed run opening.
[Info   :Monster Train 2 Isolation Probe] Smoke: confirmed run opening.
[Info   :Monster Train 2 Isolation Probe] Smoke: confirmed run opening.
[Info   :Monster Train 2 Isolation Probe] Smoke: confirmed run opening.
[Info   :Monster Train 2 Isolation Probe] Smoke: confirmed run opening.
[Info   :Monster Train 2 Isolation Probe] Smoke: confirmed run opening.
[Info   :Monster Train 2 Isolation Probe] Smoke: confirmed run opening.
[Info   :Monster Train 2 Isolation Probe] Smoke: confirmed run opening.
[Info   :Monster Train 2 Isolation Probe] Smoke: confirmed run opening.
[Info   :Monster Train 2 Isolation Probe] Smoke: confirmed run opening.
[Info   :Monster Train 2 Isolation Probe] Smoke: confirmed run opening.
[Info   :Monster Train 2 Isolation Probe] Smoke: confirmed run opening.
[Info   :Monster Train 2 Isolation Probe] Smoke: confirmed run opening.
[Info   :Monster Train 2 Isolation Probe] Smoke: confirmed run opening.
[Info   :Monster Train 2 Isolation Probe] Smoke: confirmed run opening.
[Info   :Monster Train 2 Isolation Probe] Smoke: confirmed run opening.
[Info   :Monster Train 2 Isolation Probe] Smoke: confirmed run opening.
[Info   :Monster Train 2 Isolation Probe] Smoke: confirmed run opening.
[Info   :Monster Train 2 Isolation Probe] Smoke: confirmed run opening.
[Info   :Monster Train 2 Isolation Probe] Smoke: confirmed run opening.
[Info   :Monster Train 2 Isolation Probe] Smoke: confirmed run opening.
[Info   :Monster Train 2 Isolation Probe] Smoke: confirmed run opening.
[Info   :Monster Train 2 Isolation Probe] Smoke: confirmed run opening.
[Info   :Monster Train 2 Isolation Probe] Smoke: confirmed run opening.
[Info   :Monster Train 2 Isolation Probe] Smoke: confirmed run opening.
[Info   :Monster Train 2 Isolation Probe] Smoke: confirmed run opening.
[Info   :Monster Train 2 Isolation Probe] Smoke: confirmed run opening.
[Info   :Monster Train 2 Isolation Probe] Smoke: confirmed run opening.
[Info   :Monster Train 2 Isolation Probe] Smoke: confirmed run opening.
[Info   :Monster Train 2 Isolation Probe] Smoke: confirmed run opening.
[Info   :Monster Train 2 Isolation Probe] Smoke: confirmed run opening.
[Info   :Monster Train 2 Isolation Probe] Smoke: confirmed run opening.
[Info   :Monster Train 2 Isolation Probe] Smoke: confirmed run opening.
[Info   :Monster Train 2 Isolation Probe] Smoke: confirmed run opening.
[Info   :Monster Train 2 Isolation Probe] Smoke: confirmed run opening.
[Info   :Monster Train 2 Isolation Probe] Smoke: confirmed run opening.
[Info   :Monster Train 2 Isolation Probe] Smoke: confirmed run opening.
[Info   :Monster Train 2 Isolation Probe] Smoke: confirmed run opening.
[Info   :Monster Train 2 Isolation Probe] Smoke: confirmed run opening.
[Info   :Monster Train 2 Isolation Probe] Smoke: confirmed run opening.
[Info   :Monster Train 2 Isolation Probe] Smoke: confirmed run opening.
[Info   :Monster Train 2 Isolation Probe] Smoke: confirmed run opening.
[Info   :Monster Train 2 Isolation Probe] Smoke: confirmed run opening.
[Info   :Monster Train 2 Isolation Probe] Smoke: confirmed run opening.
[Info   :Monster Train 2 Isolation Probe] Smoke: confirmed run opening.
[Info   :Monster Train 2 Isolation Probe] Smoke: confirmed run opening.
[Info   :Monster Train 2 Isolation Probe] Smoke: confirmed run opening.
[Info   :Monster Train 2 Isolation Probe] Smoke: confirmed run opening.
[Info   :Monster Train 2 Isolation Probe] Smoke: confirmed run opening.
[Info   :Monster Train 2 Isolation Probe] Smoke: confirmed run opening.
[Info   :Monster Train 2 Isolation Probe] Smoke: confirmed run opening.
[Info   :Monster Train 2 Isolation Probe] Smoke: confirmed run opening.
[Info   :Monster Train 2 Isolation Probe] Smoke: confirmed run opening.
[Info   :Monster Train 2 Isolation Probe] Smoke: confirmed run opening.
[Info   :Monster Train 2 Isolation Probe] Smoke: confirmed run opening.
[Info   :Monster Train 2 Isolation Probe] Smoke: confirmed run opening.
[Info   :Monster Train 2 Isolation Probe] Smoke: confirmed run opening.
[Info   :Monster Train 2 Isolation Probe] Smoke: confirmed run opening.
[Info   :Monster Train 2 Isolation Probe] Smoke: confirmed run opening.
[Info   :Monster Train 2 Isolation Probe] Smoke: confirmed run opening.
[Info   :Monster Train 2 Isolation Probe] Smoke: confirmed run opening.
[Info   :Monster Train 2 Isolation Probe] Smoke: confirmed run opening.
[Info   :Monster Train 2 Isolation Probe] Smoke: confirmed run opening.
[Info   :Monster Train 2 Isolation Probe] Smoke: confirmed run opening.
[Info   :Monster Train 2 Isolation Probe] Smoke: confirmed run opening.
[Info   :Monster Train 2 Isolation Probe] Smoke: confirmed run opening.
[Info   :Monster Train 2 Isolation Probe] Smoke: confirmed run opening.
[Info   :Monster Train 2 Isolation Probe] Smoke: confirmed run opening.
[Info   :Monster Train 2 Isolation Probe] Smoke: confirmed run opening.
[Info   :Monster Train 2 Isolation Probe] Smoke: confirmed run opening.
[Info   :Monster Train 2 Isolation Probe] Smoke: confirmed run opening.
[Info   :Monster Train 2 Isolation Probe] Smoke: confirmed run opening.
[Info   :Monster Train 2 Isolation Probe] Smoke: confirmed run opening.
[Info   :Monster Train 2 Isolation Probe] Smoke: confirmed run opening.
[Info   :Monster Train 2 Isolation Probe] Smoke: confirmed run opening.
[Info   :Monster Train 2 Isolation Probe] Smoke: confirmed run opening.
[Info   :Monster Train 2 Isolation Probe] Smoke: confirmed run opening.
[Info   :Monster Train 2 Isolation Probe] Smoke: confirmed run opening.
[Info   :Monster Train 2 Isolation Probe] Smoke: confirmed run opening.
[Info   :Monster Train 2 Isolation Probe] Smoke: confirmed run opening.
[Info   :Monster Train 2 Isolation Probe] Smoke: confirmed run opening.
[Info   :Monster Train 2 Isolation Probe] Smoke: confirmed run opening.
[Info   :Monster Train 2 Isolation Probe] Smoke: confirmed run opening.
[Info   :Monster Train 2 Isolation Probe] Smoke: confirmed run opening.
[Info   :Monster Train 2 Isolation Probe] Smoke: confirmed run opening.
[Info   :Monster Train 2 Isolation Probe] Smoke: confirmed run opening.
[Info   :Monster Train 2 Isolation Probe] Smoke: confirmed run opening.
[Info   :Monster Train 2 Isolation Probe] Smoke: confirmed run opening.
[Info   :Monster Train 2 Isolation Probe] Smoke: confirmed run opening.
[Info   :Monster Train 2 Isolation Probe] Smoke: confirmed run opening.
[Info   :Monster Train 2 Isolation Probe] Smoke: confirmed run opening.
[Info   :Monster Train 2 Isolation Probe] Smoke: confirmed run opening.
[Info   :Monster Train 2 Isolation Probe] Smoke: confirmed run opening.
[Info   :Monster Train 2 Isolation Probe] Smoke: confirmed run opening.
[Info   :Monster Train 2 Isolation Probe] Smoke: confirmed run opening.
[Info   :Monster Train 2 Isolation Probe] Smoke: confirmed run opening.
[Info   :Monster Train 2 Isolation Probe] Smoke: confirmed run opening.
[Info   :Monster Train 2 Isolation Probe] Smoke: confirmed run opening.
[Info   :Monster Train 2 Isolation Probe] Smoke: confirmed run opening.
[Info   :Monster Train 2 Isolation Probe] Smoke: confirmed run opening.
[Info   :Monster Train 2 Isolation Probe] Smoke: confirmed run opening.
[Info   :Monster Train 2 Isolation Probe] Smoke: confirmed run opening.
[Info   :Monster Train 2 Isolation Probe] Smoke: confirmed run opening.
[Info   :Monster Train 2 Isolation Probe] Smoke: confirmed run opening.
[Info   :Monster Train 2 Isolation Probe] Smoke: confirmed run opening.
[Info   :Monster Train 2 Isolation Probe] Smoke: confirmed run opening.
[Info   :Monster Train 2 Isolation Probe] Smoke: confirmed run opening.
[Info   :Monster Train 2 Isolation Probe] Smoke: confirmed run opening.
[Info   :Monster Train 2 Isolation Probe] Smoke: confirmed run opening.
[Info   :Monster Train 2 Isolation Probe] Smoke: confirmed run opening.
[Info   :Monster Train 2 Isolation Probe] Smoke: confirmed run opening.
[Info   :Monster Train 2 Isolation Probe] Smoke: confirmed run opening.
[Info   :Monster Train 2 Isolation Probe] Smoke: confirmed run opening.
[Info   :Monster Train 2 Isolation Probe] Smoke: confirmed run opening.
[Info   :Monster Train 2 Isolation Probe] Smoke: confirmed run opening.
[Info   :Monster Train 2 Isolation Probe] Smoke: confirmed run opening.
[Info   :Monster Train 2 Isolation Probe] Smoke: confirmed run opening.
[Info   :Monster Train 2 Isolation Probe] Smoke: confirmed run opening.
[Info   :Monster Train 2 Isolation Probe] Smoke: confirmed run opening.
[Info   :Monster Train 2 Isolation Probe] Smoke: confirmed run opening.
[Info   :Monster Train 2 Isolation Probe] Smoke: confirmed run opening.
[Info   :Monster Train 2 Isolation Probe] Smoke: confirmed run opening.
[Info   :Monster Train 2 Isolation Probe] Smoke: confirmed run opening.
[Info   :Monster Train 2 Isolation Probe] Smoke: confirmed run opening.
[Info   :Monster Train 2 Isolation Probe] Smoke: confirmed run opening.
[Info   :Monster Train 2 Isolation Probe] Smoke: confirmed run opening.
[Info   :Monster Train 2 Isolation Probe] Smoke: confirmed run opening.
[Info   :Monster Train 2 Isolation Probe] Smoke: confirmed run opening.
[Info   :Monster Train 2 Isolation Probe] Smoke: confirmed run opening.
[Info   :Monster Train 2 Isolation Probe] Smoke: confirmed run opening.
[Info   :Monster Train 2 Isolation Probe] Smoke: confirmed run opening.
[Info   :Monster Train 2 Isolation Probe] Smoke: confirmed run opening.
[Info   :Monster Train 2 Isolation Probe] Smoke: confirmed run opening.
[Info   :Monster Train 2 Isolation Probe] Smoke: confirmed run opening.
[Info   :Monster Train 2 Isolation Probe] Smoke: confirmed run opening.
[Info   :Monster Train 2 Isolation Probe] Smoke: confirmed run opening.
[Info   :Monster Train 2 Isolation Probe] Smoke: confirmed run opening.
[Info   :Monster Train 2 Isolation Probe] Smoke: confirmed run opening.
[Info   :Monster Train 2 Isolation Probe] Smoke: confirmed run opening.
[Info   :Monster Train 2 Isolation Probe] Smoke: confirmed run opening.
[Info   :Monster Train 2 Isolation Probe] Smoke: confirmed run opening.
[Info   :Monster Train 2 Isolation Probe] Smoke: confirmed run opening.
[Info   :Monster Train 2 Isolation Probe] Smoke: confirmed run opening.
[Info   :Monster Train 2 Isolation Probe] Smoke: confirmed run opening.
[Info   :Monster Train 2 Isolation Probe] Smoke: confirmed run opening.
[Info   :Monster Train 2 Isolation Probe] Smoke: confirmed run opening.
[Info   :Monster Train 2 Isolation Probe] Smoke: confirmed run opening.
[Info   :Monster Train 2 Isolation Probe] Smoke: confirmed run opening.
[Info   :Monster Train 2 Isolation Probe] Smoke: confirmed run opening.
[Info   :Monster Train 2 Isolation Probe] Smoke: confirmed run opening.
[Info   :Monster Train 2 Isolation Probe] Smoke: confirmed run opening.
[Info   :Monster Train 2 Isolation Probe] Smoke: confirmed run opening.
[Info   :Monster Train 2 Isolation Probe] Smoke: confirmed run opening.
[Info   :Monster Train 2 Isolation Probe] Smoke: confirmed run opening.
[Info   :Monster Train 2 Isolation Probe] Smoke: confirmed run opening.
[Info   :Monster Train 2 Isolation Probe] Smoke: confirmed run opening.
[Info   :Monster Train 2 Isolation Probe] Smoke: confirmed run opening.
[Info   :Monster Train 2 Isolation Probe] Smoke: confirmed run opening.
[Info   :Monster Train 2 Isolation Probe] Smoke: confirmed run opening.
[Info   :Monster Train 2 Isolation Probe] Smoke: confirmed run opening.
[Info   :Monster Train 2 Isolation Probe] Smoke: confirmed run opening.
[Info   :Monster Train 2 Isolation Probe] Smoke: confirmed run opening.
[Info   :Monster Train 2 Isolation Probe] Smoke: confirmed run opening.
[Info   :Monster Train 2 Isolation Probe] Smoke: confirmed run opening.
[Info   :Monster Train 2 Isolation Probe] Smoke: confirmed run opening.
[Info   :Monster Train 2 Isolation Probe] Smoke: confirmed run opening.
[Info   :Monster Train 2 Isolation Probe] Smoke: confirmed run opening.
[Info   :Monster Train 2 Isolation Probe] Smoke: confirmed run opening.
[Info   :Monster Train 2 Isolation Probe] Smoke: confirmed run opening.
[Info   :Monster Train 2 Isolation Probe] Smoke: confirmed run opening.
[Info   :Monster Train 2 Isolation Probe] Smoke: confirmed run opening.
[Info   :Monster Train 2 Isolation Probe] Smoke: confirmed run opening.
[Info   :Monster Train 2 Isolation Probe] Smoke: confirmed run opening.
[Info   :Monster Train 2 Isolation Probe] Smoke: confirmed run opening.
[Info   :Monster Train 2 Isolation Probe] Smoke: confirmed run opening.
[Info   :Monster Train 2 Isolation Probe] Smoke: confirmed run opening.
[Info   :Monster Train 2 Isolation Probe] Smoke: confirmed run opening.
[Info   :Monster Train 2 Isolation Probe] Smoke: confirmed run opening.
[Info   :Monster Train 2 Isolation Probe] Smoke: confirmed run opening.
[Info   :Monster Train 2 Isolation Probe] Smoke: confirmed run opening.
[Info   :Monster Train 2 Isolation Probe] Smoke: confirmed run opening.
[Info   :Monster Train 2 Isolation Probe] Smoke: confirmed run opening.
[Info   :Monster Train 2 Isolation Probe] Smoke: confirmed run opening.
[Info   :Monster Train 2 Isolation Probe] Smoke: confirmed run opening.
[Info   :Monster Train 2 Isolation Probe] Smoke: confirmed run opening.
[Info   :Monster Train 2 Isolation Probe] Smoke: confirmed run opening.
[Info   :Monster Train 2 Isolation Probe] Smoke: confirmed run opening.
[Info   :Monster Train 2 Isolation Probe] Smoke: confirmed run opening.
[Info   :Monster Train 2 Isolation Probe] Smoke: confirmed run opening.
[Info   :Monster Train 2 Isolation Probe] Smoke: confirmed run opening.
[Info   :Monster Train 2 Isolation Probe] Smoke: confirmed run opening.
[Info   :Monster Train 2 Isolation Probe] Smoke: confirmed run opening.
[Info   :Monster Train 2 Isolation Probe] Smoke: confirmed run opening.
[Info   :Monster Train 2 Isolation Probe] Smoke: confirmed run opening.
[Info   :Monster Train 2 Isolation Probe] Smoke: confirmed run opening.
[Info   :Monster Train 2 Isolation Probe] Smoke: confirmed run opening.
[Info   :Monster Train 2 Isolation Probe] Smoke: confirmed run opening.
[Info   :Monster Train 2 Isolation Probe] Smoke: confirmed run opening.
[Info   :Monster Train 2 Isolation Probe] Smoke: confirmed run opening.
[Info   :Monster Train 2 Isolation Probe] Smoke: confirmed run opening.
[Info   :Monster Train 2 Isolation Probe] Smoke: confirmed run opening.
[Info   :Monster Train 2 Isolation Probe] Smoke: confirmed run opening.
[Info   :Monster Train 2 Isolation Probe] Smoke: confirmed run opening.
[Info   :Monster Train 2 Isolation Probe] Smoke: confirmed run opening.
[Info   :Monster Train 2 Isolation Probe] Smoke: confirmed run opening.
[Info   :Monster Train 2 Isolation Probe] Smoke: confirmed run opening.
[Info   :Monster Train 2 Isolation Probe] Smoke: confirmed run opening.
[Info   :Monster Train 2 Isolation Probe] Smoke: confirmed run opening.
[Info   :Monster Train 2 Isolation Probe] Smoke: confirmed run opening.
[Info   :Monster Train 2 Isolation Probe] Smoke: confirmed run opening.
[Info   :Monster Train 2 Isolation Probe] Smoke: confirmed run opening.
[Info   :Monster Train 2 Isolation Probe] Smoke: confirmed run opening.
[Info   :Monster Train 2 Isolation Probe] Smoke: confirmed run opening.
[Info   :Monster Train 2 Isolation Probe] Smoke: confirmed run opening.
[Info   :Monster Train 2 Isolation Probe] Smoke: confirmed run opening.
[Info   :Monster Train 2 Isolation Probe] Smoke: confirmed run opening.
[Info   :Monster Train 2 Isolation Probe] Smoke: confirmed run opening.
[Info   :Monster Train 2 Isolation Probe] Smoke: confirmed run opening.
[Info   :Monster Train 2 Isolation Probe] Smoke: confirmed run opening.
[Info   :Monster Train 2 Isolation Probe] Smoke: confirmed run opening.
[Info   :Monster Train 2 Isolation Probe] Smoke: confirmed run opening.
[Info   :Monster Train 2 Isolation Probe] Smoke: confirmed run opening.
[Info   :Monster Train 2 Isolation Probe] Smoke: confirmed run opening.
[Info   :Monster Train 2 Isolation Probe] Smoke: confirmed run opening.
[Info   :Monster Train 2 Isolation Probe] Smoke: confirmed run opening.
[Info   :Monster Train 2 Isolation Probe] Smoke: confirmed run opening.
[Info   :Monster Train 2 Isolation Probe] Smoke: confirmed run opening.
[Info   :Monster Train 2 Isolation Probe] Smoke: confirmed run opening.
[Info   :Monster Train 2 Isolation Probe] Smoke: confirmed run opening.
[Info   :Monster Train 2 Isolation Probe] Smoke: confirmed run opening.
[Info   :Monster Train 2 Isolation Probe] Smoke: confirmed run opening.
[Info   :Monster Train 2 Isolation Probe] Smoke: confirmed run opening.
[Info   :Monster Train 2 Isolation Probe] Smoke: confirmed run opening.
[Info   :Monster Train 2 Isolation Probe] Smoke: confirmed run opening.
[Info   :Monster Train 2 Isolation Probe] Smoke: confirmed run opening.
[Info   :Monster Train 2 Isolation Probe] Smoke: confirmed run opening.
[Info   :Monster Train 2 Isolation Probe] Smoke: confirmed run opening.
[Info   :Monster Train 2 Isolation Probe] Smoke: confirmed run opening.
[Info   :Monster Train 2 Isolation Probe] Smoke: confirmed run opening.
[Info   :Monster Train 2 Isolation Probe] Smoke: confirmed run opening.
[Info   :Monster Train 2 Isolation Probe] Smoke: confirmed run opening.
[Info   :Monster Train 2 Isolation Probe] Smoke: confirmed run opening.
[Info   :Monster Train 2 Isolation Probe] Smoke: confirmed run opening.
[Info   :Monster Train 2 Isolation Probe] Smoke: confirmed run opening.
[Info   :Monster Train 2 Isolation Probe] Smoke: confirmed run opening.
[Info   :Monster Train 2 Isolation Probe] Smoke: confirmed run opening.
[Info   :Monster Train 2 Isolation Probe] Smoke: confirmed run opening.
[Info   :Monster Train 2 Isolation Probe] Smoke: confirmed run opening.
[Info   :Monster Train 2 Isolation Probe] Smoke: confirmed run opening.
[Info   :Monster Train 2 Isolation Probe] Smoke: confirmed run opening.
[Info   :Monster Train 2 Isolation Probe] Smoke: confirmed run opening.
[Info   :Monster Train 2 Isolation Probe] Smoke: confirmed run opening.
[Info   :Monster Train 2 Isolation Probe] Smoke: confirmed run opening.
[Info   :Monster Train 2 Isolation Probe] Smoke: confirmed run opening.
[Info   :Monster Train 2 Isolation Probe] Smoke: confirmed run opening.
[Info   :Monster Train 2 Isolation Probe] Smoke: confirmed run opening.
[Info   :Monster Train 2 Isolation Probe] Smoke: confirmed run opening.
[Info   :Monster Train 2 Isolation Probe] Smoke: confirmed run opening.
[Info   :Monster Train 2 Isolation Probe] Smoke: confirmed run opening.
[Info   :Monster Train 2 Isolation Probe] Smoke: confirmed run opening.
[Info   :Monster Train 2 Isolation Probe] Smoke: confirmed run opening.
[Info   :Monster Train 2 Isolation Probe] Smoke: confirmed run opening.
[Info   :Monster Train 2 Isolation Probe] Smoke: confirmed run opening.
[Info   :Monster Train 2 Isolation Probe] Smoke: confirmed run opening.
[Info   :Monster Train 2 Isolation Probe] Smoke: confirmed run opening.
[Info   :Monster Train 2 Isolation Probe] Smoke: confirmed run opening.
[Info   :Monster Train 2 Isolation Probe] Smoke: confirmed run opening.
[Info   :Monster Train 2 Isolation Probe] Smoke: confirmed run opening.
[Info   :Monster Train 2 Isolation Probe] Smoke: confirmed run opening.
[Info   :Monster Train 2 Isolation Probe] Smoke: confirmed run opening.
[Info   :Monster Train 2 Isolation Probe] Smoke: confirmed run opening.
[Info   :Monster Train 2 Isolation Probe] Smoke: confirmed run opening.
[Info   :Monster Train 2 Isolation Probe] Smoke: confirmed run opening.
[Info   :Monster Train 2 Isolation Probe] Smoke: confirmed run opening.
[Info   :Monster Train 2 Isolation Probe] Smoke: confirmed run opening.
[Info   :Monster Train 2 Isolation Probe] Smoke: confirmed run opening.
[Info   :Monster Train 2 Isolation Probe] Smoke: confirmed run opening.
[Info   :Monster Train 2 Isolation Probe] Smoke: confirmed run opening.
[Info   :Monster Train 2 Isolation Probe] Smoke: confirmed run opening.
[Info   :Monster Train 2 Isolation Probe] Smoke: confirmed run opening.
[Info   :Monster Train 2 Isolation Probe] Smoke: confirmed run opening.
[Info   :Monster Train 2 Isolation Probe] Smoke: confirmed run opening.
[Info   :Monster Train 2 Isolation Probe] Smoke: confirmed run opening.
[Info   :Monster Train 2 Isolation Probe] Smoke: confirmed run opening.
[Info   :Monster Train 2 Isolation Probe] Smoke: confirmed run opening.
[Info   :Monster Train 2 Isolation Probe] Smoke: confirmed run opening.
[Info   :Monster Train 2 Isolation Probe] Smoke: confirmed run opening.
[Info   :Monster Train 2 Isolation Probe] Smoke: confirmed run opening.
[Info   :Monster Train 2 Isolation Probe] Smoke: confirmed run opening.
[Info   :Monster Train 2 Isolation Probe] Smoke: confirmed run opening.
[Info   :Monster Train 2 Isolation Probe] Smoke: confirmed run opening.
[Info   :Monster Train 2 Isolation Probe] Smoke: confirmed run opening.
[Info   :Monster Train 2 Isolation Probe] Smoke: confirmed run opening.
[Info   :Monster Train 2 Isolation Probe] Smoke: confirmed run opening.
[Info   :Monster Train 2 Isolation Probe] Smoke: confirmed run opening.
[Info   :Monster Train 2 Isolation Probe] Smoke: confirmed run opening.
[Info   :Monster Train 2 Isolation Probe] Smoke: confirmed run opening.
[Info   :Monster Train 2 Isolation Probe] Smoke: confirmed run opening.
[Info   :Monster Train 2 Isolation Probe] Smoke: confirmed run opening.
[Info   :Monster Train 2 Isolation Probe] Smoke: confirmed run opening.
[Info   :Monster Train 2 Isolation Probe] Smoke: confirmed run opening.
[Info   :Monster Train 2 Isolation Probe] Smoke: confirmed run opening.
[Info   :Monster Train 2 Isolation Probe] Smoke: confirmed run opening.
[Info   :Monster Train 2 Isolation Probe] Smoke: confirmed run opening.
[Info   :Monster Train 2 Isolation Probe] Smoke: confirmed run opening.
[Info   :Monster Train 2 Isolation Probe] Smoke: confirmed run opening.
[Info   :Monster Train 2 Isolation Probe] Smoke: confirmed run opening.
[Info   :Monster Train 2 Isolation Probe] Smoke: confirmed run opening.
[Info   :Monster Train 2 Isolation Probe] Smoke: confirmed run opening.
[Info   :Monster Train 2 Isolation Probe] Smoke: confirmed run opening.
[Info   :Monster Train 2 Isolation Probe] Smoke: confirmed run opening.
[Info   :Monster Train 2 Isolation Probe] Smoke: confirmed run opening.
[Info   :Monster Train 2 Isolation Probe] Smoke: confirmed run opening.
[Info   :Monster Train 2 Isolation Probe] Smoke: confirmed run opening.
[Info   :Monster Train 2 Isolation Probe] Smoke: confirmed run opening.
[Info   :Monster Train 2 Isolation Probe] Smoke: confirmed run opening.
[Info   :Monster Train 2 Isolation Probe] Smoke: confirmed run opening.
[Info   :Monster Train 2 Isolation Probe] Smoke: confirmed run opening.
[Info   :Monster Train 2 Isolation Probe] Smoke: confirmed run opening.
[Info   :Monster Train 2 Isolation Probe] Smoke: confirmed run opening.
[Info   :Monster Train 2 Isolation Probe] Smoke: confirmed run opening.
[Info   :Monster Train 2 Isolation Probe] Smoke: confirmed run opening.
[Info   :Monster Train 2 Isolation Probe] Smoke: confirmed run opening.
[Info   :Monster Train 2 Isolation Probe] Smoke: confirmed run opening.
[Info   :Monster Train 2 Isolation Probe] Smoke: confirmed run opening.
[Info   :Monster Train 2 Isolation Probe] Smoke: confirmed run opening.
[Info   :Monster Train 2 Isolation Probe] Smoke: confirmed run opening.
[Info   :Monster Train 2 Isolation Probe] Smoke: confirmed run opening.
[Info   :Monster Train 2 Isolation Probe] Smoke: confirmed run opening.
[Info   :Monster Train 2 Isolation Probe] Smoke: confirmed run opening.
[Info   :Monster Train 2 Isolation Probe] Smoke: confirmed run opening.
[Info   :Monster Train 2 Isolation Probe] Smoke: entering battle through the map UI.
[Info   :Monster Train 2 Isolation Probe] Smoke: clicked map battle node in section 1.
[Info   :Monster Train 2 Isolation Probe] Smoke: confirmed map battle warning.
[Info   :Monster Train 2 Isolation Probe] SMOKE-WAIT stage=NaturalIntro managers=True user=UserLoaded menu=False top=Map loading=True sequence=BattleIntro busy=True
Unloading 7 Unused Serialized files (Serialized files now loaded: 33)
Unloading 450 unused Assets to reduce memory usage. Loaded Objects now: 105058.
Total: 52.496300 ms (FindLiveObjects: 7.606100 ms CreateObjectMapping: 4.987400 ms MarkObjects: 35.870500 ms  DeleteObjects: 4.031800 ms)

Unloading 10 Unused Serialized files (Serialized files now loaded: 33)
Unloading 2 unused Assets to reduce memory usage. Loaded Objects now: 105472.
Total: 47.264900 ms (FindLiveObjects: 6.803200 ms CreateObjectMapping: 4.935900 ms MarkObjects: 35.369900 ms  DeleteObjects: 0.155400 ms)

[Info   :Monster Train 2 Isolation Probe] Smoke: started battle through the intro UI.
[Info   :Monster Train 2 Isolation Probe] SMOKE-DIALOG content=<b>接受试炼，挑战更高风险，赢得更大回报吧！</b><br><br>启用试炼会让战斗变得更加艰险，但击败敌人之后也会获得额外奖励。 button=好的 autoClose=True callback=False
[Info   :Monster Train 2 Isolation Probe] Smoke: confirmed battle dialog.
[Info   :Monster Train 2 Isolation Probe] AppManager.Awake reached with isolated save-root patch active.
Unloading 8 Unused Serialized files (Serialized files now loaded: 33)
Unloading 103 unused Assets to reduce memory usage. Loaded Objects now: 129049.
Total: 45.967300 ms (FindLiveObjects: 8.542000 ms CreateObjectMapping: 5.189100 ms MarkObjects: 31.862900 ms  DeleteObjects: 0.372900 ms)

Unloading 10 Unused Serialized files (Serialized files now loaded: 33)
Unloading 6 unused Assets to reduce memory usage. Loaded Objects now: 132313.
Total: 49.587000 ms (FindLiveObjects: 8.897900 ms CreateObjectMapping: 5.523400 ms MarkObjects: 34.979500 ms  DeleteObjects: 0.185600 ms)

[Info   :Monster Train 2 Isolation Probe] SMOKE-DIALOG content=<b>保护你的薪火！</b><br><br>这就是你的薪火，如果敌人对它造成了太多伤害，你会输掉游戏。 button=好的 autoClose=True callback=False
[Info   :Monster Train 2 Isolation Probe] Smoke: confirmed battle dialog.
[Info   :Monster Train 2 Isolation Probe] SMOKE-DIALOG content=<b>部署阶段</b><br><br>每场战斗都从部署阶段开始。你将抽取勇者与任意带有蓝色战旗的单位卡。在你结束回合之后，敌人将会入侵。 button=好的 autoClose=True callback=False
[Info   :Monster Train 2 Isolation Probe] Smoke: confirmed battle dialog.
[Info   :Monster Train 2 Isolation Probe] SMOKE-DIALOG content=<b>召唤单位保护你的火车！</b><br><br>每张单位牌每场战斗中只能使用一次。 button=好的 autoClose=True callback=False
[Info   :Monster Train 2 Isolation Probe] Smoke: confirmed battle dialog.
[Info   :Monster Train 2 Isolation Probe] SMOKE-SNAPSHOT before turn=0 phase=MonsterTurn pyre=80/80 energy=4 hand=[d14a50f3-728d-43e1-87f0-ef1b013f6678:d14a50f3-728d-43e1-87f0-ef1b013f6678,d14a50f3-728d-43e1-87f0-ef1b013f6678:d14a50f3-728d-43e1-87f0-ef1b013f6678,19705414-816d-4549-bcf5-866f338a551f:19705414-816d-4549-bcf5-866f338a551f,] draw=[fb0683b1-20ac-4dd2-b580-14b502e182f4:fb0683b1-20ac-4dd2-b580-14b502e182f4,fb0683b1-20ac-4dd2-b580-14b502e182f4:fb0683b1-20ac-4dd2-b580-14b502e182f4,fb0683b1-20ac-4dd2-b580-14b502e182f4:fb0683b1-20ac-4dd2-b580-14b502e182f4,c8b39244-83c1-4eb3-b474-8898226d4280:c8b39244-83c1-4eb3-b474-8898226d4280,fb0683b1-20ac-4dd2-b580-14b502e182f4:fb0683b1-20ac-4dd2-b580-14b502e182f4,fb0683b1-20ac-4dd2-b580-14b502e182f4:fb0683b1-20ac-4dd2-b580-14b502e182f4,c8b39244-83c1-4eb3-b474-8898226d4280:c8b39244-83c1-4eb3-b474-8898226d4280,38e70e6a-20f3-4e36-8d31-c5110be07f87:38e70e6a-20f3-4e36-8d31-c5110be07f87,38e70e6a-20f3-4e36-8d31-c5110be07f87:38e70e6a-20f3-4e36-8d31-c5110be07f87,c8b39244-83c1-4eb3-b474-8898226d4280:c8b39244-83c1-4eb3-b474-8898226d4280,c8b39244-83c1-4eb3-b474-8898226d4280:c8b39244-83c1-4eb3-b474-8898226d4280,c8b39244-83c1-4eb3-b474-8898226d4280:c8b39244-83c1-4eb3-b474-8898226d4280,] discard=[] exhausted=[] eaten=[] heroes=[] monsters=[PyreHeartStarter@3:0:45:80/80,]
[Info   :Monster Train 2 Isolation Probe] SMOKE-RNG before Master={s0:-905267014,s1:1653247403,s2:48924428,s3:-588248859,} NonDeterministic={s0:457014640,s1:-99091244,s2:-1344087826,s3:345008396,} SetupRun={s0:1522012100,s1:408987559,s2:572290056,s3:1818533109,} Spawning={s0:1059462399,s1:-1366890596,s2:846191757,s3:1191475362,} Chatter={s0:110906590,s1:48177559,s2:706940820,s3:1077369189,} CardDraw={s0:1404201429,s1:-99922742,s2:-90414896,s3:942939367,} Battle={s0:152371493,s1:1994997914,s2:2043602627,s3:1534354928,} BossActions={s0:106642708,s1:1899678949,s2:1511809882,s3:1842633859,} Merchant={s0:1648720830,s1:2127855607,s2:1980935028,s3:860534981,} StoryEvents={s0:2097849429,s1:1635209866,s2:-922391949,s3:-1572894112,} Rewards={s0:1974875670,s1:-1234232145,s2:217643020,s3:-333908116,} Trials={s0:56341503,s1:-428180836,s2:-1540105331,s3:97457058,} BossGeneration={s0:1242216635,s1:-466357048,s2:-403268887,s3:93376238,} BattleTest={s0:1653247403,s1:170354552,s2:-1942812071,s3:1964750366,} AutoselectTrainPath={s0:48924428,s1:1780528061,s2:88215186,s3:1792663963,} HellforgedShardEnemy={s0:1559234790,s1:1707120831,s2:-135038372,s3:1208910413,}
[Info   :Monster Train 2 Isolation Probe] Smoke: scenario=Level1BattleJunker testScenario=False replayEntries=3 battleOffset=3
[Info   :Monster Train 2 Isolation Probe] SMOKE-DIALOG content=<b>敌人已经登上了你的火车！</b><br><br>敌人一开始会在火车最下层，每回合都会向上移动一层。敌人到达顶层之后，就会攻击你的薪火！ button=好的 autoClose=True callback=False
[Info   :Monster Train 2 Isolation Probe] Smoke: confirmed battle dialog.
[Info   :Monster Train 2 Isolation Probe] SMOKE-WAIT stage=FirstTurn managers=True user=UserLoaded menu=False top=Game loading=False sequence=InBattle busy=False
[Info   :Monster Train 2 Isolation Probe] SMOKE-SNAPSHOT after-first turn=1 phase=MonsterTurn pyre=80/80 energy=3 hand=[c8b39244-83c1-4eb3-b474-8898226d4280:c8b39244-83c1-4eb3-b474-8898226d4280,19705414-816d-4549-bcf5-866f338a551f:19705414-816d-4549-bcf5-866f338a551f,fb0683b1-20ac-4dd2-b580-14b502e182f4:fb0683b1-20ac-4dd2-b580-14b502e182f4,c8b39244-83c1-4eb3-b474-8898226d4280:c8b39244-83c1-4eb3-b474-8898226d4280,d14a50f3-728d-43e1-87f0-ef1b013f6678:d14a50f3-728d-43e1-87f0-ef1b013f6678,] draw=[fb0683b1-20ac-4dd2-b580-14b502e182f4:fb0683b1-20ac-4dd2-b580-14b502e182f4,c8b39244-83c1-4eb3-b474-8898226d4280:c8b39244-83c1-4eb3-b474-8898226d4280,fb0683b1-20ac-4dd2-b580-14b502e182f4:fb0683b1-20ac-4dd2-b580-14b502e182f4,38e70e6a-20f3-4e36-8d31-c5110be07f87:38e70e6a-20f3-4e36-8d31-c5110be07f87,fb0683b1-20ac-4dd2-b580-14b502e182f4:fb0683b1-20ac-4dd2-b580-14b502e182f4,d14a50f3-728d-43e1-87f0-ef1b013f6678:d14a50f3-728d-43e1-87f0-ef1b013f6678,c8b39244-83c1-4eb3-b474-8898226d4280:c8b39244-83c1-4eb3-b474-8898226d4280,38e70e6a-20f3-4e36-8d31-c5110be07f87:38e70e6a-20f3-4e36-8d31-c5110be07f87,c8b39244-83c1-4eb3-b474-8898226d4280:c8b39244-83c1-4eb3-b474-8898226d4280,fb0683b1-20ac-4dd2-b580-14b502e182f4:fb0683b1-20ac-4dd2-b580-14b502e182f4,] discard=[] exhausted=[] eaten=[] heroes=[ShieldGuardT1_BasicNonAttack@0:0:0:5/5,MageT1_Junker@0:1:1:1/1,] monsters=[PyreHeartStarter@3:0:45:80/80,]
[Info   :Monster Train 2 Isolation Probe] SMOKE-RNG after-first Master={s0:-905267014,s1:1653247403,s2:48924428,s3:-588248859,} NonDeterministic={s0:705663403,s1:2034267292,s2:-1432786062,s3:-868675213,} SetupRun={s0:1522012100,s1:408987559,s2:572290056,s3:1818533109,} Spawning={s0:1059462400,s1:445542657,s2:934485606,s3:-1313237953,} Chatter={s0:1014935387,s1:2131218827,s2:-1486166812,s3:262173817,} CardDraw={s0:1770761320,s1:-920053149,s2:-120956702,s3:323398506,} Battle={s0:152371493,s1:1994997914,s2:2043602627,s3:1534354928,} BossActions={s0:106642708,s1:1899678949,s2:1511809882,s3:1842633859,} Merchant={s0:1648720830,s1:2127855607,s2:1980935028,s3:860534981,} StoryEvents={s0:2097849429,s1:1635209866,s2:-922391949,s3:-1572894112,} Rewards={s0:1974875670,s1:-1234232145,s2:217643020,s3:-333908116,} Trials={s0:56341503,s1:-428180836,s2:-1540105331,s3:97457058,} BossGeneration={s0:1242216635,s1:-466357048,s2:-403268887,s3:93376238,} BattleTest={s0:1653247403,s1:170354552,s2:-1942812071,s3:1964750366,} AutoselectTrainPath={s0:48924428,s1:1780528061,s2:88215186,s3:1792663963,} HellforgedShardEnemy={s0:1559234790,s1:1707120831,s2:-135038372,s3:1208910413,}
[Info   :Monster Train 2 Isolation Probe] SMOKE-SNAPSHOT after-second turn=2 phase=MonsterTurn pyre=80/80 energy=3 hand=[c8b39244-83c1-4eb3-b474-8898226d4280:c8b39244-83c1-4eb3-b474-8898226d4280,38e70e6a-20f3-4e36-8d31-c5110be07f87:38e70e6a-20f3-4e36-8d31-c5110be07f87,c8b39244-83c1-4eb3-b474-8898226d4280:c8b39244-83c1-4eb3-b474-8898226d4280,fb0683b1-20ac-4dd2-b580-14b502e182f4:fb0683b1-20ac-4dd2-b580-14b502e182f4,62cc5532-5fa0-4e66-9fec-85be573af359:62cc5532-5fa0-4e66-9fec-85be573af359,] draw=[fb0683b1-20ac-4dd2-b580-14b502e182f4:fb0683b1-20ac-4dd2-b580-14b502e182f4,c8b39244-83c1-4eb3-b474-8898226d4280:c8b39244-83c1-4eb3-b474-8898226d4280,fb0683b1-20ac-4dd2-b580-14b502e182f4:fb0683b1-20ac-4dd2-b580-14b502e182f4,38e70e6a-20f3-4e36-8d31-c5110be07f87:38e70e6a-20f3-4e36-8d31-c5110be07f87,fb0683b1-20ac-4dd2-b580-14b502e182f4:fb0683b1-20ac-4dd2-b580-14b502e182f4,d14a50f3-728d-43e1-87f0-ef1b013f6678:d14a50f3-728d-43e1-87f0-ef1b013f6678,] discard=[d14a50f3-728d-43e1-87f0-ef1b013f6678:d14a50f3-728d-43e1-87f0-ef1b013f6678,c8b39244-83c1-4eb3-b474-8898226d4280:c8b39244-83c1-4eb3-b474-8898226d4280,fb0683b1-20ac-4dd2-b580-14b502e182f4:fb0683b1-20ac-4dd2-b580-14b502e182f4,19705414-816d-4549-bcf5-866f338a551f:19705414-816d-4549-bcf5-866f338a551f,c8b39244-83c1-4eb3-b474-8898226d4280:c8b39244-83c1-4eb3-b474-8898226d4280,] exhausted=[] eaten=[] heroes=[ShieldGuardT1_BasicNonAttack@1:0:0:5/5,MageT1_Junker@1:1:1:1/1,HeavyT1_Basic@0:0:4:45/45,MageT1_Junker@0:1:1:1/1,TreasureBagLvl1Gold@1:2:0:1/1,] monsters=[PyreHeartStarter@3:0:45:80/80,]
[Info   :Monster Train 2 Isolation Probe] SMOKE-RNG after-second Master={s0:-905267014,s1:1653247403,s2:48924428,s3:-588248859,} NonDeterministic={s0:-2132355738,s1:-992759006,s2:2134214960,s3:-1898829224,} SetupRun={s0:1522012100,s1:408987559,s2:572290056,s3:1818533109,} Spawning={s0:1059462401,s1:-2036991386,s2:1022779455,s3:477016028,} Chatter={s0:582852967,s1:-2091446212,s2:-939960685,s3:-531708249,} CardDraw={s0:1770761320,s1:-920053149,s2:-120956702,s3:323398506,} Battle={s0:1994997914,s1:2043602627,s2:1534354928,s3:-87467118,} BossActions={s0:106642708,s1:1899678949,s2:1511809882,s3:1842633859,} Merchant={s0:1648720830,s1:2127855607,s2:1980935028,s3:860534981,} StoryEvents={s0:2097849429,s1:1635209866,s2:-922391949,s3:-1572894112,} Rewards={s0:1974875670,s1:-1234232145,s2:217643020,s3:-333908116,} Trials={s0:56341503,s1:-428180836,s2:-1540105331,s3:97457058,} BossGeneration={s0:1242216635,s1:-466357048,s2:-403268887,s3:93376238,} BattleTest={s0:1653247403,s1:170354552,s2:-1942812071,s3:1964750366,} AutoselectTrainPath={s0:48924428,s1:1780528061,s2:88215186,s3:1792663963,} HellforgedShardEnemy={s0:1559234790,s1:1707120831,s2:-135038372,s3:1208910413,}
[Info   :Monster Train 2 Isolation Probe] Smoke: restarting the battle after two turns.
[Info   :Monster Train 2 Isolation Probe] AppManager.Awake reached with isolated save-root patch active.
Unloading 5 Unused Serialized files (Serialized files now loaded: 28)
Unloading 436 unused Assets to reduce memory usage. Loaded Objects now: 103319.
Total: 48.904400 ms (FindLiveObjects: 7.353700 ms CreateObjectMapping: 4.299700 ms MarkObjects: 34.104900 ms  DeleteObjects: 3.145900 ms)

Unloading 7 Unused Serialized files (Serialized files now loaded: 29)
Unloading 3 unused Assets to reduce memory usage. Loaded Objects now: 103746.
Total: 45.795800 ms (FindLiveObjects: 6.724600 ms CreateObjectMapping: 4.285200 ms MarkObjects: 34.598600 ms  DeleteObjects: 0.187100 ms)

[Info   :Monster Train 2 Isolation Probe] AppManager.Awake reached with isolated save-root patch active.
Unloading 8 Unused Serialized files (Serialized files now loaded: 29)
Unloading 283 unused Assets to reduce memory usage. Loaded Objects now: 122293.
Total: 49.606400 ms (FindLiveObjects: 9.237300 ms CreateObjectMapping: 4.924200 ms MarkObjects: 33.772400 ms  DeleteObjects: 1.672200 ms)

[Info   :Monster Train 2 Isolation Probe] SMOKE-WAIT stage=Restarting managers=True user=UserLoaded menu=False top=Game loading=False sequence=InBattle busy=False
[Info   :Monster Train 2 Isolation Probe] SMOKE-SNAPSHOT after-restart turn=0 phase=MonsterTurn pyre=80/80 energy=4 hand=[d14a50f3-728d-43e1-87f0-ef1b013f6678:d14a50f3-728d-43e1-87f0-ef1b013f6678,d14a50f3-728d-43e1-87f0-ef1b013f6678:d14a50f3-728d-43e1-87f0-ef1b013f6678,19705414-816d-4549-bcf5-866f338a551f:19705414-816d-4549-bcf5-866f338a551f,] draw=[fb0683b1-20ac-4dd2-b580-14b502e182f4:fb0683b1-20ac-4dd2-b580-14b502e182f4,fb0683b1-20ac-4dd2-b580-14b502e182f4:fb0683b1-20ac-4dd2-b580-14b502e182f4,fb0683b1-20ac-4dd2-b580-14b502e182f4:fb0683b1-20ac-4dd2-b580-14b502e182f4,c8b39244-83c1-4eb3-b474-8898226d4280:c8b39244-83c1-4eb3-b474-8898226d4280,fb0683b1-20ac-4dd2-b580-14b502e182f4:fb0683b1-20ac-4dd2-b580-14b502e182f4,fb0683b1-20ac-4dd2-b580-14b502e182f4:fb0683b1-20ac-4dd2-b580-14b502e182f4,c8b39244-83c1-4eb3-b474-8898226d4280:c8b39244-83c1-4eb3-b474-8898226d4280,38e70e6a-20f3-4e36-8d31-c5110be07f87:38e70e6a-20f3-4e36-8d31-c5110be07f87,38e70e6a-20f3-4e36-8d31-c5110be07f87:38e70e6a-20f3-4e36-8d31-c5110be07f87,c8b39244-83c1-4eb3-b474-8898226d4280:c8b39244-83c1-4eb3-b474-8898226d4280,c8b39244-83c1-4eb3-b474-8898226d4280:c8b39244-83c1-4eb3-b474-8898226d4280,c8b39244-83c1-4eb3-b474-8898226d4280:c8b39244-83c1-4eb3-b474-8898226d4280,] discard=[] exhausted=[] eaten=[] heroes=[] monsters=[PyreHeartStarter@3:0:45:80/80,]
[Info   :Monster Train 2 Isolation Probe] SMOKE-RNG after-restart Master={s0:-905267014,s1:1653247403,s2:48924428,s3:-588248859,} NonDeterministic={s0:-940598048,s1:2015126706,s2:560887485,s3:-1600294675,} SetupRun={s0:1522012100,s1:408987559,s2:572290056,s3:1818533109,} Spawning={s0:1059462399,s1:-1366890596,s2:846191757,s3:1191475362,} Chatter={s0:110906590,s1:48177559,s2:706940820,s3:1077369189,} CardDraw={s0:1404201429,s1:-99922742,s2:-90414896,s3:942939367,} Battle={s0:152371493,s1:1994997914,s2:2043602627,s3:1534354928,} BossActions={s0:106642708,s1:1899678949,s2:1511809882,s3:1842633859,} Merchant={s0:1648720830,s1:2127855607,s2:1980935028,s3:860534981,} StoryEvents={s0:2097849429,s1:1635209866,s2:-922391949,s3:-1572894112,} Rewards={s0:1974875670,s1:-1234232145,s2:217643020,s3:-333908116,} Trials={s0:56341503,s1:-428180836,s2:-1540105331,s3:97457058,} BossGeneration={s0:1242216635,s1:-466357048,s2:-403268887,s3:93376238,} BattleTest={s0:1653247403,s1:170354552,s2:-1942812071,s3:1964750366,} AutoselectTrainPath={s0:48924428,s1:1780528061,s2:88215186,s3:1792663963,} HellforgedShardEnemy={s0:1559234790,s1:1707120831,s2:-135038372,s3:1208910413,}
[Info   :Monster Train 2 Isolation Probe] SMOKE-RESTART-ELAPSED 2878ms
[Info   :Monster Train 2 Isolation Probe] SMOKE-RESTART-MATCH Battle-start state and seeded RNG restored.
[Info   :Monster Train 2 Isolation Probe] Smoke: directly played TrainStewardShield from hand index 0 in room 0.
[Info   :Monster Train 2 Isolation Probe] SMOKE-DIALOG content=<b>火车每一层的空间容量有限。</b><br><br>单位占据的空间由其卡牌上的 <sprite name="Capacity"> 点数决定。 button=好的 autoClose=True callback=False
[Info   :Monster Train 2 Isolation Probe] Smoke: confirmed battle dialog.
[Info   :Monster Train 2 Isolation Probe] SMOKE-SNAPSHOT after-play turn=0 phase=MonsterTurn pyre=80/80 energy=3 hand=[d14a50f3-728d-43e1-87f0-ef1b013f6678:d14a50f3-728d-43e1-87f0-ef1b013f6678,19705414-816d-4549-bcf5-866f338a551f:19705414-816d-4549-bcf5-866f338a551f,] draw=[fb0683b1-20ac-4dd2-b580-14b502e182f4:fb0683b1-20ac-4dd2-b580-14b502e182f4,fb0683b1-20ac-4dd2-b580-14b502e182f4:fb0683b1-20ac-4dd2-b580-14b502e182f4,fb0683b1-20ac-4dd2-b580-14b502e182f4:fb0683b1-20ac-4dd2-b580-14b502e182f4,c8b39244-83c1-4eb3-b474-8898226d4280:c8b39244-83c1-4eb3-b474-8898226d4280,fb0683b1-20ac-4dd2-b580-14b502e182f4:fb0683b1-20ac-4dd2-b580-14b502e182f4,fb0683b1-20ac-4dd2-b580-14b502e182f4:fb0683b1-20ac-4dd2-b580-14b502e182f4,c8b39244-83c1-4eb3-b474-8898226d4280:c8b39244-83c1-4eb3-b474-8898226d4280,38e70e6a-20f3-4e36-8d31-c5110be07f87:38e70e6a-20f3-4e36-8d31-c5110be07f87,38e70e6a-20f3-4e36-8d31-c5110be07f87:38e70e6a-20f3-4e36-8d31-c5110be07f87,c8b39244-83c1-4eb3-b474-8898226d4280:c8b39244-83c1-4eb3-b474-8898226d4280,c8b39244-83c1-4eb3-b474-8898226d4280:c8b39244-83c1-4eb3-b474-8898226d4280,c8b39244-83c1-4eb3-b474-8898226d4280:c8b39244-83c1-4eb3-b474-8898226d4280,] discard=[] exhausted=[] eaten=[] heroes=[] monsters=[PyreHeartStarter@3:0:45:80/80,TrainStewardBig@0:0:8:25/25,]
[Info   :Monster Train 2 Isolation Probe] SMOKE-RNG after-play Master={s0:-905267014,s1:1653247403,s2:48924428,s3:-588248859,} NonDeterministic={s0:1340313110,s1:1921009920,s2:117463836,s3:-1966627334,} SetupRun={s0:1522012100,s1:408987559,s2:572290056,s3:1818533109,} Spawning={s0:1059462399,s1:-1366890596,s2:846191757,s3:1191475362,} Chatter={s0:1835840081,s1:-1754647832,s2:2065149467,s3:772797930,} CardDraw={s0:1404201429,s1:-99922742,s2:-90414896,s3:942939367,} Battle={s0:152371493,s1:1994997914,s2:2043602627,s3:1534354928,} BossActions={s0:106642708,s1:1899678949,s2:1511809882,s3:1842633859,} Merchant={s0:1648720830,s1:2127855607,s2:1980935028,s3:860534981,} StoryEvents={s0:2097849429,s1:1635209866,s2:-922391949,s3:-1572894112,} Rewards={s0:1974875670,s1:-1234232145,s2:217643020,s3:-333908116,} Trials={s0:56341503,s1:-428180836,s2:-1540105331,s3:97457058,} BossGeneration={s0:1242216635,s1:-466357048,s2:-403268887,s3:93376238,} BattleTest={s0:1653247403,s1:170354552,s2:-1942812071,s3:1964750366,} AutoselectTrainPath={s0:48924428,s1:1780528061,s2:88215186,s3:1792663963,} HellforgedShardEnemy={s0:1559234790,s1:1707120831,s2:-135038372,s3:1208910413,}
[Info   :Monster Train 2 Isolation Probe] SMOKE-SNAPSHOT after-first turn=1 phase=MonsterTurn pyre=80/80 energy=3 hand=[fb0683b1-20ac-4dd2-b580-14b502e182f4:fb0683b1-20ac-4dd2-b580-14b502e182f4,38e70e6a-20f3-4e36-8d31-c5110be07f87:38e70e6a-20f3-4e36-8d31-c5110be07f87,c8b39244-83c1-4eb3-b474-8898226d4280:c8b39244-83c1-4eb3-b474-8898226d4280,c8b39244-83c1-4eb3-b474-8898226d4280:c8b39244-83c1-4eb3-b474-8898226d4280,c8b39244-83c1-4eb3-b474-8898226d4280:c8b39244-83c1-4eb3-b474-8898226d4280,] draw=[fb0683b1-20ac-4dd2-b580-14b502e182f4:fb0683b1-20ac-4dd2-b580-14b502e182f4,d14a50f3-728d-43e1-87f0-ef1b013f6678:d14a50f3-728d-43e1-87f0-ef1b013f6678,19705414-816d-4549-bcf5-866f338a551f:19705414-816d-4549-bcf5-866f338a551f,38e70e6a-20f3-4e36-8d31-c5110be07f87:38e70e6a-20f3-4e36-8d31-c5110be07f87,fb0683b1-20ac-4dd2-b580-14b502e182f4:fb0683b1-20ac-4dd2-b580-14b502e182f4,c8b39244-83c1-4eb3-b474-8898226d4280:c8b39244-83c1-4eb3-b474-8898226d4280,fb0683b1-20ac-4dd2-b580-14b502e182f4:fb0683b1-20ac-4dd2-b580-14b502e182f4,fb0683b1-20ac-4dd2-b580-14b502e182f4:fb0683b1-20ac-4dd2-b580-14b502e182f4,c8b39244-83c1-4eb3-b474-8898226d4280:c8b39244-83c1-4eb3-b474-8898226d4280,] discard=[] exhausted=[] eaten=[] heroes=[ShieldGuardT1_BasicNonAttack@0:0:0:5/5,MageT1_Junker@0:1:1:1/1,] monsters=[PyreHeartStarter@3:0:45:80/80,TrainStewardBig@0:0:8:25/25,]
[Info   :Monster Train 2 Isolation Probe] SMOKE-RNG after-first Master={s0:-905267014,s1:1653247403,s2:48924428,s3:-588248859,} NonDeterministic={s0:-804157402,s1:-1089001419,s2:-884546554,s3:-2146040086,} SetupRun={s0:1522012100,s1:408987559,s2:572290056,s3:1818533109,} Spawning={s0:1059462400,s1:445542657,s2:934485606,s3:-1313237953,} Chatter={s0:2064987292,s1:-706515631,s2:1779982319,s3:-913559485,} CardDraw={s0:297753370,s1:1770761320,s2:-920053149,s3:-120956702,} Battle={s0:152371493,s1:1994997914,s2:2043602627,s3:1534354928,} BossActions={s0:106642708,s1:1899678949,s2:1511809882,s3:1842633859,} Merchant={s0:1648720830,s1:2127855607,s2:1980935028,s3:860534981,} StoryEvents={s0:2097849429,s1:1635209866,s2:-922391949,s3:-1572894112,} Rewards={s0:1974875670,s1:-1234232145,s2:217643020,s3:-333908116,} Trials={s0:56341503,s1:-428180836,s2:-1540105331,s3:97457058,} BossGeneration={s0:1242216635,s1:-466357048,s2:-403268887,s3:93376238,} BattleTest={s0:1653247403,s1:170354552,s2:-1942812071,s3:1964750366,} AutoselectTrainPath={s0:48924428,s1:1780528061,s2:88215186,s3:1792663963,} HellforgedShardEnemy={s0:1559234790,s1:1707120831,s2:-135038372,s3:1208910413,}
[Info   :Monster Train 2 Isolation Probe] SMOKE-WAIT stage=SecondTurn managers=True user=UserLoaded menu=False top=Game loading=False sequence=InBattle busy=True
[Info   :Monster Train 2 Isolation Probe] SMOKE-SNAPSHOT second-branch-after-second turn=2 phase=MonsterTurn pyre=80/80 energy=3 hand=[c8b39244-83c1-4eb3-b474-8898226d4280:c8b39244-83c1-4eb3-b474-8898226d4280,fb0683b1-20ac-4dd2-b580-14b502e182f4:fb0683b1-20ac-4dd2-b580-14b502e182f4,fb0683b1-20ac-4dd2-b580-14b502e182f4:fb0683b1-20ac-4dd2-b580-14b502e182f4,c8b39244-83c1-4eb3-b474-8898226d4280:c8b39244-83c1-4eb3-b474-8898226d4280,62cc5532-5fa0-4e66-9fec-85be573af359:62cc5532-5fa0-4e66-9fec-85be573af359,] draw=[fb0683b1-20ac-4dd2-b580-14b502e182f4:fb0683b1-20ac-4dd2-b580-14b502e182f4,d14a50f3-728d-43e1-87f0-ef1b013f6678:d14a50f3-728d-43e1-87f0-ef1b013f6678,19705414-816d-4549-bcf5-866f338a551f:19705414-816d-4549-bcf5-866f338a551f,38e70e6a-20f3-4e36-8d31-c5110be07f87:38e70e6a-20f3-4e36-8d31-c5110be07f87,fb0683b1-20ac-4dd2-b580-14b502e182f4:fb0683b1-20ac-4dd2-b580-14b502e182f4,] discard=[c8b39244-83c1-4eb3-b474-8898226d4280:c8b39244-83c1-4eb3-b474-8898226d4280,c8b39244-83c1-4eb3-b474-8898226d4280:c8b39244-83c1-4eb3-b474-8898226d4280,c8b39244-83c1-4eb3-b474-8898226d4280:c8b39244-83c1-4eb3-b474-8898226d4280,38e70e6a-20f3-4e36-8d31-c5110be07f87:38e70e6a-20f3-4e36-8d31-c5110be07f87,fb0683b1-20ac-4dd2-b580-14b502e182f4:fb0683b1-20ac-4dd2-b580-14b502e182f4,] exhausted=[] eaten=[] heroes=[ShieldGuardT1_BasicNonAttack@1:0:0:5/5,MageT1_Junker@1:1:1:1/1,HeavyT1_Basic@0:0:4:45/45,MageT1_Junker@0:1:1:1/1,TreasureBagLvl1Gold@1:2:0:1/1,] monsters=[PyreHeartStarter@3:0:45:80/80,TrainStewardBig@0:0:8:22/25,]
[Info   :Monster Train 2 Isolation Probe] SMOKE-RNG second-branch-after-second Master={s0:-905267014,s1:1653247403,s2:48924428,s3:-588248859,} NonDeterministic={s0:1548682982,s1:2077606813,s2:1998721267,s3:1269560487,} SetupRun={s0:1522012100,s1:408987559,s2:572290056,s3:1818533109,} Spawning={s0:1059462401,s1:-2036991386,s2:1022779455,s3:477016028,} Chatter={s0:1559996673,s1:1388982445,s2:-1512085677,s3:-478329532,} CardDraw={s0:297753370,s1:1770761320,s2:-920053149,s3:-120956702,} Battle={s0:1994997914,s1:2043602627,s2:1534354928,s3:-87467118,} BossActions={s0:106642708,s1:1899678949,s2:1511809882,s3:1842633859,} Merchant={s0:1648720830,s1:2127855607,s2:1980935028,s3:860534981,} StoryEvents={s0:2097849429,s1:1635209866,s2:-922391949,s3:-1572894112,} Rewards={s0:1974875670,s1:-1234232145,s2:217643020,s3:-333908116,} Trials={s0:56341503,s1:-428180836,s2:-1540105331,s3:97457058,} BossGeneration={s0:1242216635,s1:-466357048,s2:-403268887,s3:93376238,} BattleTest={s0:1653247403,s1:170354552,s2:-1942812071,s3:1964750366,} AutoselectTrainPath={s0:48924428,s1:1780528061,s2:88215186,s3:1792663963,} HellforgedShardEnemy={s0:1559234790,s1:1707120831,s2:-135038372,s3:1208910413,}
[Info   :Monster Train 2 Isolation Probe] SMOKE-PASS Two turns completed from turn 0 to 2 after restart.
Input System module state changed to: ShutdownInProgress.
Input System polling thread exited.
Input System module state changed to: Shutdown.
Memory Statistics:
[ALLOC_TEMP_TLS] TLS Allocator
  StackAllocators : 
    [ALLOC_TEMP_MAIN]
      Peak usage frame count: [0-1.0 KB]: 2227 frames, [1.0 KB-2.0 KB]: 1 frames, [2.0 KB-4.0 KB]: 69 frames, [4.0 KB-8.0 KB]: 3047 frames, [8.0 KB-16.0 KB]: 3902 frames, [16.0 KB-32.0 KB]: 1768 frames, [32.0 KB-64.0 KB]: 1999 frames, [64.0 KB-128.0 KB]: 22684 frames, [128.0 KB-256.0 KB]: 7 frames, [256.0 KB-0.5 MB]: 27 frames, [0.5 MB-1.0 MB]: 9 frames, [2.0 MB-4.0 MB]: 1 frames, [4.0 MB-8.0 MB]: 24 frames
      Initial Block Size 4.0 MB
      Current Block Size 8.0 MB
      Peak Allocated Bytes 8.0 MB
      Overflow Count 85
    [ALLOC_TEMP_Loading.AsyncRead]
      Initial Block Size 64.0 KB
      Current Block Size 124.0 KB
      Peak Allocated Bytes 123.1 KB
      Overflow Count 0
    [ALLOC_TEMP_Loading.PreloadManager]
      Initial Block Size 256.0 KB
      Current Block Size 0.5 MB
      Peak Allocated Bytes 472.3 KB
      Overflow Count 166719
    [ALLOC_TEMP_Background Job.Worker 8]
      Initial Block Size 32.0 KB
      Current Block Size 32.0 KB
      Peak Allocated Bytes 54 B
      Overflow Count 0
    [ALLOC_TEMP_Job.Worker 6]
      Initial Block Size 256.0 KB
      Current Block Size 256.0 KB
      Peak Allocated Bytes 46.9 KB
      Overflow Count 0
    [ALLOC_TEMP_Job.Worker 0]
      Initial Block Size 256.0 KB
      Current Block Size 256.0 KB
      Peak Allocated Bytes 0 B
      Overflow Count 0
    [ALLOC_TEMP_Background Job.Worker 10]
      Initial Block Size 32.0 KB
      Current Block Size 32.0 KB
      Peak Allocated Bytes 54 B
      Overflow Count 0
    [ALLOC_TEMP_Background Job.Worker 9]
      Initial Block Size 32.0 KB
      Current Block Size 32.0 KB
      Peak Allocated Bytes 54 B
      Overflow Count 0
    [ALLOC_TEMP_Job.Worker 5]
      Initial Block Size 256.0 KB
      Current Block Size 256.0 KB
      Peak Allocated Bytes 46.6 KB
      Overflow Count 0
    [ALLOC_TEMP_Background Job.Worker 14]
      Initial Block Size 32.0 KB
      Current Block Size 32.0 KB
      Peak Allocated Bytes 54 B
      Overflow Count 0
    [ALLOC_TEMP_Background Job.Worker 6]
      Initial Block Size 32.0 KB
      Current Block Size 32.0 KB
      Peak Allocated Bytes 54 B
      Overflow Count 0
    [ALLOC_TEMP_Job.Worker 4]
      Initial Block Size 256.0 KB
      Current Block Size 256.0 KB
      Peak Allocated Bytes 47.9 KB
      Overflow Count 0
    [ALLOC_TEMP_Job.Worker 14]
      Initial Block Size 256.0 KB
      Current Block Size 256.0 KB
      Peak Allocated Bytes 5.2 KB
      Overflow Count 0
    [ALLOC_TEMP_Job.Worker 3]
      Initial Block Size 256.0 KB
      Current Block Size 256.0 KB
      Peak Allocated Bytes 47.9 KB
      Overflow Count 0
    [ALLOC_TEMP_Job.Worker 13]
      Initial Block Size 256.0 KB
      Current Block Size 256.0 KB
      Peak Allocated Bytes 6.7 KB
      Overflow Count 0
    [ALLOC_TEMP_Background Job.Worker 12]
      Initial Block Size 32.0 KB
      Current Block Size 32.0 KB
      Peak Allocated Bytes 54 B
      Overflow Count 0
    [ALLOC_TEMP_EnlightenWorker] x 8
      Initial Block Size 64.0 KB
      Current Block Size 64.0 KB
      Peak Allocated Bytes 54 B
      Overflow Count 0
    [ALLOC_TEMP_Background Job.Worker 15]
      Initial Block Size 32.0 KB
      Current Block Size 32.0 KB
      Peak Allocated Bytes 54 B
      Overflow Count 0
    [ALLOC_TEMP_Background Job.Worker 1]
      Initial Block Size 32.0 KB
      Current Block Size 32.0 KB
      Peak Allocated Bytes 23.9 KB
      Overflow Count 0
    [ALLOC_TEMP_Background Job.Worker 2]
      Initial Block Size 32.0 KB
      Current Block Size 32.0 KB
      Peak Allocated Bytes 21.0 KB
      Overflow Count 0
    [ALLOC_TEMP_Background Job.Worker 7]
      Initial Block Size 32.0 KB
      Current Block Size 32.0 KB
      Peak Allocated Bytes 54 B
      Overflow Count 0
    [ALLOC_TEMP_UnityGfxDeviceWorker]
      Initial Block Size 256.0 KB
      Current Block Size 256.0 KB
      Peak Allocated Bytes 25.6 KB
      Overflow Count 0
    [ALLOC_TEMP_AssetGarbageCollectorHelper] x 15
      Initial Block Size 64.0 KB
      Current Block Size 64.0 KB
      Peak Allocated Bytes 138 B
      Overflow Count 0
    [ALLOC_TEMP_Background Job.Worker 5]
      Initial Block Size 32.0 KB
      Current Block Size 32.0 KB
      Peak Allocated Bytes 54 B
      Overflow Count 0
    [ALLOC_TEMP_Job.Worker 9]
      Initial Block Size 256.0 KB
      Current Block Size 256.0 KB
      Peak Allocated Bytes 31.7 KB
      Overflow Count 0
    [ALLOC_TEMP_Background Job.Worker 13]
      Initial Block Size 32.0 KB
      Current Block Size 32.0 KB
      Peak Allocated Bytes 54 B
      Overflow Count 0
    [ALLOC_TEMP_Job.Worker 8]
      Initial Block Size 256.0 KB
      Current Block Size 256.0 KB
      Peak Allocated Bytes 31.7 KB
      Overflow Count 0
    [ALLOC_TEMP_Job.Worker 7]
      Initial Block Size 256.0 KB
      Current Block Size 256.0 KB
      Peak Allocated Bytes 31.7 KB
      Overflow Count 0
    [ALLOC_TEMP_Job.Worker 1]
      Initial Block Size 256.0 KB
      Current Block Size 256.0 KB
      Peak Allocated Bytes 55.9 KB
      Overflow Count 0
    [ALLOC_TEMP_Background Job.Worker 11]
      Initial Block Size 32.0 KB
      Current Block Size 32.0 KB
      Peak Allocated Bytes 54 B
      Overflow Count 0
    [ALLOC_TEMP_Background Job.Worker 3]
      Initial Block Size 32.0 KB
      Current Block Size 32.0 KB
      Peak Allocated Bytes 2.6 KB
      Overflow Count 0
    [ALLOC_TEMP_Job.Worker 2]
      Initial Block Size 256.0 KB
      Current Block Size 256.0 KB
      Peak Allocated Bytes 55.9 KB
      Overflow Count 0
    [ALLOC_TEMP_Background Job.Worker 0]
      Initial Block Size 32.0 KB
      Current Block Size 32.0 KB
      Peak Allocated Bytes 54 B
      Overflow Count 0
    [ALLOC_TEMP_Job.Worker 10]
      Initial Block Size 256.0 KB
      Current Block Size 256.0 KB
      Peak Allocated Bytes 31.7 KB
      Overflow Count 0
    [ALLOC_TEMP_Job.Worker 11]
      Initial Block Size 256.0 KB
      Current Block Size 256.0 KB
      Peak Allocated Bytes 26.3 KB
      Overflow Count 0
    [ALLOC_TEMP_Job.Worker 12]
      Initial Block Size 256.0 KB
      Current Block Size 256.0 KB
      Peak Allocated Bytes 22.8 KB
      Overflow Count 0
    [ALLOC_TEMP_Background Job.Worker 4]
      Initial Block Size 32.0 KB
      Current Block Size 32.0 KB
      Peak Allocated Bytes 471 B
      Overflow Count 0
    [ALLOC_TEMP_BatchDeleteObjects]
      Initial Block Size 64.0 KB
      Current Block Size 64.0 KB
      Peak Allocated Bytes 54 B
      Overflow Count 0
[ALLOC_DEFAULT] Dual Thread Allocator
  Peak main deferred allocation count 44037
    [ALLOC_BUCKET]
      Large Block size 4.0 MB
      Used Block count 1
      Peak Allocated bytes 4.0 MB
      Failed Allocations. Bucket layout:
        16B: 21 Subsections = 21504 buckets. Failed count: 262297
        32B: 28 Subsections = 14336 buckets. Failed count: 190088
        48B: 120 Subsections = 40960 buckets. Failed count: 4261256
        64B: 37 Subsections = 9472 buckets. Failed count: 173549
        80B: 33 Subsections = 6758 buckets. Failed count: 29805
        96B: 4 Subsections = 682 buckets. Failed count: 43502
        112B: 6 Subsections = 877 buckets. Failed count: 24011
        128B: 7 Subsections = 896 buckets. Failed count: 79617
    [ALLOC_DEFAULT_MAIN]
      Peak usage frame count: [16.0 MB-32.0 MB]: 2097 frames, [32.0 MB-64.0 MB]: 4307 frames, [64.0 MB-128.0 MB]: 29361 frames
      Requested Block Size 16.0 MB
      Peak Block count 8
      Peak Allocated memory 105.0 MB
      Peak Large allocation bytes 8.0 MB
    [ALLOC_DEFAULT_THREAD]
      Peak usage frame count: [32.0 MB-64.0 MB]: 15538 frames, [64.0 MB-128.0 MB]: 20227 frames
      Requested Block Size 16.0 MB
      Peak Block count 7
      Peak Allocated memory 93.4 MB
      Peak Large allocation bytes 0 B
[ALLOC_TEMP_JOB_1_FRAME]
  Initial Block Size 2.0 MB
  Used Block Count 0
  Overflow Count (too large) 0
  Overflow Count (full) 0
[ALLOC_TEMP_JOB_2_FRAMES]
  Initial Block Size 2.0 MB
  Used Block Count 0
  Overflow Count (too large) 0
  Overflow Count (full) 0
[ALLOC_TEMP_JOB_4_FRAMES (JobTemp)]
  Initial Block Size 2.0 MB
  Used Block Count 1
  Overflow Count (too large) 0
  Overflow Count (full) 0
[ALLOC_TEMP_JOB_ASYNC (Background)]
  Initial Block Size 1.0 MB
  Used Block Count 1
  Overflow Count (too large) 0
  Overflow Count (full) 0
[ALLOC_GFX] Dual Thread Allocator
  Peak main deferred allocation count 20
    [ALLOC_BUCKET]
      Large Block size 4.0 MB
      Used Block count 1
      Peak Allocated bytes 4.0 MB
      Failed Allocations. Bucket layout:
        16B: 21 Subsections = 21504 buckets. Failed count: 262297
        32B: 28 Subsections = 14336 buckets. Failed count: 190088
        48B: 120 Subsections = 40960 buckets. Failed count: 4261256
        64B: 37 Subsections = 9472 buckets. Failed count: 173549
        80B: 33 Subsections = 6758 buckets. Failed count: 29805
        96B: 4 Subsections = 682 buckets. Failed count: 43502
        112B: 6 Subsections = 877 buckets. Failed count: 24011
        128B: 7 Subsections = 896 buckets. Failed count: 79617
    [ALLOC_GFX_MAIN]
      Peak usage frame count: [0.5 MB-1.0 MB]: 5132 frames, [1.0 MB-2.0 MB]: 7942 frames, [2.0 MB-4.0 MB]: 22691 frames
      Requested Block Size 16.0 MB
      Peak Block count 1
      Peak Allocated memory 3.0 MB
      Peak Large allocation bytes 0 B
    [ALLOC_GFX_THREAD]
      Peak usage frame count: [2.0 MB-4.0 MB]: 5455 frames, [4.0 MB-8.0 MB]: 30310 frames
      Requested Block Size 16.0 MB
      Peak Block count 1
      Peak Allocated memory 5.7 MB
      Peak Large allocation bytes 0 B
[ALLOC_CACHEOBJECTS] Dual Thread Allocator
  Peak main deferred allocation count 867
    [ALLOC_BUCKET]
      Large Block size 4.0 MB
      Used Block count 1
      Peak Allocated bytes 4.0 MB
      Failed Allocations. Bucket layout:
        16B: 21 Subsections = 21504 buckets. Failed count: 262297
        32B: 28 Subsections = 14336 buckets. Failed count: 190088
        48B: 120 Subsections = 40960 buckets. Failed count: 4261256
        64B: 37 Subsections = 9472 buckets. Failed count: 173549
        80B: 33 Subsections = 6758 buckets. Failed count: 29805
        96B: 4 Subsections = 682 buckets. Failed count: 43502
        112B: 6 Subsections = 877 buckets. Failed count: 24011
        128B: 7 Subsections = 896 buckets. Failed count: 79617
    [ALLOC_CACHEOBJECTS_MAIN]
      Peak usage frame count: [4.0 MB-8.0 MB]: 2554 frames, [8.0 MB-16.0 MB]: 33211 frames
      Requested Block Size 4.0 MB
      Peak Block count 4
      Peak Allocated memory 14.1 MB
      Peak Large allocation bytes 2.0 MB
    [ALLOC_CACHEOBJECTS_THREAD]
      Peak usage frame count: [64.0 MB-128.0 MB]: 4880 frames, [128.0 MB-256.0 MB]: 717 frames, [256.0 MB-0.50 GB]: 30168 frames
      Requested Block Size 4.0 MB
      Peak Block count 46
      Peak Allocated memory 280.9 MB
      Peak Large allocation bytes 117.3 MB
[ALLOC_TYPETREE] Dual Thread Allocator
  Peak main deferred allocation count 1
    [ALLOC_BUCKET]
      Large Block size 4.0 MB
      Used Block count 1
      Peak Allocated bytes 4.0 MB
      Failed Allocations. Bucket layout:
        16B: 21 Subsections = 21504 buckets. Failed count: 262297
        32B: 28 Subsections = 14336 buckets. Failed count: 190088
        48B: 120 Subsections = 40960 buckets. Failed count: 4261256
        64B: 37 Subsections = 9472 buckets. Failed count: 173549
        80B: 33 Subsections = 6758 buckets. Failed count: 29805
        96B: 4 Subsections = 682 buckets. Failed count: 43502
        112B: 6 Subsections = 877 buckets. Failed count: 24011
        128B: 7 Subsections = 896 buckets. Failed count: 79617
    [ALLOC_TYPETREE_MAIN]
      Peak usage frame count: [8.0 KB-16.0 KB]: 1 frames, [16.0 KB-32.0 KB]: 1548 frames, [32.0 KB-64.0 KB]: 3296 frames, [64.0 KB-128.0 KB]: 30920 frames
      Requested Block Size 2.0 MB
      Peak Block count 1
      Peak Allocated memory 93.1 KB
      Peak Large allocation bytes 0 B
    [ALLOC_TYPETREE_THREAD]
      Peak usage frame count: [256.0 KB-0.5 MB]: 4846 frames, [0.5 MB-1.0 MB]: 1 frames, [4.0 MB-8.0 MB]: 23097 frames, [8.0 MB-16.0 MB]: 7821 frames
      Requested Block Size 2.0 MB
      Peak Block count 7
      Peak Allocated memory 13.0 MB
      Peak Large allocation bytes 0 B
