Mono path[0] = 'E:/Workspace/Program/monster-train2-poju/.sandbox-game/MonsterTrain2_Data/Managed'
Mono config path = 'E:/Workspace/Program/monster-train2-poju/.sandbox-game/MonoBleedingEdge/etc'
Fallback handler could not load library E:/Workspace/Program/monster-train2-poju/.sandbox-game/MonsterTrain2_Data/MonoBleedingEdge/data-0000025794879FE0.dll
Fallback handler could not load library E:/Workspace/Program/monster-train2-poju/.sandbox-game/MonsterTrain2_Data/MonoBleedingEdge/data-000002579A014040.dll
Input System module state changed to: Initialized.
[PhysX] Initialized MultithreadedTaskDispatcher with 16 workers.
Initialize engine version: 2022.3.62f2 (7670c08855a9)
[Subsystems] Discovering subsystems at path E:/Workspace/Program/monster-train2-poju/.sandbox-game/MonsterTrain2_Data/UnitySubsystems
GfxDevice: creating device client; threaded=1; jobified=0
Direct3D:
    Version:  Direct3D 11.0 [level 11.1]
    Renderer: NVIDIA GeForce RTX 5070 (ID=0x2f04)
    Vendor:   NVIDIA
    VRAM:     11944 MB
    Driver:   32.0.16.1692
Begin MonoManager ReloadAssembly
- Loaded All Assemblies, in  0.088 seconds
- Finished resetting the current domain, in  0.001 seconds
<RI> Initializing input.
<RI> Input initialized.
<RI> Initialized touch support.
[Message:   BepInEx] BepInEx 5.4.21.0 - MonsterTrain2 (2025/11/9 17:30:30)
[Info   :   BepInEx] Running under Unity v2022.3.62.7762112
[Info   :   BepInEx] CLR runtime version: 4.0.30319.42000
[Info   :   BepInEx] Supports SRE: True
[Info   :   BepInEx] System platform: Bits64, Windows
[Message:   BepInEx] Preloader started
[Info   :   BepInEx] Loaded 1 patcher method from [BepInEx.Preloader 5.4.21.0]
[Info   :   BepInEx] 1 patcher plugin loaded
[Info   :   BepInEx] Patching [UnityEngine.CoreModule] with [BepInEx.Chainloader]
[Message:   BepInEx] Preloader finished
[Message:   BepInEx] Chainloader ready
[Message:   BepInEx] Chainloader started
[Info   :   BepInEx] 1 plugins to load
[Info   :   BepInEx] Loading [Monster Train 2 Isolation Probe 0.1.0]
[Info   :Monster Train 2 Isolation Probe] Probe patches installed before AppManager startup; isolated root: E:\Workspace\Program\monster-train2-poju\.probe-runs\run35-native-depth6-target3
[Info   :Monster Train 2 Isolation Probe] DEPTH-CONFIG depth=6 target=3 sourcePlays= direct=False fastReplay=False noTimeout=True branchAnyUnit=False
[Info   :Monster Train 2 Isolation Probe] Native replay depth scenario armed.
[Message:   BepInEx] Chainloader startup complete
[PhysX] Initialized MultithreadedTaskDispatcher with 16 workers.
UnloadTime: 0.493600 ms
[Info   :Monster Train 2 Isolation Probe] AppManager.Awake reached with isolated save-root patch active.
[Info   :Monster Train 2 Isolation Probe] SaveDirStandalone.GetRootDirectory redirected to E:\Workspace\Program\monster-train2-poju\.probe-runs\run35-native-depth6-target3
Unloading 7 Unused Serialized files (Serialized files now loaded: 0)
Unloading 3 unused Assets to reduce memory usage. Loaded Objects now: 27596.
Total: 19.956700 ms (FindLiveObjects: 1.062700 ms CreateObjectMapping: 1.392100 ms MarkObjects: 17.460400 ms  DeleteObjects: 0.041200 ms)

Unloading 14 Unused Serialized files (Serialized files now loaded: 0)
Unloading 15 unused Assets to reduce memory usage. Loaded Objects now: 30368.
Total: 27.863300 ms (FindLiveObjects: 1.494600 ms CreateObjectMapping: 1.663000 ms MarkObjects: 24.640600 ms  DeleteObjects: 0.064800 ms)

Unloading 7 Unused Serialized files (Serialized files now loaded: 0)
Unloading 1 unused Assets to reduce memory usage. Loaded Objects now: 30523.
Total: 26.413100 ms (FindLiveObjects: 1.274700 ms CreateObjectMapping: 1.361100 ms MarkObjects: 23.738600 ms  DeleteObjects: 0.038300 ms)

Unloading 8 Unused Serialized files (Serialized files now loaded: 0)
Unloading 7 unused Assets to reduce memory usage. Loaded Objects now: 32810.
Total: 26.217800 ms (FindLiveObjects: 1.389800 ms CreateObjectMapping: 0.729700 ms MarkObjects: 24.036600 ms  DeleteObjects: 0.061300 ms)

Unloading 10 Unused Serialized files (Serialized files now loaded: 0)
Unloading 2 unused Assets to reduce memory usage. Loaded Objects now: 36896.
Total: 25.814700 ms (FindLiveObjects: 1.574200 ms CreateObjectMapping: 1.559600 ms MarkObjects: 22.622700 ms  DeleteObjects: 0.057700 ms)

Unloading 13 Unused Serialized files (Serialized files now loaded: 0)
Unloading 4 unused Assets to reduce memory usage. Loaded Objects now: 37449.
Total: 26.004400 ms (FindLiveObjects: 1.816800 ms CreateObjectMapping: 1.580300 ms MarkObjects: 22.547700 ms  DeleteObjects: 0.059200 ms)

Unloading 11 Unused Serialized files (Serialized files now loaded: 0)
Unloading 6 unused Assets to reduce memory usage. Loaded Objects now: 45610.
Total: 25.880500 ms (FindLiveObjects: 2.811600 ms CreateObjectMapping: 1.821200 ms MarkObjects: 21.174700 ms  DeleteObjects: 0.072600 ms)

There can be only one active Event System.
[Info   :Monster Train 2 Isolation Probe] AppManager.Awake reached with isolated save-root patch active.
Unloading 8 Unused Serialized files (Serialized files now loaded: 0)
Unloading 4 unused Assets to reduce memory usage. Loaded Objects now: 45860.
Total: 25.881800 ms (FindLiveObjects: 2.473400 ms CreateObjectMapping: 1.675200 ms MarkObjects: 21.663200 ms  DeleteObjects: 0.069600 ms)

[Info   :Monster Train 2 Isolation Probe] AppManager.Awake reached with isolated save-root patch active.
Unloading 5 Unused Serialized files (Serialized files now loaded: 0)
Unloading 25 unused Assets to reduce memory usage. Loaded Objects now: 47519.
Total: 27.241800 ms (FindLiveObjects: 3.033700 ms CreateObjectMapping: 1.818300 ms MarkObjects: 22.006400 ms  DeleteObjects: 0.383300 ms)

Unloading 15 Unused Serialized files (Serialized files now loaded: 30)
Unloading 199 unused Assets to reduce memory usage. Loaded Objects now: 77623.
Total: 39.685800 ms (FindLiveObjects: 5.190000 ms CreateObjectMapping: 2.190500 ms MarkObjects: 31.538100 ms  DeleteObjects: 0.766800 ms)

Unloading 9 Unused Serialized files (Serialized files now loaded: 51)
Unloading 1252 unused Assets to reduce memory usage. Loaded Objects now: 89304.
Total: 44.395200 ms (FindLiveObjects: 5.215100 ms CreateObjectMapping: 4.736400 ms MarkObjects: 29.972100 ms  DeleteObjects: 4.471500 ms)

Unloading 5 Unused Serialized files (Serialized files now loaded: 30)
Unloading 3 unused Assets to reduce memory usage. Loaded Objects now: 92342.
Total: 40.710700 ms (FindLiveObjects: 5.347700 ms CreateObjectMapping: 4.421100 ms MarkObjects: 30.815400 ms  DeleteObjects: 0.126400 ms)

Unloading 9 Unused Serialized files (Serialized files now loaded: 30)
Unloading 7 unused Assets to reduce memory usage. Loaded Objects now: 92864.
Total: 40.234000 ms (FindLiveObjects: 5.890600 ms CreateObjectMapping: 4.525300 ms MarkObjects: 29.681600 ms  DeleteObjects: 0.136000 ms)

Unloading 5 Unused Serialized files (Serialized files now loaded: 30)
Unloading 7 unused Assets to reduce memory usage. Loaded Objects now: 108800.
Total: 54.649600 ms (FindLiveObjects: 8.003400 ms CreateObjectMapping: 6.001300 ms MarkObjects: 40.488200 ms  DeleteObjects: 0.156200 ms)

Unloading 7 Unused Serialized files (Serialized files now loaded: 30)
Unloading 4 unused Assets to reduce memory usage. Loaded Objects now: 110975.
Total: 52.944100 ms (FindLiveObjects: 7.531600 ms CreateObjectMapping: 6.289000 ms MarkObjects: 38.937600 ms  DeleteObjects: 0.185600 ms)

Unloading 8 Unused Serialized files (Serialized files now loaded: 30)
Unloading 2 unused Assets to reduce memory usage. Loaded Objects now: 111319.
Total: 55.081800 ms (FindLiveObjects: 7.495000 ms CreateObjectMapping: 5.292600 ms MarkObjects: 42.094700 ms  DeleteObjects: 0.199000 ms)

Unloading 9 Unused Serialized files (Serialized files now loaded: 30)
Unloading 1 unused Assets to reduce memory usage. Loaded Objects now: 116064.
Total: 41.829100 ms (FindLiveObjects: 6.647600 ms CreateObjectMapping: 4.442400 ms MarkObjects: 30.568600 ms  DeleteObjects: 0.170200 ms)

[Info   :Monster Train 2 Isolation Probe] DEPTH-WAIT stage=NaturalIntro pass=Source turn=none sequence=BattleIntro loading=False
Unloading 7 Unused Serialized files (Serialized files now loaded: 33)
Unloading 450 unused Assets to reduce memory usage. Loaded Objects now: 105058.
Total: 57.482700 ms (FindLiveObjects: 7.330700 ms CreateObjectMapping: 5.231700 ms MarkObjects: 40.361000 ms  DeleteObjects: 4.558900 ms)

Unloading 10 Unused Serialized files (Serialized files now loaded: 33)
Unloading 2 unused Assets to reduce memory usage. Loaded Objects now: 105472.
Total: 62.307600 ms (FindLiveObjects: 8.187700 ms CreateObjectMapping: 5.690700 ms MarkObjects: 48.248400 ms  DeleteObjects: 0.180600 ms)

[Info   :Monster Train 2 Isolation Probe] AppManager.Awake reached with isolated save-root patch active.
Unloading 8 Unused Serialized files (Serialized files now loaded: 33)
Unloading 103 unused Assets to reduce memory usage. Loaded Objects now: 129049.
Total: 49.494800 ms (FindLiveObjects: 9.769500 ms CreateObjectMapping: 5.214800 ms MarkObjects: 34.170700 ms  DeleteObjects: 0.339600 ms)

Unloading 10 Unused Serialized files (Serialized files now loaded: 33)
Unloading 6 unused Assets to reduce memory usage. Loaded Objects now: 132313.
Total: 54.620000 ms (FindLiveObjects: 10.054000 ms CreateObjectMapping: 5.808100 ms MarkObjects: 38.537800 ms  DeleteObjects: 0.219600 ms)

[Info   :Monster Train 2 Isolation Probe] DEPTH-BATTLE scenario=Level1BattleJunker testScenario=False offset=3
[Info   :Monster Train 2 Isolation Probe] SMOKE-SNAPSHOT source-0 turn=0 phase=MonsterTurn scenario=Level1BattleJunker pyre=80/80 energy=4 gold=50 forge=0 hoard=0 drawMod=0 spawnPhase=0 hand=[d14a50f3-728d-43e1-87f0-ef1b013f6678:0:0:0{}{},d14a50f3-728d-43e1-87f0-ef1b013f6678:0:0:0{}{},19705414-816d-4549-bcf5-866f338a551f:0:0:0{}{},] draw=[fb0683b1-20ac-4dd2-b580-14b502e182f4:0:0:0{}{},fb0683b1-20ac-4dd2-b580-14b502e182f4:0:0:0{}{},fb0683b1-20ac-4dd2-b580-14b502e182f4:0:0:0{}{},c8b39244-83c1-4eb3-b474-8898226d4280:0:0:0{}{},fb0683b1-20ac-4dd2-b580-14b502e182f4:0:0:0{}{},fb0683b1-20ac-4dd2-b580-14b502e182f4:0:0:0{}{},c8b39244-83c1-4eb3-b474-8898226d4280:0:0:0{}{},38e70e6a-20f3-4e36-8d31-c5110be07f87:0:0:0{}{},38e70e6a-20f3-4e36-8d31-c5110be07f87:0:0:0{}{},c8b39244-83c1-4eb3-b474-8898226d4280:0:0:0{}{},c8b39244-83c1-4eb3-b474-8898226d4280:0:0:0{}{},c8b39244-83c1-4eb3-b474-8898226d4280:0:0:0{}{},] discard=[] discardBuffer=[] exhausted=[] eaten=[] purged=[] heroes=[] monsters=[PyreHeartStarter@3:0:45:80/80:0{statuses:immobile:1:0:0::0;immune:1:0:0::0;relentless:1:0:0::0;sweep:1:0:0::0}{equipment:}{upgrades:},] rooms=[0:0/5:0:0/5:0:0/4{},1:0/5:0:0/5:0:0/4{},2:0/5:0:0/5:0:0/4{},3:0/5:0:2/5:0:0/4{},]
[Info   :Monster Train 2 Isolation Probe] SMOKE-RNG source-0 Master={s0:-905267014,s1:1653247403,s2:48924428,s3:-588248859,} NonDeterministic={s0:-407081132,s1:-116011454,s2:122775850,s3:1727564281,} SetupRun={s0:1522012100,s1:408987559,s2:572290056,s3:1818533109,} Spawning={s0:1059462399,s1:-1366890596,s2:846191757,s3:1191475362,} Chatter={s0:110906590,s1:48177559,s2:706940820,s3:1077369189,} CardDraw={s0:1404201429,s1:-99922742,s2:-90414896,s3:942939367,} Battle={s0:152371493,s1:1994997914,s2:2043602627,s3:1534354928,} BossActions={s0:106642708,s1:1899678949,s2:1511809882,s3:1842633859,} Merchant={s0:1648720830,s1:2127855607,s2:1980935028,s3:860534981,} StoryEvents={s0:2097849429,s1:1635209866,s2:-922391949,s3:-1572894112,} Rewards={s0:1974875670,s1:-1234232145,s2:217643020,s3:-333908116,} Trials={s0:56341503,s1:-428180836,s2:-1540105331,s3:97457058,} BossGeneration={s0:1242216635,s1:-466357048,s2:-403268887,s3:93376238,} BattleTest={s0:1653247403,s1:170354552,s2:-1942812071,s3:1964750366,} AutoselectTrainPath={s0:48924428,s1:1780528061,s2:88215186,s3:1792663963,} HellforgedShardEnemy={s0:1559234790,s1:1707120831,s2:-135038372,s3:1208910413,}
[Info   :Monster Train 2 Isolation Probe] DEPTH-CHECKPOINT turn=0 replayCount=3
[Info   :Monster Train 2 Isolation Probe] DEPTH-WAIT stage=WaitingTurn pass=Source turn=1 sequence=InBattle loading=False
[Info   :Monster Train 2 Isolation Probe] SMOKE-SNAPSHOT source-1 turn=1 phase=MonsterTurn scenario=Level1BattleJunker pyre=80/80 energy=3 gold=50 forge=0 hoard=0 drawMod=0 spawnPhase=1 hand=[c8b39244-83c1-4eb3-b474-8898226d4280:0:0:0{}{},19705414-816d-4549-bcf5-866f338a551f:0:0:0{}{},fb0683b1-20ac-4dd2-b580-14b502e182f4:0:0:0{}{},c8b39244-83c1-4eb3-b474-8898226d4280:0:0:0{}{},d14a50f3-728d-43e1-87f0-ef1b013f6678:0:0:0{}{},] draw=[fb0683b1-20ac-4dd2-b580-14b502e182f4:0:0:0{}{},c8b39244-83c1-4eb3-b474-8898226d4280:0:0:0{}{},fb0683b1-20ac-4dd2-b580-14b502e182f4:0:0:0{}{},38e70e6a-20f3-4e36-8d31-c5110be07f87:0:0:0{}{},fb0683b1-20ac-4dd2-b580-14b502e182f4:0:0:0{}{},d14a50f3-728d-43e1-87f0-ef1b013f6678:0:0:0{}{},c8b39244-83c1-4eb3-b474-8898226d4280:0:0:0{}{},38e70e6a-20f3-4e36-8d31-c5110be07f87:0:0:0{}{},c8b39244-83c1-4eb3-b474-8898226d4280:0:0:0{}{},fb0683b1-20ac-4dd2-b580-14b502e182f4:0:0:0{}{},] discard=[] discardBuffer=[] exhausted=[] eaten=[] purged=[] heroes=[ShieldGuardT1_BasicNonAttack@0:0:0:5/5:0{statuses:armor:25:1:1::0;spikes:2:1:0::0}{equipment:}{upgrades:},MageT1_Junker@0:1:1:1/1:0{statuses:}{equipment:}{upgrades:},] monsters=[PyreHeartStarter@3:0:45:80/80:0{statuses:immobile:1:0:0::0;immune:1:0:0::0;relentless:1:0:0::0;sweep:1:0:0::0}{equipment:}{upgrades:},] rooms=[0:5/5:0:0/5:0:0/4{},1:0/5:0:0/5:0:0/4{},2:0/5:0:0/5:0:0/4{},3:0/5:0:2/5:0:0/4{},]
[Info   :Monster Train 2 Isolation Probe] SMOKE-RNG source-1 Master={s0:-905267014,s1:1653247403,s2:48924428,s3:-588248859,} NonDeterministic={s0:-1482414400,s1:377060787,s2:1930790752,s3:-372278903,} SetupRun={s0:1522012100,s1:408987559,s2:572290056,s3:1818533109,} Spawning={s0:1059462400,s1:445542657,s2:934485606,s3:-1313237953,} Chatter={s0:1014935387,s1:2131218827,s2:-1486166812,s3:262173817,} CardDraw={s0:1770761320,s1:-920053149,s2:-120956702,s3:323398506,} Battle={s0:152371493,s1:1994997914,s2:2043602627,s3:1534354928,} BossActions={s0:106642708,s1:1899678949,s2:1511809882,s3:1842633859,} Merchant={s0:1648720830,s1:2127855607,s2:1980935028,s3:860534981,} StoryEvents={s0:2097849429,s1:1635209866,s2:-922391949,s3:-1572894112,} Rewards={s0:1974875670,s1:-1234232145,s2:217643020,s3:-333908116,} Trials={s0:56341503,s1:-428180836,s2:-1540105331,s3:97457058,} BossGeneration={s0:1242216635,s1:-466357048,s2:-403268887,s3:93376238,} BattleTest={s0:1653247403,s1:170354552,s2:-1942812071,s3:1964750366,} AutoselectTrainPath={s0:48924428,s1:1780528061,s2:88215186,s3:1792663963,} HellforgedShardEnemy={s0:1559234790,s1:1707120831,s2:-135038372,s3:1208910413,}
[Info   :Monster Train 2 Isolation Probe] DEPTH-CHECKPOINT turn=1 replayCount=4
[Info   :Monster Train 2 Isolation Probe] SMOKE-SNAPSHOT source-2 turn=2 phase=MonsterTurn scenario=Level1BattleJunker pyre=80/80 energy=3 gold=50 forge=0 hoard=0 drawMod=0 spawnPhase=2 hand=[c8b39244-83c1-4eb3-b474-8898226d4280:0:0:0{}{},38e70e6a-20f3-4e36-8d31-c5110be07f87:0:0:0{}{},c8b39244-83c1-4eb3-b474-8898226d4280:0:0:0{}{},fb0683b1-20ac-4dd2-b580-14b502e182f4:0:0:0{}{},62cc5532-5fa0-4e66-9fec-85be573af359:0:0:0{}{},] draw=[fb0683b1-20ac-4dd2-b580-14b502e182f4:0:0:0{}{},c8b39244-83c1-4eb3-b474-8898226d4280:0:0:0{}{},fb0683b1-20ac-4dd2-b580-14b502e182f4:0:0:0{}{},38e70e6a-20f3-4e36-8d31-c5110be07f87:0:0:0{}{},fb0683b1-20ac-4dd2-b580-14b502e182f4:0:0:0{}{},d14a50f3-728d-43e1-87f0-ef1b013f6678:0:0:0{}{},] discard=[d14a50f3-728d-43e1-87f0-ef1b013f6678:0:0:0{}{},c8b39244-83c1-4eb3-b474-8898226d4280:0:0:0{}{},fb0683b1-20ac-4dd2-b580-14b502e182f4:0:0:0{}{},19705414-816d-4549-bcf5-866f338a551f:0:0:0{}{},c8b39244-83c1-4eb3-b474-8898226d4280:0:0:0{}{},] discardBuffer=[] exhausted=[] eaten=[] purged=[] heroes=[ShieldGuardT1_BasicNonAttack@1:0:0:5/5:0{statuses:armor:25:1:1::0;spikes:2:1:0::0}{equipment:}{upgrades:},MageT1_Junker@1:1:1:1/1:0{statuses:}{equipment:}{upgrades:},HeavyT1_Basic@0:0:4:45/45:0{statuses:}{equipment:}{upgrades:},MageT1_Junker@0:1:1:1/1:0{statuses:}{equipment:}{upgrades:},TreasureBagLvl1Gold@1:2:0:1/1:0{statuses:}{equipment:}{upgrades:},] monsters=[PyreHeartStarter@3:0:45:80/80:0{statuses:immobile:1:0:0::0;immune:1:0:0::0;relentless:1:0:0::0;sweep:1:0:0::0}{equipment:}{upgrades:},] rooms=[0:4/5:0:0/5:0:0/4{},1:7/5:0:0/5:0:0/4{},2:0/5:0:0/5:0:0/4{},3:0/5:0:2/5:0:0/4{},]
[Info   :Monster Train 2 Isolation Probe] SMOKE-RNG source-2 Master={s0:-905267014,s1:1653247403,s2:48924428,s3:-588248859,} NonDeterministic={s0:-1596236006,s1:487631180,s2:-1125395341,s3:454722689,} SetupRun={s0:1522012100,s1:408987559,s2:572290056,s3:1818533109,} Spawning={s0:1059462401,s1:-2036991386,s2:1022779455,s3:477016028,} Chatter={s0:582852967,s1:-2091446212,s2:-939960685,s3:-531708249,} CardDraw={s0:1770761320,s1:-920053149,s2:-120956702,s3:323398506,} Battle={s0:1994997914,s1:2043602627,s2:1534354928,s3:-87467118,} BossActions={s0:106642708,s1:1899678949,s2:1511809882,s3:1842633859,} Merchant={s0:1648720830,s1:2127855607,s2:1980935028,s3:860534981,} StoryEvents={s0:2097849429,s1:1635209866,s2:-922391949,s3:-1572894112,} Rewards={s0:1974875670,s1:-1234232145,s2:217643020,s3:-333908116,} Trials={s0:56341503,s1:-428180836,s2:-1540105331,s3:97457058,} BossGeneration={s0:1242216635,s1:-466357048,s2:-403268887,s3:93376238,} BattleTest={s0:1653247403,s1:170354552,s2:-1942812071,s3:1964750366,} AutoselectTrainPath={s0:48924428,s1:1780528061,s2:88215186,s3:1792663963,} HellforgedShardEnemy={s0:1559234790,s1:1707120831,s2:-135038372,s3:1208910413,}
[Info   :Monster Train 2 Isolation Probe] DEPTH-CHECKPOINT turn=2 replayCount=5
[Info   :Monster Train 2 Isolation Probe] DEPTH-WAIT stage=WaitingTurn pass=Source turn=2 sequence=InBattle loading=False
[Info   :Monster Train 2 Isolation Probe] SMOKE-SNAPSHOT source-3 turn=3 phase=MonsterTurn scenario=Level1BattleJunker pyre=80/80 energy=3 gold=50 forge=0 hoard=0 drawMod=0 spawnPhase=3 hand=[38e70e6a-20f3-4e36-8d31-c5110be07f87:0:0:0{}{},fb0683b1-20ac-4dd2-b580-14b502e182f4:0:0:0{}{},d14a50f3-728d-43e1-87f0-ef1b013f6678:0:0:0{}{},62cc5532-5fa0-4e66-9fec-85be573af359:0:0:0{}{},62cc5532-5fa0-4e66-9fec-85be573af359:0:0:0{}{},] draw=[fb0683b1-20ac-4dd2-b580-14b502e182f4:0:0:0{}{},c8b39244-83c1-4eb3-b474-8898226d4280:0:0:0{}{},fb0683b1-20ac-4dd2-b580-14b502e182f4:0:0:0{}{},] discard=[d14a50f3-728d-43e1-87f0-ef1b013f6678:0:0:0{}{},c8b39244-83c1-4eb3-b474-8898226d4280:0:0:0{}{},fb0683b1-20ac-4dd2-b580-14b502e182f4:0:0:0{}{},19705414-816d-4549-bcf5-866f338a551f:0:0:0{}{},c8b39244-83c1-4eb3-b474-8898226d4280:0:0:0{}{},62cc5532-5fa0-4e66-9fec-85be573af359:0:0:0{}{},fb0683b1-20ac-4dd2-b580-14b502e182f4:0:0:0{}{},c8b39244-83c1-4eb3-b474-8898226d4280:0:0:0{}{},38e70e6a-20f3-4e36-8d31-c5110be07f87:0:0:0{}{},c8b39244-83c1-4eb3-b474-8898226d4280:0:0:0{}{},] discardBuffer=[] exhausted=[] eaten=[] purged=[] heroes=[ShieldGuardT1_BasicNonAttack@2:0:0:5/5:0{statuses:armor:25:1:1::0;spikes:2:1:0::0}{equipment:}{upgrades:},MageT1_Junker@2:1:1:1/1:0{statuses:}{equipment:}{upgrades:},HeavyT1_Basic@1:0:4:45/45:0{statuses:}{equipment:}{upgrades:},MageT1_Junker@1:1:1:1/1:0{statuses:}{equipment:}{upgrades:},] monsters=[PyreHeartStarter@3:0:45:80/80:0{statuses:immobile:1:0:0::0;immune:1:0:0::0;relentless:1:0:0::0;sweep:1:0:0::0}{equipment:}{upgrades:},] rooms=[0:0/5:0:0/5:0:0/4{},1:4/5:0:0/5:0:0/4{},2:5/5:0:0/5:0:0/4{},3:0/5:0:2/5:0:0/4{},]
[Info   :Monster Train 2 Isolation Probe] SMOKE-RNG source-3 Master={s0:-905267014,s1:1653247403,s2:48924428,s3:-588248859,} NonDeterministic={s0:1342323727,s1:-1900583548,s2:-1130921688,s3:1271880306,} SetupRun={s0:1522012100,s1:408987559,s2:572290056,s3:1818533109,} Spawning={s0:1059462402,s1:-224558133,s2:1111073304,s3:-2027697287,} Chatter={s0:-1469840468,s1:-1390645034,s2:-400745375,s3:489522699,} CardDraw={s0:1770761320,s1:-920053149,s2:-120956702,s3:323398506,} Battle={s0:1534354928,s1:-87467118,s2:-971490879,s3:-923916481,} BossActions={s0:106642708,s1:1899678949,s2:1511809882,s3:1842633859,} Merchant={s0:1648720830,s1:2127855607,s2:1980935028,s3:860534981,} StoryEvents={s0:2097849429,s1:1635209866,s2:-922391949,s3:-1572894112,} Rewards={s0:1974875670,s1:-1234232145,s2:217643020,s3:-333908116,} Trials={s0:56341503,s1:-428180836,s2:-1540105331,s3:97457058,} BossGeneration={s0:1242216635,s1:-466357048,s2:-403268887,s3:93376238,} BattleTest={s0:1653247403,s1:170354552,s2:-1942812071,s3:1964750366,} AutoselectTrainPath={s0:48924428,s1:1780528061,s2:88215186,s3:1792663963,} HellforgedShardEnemy={s0:1559234790,s1:1707120831,s2:-135038372,s3:1208910413,}
[Info   :Monster Train 2 Isolation Probe] DEPTH-CHECKPOINT turn=3 replayCount=6
[Info   :Monster Train 2 Isolation Probe] DEPTH-WAIT stage=WaitingTurn pass=Source turn=3 sequence=InBattle loading=False
[Info   :Monster Train 2 Isolation Probe] DEPTH-WAIT stage=WaitingTurn pass=Source turn=4 sequence=InBattle loading=False
[Info   :Monster Train 2 Isolation Probe] SMOKE-SNAPSHOT source-4 turn=4 phase=MonsterTurn scenario=Level1BattleJunker pyre=77/80 energy=3 gold=50 forge=0 hoard=0 drawMod=0 spawnPhase=4 hand=[fb0683b1-20ac-4dd2-b580-14b502e182f4:0:0:0{}{},c8b39244-83c1-4eb3-b474-8898226d4280:0:0:0{}{},fb0683b1-20ac-4dd2-b580-14b502e182f4:0:0:0{}{},62cc5532-5fa0-4e66-9fec-85be573af359:0:0:0{}{},62cc5532-5fa0-4e66-9fec-85be573af359:0:0:0{}{},] draw=[] discard=[d14a50f3-728d-43e1-87f0-ef1b013f6678:0:0:0{}{},c8b39244-83c1-4eb3-b474-8898226d4280:0:0:0{}{},fb0683b1-20ac-4dd2-b580-14b502e182f4:0:0:0{}{},19705414-816d-4549-bcf5-866f338a551f:0:0:0{}{},c8b39244-83c1-4eb3-b474-8898226d4280:0:0:0{}{},62cc5532-5fa0-4e66-9fec-85be573af359:0:0:0{}{},fb0683b1-20ac-4dd2-b580-14b502e182f4:0:0:0{}{},c8b39244-83c1-4eb3-b474-8898226d4280:0:0:0{}{},38e70e6a-20f3-4e36-8d31-c5110be07f87:0:0:0{}{},c8b39244-83c1-4eb3-b474-8898226d4280:0:0:0{}{},62cc5532-5fa0-4e66-9fec-85be573af359:0:0:0{}{},62cc5532-5fa0-4e66-9fec-85be573af359:0:0:0{}{},d14a50f3-728d-43e1-87f0-ef1b013f6678:0:0:0{}{},fb0683b1-20ac-4dd2-b580-14b502e182f4:0:0:0{}{},38e70e6a-20f3-4e36-8d31-c5110be07f87:0:0:0{}{},] discardBuffer=[] exhausted=[] eaten=[] purged=[] heroes=[HeavyT1_Basic@2:0:4:45/45:0{statuses:}{equipment:}{upgrades:},MageT1_Junker@2:1:1:1/1:0{statuses:}{equipment:}{upgrades:},ShieldGuardT1_BasicNonAttack@0:0:0:5/5:0{statuses:armor:25:1:1::0;spikes:2:1:0::0}{equipment:}{upgrades:},Boss_Level1_Basic@0:1:7:125/125:0{statuses:relentless:1:0:0::0}{equipment:}{upgrades:},] monsters=[PyreHeartStarter@3:0:45:77/80:0{statuses:immobile:1:0:0::0;immune:1:0:0::0;relentless:1:0:0::0;sweep:1:0:0::0}{equipment:}{upgrades:},] rooms=[0:8/5:0:0/5:0:0/4{},1:0/5:0:0/5:0:0/4{},2:4/5:0:0/5:0:0/4{},3:0/5:0:2/5:0:0/4{},]
[Info   :Monster Train 2 Isolation Probe] SMOKE-RNG source-4 Master={s0:-905267014,s1:1653247403,s2:48924428,s3:-588248859,} NonDeterministic={s0:-1657676609,s1:1652306801,s2:1155147381,s3:1304064889,} SetupRun={s0:1522012100,s1:408987559,s2:572290056,s3:1818533109,} Spawning={s0:1059462403,s1:1587875120,s2:1199367153,s3:-237443306,} Chatter={s0:832989623,s1:1716080661,s2:1718249680,s3:1526469209,} CardDraw={s0:1770761320,s1:-920053149,s2:-120956702,s3:323398506,} Battle={s0:-971490879,s1:-923916481,s2:810385463,s3:-2132256665,} BossActions={s0:106642708,s1:1899678949,s2:1511809882,s3:1842633859,} Merchant={s0:1648720830,s1:2127855607,s2:1980935028,s3:860534981,} StoryEvents={s0:2097849429,s1:1635209866,s2:-922391949,s3:-1572894112,} Rewards={s0:1974875670,s1:-1234232145,s2:217643020,s3:-333908116,} Trials={s0:56341503,s1:-428180836,s2:-1540105331,s3:97457058,} BossGeneration={s0:1242216635,s1:-466357048,s2:-403268887,s3:93376238,} BattleTest={s0:1653247403,s1:170354552,s2:-1942812071,s3:1964750366,} AutoselectTrainPath={s0:48924428,s1:1780528061,s2:88215186,s3:1792663963,} HellforgedShardEnemy={s0:1559234790,s1:1707120831,s2:-135038372,s3:1208910413,}
[Info   :Monster Train 2 Isolation Probe] DEPTH-CHECKPOINT turn=4 replayCount=7
[Info   :Monster Train 2 Isolation Probe] DEPTH-WAIT stage=WaitingTurn pass=Source turn=4 sequence=InBattle loading=False
[Info   :Monster Train 2 Isolation Probe] SMOKE-SNAPSHOT source-5 turn=5 phase=MonsterTurn scenario=Level1BattleJunker pyre=72/80 energy=3 gold=50 forge=0 hoard=0 drawMod=0 spawnPhase=4 hand=[62cc5532-5fa0-4e66-9fec-85be573af359:0:0:0{}{},fb0683b1-20ac-4dd2-b580-14b502e182f4:0:0:0{}{},62cc5532-5fa0-4e66-9fec-85be573af359:0:0:0{}{},62cc5532-5fa0-4e66-9fec-85be573af359:0:0:0{}{},62cc5532-5fa0-4e66-9fec-85be573af359:0:0:0{}{},] draw=[38e70e6a-20f3-4e36-8d31-c5110be07f87:0:0:0{}{},d14a50f3-728d-43e1-87f0-ef1b013f6678:0:0:0{}{},fb0683b1-20ac-4dd2-b580-14b502e182f4:0:0:0{}{},38e70e6a-20f3-4e36-8d31-c5110be07f87:0:0:0{}{},c8b39244-83c1-4eb3-b474-8898226d4280:0:0:0{}{},fb0683b1-20ac-4dd2-b580-14b502e182f4:0:0:0{}{},d14a50f3-728d-43e1-87f0-ef1b013f6678:0:0:0{}{},19705414-816d-4549-bcf5-866f338a551f:0:0:0{}{},c8b39244-83c1-4eb3-b474-8898226d4280:0:0:0{}{},62cc5532-5fa0-4e66-9fec-85be573af359:0:0:0{}{},c8b39244-83c1-4eb3-b474-8898226d4280:0:0:0{}{},fb0683b1-20ac-4dd2-b580-14b502e182f4:0:0:0{}{},62cc5532-5fa0-4e66-9fec-85be573af359:0:0:0{}{},fb0683b1-20ac-4dd2-b580-14b502e182f4:0:0:0{}{},c8b39244-83c1-4eb3-b474-8898226d4280:0:0:0{}{},c8b39244-83c1-4eb3-b474-8898226d4280:0:0:0{}{},] discard=[] discardBuffer=[] exhausted=[] eaten=[] purged=[] heroes=[ShieldGuardT1_BasicNonAttack@1:0:0:5/5:0{statuses:armor:25:1:1::0;spikes:2:1:0::0}{equipment:}{upgrades:},Boss_Level1_Basic@1:1:7:125/125:0{statuses:relentless:1:0:0::0}{equipment:}{upgrades:},] monsters=[PyreHeartStarter@3:0:45:72/80:0{statuses:immobile:1:0:0::0;immune:1:0:0::0;relentless:1:0:0::0;sweep:1:0:0::0}{equipment:}{upgrades:},] rooms=[0:0/5:0:0/5:0:0/4{},1:8/5:0:0/5:0:0/4{},2:0/5:0:0/5:0:0/4{},3:0/5:0:2/5:0:0/4{},]
[Info   :Monster Train 2 Isolation Probe] SMOKE-RNG source-5 Master={s0:-905267014,s1:1653247403,s2:48924428,s3:-588248859,} NonDeterministic={s0:-1922436922,s1:492180740,s2:492485556,s3:-1489489210,} SetupRun={s0:1522012100,s1:408987559,s2:572290056,s3:1818533109,} Spawning={s0:1059462404,s1:-894658923,s2:1287661002,s3:1552810675,} Chatter={s0:2095244042,s1:-1544578953,s2:1785704489,s3:-1120177329,} CardDraw={s0:-2117453823,s1:-482638435,s2:1588155347,s3:-57874336,} Battle={s0:-923916481,s1:810385463,s2:-2132256665,s3:-2026262646,} BossActions={s0:106642708,s1:1899678949,s2:1511809882,s3:1842633859,} Merchant={s0:1648720830,s1:2127855607,s2:1980935028,s3:860534981,} StoryEvents={s0:2097849429,s1:1635209866,s2:-922391949,s3:-1572894112,} Rewards={s0:1974875670,s1:-1234232145,s2:217643020,s3:-333908116,} Trials={s0:56341503,s1:-428180836,s2:-1540105331,s3:97457058,} BossGeneration={s0:1242216635,s1:-466357048,s2:-403268887,s3:93376238,} BattleTest={s0:1653247403,s1:170354552,s2:-1942812071,s3:1964750366,} AutoselectTrainPath={s0:48924428,s1:1780528061,s2:88215186,s3:1792663963,} HellforgedShardEnemy={s0:1559234790,s1:1707120831,s2:-135038372,s3:1208910413,}
[Info   :Monster Train 2 Isolation Probe] DEPTH-CHECKPOINT turn=5 replayCount=8
[Info   :Monster Train 2 Isolation Probe] SMOKE-SNAPSHOT source-6 turn=6 phase=MonsterTurn scenario=Level1BattleJunker pyre=72/80 energy=3 gold=50 forge=0 hoard=0 drawMod=0 spawnPhase=4 hand=[fb0683b1-20ac-4dd2-b580-14b502e182f4:0:0:0{}{},62cc5532-5fa0-4e66-9fec-85be573af359:0:0:0{}{},fb0683b1-20ac-4dd2-b580-14b502e182f4:0:0:0{}{},c8b39244-83c1-4eb3-b474-8898226d4280:0:0:0{}{},c8b39244-83c1-4eb3-b474-8898226d4280:0:0:0{}{},] draw=[38e70e6a-20f3-4e36-8d31-c5110be07f87:0:0:0{}{},d14a50f3-728d-43e1-87f0-ef1b013f6678:0:0:0{}{},fb0683b1-20ac-4dd2-b580-14b502e182f4:0:0:0{}{},38e70e6a-20f3-4e36-8d31-c5110be07f87:0:0:0{}{},c8b39244-83c1-4eb3-b474-8898226d4280:0:0:0{}{},fb0683b1-20ac-4dd2-b580-14b502e182f4:0:0:0{}{},d14a50f3-728d-43e1-87f0-ef1b013f6678:0:0:0{}{},19705414-816d-4549-bcf5-866f338a551f:0:0:0{}{},c8b39244-83c1-4eb3-b474-8898226d4280:0:0:0{}{},62cc5532-5fa0-4e66-9fec-85be573af359:0:0:0{}{},c8b39244-83c1-4eb3-b474-8898226d4280:0:0:0{}{},] discard=[62cc5532-5fa0-4e66-9fec-85be573af359:0:0:0{}{},62cc5532-5fa0-4e66-9fec-85be573af359:0:0:0{}{},62cc5532-5fa0-4e66-9fec-85be573af359:0:0:0{}{},fb0683b1-20ac-4dd2-b580-14b502e182f4:0:0:0{}{},62cc5532-5fa0-4e66-9fec-85be573af359:0:0:0{}{},] discardBuffer=[] exhausted=[] eaten=[] purged=[] heroes=[ShieldGuardT1_BasicNonAttack@2:0:0:5/5:0{statuses:armor:25:1:1::0;spikes:2:1:0::0}{equipment:}{upgrades:},Boss_Level1_Basic@2:1:7:125/125:0{statuses:relentless:1:0:0::0}{equipment:}{upgrades:},] monsters=[PyreHeartStarter@3:0:45:72/80:0{statuses:immobile:1:0:0::0;immune:1:0:0::0;relentless:1:0:0::0;sweep:1:0:0::0}{equipment:}{upgrades:},] rooms=[0:0/5:0:0/5:0:0/4{},1:0/5:0:0/5:0:0/4{},2:8/5:0:0/5:0:0/4{},3:0/5:0:2/5:0:0/4{},]
[Info   :Monster Train 2 Isolation Probe] SMOKE-RNG source-6 Master={s0:-905267014,s1:1653247403,s2:48924428,s3:-588248859,} NonDeterministic={s0:1927259051,s1:1606274033,s2:680157267,s3:937238061,} SetupRun={s0:1522012100,s1:408987559,s2:572290056,s3:1818533109,} Spawning={s0:1059462405,s1:917774330,s2:1375954851,s3:-951902640,} Chatter={s0:-1676295001,s1:-1646957940,s2:1983161748,s3:-1443857144,} CardDraw={s0:-2117453823,s1:-482638435,s2:1588155347,s3:-57874336,} Battle={s0:-923916481,s1:810385463,s2:-2132256665,s3:-2026262646,} BossActions={s0:106642708,s1:1899678949,s2:1511809882,s3:1842633859,} Merchant={s0:1648720830,s1:2127855607,s2:1980935028,s3:860534981,} StoryEvents={s0:2097849429,s1:1635209866,s2:-922391949,s3:-1572894112,} Rewards={s0:1974875670,s1:-1234232145,s2:217643020,s3:-333908116,} Trials={s0:56341503,s1:-428180836,s2:-1540105331,s3:97457058,} BossGeneration={s0:1242216635,s1:-466357048,s2:-403268887,s3:93376238,} BattleTest={s0:1653247403,s1:170354552,s2:-1942812071,s3:1964750366,} AutoselectTrainPath={s0:48924428,s1:1780528061,s2:88215186,s3:1792663963,} HellforgedShardEnemy={s0:1559234790,s1:1707120831,s2:-135038372,s3:1208910413,}
[Info   :Monster Train 2 Isolation Probe] DEPTH-CHECKPOINT turn=6 replayCount=9
[Info   :Monster Train 2 Isolation Probe] DEPTH-RESTART-START entries=9
[Info   :Monster Train 2 Isolation Probe] AppManager.Awake reached with isolated save-root patch active.
Unloading 5 Unused Serialized files (Serialized files now loaded: 28)
Unloading 446 unused Assets to reduce memory usage. Loaded Objects now: 103805.
Total: 55.859500 ms (FindLiveObjects: 6.691300 ms CreateObjectMapping: 4.470400 ms MarkObjects: 41.790400 ms  DeleteObjects: 2.907000 ms)

Unloading 7 Unused Serialized files (Serialized files now loaded: 29)
Unloading 3 unused Assets to reduce memory usage. Loaded Objects now: 104232.
Total: 54.170500 ms (FindLiveObjects: 7.175900 ms CreateObjectMapping: 4.369800 ms MarkObjects: 42.456000 ms  DeleteObjects: 0.168400 ms)

[Info   :Monster Train 2 Isolation Probe] AppManager.Awake reached with isolated save-root patch active.
Unloading 8 Unused Serialized files (Serialized files now loaded: 29)
Unloading 283 unused Assets to reduce memory usage. Loaded Objects now: 122779.
Total: 56.812500 ms (FindLiveObjects: 9.135400 ms CreateObjectMapping: 4.847400 ms MarkObjects: 41.343100 ms  DeleteObjects: 1.486300 ms)

[Info   :Monster Train 2 Isolation Probe] DEPTH-RESTART-MS 2877
[Info   :Monster Train 2 Isolation Probe] SMOKE-SNAPSHOT restarted-0 turn=0 phase=MonsterTurn scenario=Level1BattleJunker pyre=80/80 energy=4 gold=50 forge=0 hoard=0 drawMod=0 spawnPhase=0 hand=[d14a50f3-728d-43e1-87f0-ef1b013f6678:0:0:0{}{},d14a50f3-728d-43e1-87f0-ef1b013f6678:0:0:0{}{},19705414-816d-4549-bcf5-866f338a551f:0:0:0{}{},] draw=[fb0683b1-20ac-4dd2-b580-14b502e182f4:0:0:0{}{},fb0683b1-20ac-4dd2-b580-14b502e182f4:0:0:0{}{},fb0683b1-20ac-4dd2-b580-14b502e182f4:0:0:0{}{},c8b39244-83c1-4eb3-b474-8898226d4280:0:0:0{}{},fb0683b1-20ac-4dd2-b580-14b502e182f4:0:0:0{}{},fb0683b1-20ac-4dd2-b580-14b502e182f4:0:0:0{}{},c8b39244-83c1-4eb3-b474-8898226d4280:0:0:0{}{},38e70e6a-20f3-4e36-8d31-c5110be07f87:0:0:0{}{},38e70e6a-20f3-4e36-8d31-c5110be07f87:0:0:0{}{},c8b39244-83c1-4eb3-b474-8898226d4280:0:0:0{}{},c8b39244-83c1-4eb3-b474-8898226d4280:0:0:0{}{},c8b39244-83c1-4eb3-b474-8898226d4280:0:0:0{}{},] discard=[] discardBuffer=[] exhausted=[] eaten=[] purged=[] heroes=[] monsters=[PyreHeartStarter@3:0:45:80/80:0{statuses:immobile:1:0:0::0;immune:1:0:0::0;relentless:1:0:0::0;sweep:1:0:0::0}{equipment:}{upgrades:},] rooms=[0:0/5:0:0/5:0:0/4{},1:0/5:0:0/5:0:0/4{},2:0/5:0:0/5:0:0/4{},3:0/5:0:2/5:0:0/4{},]
[Info   :Monster Train 2 Isolation Probe] SMOKE-RNG restarted-0 Master={s0:-905267014,s1:1653247403,s2:48924428,s3:-588248859,} NonDeterministic={s0:-1275543131,s1:-194042702,s2:1340313110,s3:1921009920,} SetupRun={s0:1522012100,s1:408987559,s2:572290056,s3:1818533109,} Spawning={s0:1059462399,s1:-1366890596,s2:846191757,s3:1191475362,} Chatter={s0:110906590,s1:48177559,s2:706940820,s3:1077369189,} CardDraw={s0:1404201429,s1:-99922742,s2:-90414896,s3:942939367,} Battle={s0:152371493,s1:1994997914,s2:2043602627,s3:1534354928,} BossActions={s0:106642708,s1:1899678949,s2:1511809882,s3:1842633859,} Merchant={s0:1648720830,s1:2127855607,s2:1980935028,s3:860534981,} StoryEvents={s0:2097849429,s1:1635209866,s2:-922391949,s3:-1572894112,} Rewards={s0:1974875670,s1:-1234232145,s2:217643020,s3:-333908116,} Trials={s0:56341503,s1:-428180836,s2:-1540105331,s3:97457058,} BossGeneration={s0:1242216635,s1:-466357048,s2:-403268887,s3:93376238,} BattleTest={s0:1653247403,s1:170354552,s2:-1942812071,s3:1964750366,} AutoselectTrainPath={s0:48924428,s1:1780528061,s2:88215186,s3:1792663963,} HellforgedShardEnemy={s0:1559234790,s1:1707120831,s2:-135038372,s3:1208910413,}
[Info   :Monster Train 2 Isolation Probe] DEPTH-REPLAY-START skip=3 targetCount=6 fullCount=9
[Info   :Monster Train 2 Isolation Probe] DEPTH-WAIT stage=Replaying pass=Source turn=0 sequence=InBattle loading=False
[Info   :Monster Train 2 Isolation Probe] DEPTH-WAIT stage=Replaying pass=Source turn=2 sequence=InBattle loading=False
[Info   :Monster Train 2 Isolation Probe] DEPTH-REPLAY-MS 20398
[Info   :Monster Train 2 Isolation Probe] SMOKE-SNAPSHOT replayed-3 turn=3 phase=MonsterTurn scenario=Level1BattleJunker pyre=80/80 energy=3 gold=50 forge=0 hoard=0 drawMod=0 spawnPhase=3 hand=[38e70e6a-20f3-4e36-8d31-c5110be07f87:0:0:0{}{},fb0683b1-20ac-4dd2-b580-14b502e182f4:0:0:0{}{},d14a50f3-728d-43e1-87f0-ef1b013f6678:0:0:0{}{},62cc5532-5fa0-4e66-9fec-85be573af359:0:0:0{}{},62cc5532-5fa0-4e66-9fec-85be573af359:0:0:0{}{},] draw=[fb0683b1-20ac-4dd2-b580-14b502e182f4:0:0:0{}{},c8b39244-83c1-4eb3-b474-8898226d4280:0:0:0{}{},fb0683b1-20ac-4dd2-b580-14b502e182f4:0:0:0{}{},] discard=[d14a50f3-728d-43e1-87f0-ef1b013f6678:0:0:0{}{},c8b39244-83c1-4eb3-b474-8898226d4280:0:0:0{}{},fb0683b1-20ac-4dd2-b580-14b502e182f4:0:0:0{}{},19705414-816d-4549-bcf5-866f338a551f:0:0:0{}{},c8b39244-83c1-4eb3-b474-8898226d4280:0:0:0{}{},62cc5532-5fa0-4e66-9fec-85be573af359:0:0:0{}{},fb0683b1-20ac-4dd2-b580-14b502e182f4:0:0:0{}{},c8b39244-83c1-4eb3-b474-8898226d4280:0:0:0{}{},38e70e6a-20f3-4e36-8d31-c5110be07f87:0:0:0{}{},c8b39244-83c1-4eb3-b474-8898226d4280:0:0:0{}{},] discardBuffer=[] exhausted=[] eaten=[] purged=[] heroes=[ShieldGuardT1_BasicNonAttack@2:0:0:5/5:0{statuses:armor:25:1:1::0;spikes:2:1:0::0}{equipment:}{upgrades:},MageT1_Junker@2:1:1:1/1:0{statuses:}{equipment:}{upgrades:},HeavyT1_Basic@1:0:4:45/45:0{statuses:}{equipment:}{upgrades:},MageT1_Junker@1:1:1:1/1:0{statuses:}{equipment:}{upgrades:},] monsters=[PyreHeartStarter@3:0:45:80/80:0{statuses:immobile:1:0:0::0;immune:1:0:0::0;relentless:1:0:0::0;sweep:1:0:0::0}{equipment:}{upgrades:},] rooms=[0:0/5:0:0/5:0:0/4{},1:4/5:0:0/5:0:0/4{},2:5/5:0:0/5:0:0/4{},3:0/5:0:2/5:0:0/4{},]
[Info   :Monster Train 2 Isolation Probe] SMOKE-RNG replayed-3 Master={s0:-905267014,s1:1653247403,s2:48924428,s3:-588248859,} NonDeterministic={s0:1371970029,s1:-1862178757,s2:-1482414400,s3:377060787,} SetupRun={s0:1522012100,s1:408987559,s2:572290056,s3:1818533109,} Spawning={s0:1059462402,s1:-224558133,s2:1111073304,s3:-2027697287,} Chatter={s0:-1469840468,s1:-1390645034,s2:-400745375,s3:489522699,} CardDraw={s0:1770761320,s1:-920053149,s2:-120956702,s3:323398506,} Battle={s0:1534354928,s1:-87467118,s2:-971490879,s3:-923916481,} BossActions={s0:106642708,s1:1899678949,s2:1511809882,s3:1842633859,} Merchant={s0:1648720830,s1:2127855607,s2:1980935028,s3:860534981,} StoryEvents={s0:2097849429,s1:1635209866,s2:-922391949,s3:-1572894112,} Rewards={s0:1974875670,s1:-1234232145,s2:217643020,s3:-333908116,} Trials={s0:56341503,s1:-428180836,s2:-1540105331,s3:97457058,} BossGeneration={s0:1242216635,s1:-466357048,s2:-403268887,s3:93376238,} BattleTest={s0:1653247403,s1:170354552,s2:-1942812071,s3:1964750366,} AutoselectTrainPath={s0:48924428,s1:1780528061,s2:88215186,s3:1792663963,} HellforgedShardEnemy={s0:1559234790,s1:1707120831,s2:-135038372,s3:1208910413,}
[Info   :Monster Train 2 Isolation Probe] DEPTH-PREFIX-MATCH turn=3 entries=6
[Info   :Monster Train 2 Isolation Probe] SMOKE-SNAPSHOT branched-3 turn=3 phase=MonsterTurn scenario=Level1BattleJunker pyre=80/80 energy=3 gold=50 forge=0 hoard=0 drawMod=0 spawnPhase=3 hand=[38e70e6a-20f3-4e36-8d31-c5110be07f87:0:0:0{}{},fb0683b1-20ac-4dd2-b580-14b502e182f4:0:0:0{}{},d14a50f3-728d-43e1-87f0-ef1b013f6678:0:0:0{}{},62cc5532-5fa0-4e66-9fec-85be573af359:0:0:0{}{},62cc5532-5fa0-4e66-9fec-85be573af359:0:0:0{}{},] draw=[fb0683b1-20ac-4dd2-b580-14b502e182f4:0:0:0{}{},c8b39244-83c1-4eb3-b474-8898226d4280:0:0:0{}{},fb0683b1-20ac-4dd2-b580-14b502e182f4:0:0:0{}{},] discard=[d14a50f3-728d-43e1-87f0-ef1b013f6678:0:0:0{}{},c8b39244-83c1-4eb3-b474-8898226d4280:0:0:0{}{},fb0683b1-20ac-4dd2-b580-14b502e182f4:0:0:0{}{},19705414-816d-4549-bcf5-866f338a551f:0:0:0{}{},c8b39244-83c1-4eb3-b474-8898226d4280:0:0:0{}{},62cc5532-5fa0-4e66-9fec-85be573af359:0:0:0{}{},fb0683b1-20ac-4dd2-b580-14b502e182f4:0:0:0{}{},c8b39244-83c1-4eb3-b474-8898226d4280:0:0:0{}{},38e70e6a-20f3-4e36-8d31-c5110be07f87:0:0:0{}{},c8b39244-83c1-4eb3-b474-8898226d4280:0:0:0{}{},] discardBuffer=[] exhausted=[] eaten=[] purged=[] heroes=[ShieldGuardT1_BasicNonAttack@2:0:0:5/5:0{statuses:armor:25:1:1::0;spikes:2:1:0::0}{equipment:}{upgrades:},MageT1_Junker@2:1:1:1/1:0{statuses:}{equipment:}{upgrades:},HeavyT1_Basic@1:0:4:45/45:0{statuses:}{equipment:}{upgrades:},MageT1_Junker@1:1:1:1/1:0{statuses:}{equipment:}{upgrades:},] monsters=[PyreHeartStarter@3:0:45:80/80:0{statuses:immobile:1:0:0::0;immune:1:0:0::0;relentless:1:0:0::0;sweep:1:0:0::0}{equipment:}{upgrades:},] rooms=[0:0/5:0:0/5:0:0/4{},1:4/5:0:0/5:0:0/4{},2:5/5:0:0/5:0:0/4{},3:0/5:0:2/5:0:0/4{},]
[Info   :Monster Train 2 Isolation Probe] SMOKE-RNG branched-3 Master={s0:-905267014,s1:1653247403,s2:48924428,s3:-588248859,} NonDeterministic={s0:1371970029,s1:-1862178757,s2:-1482414400,s3:377060787,} SetupRun={s0:1522012100,s1:408987559,s2:572290056,s3:1818533109,} Spawning={s0:1059462402,s1:-224558133,s2:1111073304,s3:-2027697287,} Chatter={s0:-1469840468,s1:-1390645034,s2:-400745375,s3:489522699,} CardDraw={s0:1770761320,s1:-920053149,s2:-120956702,s3:323398506,} Battle={s0:1534354928,s1:-87467118,s2:-971490879,s3:-923916481,} BossActions={s0:106642708,s1:1899678949,s2:1511809882,s3:1842633859,} Merchant={s0:1648720830,s1:2127855607,s2:1980935028,s3:860534981,} StoryEvents={s0:2097849429,s1:1635209866,s2:-922391949,s3:-1572894112,} Rewards={s0:1974875670,s1:-1234232145,s2:217643020,s3:-333908116,} Trials={s0:56341503,s1:-428180836,s2:-1540105331,s3:97457058,} BossGeneration={s0:1242216635,s1:-466357048,s2:-403268887,s3:93376238,} BattleTest={s0:1653247403,s1:170354552,s2:-1942812071,s3:1964750366,} AutoselectTrainPath={s0:48924428,s1:1780528061,s2:88215186,s3:1792663963,} HellforgedShardEnemy={s0:1559234790,s1:1707120831,s2:-135038372,s3:1208910413,}
[Info   :Monster Train 2 Isolation Probe] DEPTH-PLAY pass=Branched handIndex=2 room=0
[Info   :Monster Train 2 Isolation Probe] DEPTH-PLAYED pass=Branched turn=3
[Info   :Monster Train 2 Isolation Probe] DEPTH-WAIT stage=WaitingTurn pass=Branched turn=3 sequence=InBattle loading=False
[Info   :Monster Train 2 Isolation Probe] DEPTH-WAIT stage=WaitingTurn pass=Branched turn=3 sequence=InBattle loading=False
[Info   :Monster Train 2 Isolation Probe] SMOKE-SNAPSHOT branched-4 turn=4 phase=MonsterTurn scenario=Level1BattleJunker pyre=77/80 energy=3 gold=50 forge=0 hoard=0 drawMod=0 spawnPhase=4 hand=[fb0683b1-20ac-4dd2-b580-14b502e182f4:0:0:0{}{},c8b39244-83c1-4eb3-b474-8898226d4280:0:0:0{}{},fb0683b1-20ac-4dd2-b580-14b502e182f4:0:0:0{}{},62cc5532-5fa0-4e66-9fec-85be573af359:0:0:0{}{},62cc5532-5fa0-4e66-9fec-85be573af359:0:0:0{}{},] draw=[] discard=[d14a50f3-728d-43e1-87f0-ef1b013f6678:0:0:0{}{},c8b39244-83c1-4eb3-b474-8898226d4280:0:0:0{}{},fb0683b1-20ac-4dd2-b580-14b502e182f4:0:0:0{}{},19705414-816d-4549-bcf5-866f338a551f:0:0:0{}{},c8b39244-83c1-4eb3-b474-8898226d4280:0:0:0{}{},62cc5532-5fa0-4e66-9fec-85be573af359:0:0:0{}{},fb0683b1-20ac-4dd2-b580-14b502e182f4:0:0:0{}{},c8b39244-83c1-4eb3-b474-8898226d4280:0:0:0{}{},38e70e6a-20f3-4e36-8d31-c5110be07f87:0:0:0{}{},c8b39244-83c1-4eb3-b474-8898226d4280:0:0:0{}{},62cc5532-5fa0-4e66-9fec-85be573af359:0:0:0{}{},62cc5532-5fa0-4e66-9fec-85be573af359:0:0:0{}{},fb0683b1-20ac-4dd2-b580-14b502e182f4:0:0:0{}{},38e70e6a-20f3-4e36-8d31-c5110be07f87:0:0:0{}{},] discardBuffer=[] exhausted=[] eaten=[] purged=[] heroes=[HeavyT1_Basic@2:0:4:45/45:0{statuses:}{equipment:}{upgrades:},MageT1_Junker@2:1:1:1/1:0{statuses:}{equipment:}{upgrades:},ShieldGuardT1_BasicNonAttack@0:0:0:5/5:0{statuses:armor:25:1:1::0;spikes:2:1:0::0}{equipment:}{upgrades:},Boss_Level1_Basic@0:1:7:125/125:0{statuses:relentless:1:0:0::0}{equipment:}{upgrades:},] monsters=[PyreHeartStarter@3:0:45:77/80:0{statuses:immobile:1:0:0::0;immune:1:0:0::0;relentless:1:0:0::0;sweep:1:0:0::0}{equipment:}{upgrades:},TrainStewardBig@0:0:8:25/25:0{statuses:}{equipment:}{upgrades:},] rooms=[0:8/5:0:3/5:0:0/4{},1:0/5:0:0/5:0:0/4{},2:4/5:0:0/5:0:0/4{},3:0/5:0:2/5:0:0/4{},]
[Info   :Monster Train 2 Isolation Probe] SMOKE-RNG branched-4 Master={s0:-905267014,s1:1653247403,s2:48924428,s3:-588248859,} NonDeterministic={s0:1888865452,s1:-658558591,s2:-412342725,s3:279018403,} SetupRun={s0:1522012100,s1:408987559,s2:572290056,s3:1818533109,} Spawning={s0:1059462403,s1:1587875120,s2:1199367153,s3:-237443306,} Chatter={s0:-243927690,s1:-517702376,s2:-116159670,s3:1472184132,} CardDraw={s0:1770761320,s1:-920053149,s2:-120956702,s3:323398506,} Battle={s0:-971490879,s1:-923916481,s2:810385463,s3:-2132256665,} BossActions={s0:106642708,s1:1899678949,s2:1511809882,s3:1842633859,} Merchant={s0:1648720830,s1:2127855607,s2:1980935028,s3:860534981,} StoryEvents={s0:2097849429,s1:1635209866,s2:-922391949,s3:-1572894112,} Rewards={s0:1974875670,s1:-1234232145,s2:217643020,s3:-333908116,} Trials={s0:56341503,s1:-428180836,s2:-1540105331,s3:97457058,} BossGeneration={s0:1242216635,s1:-466357048,s2:-403268887,s3:93376238,} BattleTest={s0:1653247403,s1:170354552,s2:-1942812071,s3:1964750366,} AutoselectTrainPath={s0:48924428,s1:1780528061,s2:88215186,s3:1792663963,} HellforgedShardEnemy={s0:1559234790,s1:1707120831,s2:-135038372,s3:1208910413,}
[Info   :Monster Train 2 Isolation Probe] DEPTH-WAIT stage=WaitingTurn pass=Branched turn=4 sequence=InBattle loading=False
[Info   :Monster Train 2 Isolation Probe] DEPTH-WAIT stage=WaitingTurn pass=Branched turn=4 sequence=InBattle loading=False
[Info   :Monster Train 2 Isolation Probe] SMOKE-SNAPSHOT branched-5 turn=5 phase=MonsterTurn scenario=Level1BattleJunker pyre=72/80 energy=3 gold=50 forge=0 hoard=0 drawMod=0 spawnPhase=4 hand=[62cc5532-5fa0-4e66-9fec-85be573af359:0:0:0{}{},62cc5532-5fa0-4e66-9fec-85be573af359:0:0:0{}{},fb0683b1-20ac-4dd2-b580-14b502e182f4:0:0:0{}{},c8b39244-83c1-4eb3-b474-8898226d4280:0:0:0{}{},62cc5532-5fa0-4e66-9fec-85be573af359:0:0:0{}{},] draw=[62cc5532-5fa0-4e66-9fec-85be573af359:0:0:0{}{},62cc5532-5fa0-4e66-9fec-85be573af359:0:0:0{}{},fb0683b1-20ac-4dd2-b580-14b502e182f4:0:0:0{}{},fb0683b1-20ac-4dd2-b580-14b502e182f4:0:0:0{}{},c8b39244-83c1-4eb3-b474-8898226d4280:0:0:0{}{},fb0683b1-20ac-4dd2-b580-14b502e182f4:0:0:0{}{},fb0683b1-20ac-4dd2-b580-14b502e182f4:0:0:0{}{},d14a50f3-728d-43e1-87f0-ef1b013f6678:0:0:0{}{},19705414-816d-4549-bcf5-866f338a551f:0:0:0{}{},38e70e6a-20f3-4e36-8d31-c5110be07f87:0:0:0{}{},c8b39244-83c1-4eb3-b474-8898226d4280:0:0:0{}{},38e70e6a-20f3-4e36-8d31-c5110be07f87:0:0:0{}{},c8b39244-83c1-4eb3-b474-8898226d4280:0:0:0{}{},c8b39244-83c1-4eb3-b474-8898226d4280:0:0:0{}{},62cc5532-5fa0-4e66-9fec-85be573af359:0:0:0{}{},] discard=[] discardBuffer=[] exhausted=[d14a50f3-728d-43e1-87f0-ef1b013f6678:1:1:0{}{},] eaten=[] purged=[] heroes=[ShieldGuardT1_BasicNonAttack@1:0:0:5/5:0{statuses:armor:9:1:1::0;spikes:2:1:0::0}{equipment:}{upgrades:},Boss_Level1_Basic@1:1:7:125/125:0{statuses:relentless:1:0:0::0}{equipment:}{upgrades:},] monsters=[PyreHeartStarter@3:0:45:72/80:0{statuses:immobile:1:0:0::0;immune:1:0:0::0;relentless:1:0:0::0;sweep:1:0:0::0}{equipment:}{upgrades:},] rooms=[0:0/5:0:0/5:0:0/4{},1:8/5:0:0/5:0:0/4{},2:0/5:0:0/5:0:0/4{},3:0/5:0:2/5:0:0/4{},]
[Info   :Monster Train 2 Isolation Probe] SMOKE-RNG branched-5 Master={s0:-905267014,s1:1653247403,s2:48924428,s3:-588248859,} NonDeterministic={s0:-1418658436,s1:-1620451674,s2:384314191,s3:662108980,} SetupRun={s0:1522012100,s1:408987559,s2:572290056,s3:1818533109,} Spawning={s0:1059462404,s1:-894658923,s2:1287661002,s3:1552810675,} Chatter={s0:171223786,s1:-931958689,s2:1785192324,s3:1892222320,} CardDraw={s0:1333641041,s1:-2117453823,s2:-482638435,s3:1588155347,} Battle={s0:-923916481,s1:810385463,s2:-2132256665,s3:-2026262646,} BossActions={s0:106642708,s1:1899678949,s2:1511809882,s3:1842633859,} Merchant={s0:1648720830,s1:2127855607,s2:1980935028,s3:860534981,} StoryEvents={s0:2097849429,s1:1635209866,s2:-922391949,s3:-1572894112,} Rewards={s0:1974875670,s1:-1234232145,s2:217643020,s3:-333908116,} Trials={s0:56341503,s1:-428180836,s2:-1540105331,s3:97457058,} BossGeneration={s0:1242216635,s1:-466357048,s2:-403268887,s3:93376238,} BattleTest={s0:1653247403,s1:170354552,s2:-1942812071,s3:1964750366,} AutoselectTrainPath={s0:48924428,s1:1780528061,s2:88215186,s3:1792663963,} HellforgedShardEnemy={s0:1559234790,s1:1707120831,s2:-135038372,s3:1208910413,}
[Info   :Monster Train 2 Isolation Probe] SMOKE-SNAPSHOT branched-6 turn=6 phase=MonsterTurn scenario=Level1BattleJunker pyre=72/80 energy=3 gold=50 forge=0 hoard=0 drawMod=0 spawnPhase=4 hand=[c8b39244-83c1-4eb3-b474-8898226d4280:0:0:0{}{},38e70e6a-20f3-4e36-8d31-c5110be07f87:0:0:0{}{},c8b39244-83c1-4eb3-b474-8898226d4280:0:0:0{}{},c8b39244-83c1-4eb3-b474-8898226d4280:0:0:0{}{},62cc5532-5fa0-4e66-9fec-85be573af359:0:0:0{}{},] draw=[62cc5532-5fa0-4e66-9fec-85be573af359:0:0:0{}{},62cc5532-5fa0-4e66-9fec-85be573af359:0:0:0{}{},fb0683b1-20ac-4dd2-b580-14b502e182f4:0:0:0{}{},fb0683b1-20ac-4dd2-b580-14b502e182f4:0:0:0{}{},c8b39244-83c1-4eb3-b474-8898226d4280:0:0:0{}{},fb0683b1-20ac-4dd2-b580-14b502e182f4:0:0:0{}{},fb0683b1-20ac-4dd2-b580-14b502e182f4:0:0:0{}{},d14a50f3-728d-43e1-87f0-ef1b013f6678:0:0:0{}{},19705414-816d-4549-bcf5-866f338a551f:0:0:0{}{},38e70e6a-20f3-4e36-8d31-c5110be07f87:0:0:0{}{},] discard=[62cc5532-5fa0-4e66-9fec-85be573af359:0:0:0{}{},c8b39244-83c1-4eb3-b474-8898226d4280:0:0:0{}{},fb0683b1-20ac-4dd2-b580-14b502e182f4:0:0:0{}{},62cc5532-5fa0-4e66-9fec-85be573af359:0:0:0{}{},62cc5532-5fa0-4e66-9fec-85be573af359:0:0:0{}{},] discardBuffer=[] exhausted=[d14a50f3-728d-43e1-87f0-ef1b013f6678:1:1:0{}{},] eaten=[] purged=[] heroes=[ShieldGuardT1_BasicNonAttack@2:0:0:5/5:0{statuses:armor:9:1:1::0;spikes:2:1:0::0}{equipment:}{upgrades:},Boss_Level1_Basic@2:1:7:125/125:0{statuses:relentless:1:0:0::0}{equipment:}{upgrades:},] monsters=[PyreHeartStarter@3:0:45:72/80:0{statuses:immobile:1:0:0::0;immune:1:0:0::0;relentless:1:0:0::0;sweep:1:0:0::0}{equipment:}{upgrades:},] rooms=[0:0/5:0:0/5:0:0/4{},1:0/5:0:0/5:0:0/4{},2:8/5:0:0/5:0:0/4{},3:0/5:0:2/5:0:0/4{},]
[Info   :Monster Train 2 Isolation Probe] SMOKE-RNG branched-6 Master={s0:-905267014,s1:1653247403,s2:48924428,s3:-588248859,} NonDeterministic={s0:-812541377,s1:1042105306,s2:-1714665638,s3:503736616,} SetupRun={s0:1522012100,s1:408987559,s2:572290056,s3:1818533109,} Spawning={s0:1059462405,s1:917774330,s2:1375954851,s3:-951902640,} Chatter={s0:-509493168,s1:1295689202,s2:-1278537445,s3:1078940737,} CardDraw={s0:1333641041,s1:-2117453823,s2:-482638435,s3:1588155347,} Battle={s0:-923916481,s1:810385463,s2:-2132256665,s3:-2026262646,} BossActions={s0:106642708,s1:1899678949,s2:1511809882,s3:1842633859,} Merchant={s0:1648720830,s1:2127855607,s2:1980935028,s3:860534981,} StoryEvents={s0:2097849429,s1:1635209866,s2:-922391949,s3:-1572894112,} Rewards={s0:1974875670,s1:-1234232145,s2:217643020,s3:-333908116,} Trials={s0:56341503,s1:-428180836,s2:-1540105331,s3:97457058,} BossGeneration={s0:1242216635,s1:-466357048,s2:-403268887,s3:93376238,} BattleTest={s0:1653247403,s1:170354552,s2:-1942812071,s3:1964750366,} AutoselectTrainPath={s0:48924428,s1:1780528061,s2:88215186,s3:1792663963,} HellforgedShardEnemy={s0:1559234790,s1:1707120831,s2:-135038372,s3:1208910413,}
[Info   :Monster Train 2 Isolation Probe] DEPTH-FINAL pyre=72/80 turn=6 pass=Branched
[Info   :Monster Train 2 Isolation Probe] DEPTH-PASS Depth 6 branch at turn 3 completed.
Input System module state changed to: ShutdownInProgress.
Input System polling thread exited.
Input System module state changed to: Shutdown.
Memory Statistics:
[ALLOC_TEMP_TLS] TLS Allocator
  StackAllocators : 
    [ALLOC_TEMP_MAIN]
      Peak usage frame count: [0-1.0 KB]: 2135 frames, [1.0 KB-2.0 KB]: 2 frames, [2.0 KB-4.0 KB]: 66 frames, [4.0 KB-8.0 KB]: 2927 frames, [8.0 KB-16.0 KB]: 3857 frames, [16.0 KB-32.0 KB]: 1810 frames, [32.0 KB-64.0 KB]: 2015 frames, [64.0 KB-128.0 KB]: 84743 frames, [128.0 KB-256.0 KB]: 7 frames, [256.0 KB-0.5 MB]: 29 frames, [0.5 MB-1.0 MB]: 40 frames, [2.0 MB-4.0 MB]: 1 frames, [4.0 MB-8.0 MB]: 24 frames
      Initial Block Size 4.0 MB
      Current Block Size 8.0 MB
      Peak Allocated Bytes 8.0 MB
      Overflow Count 85
    [ALLOC_TEMP_Loading.AsyncRead]
      Initial Block Size 64.0 KB
      Current Block Size 124.0 KB
      Peak Allocated Bytes 123.1 KB
      Overflow Count 0
    [ALLOC_TEMP_Loading.PreloadManager]
      Initial Block Size 256.0 KB
      Current Block Size 0.5 MB
      Peak Allocated Bytes 510.0 KB
      Overflow Count 166720
    [ALLOC_TEMP_Background Job.Worker 8]
      Initial Block Size 32.0 KB
      Current Block Size 32.0 KB
      Peak Allocated Bytes 54 B
      Overflow Count 0
    [ALLOC_TEMP_Job.Worker 6]
      Initial Block Size 256.0 KB
      Current Block Size 256.0 KB
      Peak Allocated Bytes 43.7 KB
      Overflow Count 0
    [ALLOC_TEMP_Job.Worker 0]
      Initial Block Size 256.0 KB
      Current Block Size 256.0 KB
      Peak Allocated Bytes 7.4 KB
      Overflow Count 0
    [ALLOC_TEMP_Background Job.Worker 10]
      Initial Block Size 32.0 KB
      Current Block Size 32.0 KB
      Peak Allocated Bytes 54 B
      Overflow Count 0
    [ALLOC_TEMP_Background Job.Worker 9]
      Initial Block Size 32.0 KB
      Current Block Size 32.0 KB
      Peak Allocated Bytes 54 B
      Overflow Count 0
    [ALLOC_TEMP_Job.Worker 5]
      Initial Block Size 256.0 KB
      Current Block Size 256.0 KB
      Peak Allocated Bytes 47.9 KB
      Overflow Count 0
    [ALLOC_TEMP_Background Job.Worker 14]
      Initial Block Size 32.0 KB
      Current Block Size 32.0 KB
      Peak Allocated Bytes 54 B
      Overflow Count 0
    [ALLOC_TEMP_Background Job.Worker 6]
      Initial Block Size 32.0 KB
      Current Block Size 32.0 KB
      Peak Allocated Bytes 54 B
      Overflow Count 0
    [ALLOC_TEMP_Job.Worker 4]
      Initial Block Size 256.0 KB
      Current Block Size 256.0 KB
      Peak Allocated Bytes 47.7 KB
      Overflow Count 0
    [ALLOC_TEMP_Job.Worker 14]
      Initial Block Size 256.0 KB
      Current Block Size 256.0 KB
      Peak Allocated Bytes 17.8 KB
      Overflow Count 0
    [ALLOC_TEMP_Job.Worker 3]
      Initial Block Size 256.0 KB
      Current Block Size 256.0 KB
      Peak Allocated Bytes 47.9 KB
      Overflow Count 0
    [ALLOC_TEMP_Job.Worker 13]
      Initial Block Size 256.0 KB
      Current Block Size 256.0 KB
      Peak Allocated Bytes 6.9 KB
      Overflow Count 0
    [ALLOC_TEMP_Background Job.Worker 12]
      Initial Block Size 32.0 KB
      Current Block Size 32.0 KB
      Peak Allocated Bytes 54 B
      Overflow Count 0
    [ALLOC_TEMP_EnlightenWorker] x 8
      Initial Block Size 64.0 KB
      Current Block Size 64.0 KB
      Peak Allocated Bytes 54 B
      Overflow Count 0
    [ALLOC_TEMP_Background Job.Worker 15]
      Initial Block Size 32.0 KB
      Current Block Size 32.0 KB
      Peak Allocated Bytes 54 B
      Overflow Count 0
    [ALLOC_TEMP_Background Job.Worker 1]
      Initial Block Size 32.0 KB
      Current Block Size 32.0 KB
      Peak Allocated Bytes 23.9 KB
      Overflow Count 0
    [ALLOC_TEMP_Background Job.Worker 2]
      Initial Block Size 32.0 KB
      Current Block Size 32.0 KB
      Peak Allocated Bytes 21.0 KB
      Overflow Count 0
    [ALLOC_TEMP_Background Job.Worker 7]
      Initial Block Size 32.0 KB
      Current Block Size 32.0 KB
      Peak Allocated Bytes 54 B
      Overflow Count 0
    [ALLOC_TEMP_UnityGfxDeviceWorker]
      Initial Block Size 256.0 KB
      Current Block Size 256.0 KB
      Peak Allocated Bytes 25.6 KB
      Overflow Count 0
    [ALLOC_TEMP_AssetGarbageCollectorHelper] x 15
      Initial Block Size 64.0 KB
      Current Block Size 64.0 KB
      Peak Allocated Bytes 138 B
      Overflow Count 0
    [ALLOC_TEMP_Background Job.Worker 5]
      Initial Block Size 32.0 KB
      Current Block Size 32.0 KB
      Peak Allocated Bytes 54 B
      Overflow Count 0
    [ALLOC_TEMP_Job.Worker 9]
      Initial Block Size 256.0 KB
      Current Block Size 256.0 KB
      Peak Allocated Bytes 23.2 KB
      Overflow Count 0
    [ALLOC_TEMP_Background Job.Worker 13]
      Initial Block Size 32.0 KB
      Current Block Size 32.0 KB
      Peak Allocated Bytes 54 B
      Overflow Count 0
    [ALLOC_TEMP_Job.Worker 8]
      Initial Block Size 256.0 KB
      Current Block Size 256.0 KB
      Peak Allocated Bytes 31.7 KB
      Overflow Count 0
    [ALLOC_TEMP_Job.Worker 7]
      Initial Block Size 256.0 KB
      Current Block Size 256.0 KB
      Peak Allocated Bytes 31.7 KB
      Overflow Count 0
    [ALLOC_TEMP_Job.Worker 1]
      Initial Block Size 256.0 KB
      Current Block Size 256.0 KB
      Peak Allocated Bytes 55.5 KB
      Overflow Count 0
    [ALLOC_TEMP_Job.Worker 2]
      Initial Block Size 256.0 KB
      Current Block Size 256.0 KB
      Peak Allocated Bytes 53.7 KB
      Overflow Count 0
    [ALLOC_TEMP_Background Job.Worker 3]
      Initial Block Size 32.0 KB
      Current Block Size 32.0 KB
      Peak Allocated Bytes 2.6 KB
      Overflow Count 0
    [ALLOC_TEMP_Background Job.Worker 11]
      Initial Block Size 32.0 KB
      Current Block Size 32.0 KB
      Peak Allocated Bytes 54 B
      Overflow Count 0
    [ALLOC_TEMP_Job.Worker 10]
      Initial Block Size 256.0 KB
      Current Block Size 256.0 KB
      Peak Allocated Bytes 23.2 KB
      Overflow Count 0
    [ALLOC_TEMP_Background Job.Worker 0]
      Initial Block Size 32.0 KB
      Current Block Size 32.0 KB
      Peak Allocated Bytes 54 B
      Overflow Count 0
    [ALLOC_TEMP_Job.Worker 11]
      Initial Block Size 256.0 KB
      Current Block Size 256.0 KB
      Peak Allocated Bytes 16.7 KB
      Overflow Count 0
    [ALLOC_TEMP_Job.Worker 12]
      Initial Block Size 256.0 KB
      Current Block Size 256.0 KB
      Peak Allocated Bytes 7.9 KB
      Overflow Count 0
    [ALLOC_TEMP_Background Job.Worker 4]
      Initial Block Size 32.0 KB
      Current Block Size 32.0 KB
      Peak Allocated Bytes 54 B
      Overflow Count 0
    [ALLOC_TEMP_BatchDeleteObjects]
      Initial Block Size 64.0 KB
      Current Block Size 64.0 KB
      Peak Allocated Bytes 54 B
      Overflow Count 0
[ALLOC_DEFAULT] Dual Thread Allocator
  Peak main deferred allocation count 40282
    [ALLOC_BUCKET]
      Large Block size 4.0 MB
      Used Block count 1
      Peak Allocated bytes 4.0 MB
      Failed Allocations. Bucket layout:
        16B: 21 Subsections = 21504 buckets. Failed count: 273082
        32B: 28 Subsections = 14336 buckets. Failed count: 315921
        48B: 120 Subsections = 40960 buckets. Failed count: 12668966
        64B: 37 Subsections = 9472 buckets. Failed count: 187602
        80B: 33 Subsections = 6758 buckets. Failed count: 31100
        96B: 4 Subsections = 682 buckets. Failed count: 44131
        112B: 6 Subsections = 877 buckets. Failed count: 37442
        128B: 7 Subsections = 896 buckets. Failed count: 83668
    [ALLOC_DEFAULT_MAIN]
      Peak usage frame count: [16.0 MB-32.0 MB]: 1957 frames, [32.0 MB-64.0 MB]: 4287 frames, [64.0 MB-128.0 MB]: 91412 frames
      Requested Block Size 16.0 MB
      Peak Block count 7
      Peak Allocated memory 110.3 MB
      Peak Large allocation bytes 20.0 MB
    [ALLOC_DEFAULT_THREAD]
      Peak usage frame count: [32.0 MB-64.0 MB]: 13573 frames, [64.0 MB-128.0 MB]: 84083 frames
      Requested Block Size 16.0 MB
      Peak Block count 7
      Peak Allocated memory 93.4 MB
      Peak Large allocation bytes 0 B
[ALLOC_TEMP_JOB_1_FRAME]
  Initial Block Size 2.0 MB
  Used Block Count 0
  Overflow Count (too large) 0
  Overflow Count (full) 0
[ALLOC_TEMP_JOB_2_FRAMES]
  Initial Block Size 2.0 MB
  Used Block Count 0
  Overflow Count (too large) 0
  Overflow Count (full) 0
[ALLOC_TEMP_JOB_4_FRAMES (JobTemp)]
  Initial Block Size 2.0 MB
  Used Block Count 1
  Overflow Count (too large) 0
  Overflow Count (full) 0
[ALLOC_TEMP_JOB_ASYNC (Background)]
  Initial Block Size 1.0 MB
  Used Block Count 1
  Overflow Count (too large) 0
  Overflow Count (full) 0
[ALLOC_GFX] Dual Thread Allocator
  Peak main deferred allocation count 26
    [ALLOC_BUCKET]
      Large Block size 4.0 MB
      Used Block count 1
      Peak Allocated bytes 4.0 MB
      Failed Allocations. Bucket layout:
        16B: 21 Subsections = 21504 buckets. Failed count: 273082
        32B: 28 Subsections = 14336 buckets. Failed count: 315921
        48B: 120 Subsections = 40960 buckets. Failed count: 12668966
        64B: 37 Subsections = 9472 buckets. Failed count: 187602
        80B: 33 Subsections = 6758 buckets. Failed count: 31100
        96B: 4 Subsections = 682 buckets. Failed count: 44131
        112B: 6 Subsections = 877 buckets. Failed count: 37442
        128B: 7 Subsections = 896 buckets. Failed count: 83668
    [ALLOC_GFX_MAIN]
      Peak usage frame count: [0.5 MB-1.0 MB]: 4935 frames, [1.0 MB-2.0 MB]: 7938 frames, [2.0 MB-4.0 MB]: 84783 frames
      Requested Block Size 16.0 MB
      Peak Block count 1
      Peak Allocated memory 3.1 MB
      Peak Large allocation bytes 0 B
    [ALLOC_GFX_THREAD]
      Peak usage frame count: [2.0 MB-4.0 MB]: 5270 frames, [4.0 MB-8.0 MB]: 92386 frames
      Requested Block Size 16.0 MB
      Peak Block count 1
      Peak Allocated memory 5.7 MB
      Peak Large allocation bytes 0 B
[ALLOC_CACHEOBJECTS] Dual Thread Allocator
  Peak main deferred allocation count 867
    [ALLOC_BUCKET]
      Large Block size 4.0 MB
      Used Block count 1
      Peak Allocated bytes 4.0 MB
      Failed Allocations. Bucket layout:
        16B: 21 Subsections = 21504 buckets. Failed count: 273082
        32B: 28 Subsections = 14336 buckets. Failed count: 315921
        48B: 120 Subsections = 40960 buckets. Failed count: 12668966
        64B: 37 Subsections = 9472 buckets. Failed count: 187602
        80B: 33 Subsections = 6758 buckets. Failed count: 31100
        96B: 4 Subsections = 682 buckets. Failed count: 44131
        112B: 6 Subsections = 877 buckets. Failed count: 37442
        128B: 7 Subsections = 896 buckets. Failed count: 83668
    [ALLOC_CACHEOBJECTS_MAIN]
      Peak usage frame count: [4.0 MB-8.0 MB]: 2425 frames, [8.0 MB-16.0 MB]: 95231 frames
      Requested Block Size 4.0 MB
      Peak Block count 4
      Peak Allocated memory 14.1 MB
      Peak Large allocation bytes 2.0 MB
    [ALLOC_CACHEOBJECTS_THREAD]
      Peak usage frame count: [64.0 MB-128.0 MB]: 4669 frames, [128.0 MB-256.0 MB]: 745 frames, [256.0 MB-0.50 GB]: 92242 frames
      Requested Block Size 4.0 MB
      Peak Block count 46
      Peak Allocated memory 281.0 MB
      Peak Large allocation bytes 117.3 MB
[ALLOC_TYPETREE] Dual Thread Allocator
  Peak main deferred allocation count 1
    [ALLOC_BUCKET]
      Large Block size 4.0 MB
      Used Block count 1
      Peak Allocated bytes 4.0 MB
      Failed Allocations. Bucket layout:
        16B: 21 Subsections = 21504 buckets. Failed count: 273082
        32B: 28 Subsections = 14336 buckets. Failed count: 315921
        48B: 120 Subsections = 40960 buckets. Failed count: 12668966
        64B: 37 Subsections = 9472 buckets. Failed count: 187602
        80B: 33 Subsections = 6758 buckets. Failed count: 31100
        96B: 4 Subsections = 682 buckets. Failed count: 44131
        112B: 6 Subsections = 877 buckets. Failed count: 37442
        128B: 7 Subsections = 896 buckets. Failed count: 83668
    [ALLOC_TYPETREE_MAIN]
      Peak usage frame count: [8.0 KB-16.0 KB]: 1 frames, [16.0 KB-32.0 KB]: 1439 frames, [32.0 KB-64.0 KB]: 3194 frames, [64.0 KB-128.0 KB]: 93022 frames
      Requested Block Size 2.0 MB
      Peak Block count 1
      Peak Allocated memory 93.0 KB
      Peak Large allocation bytes 0 B
    [ALLOC_TYPETREE_THREAD]
      Peak usage frame count: [256.0 KB-0.5 MB]: 4635 frames, [0.5 MB-1.0 MB]: 1 frames, [4.0 MB-8.0 MB]: 85204 frames, [8.0 MB-16.0 MB]: 7816 frames
      Requested Block Size 2.0 MB
      Peak Block count 7
      Peak Allocated memory 13.0 MB
      Peak Large allocation bytes 0 B
