Mono path[0] = 'E:/Workspace/Program/monster-train2-poju/.sandbox-game/MonsterTrain2_Data/Managed'
Mono config path = 'E:/Workspace/Program/monster-train2-poju/.sandbox-game/MonoBleedingEdge/etc'
Fallback handler could not load library E:/Workspace/Program/monster-train2-poju/.sandbox-game/MonsterTrain2_Data/MonoBleedingEdge/data-000001D0874CDD60.dll
Fallback handler could not load library E:/Workspace/Program/monster-train2-poju/.sandbox-game/MonsterTrain2_Data/MonoBleedingEdge/data-000001D08CC50040.dll
Input System module state changed to: Initialized.
[PhysX] Initialized MultithreadedTaskDispatcher with 16 workers.
Initialize engine version: 2022.3.62f2 (7670c08855a9)
[Subsystems] Discovering subsystems at path E:/Workspace/Program/monster-train2-poju/.sandbox-game/MonsterTrain2_Data/UnitySubsystems
GfxDevice: creating device client; threaded=1; jobified=0
Direct3D:
    Version:  Direct3D 11.0 [level 11.1]
    Renderer: NVIDIA GeForce RTX 5070 (ID=0x2f04)
    Vendor:   NVIDIA
    VRAM:     11944 MB
    Driver:   32.0.16.1692
Begin MonoManager ReloadAssembly
- Loaded All Assemblies, in  0.111 seconds
- Finished resetting the current domain, in  0.001 seconds
<RI> Initializing input.
<RI> Input initialized.
<RI> Initialized touch support.
[Message:   BepInEx] BepInEx 5.4.21.0 - MonsterTrain2 (2025/11/9 17:30:30)
[Info   :   BepInEx] Running under Unity v2022.3.62.7762112
[Info   :   BepInEx] CLR runtime version: 4.0.30319.42000
[Info   :   BepInEx] Supports SRE: True
[Info   :   BepInEx] System platform: Bits64, Windows
[Message:   BepInEx] Preloader started
[Info   :   BepInEx] Loaded 1 patcher method from [BepInEx.Preloader 5.4.21.0]
[Info   :   BepInEx] 1 patcher plugin loaded
[Info   :   BepInEx] Patching [UnityEngine.CoreModule] with [BepInEx.Chainloader]
[Message:   BepInEx] Preloader finished
[Message:   BepInEx] Chainloader ready
[Message:   BepInEx] Chainloader started
[Info   :   BepInEx] 1 plugins to load
[Info   :   BepInEx] Loading [Monster Train 2 Isolation Probe 0.1.0]
[Info   :Monster Train 2 Isolation Probe] Probe patches installed before AppManager startup; isolated root: E:\Workspace\Program\monster-train2-poju\.probe-runs\run33-native-no-timeout-card-prefix
[Info   :Monster Train 2 Isolation Probe] DEPTH-CONFIG depth=4 target=3 sourcePlays=0 direct=False fastReplay=False noTimeout=True branchAnyUnit=True
[Info   :Monster Train 2 Isolation Probe] Native replay depth scenario armed.
[Message:   BepInEx] Chainloader startup complete
[PhysX] Initialized MultithreadedTaskDispatcher with 16 workers.
UnloadTime: 0.556800 ms
[Info   :Monster Train 2 Isolation Probe] AppManager.Awake reached with isolated save-root patch active.
[Info   :Monster Train 2 Isolation Probe] SaveDirStandalone.GetRootDirectory redirected to E:\Workspace\Program\monster-train2-poju\.probe-runs\run33-native-no-timeout-card-prefix
Unloading 7 Unused Serialized files (Serialized files now loaded: 0)
Unloading 3 unused Assets to reduce memory usage. Loaded Objects now: 27596.
Total: 27.245600 ms (FindLiveObjects: 1.263900 ms CreateObjectMapping: 1.484200 ms MarkObjects: 24.442000 ms  DeleteObjects: 0.054900 ms)

Unloading 14 Unused Serialized files (Serialized files now loaded: 0)
Unloading 15 unused Assets to reduce memory usage. Loaded Objects now: 30368.
Total: 32.627600 ms (FindLiveObjects: 2.307800 ms CreateObjectMapping: 1.770000 ms MarkObjects: 28.473000 ms  DeleteObjects: 0.076000 ms)

Unloading 7 Unused Serialized files (Serialized files now loaded: 0)
Unloading 1 unused Assets to reduce memory usage. Loaded Objects now: 30523.
Total: 35.241600 ms (FindLiveObjects: 1.313800 ms CreateObjectMapping: 1.491200 ms MarkObjects: 32.390800 ms  DeleteObjects: 0.045400 ms)

Unloading 8 Unused Serialized files (Serialized files now loaded: 0)
Unloading 7 unused Assets to reduce memory usage. Loaded Objects now: 32810.
Total: 31.959800 ms (FindLiveObjects: 2.250900 ms CreateObjectMapping: 1.780200 ms MarkObjects: 27.858100 ms  DeleteObjects: 0.070200 ms)

Unloading 10 Unused Serialized files (Serialized files now loaded: 0)
Unloading 2 unused Assets to reduce memory usage. Loaded Objects now: 36896.
Total: 33.153900 ms (FindLiveObjects: 2.489300 ms CreateObjectMapping: 1.980200 ms MarkObjects: 28.614500 ms  DeleteObjects: 0.069300 ms)

Unloading 13 Unused Serialized files (Serialized files now loaded: 0)
Unloading 4 unused Assets to reduce memory usage. Loaded Objects now: 37449.
Total: 34.756100 ms (FindLiveObjects: 2.390300 ms CreateObjectMapping: 1.717800 ms MarkObjects: 30.569900 ms  DeleteObjects: 0.077400 ms)

Unloading 11 Unused Serialized files (Serialized files now loaded: 0)
Unloading 6 unused Assets to reduce memory usage. Loaded Objects now: 45610.
Total: 31.443800 ms (FindLiveObjects: 3.030000 ms CreateObjectMapping: 2.039500 ms MarkObjects: 26.302800 ms  DeleteObjects: 0.071200 ms)

There can be only one active Event System.
[Info   :Monster Train 2 Isolation Probe] AppManager.Awake reached with isolated save-root patch active.
Unloading 8 Unused Serialized files (Serialized files now loaded: 0)
Unloading 4 unused Assets to reduce memory usage. Loaded Objects now: 45860.
Total: 34.830700 ms (FindLiveObjects: 3.321400 ms CreateObjectMapping: 2.200100 ms MarkObjects: 29.223000 ms  DeleteObjects: 0.085800 ms)

[Info   :Monster Train 2 Isolation Probe] AppManager.Awake reached with isolated save-root patch active.
Unloading 5 Unused Serialized files (Serialized files now loaded: 0)
Unloading 25 unused Assets to reduce memory usage. Loaded Objects now: 47519.
Total: 34.357900 ms (FindLiveObjects: 3.107700 ms CreateObjectMapping: 2.032100 ms MarkObjects: 28.784200 ms  DeleteObjects: 0.433700 ms)

Unloading 15 Unused Serialized files (Serialized files now loaded: 30)
Unloading 199 unused Assets to reduce memory usage. Loaded Objects now: 77623.
Total: 135.560300 ms (FindLiveObjects: 8.471100 ms CreateObjectMapping: 3.126400 ms MarkObjects: 122.876300 ms  DeleteObjects: 1.085900 ms)

Unloading 9 Unused Serialized files (Serialized files now loaded: 51)
Unloading 1252 unused Assets to reduce memory usage. Loaded Objects now: 89304.
Total: 52.765300 ms (FindLiveObjects: 5.960900 ms CreateObjectMapping: 4.935400 ms MarkObjects: 36.862300 ms  DeleteObjects: 5.006200 ms)

Unloading 5 Unused Serialized files (Serialized files now loaded: 30)
Unloading 3 unused Assets to reduce memory usage. Loaded Objects now: 92342.
Total: 47.537100 ms (FindLiveObjects: 5.890700 ms CreateObjectMapping: 4.969500 ms MarkObjects: 36.526100 ms  DeleteObjects: 0.150300 ms)

Unloading 9 Unused Serialized files (Serialized files now loaded: 30)
Unloading 7 unused Assets to reduce memory usage. Loaded Objects now: 92864.
Total: 47.806000 ms (FindLiveObjects: 6.439300 ms CreateObjectMapping: 4.798200 ms MarkObjects: 36.413000 ms  DeleteObjects: 0.155100 ms)

Unloading 5 Unused Serialized files (Serialized files now loaded: 30)
Unloading 7 unused Assets to reduce memory usage. Loaded Objects now: 108800.
Total: 57.880400 ms (FindLiveObjects: 7.939200 ms CreateObjectMapping: 5.890700 ms MarkObjects: 43.869800 ms  DeleteObjects: 0.180400 ms)

Unloading 7 Unused Serialized files (Serialized files now loaded: 30)
Unloading 4 unused Assets to reduce memory usage. Loaded Objects now: 110975.
Total: 56.275200 ms (FindLiveObjects: 7.578900 ms CreateObjectMapping: 6.103900 ms MarkObjects: 42.423500 ms  DeleteObjects: 0.168400 ms)

Unloading 8 Unused Serialized files (Serialized files now loaded: 30)
Unloading 2 unused Assets to reduce memory usage. Loaded Objects now: 111319.
Total: 52.725700 ms (FindLiveObjects: 8.368400 ms CreateObjectMapping: 5.153200 ms MarkObjects: 39.006400 ms  DeleteObjects: 0.197100 ms)

Unloading 9 Unused Serialized files (Serialized files now loaded: 30)
Unloading 1 unused Assets to reduce memory usage. Loaded Objects now: 116064.
Total: 50.871800 ms (FindLiveObjects: 7.207700 ms CreateObjectMapping: 5.157700 ms MarkObjects: 38.338900 ms  DeleteObjects: 0.166800 ms)

[Info   :Monster Train 2 Isolation Probe] DEPTH-WAIT stage=NaturalIntro pass=Source turn=none sequence=BattleIntro loading=False
Unloading 7 Unused Serialized files (Serialized files now loaded: 33)
Unloading 450 unused Assets to reduce memory usage. Loaded Objects now: 105058.
Total: 57.269300 ms (FindLiveObjects: 6.924300 ms CreateObjectMapping: 5.316200 ms MarkObjects: 40.402600 ms  DeleteObjects: 4.625700 ms)

Unloading 10 Unused Serialized files (Serialized files now loaded: 33)
Unloading 2 unused Assets to reduce memory usage. Loaded Objects now: 105472.
Total: 52.265400 ms (FindLiveObjects: 7.212100 ms CreateObjectMapping: 5.459000 ms MarkObjects: 39.431000 ms  DeleteObjects: 0.163100 ms)

[Info   :Monster Train 2 Isolation Probe] AppManager.Awake reached with isolated save-root patch active.
Unloading 8 Unused Serialized files (Serialized files now loaded: 33)
Unloading 103 unused Assets to reduce memory usage. Loaded Objects now: 129049.
Total: 53.574800 ms (FindLiveObjects: 8.572100 ms CreateObjectMapping: 5.773000 ms MarkObjects: 38.838200 ms  DeleteObjects: 0.390800 ms)

Unloading 10 Unused Serialized files (Serialized files now loaded: 33)
Unloading 6 unused Assets to reduce memory usage. Loaded Objects now: 132313.
Total: 50.965700 ms (FindLiveObjects: 9.933500 ms CreateObjectMapping: 5.199600 ms MarkObjects: 35.620300 ms  DeleteObjects: 0.211800 ms)

[Info   :Monster Train 2 Isolation Probe] DEPTH-BATTLE scenario=Level1BattleJunker testScenario=False offset=3
[Info   :Monster Train 2 Isolation Probe] SMOKE-SNAPSHOT source-0 turn=0 phase=MonsterTurn scenario=Level1BattleJunker pyre=80/80 energy=4 gold=50 forge=0 hoard=0 drawMod=0 spawnPhase=0 hand=[d14a50f3-728d-43e1-87f0-ef1b013f6678:0:0:0{}{},d14a50f3-728d-43e1-87f0-ef1b013f6678:0:0:0{}{},19705414-816d-4549-bcf5-866f338a551f:0:0:0{}{},] draw=[fb0683b1-20ac-4dd2-b580-14b502e182f4:0:0:0{}{},fb0683b1-20ac-4dd2-b580-14b502e182f4:0:0:0{}{},fb0683b1-20ac-4dd2-b580-14b502e182f4:0:0:0{}{},c8b39244-83c1-4eb3-b474-8898226d4280:0:0:0{}{},fb0683b1-20ac-4dd2-b580-14b502e182f4:0:0:0{}{},fb0683b1-20ac-4dd2-b580-14b502e182f4:0:0:0{}{},c8b39244-83c1-4eb3-b474-8898226d4280:0:0:0{}{},38e70e6a-20f3-4e36-8d31-c5110be07f87:0:0:0{}{},38e70e6a-20f3-4e36-8d31-c5110be07f87:0:0:0{}{},c8b39244-83c1-4eb3-b474-8898226d4280:0:0:0{}{},c8b39244-83c1-4eb3-b474-8898226d4280:0:0:0{}{},c8b39244-83c1-4eb3-b474-8898226d4280:0:0:0{}{},] discard=[] discardBuffer=[] exhausted=[] eaten=[] purged=[] heroes=[] monsters=[PyreHeartStarter@3:0:45:80/80:0{statuses:immobile:1:0:0::0;immune:1:0:0::0;relentless:1:0:0::0;sweep:1:0:0::0}{equipment:}{upgrades:},] rooms=[0:0/5:0:0/5:0:0/4{},1:0/5:0:0/5:0:0/4{},2:0/5:0:0/5:0:0/4{},3:0/5:0:2/5:0:0/4{},]
[Info   :Monster Train 2 Isolation Probe] SMOKE-RNG source-0 Master={s0:-905267014,s1:1653247403,s2:48924428,s3:-588248859,} NonDeterministic={s0:-407081132,s1:-116011454,s2:122775850,s3:1727564281,} SetupRun={s0:1522012100,s1:408987559,s2:572290056,s3:1818533109,} Spawning={s0:1059462399,s1:-1366890596,s2:846191757,s3:1191475362,} Chatter={s0:110906590,s1:48177559,s2:706940820,s3:1077369189,} CardDraw={s0:1404201429,s1:-99922742,s2:-90414896,s3:942939367,} Battle={s0:152371493,s1:1994997914,s2:2043602627,s3:1534354928,} BossActions={s0:106642708,s1:1899678949,s2:1511809882,s3:1842633859,} Merchant={s0:1648720830,s1:2127855607,s2:1980935028,s3:860534981,} StoryEvents={s0:2097849429,s1:1635209866,s2:-922391949,s3:-1572894112,} Rewards={s0:1974875670,s1:-1234232145,s2:217643020,s3:-333908116,} Trials={s0:56341503,s1:-428180836,s2:-1540105331,s3:97457058,} BossGeneration={s0:1242216635,s1:-466357048,s2:-403268887,s3:93376238,} BattleTest={s0:1653247403,s1:170354552,s2:-1942812071,s3:1964750366,} AutoselectTrainPath={s0:48924428,s1:1780528061,s2:88215186,s3:1792663963,} HellforgedShardEnemy={s0:1559234790,s1:1707120831,s2:-135038372,s3:1208910413,}
[Info   :Monster Train 2 Isolation Probe] DEPTH-CHECKPOINT turn=0 replayCount=3
[Info   :Monster Train 2 Isolation Probe] DEPTH-PLAY pass=Source handIndex=0 room=0
[Info   :Monster Train 2 Isolation Probe] DEPTH-PLAYED pass=Source turn=0
[Info   :Monster Train 2 Isolation Probe] DEPTH-WAIT stage=WaitingTurn pass=Source turn=0 sequence=InBattle loading=False
[Info   :Monster Train 2 Isolation Probe] SMOKE-SNAPSHOT source-1 turn=1 phase=MonsterTurn scenario=Level1BattleJunker pyre=80/80 energy=3 gold=50 forge=0 hoard=0 drawMod=0 spawnPhase=1 hand=[fb0683b1-20ac-4dd2-b580-14b502e182f4:0:0:0{}{},38e70e6a-20f3-4e36-8d31-c5110be07f87:0:0:0{}{},c8b39244-83c1-4eb3-b474-8898226d4280:0:0:0{}{},c8b39244-83c1-4eb3-b474-8898226d4280:0:0:0{}{},c8b39244-83c1-4eb3-b474-8898226d4280:0:0:0{}{},] draw=[fb0683b1-20ac-4dd2-b580-14b502e182f4:0:0:0{}{},d14a50f3-728d-43e1-87f0-ef1b013f6678:0:0:0{}{},19705414-816d-4549-bcf5-866f338a551f:0:0:0{}{},38e70e6a-20f3-4e36-8d31-c5110be07f87:0:0:0{}{},fb0683b1-20ac-4dd2-b580-14b502e182f4:0:0:0{}{},c8b39244-83c1-4eb3-b474-8898226d4280:0:0:0{}{},fb0683b1-20ac-4dd2-b580-14b502e182f4:0:0:0{}{},fb0683b1-20ac-4dd2-b580-14b502e182f4:0:0:0{}{},c8b39244-83c1-4eb3-b474-8898226d4280:0:0:0{}{},] discard=[] discardBuffer=[] exhausted=[] eaten=[] purged=[] heroes=[ShieldGuardT1_BasicNonAttack@0:0:0:5/5:0{statuses:armor:25:1:1::0;spikes:2:1:0::0}{equipment:}{upgrades:},MageT1_Junker@0:1:1:1/1:0{statuses:}{equipment:}{upgrades:},] monsters=[PyreHeartStarter@3:0:45:80/80:0{statuses:immobile:1:0:0::0;immune:1:0:0::0;relentless:1:0:0::0;sweep:1:0:0::0}{equipment:}{upgrades:},TrainStewardBig@0:0:8:25/25:0{statuses:}{equipment:}{upgrades:},] rooms=[0:5/5:0:3/5:0:0/4{},1:0/5:0:0/5:0:0/4{},2:0/5:0:0/5:0:0/4{},3:0/5:0:2/5:0:0/4{},]
[Info   :Monster Train 2 Isolation Probe] SMOKE-RNG source-1 Master={s0:-905267014,s1:1653247403,s2:48924428,s3:-588248859,} NonDeterministic={s0:1310329490,s1:1774748382,s2:474224074,s3:1924823780,} SetupRun={s0:1522012100,s1:408987559,s2:572290056,s3:1818533109,} Spawning={s0:1059462400,s1:445542657,s2:934485606,s3:-1313237953,} Chatter={s0:2064987292,s1:-706515631,s2:1779982319,s3:-913559485,} CardDraw={s0:297753370,s1:1770761320,s2:-920053149,s3:-120956702,} Battle={s0:152371493,s1:1994997914,s2:2043602627,s3:1534354928,} BossActions={s0:106642708,s1:1899678949,s2:1511809882,s3:1842633859,} Merchant={s0:1648720830,s1:2127855607,s2:1980935028,s3:860534981,} StoryEvents={s0:2097849429,s1:1635209866,s2:-922391949,s3:-1572894112,} Rewards={s0:1974875670,s1:-1234232145,s2:217643020,s3:-333908116,} Trials={s0:56341503,s1:-428180836,s2:-1540105331,s3:97457058,} BossGeneration={s0:1242216635,s1:-466357048,s2:-403268887,s3:93376238,} BattleTest={s0:1653247403,s1:170354552,s2:-1942812071,s3:1964750366,} AutoselectTrainPath={s0:48924428,s1:1780528061,s2:88215186,s3:1792663963,} HellforgedShardEnemy={s0:1559234790,s1:1707120831,s2:-135038372,s3:1208910413,}
[Info   :Monster Train 2 Isolation Probe] DEPTH-CHECKPOINT turn=1 replayCount=5
[Info   :Monster Train 2 Isolation Probe] DEPTH-WAIT stage=WaitingTurn pass=Source turn=2 sequence=InBattle loading=False
[Info   :Monster Train 2 Isolation Probe] SMOKE-SNAPSHOT source-2 turn=2 phase=MonsterTurn scenario=Level1BattleJunker pyre=80/80 energy=3 gold=50 forge=0 hoard=0 drawMod=0 spawnPhase=2 hand=[c8b39244-83c1-4eb3-b474-8898226d4280:0:0:0{}{},fb0683b1-20ac-4dd2-b580-14b502e182f4:0:0:0{}{},fb0683b1-20ac-4dd2-b580-14b502e182f4:0:0:0{}{},c8b39244-83c1-4eb3-b474-8898226d4280:0:0:0{}{},62cc5532-5fa0-4e66-9fec-85be573af359:0:0:0{}{},] draw=[fb0683b1-20ac-4dd2-b580-14b502e182f4:0:0:0{}{},d14a50f3-728d-43e1-87f0-ef1b013f6678:0:0:0{}{},19705414-816d-4549-bcf5-866f338a551f:0:0:0{}{},38e70e6a-20f3-4e36-8d31-c5110be07f87:0:0:0{}{},fb0683b1-20ac-4dd2-b580-14b502e182f4:0:0:0{}{},] discard=[c8b39244-83c1-4eb3-b474-8898226d4280:0:0:0{}{},c8b39244-83c1-4eb3-b474-8898226d4280:0:0:0{}{},c8b39244-83c1-4eb3-b474-8898226d4280:0:0:0{}{},38e70e6a-20f3-4e36-8d31-c5110be07f87:0:0:0{}{},fb0683b1-20ac-4dd2-b580-14b502e182f4:0:0:0{}{},] discardBuffer=[] exhausted=[] eaten=[] purged=[] heroes=[ShieldGuardT1_BasicNonAttack@1:0:0:5/5:0{statuses:armor:17:1:1::0;spikes:2:1:0::0}{equipment:}{upgrades:},MageT1_Junker@1:1:1:1/1:0{statuses:}{equipment:}{upgrades:},HeavyT1_Basic@0:0:4:45/45:0{statuses:}{equipment:}{upgrades:},MageT1_Junker@0:1:1:1/1:0{statuses:}{equipment:}{upgrades:},TreasureBagLvl1Gold@1:2:0:1/1:0{statuses:}{equipment:}{upgrades:},] monsters=[PyreHeartStarter@3:0:45:80/80:0{statuses:immobile:1:0:0::0;immune:1:0:0::0;relentless:1:0:0::0;sweep:1:0:0::0}{equipment:}{upgrades:},TrainStewardBig@0:0:8:22/25:0{statuses:}{equipment:}{upgrades:},] rooms=[0:4/5:0:3/5:0:0/4{},1:7/5:0:0/5:0:0/4{},2:0/5:0:0/5:0:0/4{},3:0/5:0:2/5:0:0/4{},]
[Info   :Monster Train 2 Isolation Probe] SMOKE-RNG source-2 Master={s0:-905267014,s1:1653247403,s2:48924428,s3:-588248859,} NonDeterministic={s0:1271880306,s1:174912832,s2:1069689548,s3:1063023325,} SetupRun={s0:1522012100,s1:408987559,s2:572290056,s3:1818533109,} Spawning={s0:1059462401,s1:-2036991386,s2:1022779455,s3:477016028,} Chatter={s0:1559996673,s1:1388982445,s2:-1512085677,s3:-478329532,} CardDraw={s0:297753370,s1:1770761320,s2:-920053149,s3:-120956702,} Battle={s0:1994997914,s1:2043602627,s2:1534354928,s3:-87467118,} BossActions={s0:106642708,s1:1899678949,s2:1511809882,s3:1842633859,} Merchant={s0:1648720830,s1:2127855607,s2:1980935028,s3:860534981,} StoryEvents={s0:2097849429,s1:1635209866,s2:-922391949,s3:-1572894112,} Rewards={s0:1974875670,s1:-1234232145,s2:217643020,s3:-333908116,} Trials={s0:56341503,s1:-428180836,s2:-1540105331,s3:97457058,} BossGeneration={s0:1242216635,s1:-466357048,s2:-403268887,s3:93376238,} BattleTest={s0:1653247403,s1:170354552,s2:-1942812071,s3:1964750366,} AutoselectTrainPath={s0:48924428,s1:1780528061,s2:88215186,s3:1792663963,} HellforgedShardEnemy={s0:1559234790,s1:1707120831,s2:-135038372,s3:1208910413,}
[Info   :Monster Train 2 Isolation Probe] DEPTH-CHECKPOINT turn=2 replayCount=6
[Info   :Monster Train 2 Isolation Probe] DEPTH-WAIT stage=WaitingTurn pass=Source turn=2 sequence=InBattle loading=False
[Info   :Monster Train 2 Isolation Probe] SMOKE-SNAPSHOT source-3 turn=3 phase=MonsterTurn scenario=Level1BattleJunker pyre=80/80 energy=3 gold=50 forge=0 hoard=0 drawMod=0 spawnPhase=3 hand=[19705414-816d-4549-bcf5-866f338a551f:0:0:0{}{},38e70e6a-20f3-4e36-8d31-c5110be07f87:0:0:0{}{},fb0683b1-20ac-4dd2-b580-14b502e182f4:0:0:0{}{},62cc5532-5fa0-4e66-9fec-85be573af359:0:0:0{}{},62cc5532-5fa0-4e66-9fec-85be573af359:0:0:0{}{},] draw=[fb0683b1-20ac-4dd2-b580-14b502e182f4:0:0:0{}{},d14a50f3-728d-43e1-87f0-ef1b013f6678:0:0:0{}{},] discard=[c8b39244-83c1-4eb3-b474-8898226d4280:0:0:0{}{},c8b39244-83c1-4eb3-b474-8898226d4280:0:0:0{}{},c8b39244-83c1-4eb3-b474-8898226d4280:0:0:0{}{},38e70e6a-20f3-4e36-8d31-c5110be07f87:0:0:0{}{},fb0683b1-20ac-4dd2-b580-14b502e182f4:0:0:0{}{},62cc5532-5fa0-4e66-9fec-85be573af359:0:0:0{}{},c8b39244-83c1-4eb3-b474-8898226d4280:0:0:0{}{},fb0683b1-20ac-4dd2-b580-14b502e182f4:0:0:0{}{},fb0683b1-20ac-4dd2-b580-14b502e182f4:0:0:0{}{},c8b39244-83c1-4eb3-b474-8898226d4280:0:0:0{}{},] discardBuffer=[] exhausted=[] eaten=[] purged=[] heroes=[ShieldGuardT1_BasicNonAttack@2:0:0:5/5:0{statuses:armor:17:1:1::0;spikes:2:1:0::0}{equipment:}{upgrades:},MageT1_Junker@2:1:1:1/1:0{statuses:}{equipment:}{upgrades:},HeavyT1_Basic@1:0:4:37/45:0{statuses:}{equipment:}{upgrades:},MageT1_Junker@1:1:1:1/1:0{statuses:}{equipment:}{upgrades:},] monsters=[PyreHeartStarter@3:0:45:80/80:0{statuses:immobile:1:0:0::0;immune:1:0:0::0;relentless:1:0:0::0;sweep:1:0:0::0}{equipment:}{upgrades:},TrainStewardBig@0:0:8:17/25:0{statuses:}{equipment:}{upgrades:},] rooms=[0:0/5:0:3/5:0:0/4{},1:4/5:0:0/5:0:0/4{},2:5/5:0:0/5:0:0/4{},3:0/5:0:2/5:0:0/4{},]
[Info   :Monster Train 2 Isolation Probe] SMOKE-RNG source-3 Master={s0:-905267014,s1:1653247403,s2:48924428,s3:-588248859,} NonDeterministic={s0:-1467660686,s1:611810853,s2:-1889840259,s3:1844865629,} SetupRun={s0:1522012100,s1:408987559,s2:572290056,s3:1818533109,} Spawning={s0:1059462402,s1:-224558133,s2:1111073304,s3:-2027697287,} Chatter={s0:-1689992066,s1:-925938365,s2:1265766401,s3:-1372190323,} CardDraw={s0:297753370,s1:1770761320,s2:-920053149,s3:-120956702,} Battle={s0:1534354928,s1:-87467118,s2:-971490879,s3:-923916481,} BossActions={s0:106642708,s1:1899678949,s2:1511809882,s3:1842633859,} Merchant={s0:1648720830,s1:2127855607,s2:1980935028,s3:860534981,} StoryEvents={s0:2097849429,s1:1635209866,s2:-922391949,s3:-1572894112,} Rewards={s0:1974875670,s1:-1234232145,s2:217643020,s3:-333908116,} Trials={s0:56341503,s1:-428180836,s2:-1540105331,s3:97457058,} BossGeneration={s0:1242216635,s1:-466357048,s2:-403268887,s3:93376238,} BattleTest={s0:1653247403,s1:170354552,s2:-1942812071,s3:1964750366,} AutoselectTrainPath={s0:48924428,s1:1780528061,s2:88215186,s3:1792663963,} HellforgedShardEnemy={s0:1559234790,s1:1707120831,s2:-135038372,s3:1208910413,}
[Info   :Monster Train 2 Isolation Probe] DEPTH-CHECKPOINT turn=3 replayCount=7
[Info   :Monster Train 2 Isolation Probe] DEPTH-WAIT stage=WaitingTurn pass=Source turn=3 sequence=InBattle loading=False
[Info   :Monster Train 2 Isolation Probe] SMOKE-SNAPSHOT source-4 turn=4 phase=MonsterTurn scenario=Level1BattleJunker pyre=77/80 energy=3 gold=50 forge=0 hoard=0 drawMod=0 spawnPhase=4 hand=[c8b39244-83c1-4eb3-b474-8898226d4280:0:0:0{}{},fb0683b1-20ac-4dd2-b580-14b502e182f4:0:0:0{}{},d14a50f3-728d-43e1-87f0-ef1b013f6678:0:0:0{}{},62cc5532-5fa0-4e66-9fec-85be573af359:0:0:0{}{},62cc5532-5fa0-4e66-9fec-85be573af359:0:0:0{}{},] draw=[fb0683b1-20ac-4dd2-b580-14b502e182f4:0:0:0{}{},c8b39244-83c1-4eb3-b474-8898226d4280:0:0:0{}{},62cc5532-5fa0-4e66-9fec-85be573af359:0:0:0{}{},38e70e6a-20f3-4e36-8d31-c5110be07f87:0:0:0{}{},c8b39244-83c1-4eb3-b474-8898226d4280:0:0:0{}{},fb0683b1-20ac-4dd2-b580-14b502e182f4:0:0:0{}{},62cc5532-5fa0-4e66-9fec-85be573af359:0:0:0{}{},c8b39244-83c1-4eb3-b474-8898226d4280:0:0:0{}{},fb0683b1-20ac-4dd2-b580-14b502e182f4:0:0:0{}{},c8b39244-83c1-4eb3-b474-8898226d4280:0:0:0{}{},62cc5532-5fa0-4e66-9fec-85be573af359:0:0:0{}{},19705414-816d-4549-bcf5-866f338a551f:0:0:0{}{},38e70e6a-20f3-4e36-8d31-c5110be07f87:0:0:0{}{},fb0683b1-20ac-4dd2-b580-14b502e182f4:0:0:0{}{},] discard=[] discardBuffer=[] exhausted=[] eaten=[] purged=[] heroes=[HeavyT1_Basic@2:0:4:37/45:0{statuses:}{equipment:}{upgrades:},MageT1_Junker@2:1:1:1/1:0{statuses:}{equipment:}{upgrades:},ShieldGuardT1_BasicNonAttack@0:0:0:5/5:0{statuses:armor:25:1:1::0;spikes:2:1:0::0}{equipment:}{upgrades:},Boss_Level1_Basic@0:1:7:125/125:0{statuses:relentless:1:0:0::0}{equipment:}{upgrades:},] monsters=[PyreHeartStarter@3:0:45:77/80:0{statuses:immobile:1:0:0::0;immune:1:0:0::0;relentless:1:0:0::0;sweep:1:0:0::0}{equipment:}{upgrades:},TrainStewardBig@0:0:8:17/25:0{statuses:}{equipment:}{upgrades:},] rooms=[0:8/5:0:3/5:0:0/4{},1:0/5:0:0/5:0:0/4{},2:4/5:0:0/5:0:0/4{},3:0/5:0:2/5:0:0/4{},]
[Info   :Monster Train 2 Isolation Probe] SMOKE-RNG source-4 Master={s0:-905267014,s1:1653247403,s2:48924428,s3:-588248859,} NonDeterministic={s0:197228987,s1:-628356469,s2:-1922436922,s3:492180740,} SetupRun={s0:1522012100,s1:408987559,s2:572290056,s3:1818533109,} Spawning={s0:1059462403,s1:1587875120,s2:1199367153,s3:-237443306,} Chatter={s0:-14618815,s1:1063769301,s2:549025396,s3:1689744791,} CardDraw={s0:219949761,s1:1865561619,s2:-742148280,s3:1571284635,} Battle={s0:-971490879,s1:-923916481,s2:810385463,s3:-2132256665,} BossActions={s0:106642708,s1:1899678949,s2:1511809882,s3:1842633859,} Merchant={s0:1648720830,s1:2127855607,s2:1980935028,s3:860534981,} StoryEvents={s0:2097849429,s1:1635209866,s2:-922391949,s3:-1572894112,} Rewards={s0:1974875670,s1:-1234232145,s2:217643020,s3:-333908116,} Trials={s0:56341503,s1:-428180836,s2:-1540105331,s3:97457058,} BossGeneration={s0:1242216635,s1:-466357048,s2:-403268887,s3:93376238,} BattleTest={s0:1653247403,s1:170354552,s2:-1942812071,s3:1964750366,} AutoselectTrainPath={s0:48924428,s1:1780528061,s2:88215186,s3:1792663963,} HellforgedShardEnemy={s0:1559234790,s1:1707120831,s2:-135038372,s3:1208910413,}
[Info   :Monster Train 2 Isolation Probe] DEPTH-CHECKPOINT turn=4 replayCount=8
[Info   :Monster Train 2 Isolation Probe] DEPTH-RESTART-START entries=8
[Info   :Monster Train 2 Isolation Probe] AppManager.Awake reached with isolated save-root patch active.
Unloading 5 Unused Serialized files (Serialized files now loaded: 28)
Unloading 449 unused Assets to reduce memory usage. Loaded Objects now: 103857.
Total: 72.327500 ms (FindLiveObjects: 14.131200 ms CreateObjectMapping: 7.331000 ms MarkObjects: 47.556600 ms  DeleteObjects: 3.308400 ms)

Unloading 7 Unused Serialized files (Serialized files now loaded: 29)
Unloading 3 unused Assets to reduce memory usage. Loaded Objects now: 104284.
Total: 94.696600 ms (FindLiveObjects: 11.318600 ms CreateObjectMapping: 7.633100 ms MarkObjects: 75.595000 ms  DeleteObjects: 0.149500 ms)

[Info   :Monster Train 2 Isolation Probe] AppManager.Awake reached with isolated save-root patch active.
Unloading 8 Unused Serialized files (Serialized files now loaded: 29)
Unloading 283 unused Assets to reduce memory usage. Loaded Objects now: 122831.
Total: 79.184500 ms (FindLiveObjects: 13.910900 ms CreateObjectMapping: 5.770300 ms MarkObjects: 57.389700 ms  DeleteObjects: 2.113200 ms)

[Info   :Monster Train 2 Isolation Probe] DEPTH-WAIT stage=Restarting pass=Source turn=0 sequence=InBattle loading=False
[Info   :Monster Train 2 Isolation Probe] DEPTH-RESTART-MS 3375
[Info   :Monster Train 2 Isolation Probe] SMOKE-SNAPSHOT restarted-0 turn=0 phase=MonsterTurn scenario=Level1BattleJunker pyre=80/80 energy=4 gold=50 forge=0 hoard=0 drawMod=0 spawnPhase=0 hand=[d14a50f3-728d-43e1-87f0-ef1b013f6678:0:0:0{}{},d14a50f3-728d-43e1-87f0-ef1b013f6678:0:0:0{}{},19705414-816d-4549-bcf5-866f338a551f:0:0:0{}{},] draw=[fb0683b1-20ac-4dd2-b580-14b502e182f4:0:0:0{}{},fb0683b1-20ac-4dd2-b580-14b502e182f4:0:0:0{}{},fb0683b1-20ac-4dd2-b580-14b502e182f4:0:0:0{}{},c8b39244-83c1-4eb3-b474-8898226d4280:0:0:0{}{},fb0683b1-20ac-4dd2-b580-14b502e182f4:0:0:0{}{},fb0683b1-20ac-4dd2-b580-14b502e182f4:0:0:0{}{},c8b39244-83c1-4eb3-b474-8898226d4280:0:0:0{}{},38e70e6a-20f3-4e36-8d31-c5110be07f87:0:0:0{}{},38e70e6a-20f3-4e36-8d31-c5110be07f87:0:0:0{}{},c8b39244-83c1-4eb3-b474-8898226d4280:0:0:0{}{},c8b39244-83c1-4eb3-b474-8898226d4280:0:0:0{}{},c8b39244-83c1-4eb3-b474-8898226d4280:0:0:0{}{},] discard=[] discardBuffer=[] exhausted=[] eaten=[] purged=[] heroes=[] monsters=[PyreHeartStarter@3:0:45:80/80:0{statuses:immobile:1:0:0::0;immune:1:0:0::0;relentless:1:0:0::0;sweep:1:0:0::0}{equipment:}{upgrades:},] rooms=[0:0/5:0:0/5:0:0/4{},1:0/5:0:0/5:0:0/4{},2:0/5:0:0/5:0:0/4{},3:0/5:0:2/5:0:0/4{},]
[Info   :Monster Train 2 Isolation Probe] SMOKE-RNG restarted-0 Master={s0:-905267014,s1:1653247403,s2:48924428,s3:-588248859,} NonDeterministic={s0:-1275543131,s1:-194042702,s2:1340313110,s3:1921009920,} SetupRun={s0:1522012100,s1:408987559,s2:572290056,s3:1818533109,} Spawning={s0:1059462399,s1:-1366890596,s2:846191757,s3:1191475362,} Chatter={s0:110906590,s1:48177559,s2:706940820,s3:1077369189,} CardDraw={s0:1404201429,s1:-99922742,s2:-90414896,s3:942939367,} Battle={s0:152371493,s1:1994997914,s2:2043602627,s3:1534354928,} BossActions={s0:106642708,s1:1899678949,s2:1511809882,s3:1842633859,} Merchant={s0:1648720830,s1:2127855607,s2:1980935028,s3:860534981,} StoryEvents={s0:2097849429,s1:1635209866,s2:-922391949,s3:-1572894112,} Rewards={s0:1974875670,s1:-1234232145,s2:217643020,s3:-333908116,} Trials={s0:56341503,s1:-428180836,s2:-1540105331,s3:97457058,} BossGeneration={s0:1242216635,s1:-466357048,s2:-403268887,s3:93376238,} BattleTest={s0:1653247403,s1:170354552,s2:-1942812071,s3:1964750366,} AutoselectTrainPath={s0:48924428,s1:1780528061,s2:88215186,s3:1792663963,} HellforgedShardEnemy={s0:1559234790,s1:1707120831,s2:-135038372,s3:1208910413,}
[Info   :Monster Train 2 Isolation Probe] DEPTH-REPLAY-START skip=3 targetCount=7 fullCount=8
[Info   :Monster Train 2 Isolation Probe] DEPTH-WAIT stage=Replaying pass=Source turn=1 sequence=InBattle loading=False
[Info   :Monster Train 2 Isolation Probe] DEPTH-WAIT stage=Replaying pass=Source turn=2 sequence=InBattle loading=False
[Info   :Monster Train 2 Isolation Probe] DEPTH-REPLAY-MS 26966
[Info   :Monster Train 2 Isolation Probe] SMOKE-SNAPSHOT replayed-3 turn=3 phase=MonsterTurn scenario=Level1BattleJunker pyre=80/80 energy=3 gold=50 forge=0 hoard=0 drawMod=0 spawnPhase=3 hand=[19705414-816d-4549-bcf5-866f338a551f:0:0:0{}{},38e70e6a-20f3-4e36-8d31-c5110be07f87:0:0:0{}{},fb0683b1-20ac-4dd2-b580-14b502e182f4:0:0:0{}{},62cc5532-5fa0-4e66-9fec-85be573af359:0:0:0{}{},62cc5532-5fa0-4e66-9fec-85be573af359:0:0:0{}{},] draw=[fb0683b1-20ac-4dd2-b580-14b502e182f4:0:0:0{}{},d14a50f3-728d-43e1-87f0-ef1b013f6678:0:0:0{}{},] discard=[c8b39244-83c1-4eb3-b474-8898226d4280:0:0:0{}{},c8b39244-83c1-4eb3-b474-8898226d4280:0:0:0{}{},c8b39244-83c1-4eb3-b474-8898226d4280:0:0:0{}{},38e70e6a-20f3-4e36-8d31-c5110be07f87:0:0:0{}{},fb0683b1-20ac-4dd2-b580-14b502e182f4:0:0:0{}{},62cc5532-5fa0-4e66-9fec-85be573af359:0:0:0{}{},c8b39244-83c1-4eb3-b474-8898226d4280:0:0:0{}{},fb0683b1-20ac-4dd2-b580-14b502e182f4:0:0:0{}{},fb0683b1-20ac-4dd2-b580-14b502e182f4:0:0:0{}{},c8b39244-83c1-4eb3-b474-8898226d4280:0:0:0{}{},] discardBuffer=[] exhausted=[] eaten=[] purged=[] heroes=[ShieldGuardT1_BasicNonAttack@2:0:0:5/5:0{statuses:armor:17:1:1::0;spikes:2:1:0::0}{equipment:}{upgrades:},MageT1_Junker@2:1:1:1/1:0{statuses:}{equipment:}{upgrades:},HeavyT1_Basic@1:0:4:37/45:0{statuses:}{equipment:}{upgrades:},MageT1_Junker@1:1:1:1/1:0{statuses:}{equipment:}{upgrades:},] monsters=[PyreHeartStarter@3:0:45:80/80:0{statuses:immobile:1:0:0::0;immune:1:0:0::0;relentless:1:0:0::0;sweep:1:0:0::0}{equipment:}{upgrades:},TrainStewardBig@0:0:8:17/25:0{statuses:}{equipment:}{upgrades:},] rooms=[0:0/5:0:3/5:0:0/4{},1:4/5:0:0/5:0:0/4{},2:5/5:0:0/5:0:0/4{},3:0/5:0:2/5:0:0/4{},]
[Info   :Monster Train 2 Isolation Probe] SMOKE-RNG replayed-3 Master={s0:-905267014,s1:1653247403,s2:48924428,s3:-588248859,} NonDeterministic={s0:1063023325,s1:242328462,s2:1675268597,s3:1298154248,} SetupRun={s0:1522012100,s1:408987559,s2:572290056,s3:1818533109,} Spawning={s0:1059462402,s1:-224558133,s2:1111073304,s3:-2027697287,} Chatter={s0:-1689992066,s1:-925938365,s2:1265766401,s3:-1372190323,} CardDraw={s0:297753370,s1:1770761320,s2:-920053149,s3:-120956702,} Battle={s0:1534354928,s1:-87467118,s2:-971490879,s3:-923916481,} BossActions={s0:106642708,s1:1899678949,s2:1511809882,s3:1842633859,} Merchant={s0:1648720830,s1:2127855607,s2:1980935028,s3:860534981,} StoryEvents={s0:2097849429,s1:1635209866,s2:-922391949,s3:-1572894112,} Rewards={s0:1974875670,s1:-1234232145,s2:217643020,s3:-333908116,} Trials={s0:56341503,s1:-428180836,s2:-1540105331,s3:97457058,} BossGeneration={s0:1242216635,s1:-466357048,s2:-403268887,s3:93376238,} BattleTest={s0:1653247403,s1:170354552,s2:-1942812071,s3:1964750366,} AutoselectTrainPath={s0:48924428,s1:1780528061,s2:88215186,s3:1792663963,} HellforgedShardEnemy={s0:1559234790,s1:1707120831,s2:-135038372,s3:1208910413,}
[Info   :Monster Train 2 Isolation Probe] DEPTH-PREFIX-MATCH turn=3 entries=7
[Info   :Monster Train 2 Isolation Probe] SMOKE-SNAPSHOT branched-3 turn=3 phase=MonsterTurn scenario=Level1BattleJunker pyre=80/80 energy=3 gold=50 forge=0 hoard=0 drawMod=0 spawnPhase=3 hand=[19705414-816d-4549-bcf5-866f338a551f:0:0:0{}{},38e70e6a-20f3-4e36-8d31-c5110be07f87:0:0:0{}{},fb0683b1-20ac-4dd2-b580-14b502e182f4:0:0:0{}{},62cc5532-5fa0-4e66-9fec-85be573af359:0:0:0{}{},62cc5532-5fa0-4e66-9fec-85be573af359:0:0:0{}{},] draw=[fb0683b1-20ac-4dd2-b580-14b502e182f4:0:0:0{}{},d14a50f3-728d-43e1-87f0-ef1b013f6678:0:0:0{}{},] discard=[c8b39244-83c1-4eb3-b474-8898226d4280:0:0:0{}{},c8b39244-83c1-4eb3-b474-8898226d4280:0:0:0{}{},c8b39244-83c1-4eb3-b474-8898226d4280:0:0:0{}{},38e70e6a-20f3-4e36-8d31-c5110be07f87:0:0:0{}{},fb0683b1-20ac-4dd2-b580-14b502e182f4:0:0:0{}{},62cc5532-5fa0-4e66-9fec-85be573af359:0:0:0{}{},c8b39244-83c1-4eb3-b474-8898226d4280:0:0:0{}{},fb0683b1-20ac-4dd2-b580-14b502e182f4:0:0:0{}{},fb0683b1-20ac-4dd2-b580-14b502e182f4:0:0:0{}{},c8b39244-83c1-4eb3-b474-8898226d4280:0:0:0{}{},] discardBuffer=[] exhausted=[] eaten=[] purged=[] heroes=[ShieldGuardT1_BasicNonAttack@2:0:0:5/5:0{statuses:armor:17:1:1::0;spikes:2:1:0::0}{equipment:}{upgrades:},MageT1_Junker@2:1:1:1/1:0{statuses:}{equipment:}{upgrades:},HeavyT1_Basic@1:0:4:37/45:0{statuses:}{equipment:}{upgrades:},MageT1_Junker@1:1:1:1/1:0{statuses:}{equipment:}{upgrades:},] monsters=[PyreHeartStarter@3:0:45:80/80:0{statuses:immobile:1:0:0::0;immune:1:0:0::0;relentless:1:0:0::0;sweep:1:0:0::0}{equipment:}{upgrades:},TrainStewardBig@0:0:8:17/25:0{statuses:}{equipment:}{upgrades:},] rooms=[0:0/5:0:3/5:0:0/4{},1:4/5:0:0/5:0:0/4{},2:5/5:0:0/5:0:0/4{},3:0/5:0:2/5:0:0/4{},]
[Info   :Monster Train 2 Isolation Probe] SMOKE-RNG branched-3 Master={s0:-905267014,s1:1653247403,s2:48924428,s3:-588248859,} NonDeterministic={s0:1063023325,s1:242328462,s2:1675268597,s3:1298154248,} SetupRun={s0:1522012100,s1:408987559,s2:572290056,s3:1818533109,} Spawning={s0:1059462402,s1:-224558133,s2:1111073304,s3:-2027697287,} Chatter={s0:-1689992066,s1:-925938365,s2:1265766401,s3:-1372190323,} CardDraw={s0:297753370,s1:1770761320,s2:-920053149,s3:-120956702,} Battle={s0:1534354928,s1:-87467118,s2:-971490879,s3:-923916481,} BossActions={s0:106642708,s1:1899678949,s2:1511809882,s3:1842633859,} Merchant={s0:1648720830,s1:2127855607,s2:1980935028,s3:860534981,} StoryEvents={s0:2097849429,s1:1635209866,s2:-922391949,s3:-1572894112,} Rewards={s0:1974875670,s1:-1234232145,s2:217643020,s3:-333908116,} Trials={s0:56341503,s1:-428180836,s2:-1540105331,s3:97457058,} BossGeneration={s0:1242216635,s1:-466357048,s2:-403268887,s3:93376238,} BattleTest={s0:1653247403,s1:170354552,s2:-1942812071,s3:1964750366,} AutoselectTrainPath={s0:48924428,s1:1780528061,s2:88215186,s3:1792663963,} HellforgedShardEnemy={s0:1559234790,s1:1707120831,s2:-135038372,s3:1208910413,}
[Info   :Monster Train 2 Isolation Probe] DEPTH-PLAY pass=Branched card=19705414-816d-4549-bcf5-866f338a551f handIndex=0 room=0
[Info   :Monster Train 2 Isolation Probe] DEPTH-PLAYED pass=Branched turn=3
[Info   :Monster Train 2 Isolation Probe] DEPTH-WAIT stage=WaitingTurn pass=Branched turn=3 sequence=InBattle loading=False
[Info   :Monster Train 2 Isolation Probe] DEPTH-WAIT stage=WaitingTurn pass=Branched turn=4 sequence=InBattle loading=False
[Info   :Monster Train 2 Isolation Probe] SMOKE-SNAPSHOT branched-4 turn=4 phase=MonsterTurn scenario=Level1BattleJunker pyre=77/80 energy=3 gold=50 forge=0 hoard=0 drawMod=0 spawnPhase=4 hand=[fb0683b1-20ac-4dd2-b580-14b502e182f4:0:0:0{}{},fb0683b1-20ac-4dd2-b580-14b502e182f4:0:0:0{}{},d14a50f3-728d-43e1-87f0-ef1b013f6678:0:0:0{}{},62cc5532-5fa0-4e66-9fec-85be573af359:0:0:0{}{},62cc5532-5fa0-4e66-9fec-85be573af359:0:0:0{}{},] draw=[c8b39244-83c1-4eb3-b474-8898226d4280:0:0:0{}{},38e70e6a-20f3-4e36-8d31-c5110be07f87:0:0:0{}{},62cc5532-5fa0-4e66-9fec-85be573af359:0:0:0{}{},c8b39244-83c1-4eb3-b474-8898226d4280:0:0:0{}{},62cc5532-5fa0-4e66-9fec-85be573af359:0:0:0{}{},fb0683b1-20ac-4dd2-b580-14b502e182f4:0:0:0{}{},38e70e6a-20f3-4e36-8d31-c5110be07f87:0:0:0{}{},62cc5532-5fa0-4e66-9fec-85be573af359:0:0:0{}{},c8b39244-83c1-4eb3-b474-8898226d4280:0:0:0{}{},c8b39244-83c1-4eb3-b474-8898226d4280:0:0:0{}{},fb0683b1-20ac-4dd2-b580-14b502e182f4:0:0:0{}{},c8b39244-83c1-4eb3-b474-8898226d4280:0:0:0{}{},fb0683b1-20ac-4dd2-b580-14b502e182f4:0:0:0{}{},] discard=[] discardBuffer=[] exhausted=[] eaten=[] purged=[] heroes=[HeavyT1_Basic@2:0:4:37/45:0{statuses:}{equipment:}{upgrades:},MageT1_Junker@2:1:1:1/1:0{statuses:}{equipment:}{upgrades:},ShieldGuardT1_BasicNonAttack@0:0:0:5/5:0{statuses:armor:25:1:1::0;spikes:2:1:0::0}{equipment:}{upgrades:},Boss_Level1_Basic@0:1:7:125/125:0{statuses:relentless:1:0:0::0}{equipment:}{upgrades:},] monsters=[PyreHeartStarter@3:0:45:77/80:0{statuses:immobile:1:0:0::0;immune:1:0:0::0;relentless:1:0:0::0;sweep:1:0:0::0}{equipment:}{upgrades:},TrainStewardBig@0:0:8:17/25:0{statuses:}{equipment:}{upgrades:},MonsterBanishedChampion1@0:1:1:10/10:0{statuses:multistrike:1:2:0::0}{equipment:}{upgrades:},] rooms=[0:8/5:0:5/5:0:0/4{},1:0/5:0:0/5:0:0/4{},2:4/5:0:0/5:0:0/4{},3:0/5:0:2/5:0:0/4{},]
[Info   :Monster Train 2 Isolation Probe] SMOKE-RNG branched-4 Master={s0:-905267014,s1:1653247403,s2:48924428,s3:-588248859,} NonDeterministic={s0:1652306801,s1:1155147381,s2:1304064889,s3:1585285717,} SetupRun={s0:1522012100,s1:408987559,s2:572290056,s3:1818533109,} Spawning={s0:1059462403,s1:1587875120,s2:1199367153,s3:-237443306,} Chatter={s0:-782085373,s1:1704483129,s2:670204941,s3:-924659601,} CardDraw={s0:-1721569014,s1:219949761,s2:1865561619,s3:-742148280,} Battle={s0:-971490879,s1:-923916481,s2:810385463,s3:-2132256665,} BossActions={s0:106642708,s1:1899678949,s2:1511809882,s3:1842633859,} Merchant={s0:1648720830,s1:2127855607,s2:1980935028,s3:860534981,} StoryEvents={s0:2097849429,s1:1635209866,s2:-922391949,s3:-1572894112,} Rewards={s0:1974875670,s1:-1234232145,s2:217643020,s3:-333908116,} Trials={s0:56341503,s1:-428180836,s2:-1540105331,s3:97457058,} BossGeneration={s0:1242216635,s1:-466357048,s2:-403268887,s3:93376238,} BattleTest={s0:1653247403,s1:170354552,s2:-1942812071,s3:1964750366,} AutoselectTrainPath={s0:48924428,s1:1780528061,s2:88215186,s3:1792663963,} HellforgedShardEnemy={s0:1559234790,s1:1707120831,s2:-135038372,s3:1208910413,}
[Info   :Monster Train 2 Isolation Probe] DEPTH-FINAL pyre=77/80 turn=4 pass=Branched
[Info   :Monster Train 2 Isolation Probe] DEPTH-PASS Depth 4 branch at turn 3 completed.
Input System module state changed to: ShutdownInProgress.
Input System polling thread exited.
Input System module state changed to: Shutdown.
Memory Statistics:
[ALLOC_TEMP_TLS] TLS Allocator
  StackAllocators : 
    [ALLOC_TEMP_MAIN]
      Peak usage frame count: [0-1.0 KB]: 2313 frames, [1.0 KB-2.0 KB]: 3 frames, [2.0 KB-4.0 KB]: 72 frames, [4.0 KB-8.0 KB]: 3018 frames, [8.0 KB-16.0 KB]: 16045 frames, [16.0 KB-32.0 KB]: 1734 frames, [32.0 KB-64.0 KB]: 2295 frames, [64.0 KB-128.0 KB]: 37217 frames, [128.0 KB-256.0 KB]: 7 frames, [256.0 KB-0.5 MB]: 30 frames, [0.5 MB-1.0 MB]: 26 frames, [2.0 MB-4.0 MB]: 1 frames, [4.0 MB-8.0 MB]: 24 frames
      Initial Block Size 4.0 MB
      Current Block Size 8.0 MB
      Peak Allocated Bytes 8.0 MB
      Overflow Count 85
    [ALLOC_TEMP_Loading.AsyncRead]
      Initial Block Size 64.0 KB
      Current Block Size 124.0 KB
      Peak Allocated Bytes 123.1 KB
      Overflow Count 0
    [ALLOC_TEMP_Loading.PreloadManager]
      Initial Block Size 256.0 KB
      Current Block Size 0.5 MB
      Peak Allocated Bytes 508.4 KB
      Overflow Count 166719
    [ALLOC_TEMP_Background Job.Worker 8]
      Initial Block Size 32.0 KB
      Current Block Size 32.0 KB
      Peak Allocated Bytes 54 B
      Overflow Count 0
    [ALLOC_TEMP_Background Job.Worker 9]
      Initial Block Size 32.0 KB
      Current Block Size 32.0 KB
      Peak Allocated Bytes 54 B
      Overflow Count 0
    [ALLOC_TEMP_Job.Worker 0]
      Initial Block Size 256.0 KB
      Current Block Size 256.0 KB
      Peak Allocated Bytes 8.3 KB
      Overflow Count 0
    [ALLOC_TEMP_Background Job.Worker 10]
      Initial Block Size 32.0 KB
      Current Block Size 32.0 KB
      Peak Allocated Bytes 54 B
      Overflow Count 0
    [ALLOC_TEMP_Job.Worker 6]
      Initial Block Size 256.0 KB
      Current Block Size 256.0 KB
      Peak Allocated Bytes 47.3 KB
      Overflow Count 0
    [ALLOC_TEMP_Job.Worker 5]
      Initial Block Size 256.0 KB
      Current Block Size 256.0 KB
      Peak Allocated Bytes 45.9 KB
      Overflow Count 0
    [ALLOC_TEMP_Background Job.Worker 14]
      Initial Block Size 32.0 KB
      Current Block Size 32.0 KB
      Peak Allocated Bytes 54 B
      Overflow Count 0
    [ALLOC_TEMP_Background Job.Worker 6]
      Initial Block Size 32.0 KB
      Current Block Size 32.0 KB
      Peak Allocated Bytes 54 B
      Overflow Count 0
    [ALLOC_TEMP_Job.Worker 4]
      Initial Block Size 256.0 KB
      Current Block Size 256.0 KB
      Peak Allocated Bytes 47.9 KB
      Overflow Count 0
    [ALLOC_TEMP_Job.Worker 14]
      Initial Block Size 256.0 KB
      Current Block Size 256.0 KB
      Peak Allocated Bytes 7.2 KB
      Overflow Count 0
    [ALLOC_TEMP_Job.Worker 3]
      Initial Block Size 256.0 KB
      Current Block Size 256.0 KB
      Peak Allocated Bytes 49.9 KB
      Overflow Count 0
    [ALLOC_TEMP_Job.Worker 13]
      Initial Block Size 256.0 KB
      Current Block Size 256.0 KB
      Peak Allocated Bytes 31.7 KB
      Overflow Count 0
    [ALLOC_TEMP_Background Job.Worker 12]
      Initial Block Size 32.0 KB
      Current Block Size 32.0 KB
      Peak Allocated Bytes 54 B
      Overflow Count 0
    [ALLOC_TEMP_EnlightenWorker] x 8
      Initial Block Size 64.0 KB
      Current Block Size 64.0 KB
      Peak Allocated Bytes 54 B
      Overflow Count 0
    [ALLOC_TEMP_Background Job.Worker 15]
      Initial Block Size 32.0 KB
      Current Block Size 32.0 KB
      Peak Allocated Bytes 54 B
      Overflow Count 0
    [ALLOC_TEMP_Background Job.Worker 1]
      Initial Block Size 32.0 KB
      Current Block Size 32.0 KB
      Peak Allocated Bytes 23.9 KB
      Overflow Count 0
    [ALLOC_TEMP_Background Job.Worker 2]
      Initial Block Size 32.0 KB
      Current Block Size 32.0 KB
      Peak Allocated Bytes 21.0 KB
      Overflow Count 0
    [ALLOC_TEMP_Background Job.Worker 7]
      Initial Block Size 32.0 KB
      Current Block Size 32.0 KB
      Peak Allocated Bytes 54 B
      Overflow Count 0
    [ALLOC_TEMP_UnityGfxDeviceWorker]
      Initial Block Size 256.0 KB
      Current Block Size 256.0 KB
      Peak Allocated Bytes 25.6 KB
      Overflow Count 0
    [ALLOC_TEMP_AssetGarbageCollectorHelper] x 15
      Initial Block Size 64.0 KB
      Current Block Size 64.0 KB
      Peak Allocated Bytes 138 B
      Overflow Count 0
    [ALLOC_TEMP_Background Job.Worker 5]
      Initial Block Size 32.0 KB
      Current Block Size 32.0 KB
      Peak Allocated Bytes 54 B
      Overflow Count 0
    [ALLOC_TEMP_Job.Worker 9]
      Initial Block Size 256.0 KB
      Current Block Size 256.0 KB
      Peak Allocated Bytes 23.9 KB
      Overflow Count 0
    [ALLOC_TEMP_Background Job.Worker 13]
      Initial Block Size 32.0 KB
      Current Block Size 32.0 KB
      Peak Allocated Bytes 54 B
      Overflow Count 0
    [ALLOC_TEMP_Job.Worker 8]
      Initial Block Size 256.0 KB
      Current Block Size 256.0 KB
      Peak Allocated Bytes 31.7 KB
      Overflow Count 0
    [ALLOC_TEMP_Job.Worker 7]
      Initial Block Size 256.0 KB
      Current Block Size 256.0 KB
      Peak Allocated Bytes 32.7 KB
      Overflow Count 0
    [ALLOC_TEMP_Job.Worker 1]
      Initial Block Size 256.0 KB
      Current Block Size 256.0 KB
      Peak Allocated Bytes 55.9 KB
      Overflow Count 0
    [ALLOC_TEMP_Job.Worker 2]
      Initial Block Size 256.0 KB
      Current Block Size 256.0 KB
      Peak Allocated Bytes 55.5 KB
      Overflow Count 0
    [ALLOC_TEMP_Background Job.Worker 3]
      Initial Block Size 32.0 KB
      Current Block Size 32.0 KB
      Peak Allocated Bytes 2.6 KB
      Overflow Count 0
    [ALLOC_TEMP_Background Job.Worker 11]
      Initial Block Size 32.0 KB
      Current Block Size 32.0 KB
      Peak Allocated Bytes 54 B
      Overflow Count 0
    [ALLOC_TEMP_Job.Worker 10]
      Initial Block Size 256.0 KB
      Current Block Size 256.0 KB
      Peak Allocated Bytes 22.8 KB
      Overflow Count 0
    [ALLOC_TEMP_Background Job.Worker 0]
      Initial Block Size 32.0 KB
      Current Block Size 32.0 KB
      Peak Allocated Bytes 54 B
      Overflow Count 0
    [ALLOC_TEMP_Job.Worker 11]
      Initial Block Size 256.0 KB
      Current Block Size 256.0 KB
      Peak Allocated Bytes 22.8 KB
      Overflow Count 0
    [ALLOC_TEMP_Job.Worker 12]
      Initial Block Size 256.0 KB
      Current Block Size 256.0 KB
      Peak Allocated Bytes 22.8 KB
      Overflow Count 0
    [ALLOC_TEMP_Background Job.Worker 4]
      Initial Block Size 32.0 KB
      Current Block Size 32.0 KB
      Peak Allocated Bytes 54 B
      Overflow Count 0
    [ALLOC_TEMP_BatchDeleteObjects]
      Initial Block Size 64.0 KB
      Current Block Size 64.0 KB
      Peak Allocated Bytes 54 B
      Overflow Count 0
[ALLOC_DEFAULT] Dual Thread Allocator
  Peak main deferred allocation count 49291
    [ALLOC_BUCKET]
      Large Block size 4.0 MB
      Used Block count 1
      Peak Allocated bytes 4.0 MB
      Failed Allocations. Bucket layout:
        16B: 21 Subsections = 21504 buckets. Failed count: 284235
        32B: 28 Subsections = 14336 buckets. Failed count: 246472
        48B: 120 Subsections = 40960 buckets. Failed count: 6465270
        64B: 37 Subsections = 9472 buckets. Failed count: 184170
        80B: 33 Subsections = 6758 buckets. Failed count: 30250
        96B: 4 Subsections = 682 buckets. Failed count: 43969
        112B: 6 Subsections = 877 buckets. Failed count: 33253
        128B: 7 Subsections = 896 buckets. Failed count: 82997
    [ALLOC_DEFAULT_MAIN]
      Peak usage frame count: [16.0 MB-32.0 MB]: 2084 frames, [32.0 MB-64.0 MB]: 4485 frames, [64.0 MB-128.0 MB]: 56216 frames
      Requested Block Size 16.0 MB
      Peak Block count 7
      Peak Allocated memory 110.5 MB
      Peak Large allocation bytes 20.0 MB
    [ALLOC_DEFAULT_THREAD]
      Peak usage frame count: [32.0 MB-64.0 MB]: 15180 frames, [64.0 MB-128.0 MB]: 47605 frames
      Requested Block Size 16.0 MB
      Peak Block count 7
      Peak Allocated memory 93.3 MB
      Peak Large allocation bytes 0 B
[ALLOC_TEMP_JOB_1_FRAME]
  Initial Block Size 2.0 MB
  Used Block Count 0
  Overflow Count (too large) 0
  Overflow Count (full) 0
[ALLOC_TEMP_JOB_2_FRAMES]
  Initial Block Size 2.0 MB
  Used Block Count 0
  Overflow Count (too large) 0
  Overflow Count (full) 0
[ALLOC_TEMP_JOB_4_FRAMES (JobTemp)]
  Initial Block Size 2.0 MB
  Used Block Count 1
  Overflow Count (too large) 0
  Overflow Count (full) 0
[ALLOC_TEMP_JOB_ASYNC (Background)]
  Initial Block Size 1.0 MB
  Used Block Count 1
  Overflow Count (too large) 0
  Overflow Count (full) 0
[ALLOC_GFX] Dual Thread Allocator
  Peak main deferred allocation count 29
    [ALLOC_BUCKET]
      Large Block size 4.0 MB
      Used Block count 1
      Peak Allocated bytes 4.0 MB
      Failed Allocations. Bucket layout:
        16B: 21 Subsections = 21504 buckets. Failed count: 284235
        32B: 28 Subsections = 14336 buckets. Failed count: 246472
        48B: 120 Subsections = 40960 buckets. Failed count: 6465270
        64B: 37 Subsections = 9472 buckets. Failed count: 184170
        80B: 33 Subsections = 6758 buckets. Failed count: 30250
        96B: 4 Subsections = 682 buckets. Failed count: 43969
        112B: 6 Subsections = 877 buckets. Failed count: 33253
        128B: 7 Subsections = 896 buckets. Failed count: 82997
    [ALLOC_GFX_MAIN]
      Peak usage frame count: [0.5 MB-1.0 MB]: 5179 frames, [1.0 MB-2.0 MB]: 7825 frames, [2.0 MB-4.0 MB]: 49781 frames
      Requested Block Size 16.0 MB
      Peak Block count 1
      Peak Allocated memory 3.1 MB
      Peak Large allocation bytes 0 B
    [ALLOC_GFX_THREAD]
      Peak usage frame count: [2.0 MB-4.0 MB]: 5530 frames, [4.0 MB-8.0 MB]: 57255 frames
      Requested Block Size 16.0 MB
      Peak Block count 1
      Peak Allocated memory 5.7 MB
      Peak Large allocation bytes 0 B
[ALLOC_CACHEOBJECTS] Dual Thread Allocator
  Peak main deferred allocation count 867
    [ALLOC_BUCKET]
      Large Block size 4.0 MB
      Used Block count 1
      Peak Allocated bytes 4.0 MB
      Failed Allocations. Bucket layout:
        16B: 21 Subsections = 21504 buckets. Failed count: 284235
        32B: 28 Subsections = 14336 buckets. Failed count: 246472
        48B: 120 Subsections = 40960 buckets. Failed count: 6465270
        64B: 37 Subsections = 9472 buckets. Failed count: 184170
        80B: 33 Subsections = 6758 buckets. Failed count: 30250
        96B: 4 Subsections = 682 buckets. Failed count: 43969
        112B: 6 Subsections = 877 buckets. Failed count: 33253
        128B: 7 Subsections = 896 buckets. Failed count: 82997
    [ALLOC_CACHEOBJECTS_MAIN]
      Peak usage frame count: [4.0 MB-8.0 MB]: 2554 frames, [8.0 MB-16.0 MB]: 60231 frames
      Requested Block Size 4.0 MB
      Peak Block count 5
      Peak Allocated memory 14.1 MB
      Peak Large allocation bytes 2.0 MB
    [ALLOC_CACHEOBJECTS_THREAD]
      Peak usage frame count: [64.0 MB-128.0 MB]: 4896 frames, [128.0 MB-256.0 MB]: 817 frames, [256.0 MB-0.50 GB]: 57072 frames
      Requested Block Size 4.0 MB
      Peak Block count 46
      Peak Allocated memory 281.0 MB
      Peak Large allocation bytes 117.3 MB
[ALLOC_TYPETREE] Dual Thread Allocator
  Peak main deferred allocation count 1
    [ALLOC_BUCKET]
      Large Block size 4.0 MB
      Used Block count 1
      Peak Allocated bytes 4.0 MB
      Failed Allocations. Bucket layout:
        16B: 21 Subsections = 21504 buckets. Failed count: 284235
        32B: 28 Subsections = 14336 buckets. Failed count: 246472
        48B: 120 Subsections = 40960 buckets. Failed count: 6465270
        64B: 37 Subsections = 9472 buckets. Failed count: 184170
        80B: 33 Subsections = 6758 buckets. Failed count: 30250
        96B: 4 Subsections = 682 buckets. Failed count: 43969
        112B: 6 Subsections = 877 buckets. Failed count: 33253
        128B: 7 Subsections = 896 buckets. Failed count: 82997
    [ALLOC_TYPETREE_MAIN]
      Peak usage frame count: [8.0 KB-16.0 KB]: 1 frames, [16.0 KB-32.0 KB]: 1489 frames, [32.0 KB-64.0 KB]: 3379 frames, [64.0 KB-128.0 KB]: 57916 frames
      Requested Block Size 2.0 MB
      Peak Block count 1
      Peak Allocated memory 93.1 KB
      Peak Large allocation bytes 0 B
    [ALLOC_TYPETREE_THREAD]
      Peak usage frame count: [256.0 KB-0.5 MB]: 4870 frames, [0.5 MB-1.0 MB]: 1 frames, [4.0 MB-8.0 MB]: 50208 frames, [8.0 MB-16.0 MB]: 7706 frames
      Requested Block Size 2.0 MB
      Peak Block count 7
      Peak Allocated memory 13.0 MB
      Peak Large allocation bytes 0 B
