Mono path[0] = 'E:/Workspace/Program/monster-train2-poju/.sandbox-game/MonsterTrain2_Data/Managed'
Mono config path = 'E:/Workspace/Program/monster-train2-poju/.sandbox-game/MonoBleedingEdge/etc'
Fallback handler could not load library E:/Workspace/Program/monster-train2-poju/.sandbox-game/MonsterTrain2_Data/MonoBleedingEdge/data-0000027395EB00A0.dll
Fallback handler could not load library E:/Workspace/Program/monster-train2-poju/.sandbox-game/MonsterTrain2_Data/MonoBleedingEdge/data-000002739B5E0040.dll
Input System module state changed to: Initialized.
[PhysX] Initialized MultithreadedTaskDispatcher with 16 workers.
Initialize engine version: 2022.3.62f2 (7670c08855a9)
[Subsystems] Discovering subsystems at path E:/Workspace/Program/monster-train2-poju/.sandbox-game/MonsterTrain2_Data/UnitySubsystems
GfxDevice: creating device client; threaded=1; jobified=0
Direct3D:
    Version:  Direct3D 11.0 [level 11.1]
    Renderer: NVIDIA GeForce RTX 5070 (ID=0x2f04)
    Vendor:   NVIDIA
    VRAM:     11944 MB
    Driver:   32.0.16.1692
Begin MonoManager ReloadAssembly
- Loaded All Assemblies, in  0.087 seconds
- Finished resetting the current domain, in  0.001 seconds
<RI> Initializing input.
<RI> Input initialized.
<RI> Initialized touch support.
[Message:   BepInEx] BepInEx 5.4.21.0 - MonsterTrain2 (2025/11/9 17:30:30)
[Info   :   BepInEx] Running under Unity v2022.3.62.7762112
[Info   :   BepInEx] CLR runtime version: 4.0.30319.42000
[Info   :   BepInEx] Supports SRE: True
[Info   :   BepInEx] System platform: Bits64, Windows
[Message:   BepInEx] Preloader started
[Info   :   BepInEx] Loaded 1 patcher method from [BepInEx.Preloader 5.4.21.0]
[Info   :   BepInEx] 1 patcher plugin loaded
[Info   :   BepInEx] Patching [UnityEngine.CoreModule] with [BepInEx.Chainloader]
[Message:   BepInEx] Preloader finished
[Message:   BepInEx] Chainloader ready
[Message:   BepInEx] Chainloader started
[Info   :   BepInEx] 1 plugins to load
[Info   :   BepInEx] Loading [Monster Train 2 Isolation Probe 0.1.0]
[Info   :Monster Train 2 Isolation Probe] Probe patches installed before AppManager startup; isolated root: E:\Workspace\Program\monster-train2-poju\.probe-runs\run31-native-card-prefix-fast
[Info   :Monster Train 2 Isolation Probe] DEPTH-CONFIG depth=4 target=3 sourcePlays=0 direct=False fastReplay=True
[Info   :Monster Train 2 Isolation Probe] Native replay depth scenario armed.
[Message:   BepInEx] Chainloader startup complete
[PhysX] Initialized MultithreadedTaskDispatcher with 16 workers.
UnloadTime: 0.484300 ms
[Info   :Monster Train 2 Isolation Probe] AppManager.Awake reached with isolated save-root patch active.
[Info   :Monster Train 2 Isolation Probe] SaveDirStandalone.GetRootDirectory redirected to E:\Workspace\Program\monster-train2-poju\.probe-runs\run31-native-card-prefix-fast
Unloading 7 Unused Serialized files (Serialized files now loaded: 0)
Unloading 3 unused Assets to reduce memory usage. Loaded Objects now: 27596.
Total: 24.210500 ms (FindLiveObjects: 1.263600 ms CreateObjectMapping: 1.641900 ms MarkObjects: 21.261400 ms  DeleteObjects: 0.043000 ms)

Unloading 14 Unused Serialized files (Serialized files now loaded: 0)
Unloading 15 unused Assets to reduce memory usage. Loaded Objects now: 30368.
Total: 25.557800 ms (FindLiveObjects: 1.413400 ms CreateObjectMapping: 1.568700 ms MarkObjects: 22.511000 ms  DeleteObjects: 0.064200 ms)

Unloading 7 Unused Serialized files (Serialized files now loaded: 0)
Unloading 1 unused Assets to reduce memory usage. Loaded Objects now: 30523.
Total: 23.661400 ms (FindLiveObjects: 1.299300 ms CreateObjectMapping: 1.452700 ms MarkObjects: 20.870600 ms  DeleteObjects: 0.038400 ms)

Unloading 8 Unused Serialized files (Serialized files now loaded: 0)
Unloading 7 unused Assets to reduce memory usage. Loaded Objects now: 32810.
Total: 27.051000 ms (FindLiveObjects: 1.757400 ms CreateObjectMapping: 1.598000 ms MarkObjects: 23.635500 ms  DeleteObjects: 0.059700 ms)

Unloading 10 Unused Serialized files (Serialized files now loaded: 0)
Unloading 2 unused Assets to reduce memory usage. Loaded Objects now: 36896.
Total: 26.063000 ms (FindLiveObjects: 1.603700 ms CreateObjectMapping: 1.450800 ms MarkObjects: 22.949000 ms  DeleteObjects: 0.059100 ms)

Unloading 13 Unused Serialized files (Serialized files now loaded: 0)
Unloading 4 unused Assets to reduce memory usage. Loaded Objects now: 37449.
Total: 26.486100 ms (FindLiveObjects: 1.690800 ms CreateObjectMapping: 0.775200 ms MarkObjects: 23.949600 ms  DeleteObjects: 0.070100 ms)

Unloading 11 Unused Serialized files (Serialized files now loaded: 0)
Unloading 6 unused Assets to reduce memory usage. Loaded Objects now: 45610.
Total: 27.902400 ms (FindLiveObjects: 2.773000 ms CreateObjectMapping: 1.693800 ms MarkObjects: 23.357200 ms  DeleteObjects: 0.078100 ms)

There can be only one active Event System.
[Info   :Monster Train 2 Isolation Probe] AppManager.Awake reached with isolated save-root patch active.
Unloading 8 Unused Serialized files (Serialized files now loaded: 0)
Unloading 4 unused Assets to reduce memory usage. Loaded Objects now: 45860.
Total: 29.350400 ms (FindLiveObjects: 2.600800 ms CreateObjectMapping: 1.744100 ms MarkObjects: 24.933000 ms  DeleteObjects: 0.072000 ms)

[Info   :Monster Train 2 Isolation Probe] AppManager.Awake reached with isolated save-root patch active.
Unloading 5 Unused Serialized files (Serialized files now loaded: 0)
Unloading 25 unused Assets to reduce memory usage. Loaded Objects now: 47519.
Total: 28.909100 ms (FindLiveObjects: 2.821500 ms CreateObjectMapping: 1.214800 ms MarkObjects: 24.483600 ms  DeleteObjects: 0.388800 ms)

Unloading 15 Unused Serialized files (Serialized files now loaded: 30)
Unloading 199 unused Assets to reduce memory usage. Loaded Objects now: 77623.
Total: 32.612200 ms (FindLiveObjects: 5.208600 ms CreateObjectMapping: 2.219500 ms MarkObjects: 24.324800 ms  DeleteObjects: 0.858800 ms)

Unloading 9 Unused Serialized files (Serialized files now loaded: 51)
Unloading 1252 unused Assets to reduce memory usage. Loaded Objects now: 89304.
Total: 43.579600 ms (FindLiveObjects: 5.107900 ms CreateObjectMapping: 4.607900 ms MarkObjects: 29.271900 ms  DeleteObjects: 4.591700 ms)

Unloading 5 Unused Serialized files (Serialized files now loaded: 30)
Unloading 3 unused Assets to reduce memory usage. Loaded Objects now: 92342.
Total: 44.998900 ms (FindLiveObjects: 6.270400 ms CreateObjectMapping: 4.271900 ms MarkObjects: 34.298400 ms  DeleteObjects: 0.157800 ms)

Unloading 9 Unused Serialized files (Serialized files now loaded: 30)
Unloading 7 unused Assets to reduce memory usage. Loaded Objects now: 92864.
Total: 47.052200 ms (FindLiveObjects: 6.007600 ms CreateObjectMapping: 5.201700 ms MarkObjects: 35.639400 ms  DeleteObjects: 0.203200 ms)

Unloading 5 Unused Serialized files (Serialized files now loaded: 30)
Unloading 7 unused Assets to reduce memory usage. Loaded Objects now: 108800.
Total: 46.402700 ms (FindLiveObjects: 6.526000 ms CreateObjectMapping: 5.478200 ms MarkObjects: 34.237000 ms  DeleteObjects: 0.161200 ms)

Unloading 7 Unused Serialized files (Serialized files now loaded: 30)
Unloading 4 unused Assets to reduce memory usage. Loaded Objects now: 110975.
Total: 44.575200 ms (FindLiveObjects: 6.158400 ms CreateObjectMapping: 4.453800 ms MarkObjects: 33.784200 ms  DeleteObjects: 0.178400 ms)

Unloading 8 Unused Serialized files (Serialized files now loaded: 30)
Unloading 2 unused Assets to reduce memory usage. Loaded Objects now: 111319.
Total: 48.043300 ms (FindLiveObjects: 7.473400 ms CreateObjectMapping: 5.474800 ms MarkObjects: 34.952900 ms  DeleteObjects: 0.141400 ms)

Unloading 9 Unused Serialized files (Serialized files now loaded: 30)
Unloading 1 unused Assets to reduce memory usage. Loaded Objects now: 116064.
Total: 44.810700 ms (FindLiveObjects: 6.213200 ms CreateObjectMapping: 4.200800 ms MarkObjects: 34.233700 ms  DeleteObjects: 0.162700 ms)

[Info   :Monster Train 2 Isolation Probe] DEPTH-WAIT stage=NaturalIntro pass=Source turn=none sequence=BattleIntro loading=True
Unloading 7 Unused Serialized files (Serialized files now loaded: 33)
Unloading 450 unused Assets to reduce memory usage. Loaded Objects now: 105058.
Total: 49.500000 ms (FindLiveObjects: 6.283500 ms CreateObjectMapping: 4.804300 ms MarkObjects: 34.178300 ms  DeleteObjects: 4.233500 ms)

Unloading 10 Unused Serialized files (Serialized files now loaded: 33)
Unloading 2 unused Assets to reduce memory usage. Loaded Objects now: 105472.
Total: 50.175200 ms (FindLiveObjects: 7.360200 ms CreateObjectMapping: 5.674400 ms MarkObjects: 37.004200 ms  DeleteObjects: 0.136100 ms)

[Info   :Monster Train 2 Isolation Probe] AppManager.Awake reached with isolated save-root patch active.
Unloading 8 Unused Serialized files (Serialized files now loaded: 33)
Unloading 103 unused Assets to reduce memory usage. Loaded Objects now: 129049.
Total: 48.759300 ms (FindLiveObjects: 8.766000 ms CreateObjectMapping: 5.855300 ms MarkObjects: 33.770300 ms  DeleteObjects: 0.367200 ms)

Unloading 10 Unused Serialized files (Serialized files now loaded: 33)
Unloading 6 unused Assets to reduce memory usage. Loaded Objects now: 132313.
Total: 45.463200 ms (FindLiveObjects: 8.481500 ms CreateObjectMapping: 5.036800 ms MarkObjects: 31.734500 ms  DeleteObjects: 0.209900 ms)

[Info   :Monster Train 2 Isolation Probe] DEPTH-BATTLE scenario=Level1BattleJunker testScenario=False offset=3
[Info   :Monster Train 2 Isolation Probe] SMOKE-SNAPSHOT source-0 turn=0 phase=MonsterTurn scenario=Level1BattleJunker pyre=80/80 energy=4 gold=50 forge=0 hoard=0 drawMod=0 spawnPhase=0 hand=[d14a50f3-728d-43e1-87f0-ef1b013f6678:0:0:0{}{},d14a50f3-728d-43e1-87f0-ef1b013f6678:0:0:0{}{},19705414-816d-4549-bcf5-866f338a551f:0:0:0{}{},] draw=[fb0683b1-20ac-4dd2-b580-14b502e182f4:0:0:0{}{},fb0683b1-20ac-4dd2-b580-14b502e182f4:0:0:0{}{},fb0683b1-20ac-4dd2-b580-14b502e182f4:0:0:0{}{},c8b39244-83c1-4eb3-b474-8898226d4280:0:0:0{}{},fb0683b1-20ac-4dd2-b580-14b502e182f4:0:0:0{}{},fb0683b1-20ac-4dd2-b580-14b502e182f4:0:0:0{}{},c8b39244-83c1-4eb3-b474-8898226d4280:0:0:0{}{},38e70e6a-20f3-4e36-8d31-c5110be07f87:0:0:0{}{},38e70e6a-20f3-4e36-8d31-c5110be07f87:0:0:0{}{},c8b39244-83c1-4eb3-b474-8898226d4280:0:0:0{}{},c8b39244-83c1-4eb3-b474-8898226d4280:0:0:0{}{},c8b39244-83c1-4eb3-b474-8898226d4280:0:0:0{}{},] discard=[] discardBuffer=[] exhausted=[] eaten=[] purged=[] heroes=[] monsters=[PyreHeartStarter@3:0:45:80/80:0{statuses:immobile:1:0:0::0;immune:1:0:0::0;relentless:1:0:0::0;sweep:1:0:0::0}{equipment:}{upgrades:},] rooms=[0:0/5:0:0/5:0:0/4{},1:0/5:0:0/5:0:0/4{},2:0/5:0:0/5:0:0/4{},3:0/5:0:2/5:0:0/4{},]
[Info   :Monster Train 2 Isolation Probe] SMOKE-RNG source-0 Master={s0:-905267014,s1:1653247403,s2:48924428,s3:-588248859,} NonDeterministic={s0:-407081132,s1:-116011454,s2:122775850,s3:1727564281,} SetupRun={s0:1522012100,s1:408987559,s2:572290056,s3:1818533109,} Spawning={s0:1059462399,s1:-1366890596,s2:846191757,s3:1191475362,} Chatter={s0:110906590,s1:48177559,s2:706940820,s3:1077369189,} CardDraw={s0:1404201429,s1:-99922742,s2:-90414896,s3:942939367,} Battle={s0:152371493,s1:1994997914,s2:2043602627,s3:1534354928,} BossActions={s0:106642708,s1:1899678949,s2:1511809882,s3:1842633859,} Merchant={s0:1648720830,s1:2127855607,s2:1980935028,s3:860534981,} StoryEvents={s0:2097849429,s1:1635209866,s2:-922391949,s3:-1572894112,} Rewards={s0:1974875670,s1:-1234232145,s2:217643020,s3:-333908116,} Trials={s0:56341503,s1:-428180836,s2:-1540105331,s3:97457058,} BossGeneration={s0:1242216635,s1:-466357048,s2:-403268887,s3:93376238,} BattleTest={s0:1653247403,s1:170354552,s2:-1942812071,s3:1964750366,} AutoselectTrainPath={s0:48924428,s1:1780528061,s2:88215186,s3:1792663963,} HellforgedShardEnemy={s0:1559234790,s1:1707120831,s2:-135038372,s3:1208910413,}
[Info   :Monster Train 2 Isolation Probe] DEPTH-CHECKPOINT turn=0 replayCount=3
[Info   :Monster Train 2 Isolation Probe] DEPTH-PLAY pass=Source handIndex=0 room=0
[Info   :Monster Train 2 Isolation Probe] DEPTH-PLAYED pass=Source turn=0
[Info   :Monster Train 2 Isolation Probe] DEPTH-WAIT stage=WaitingTurn pass=Source turn=1 sequence=InBattle loading=False
[Info   :Monster Train 2 Isolation Probe] SMOKE-SNAPSHOT source-1 turn=1 phase=MonsterTurn scenario=Level1BattleJunker pyre=80/80 energy=3 gold=50 forge=0 hoard=0 drawMod=0 spawnPhase=1 hand=[fb0683b1-20ac-4dd2-b580-14b502e182f4:0:0:0{}{},38e70e6a-20f3-4e36-8d31-c5110be07f87:0:0:0{}{},c8b39244-83c1-4eb3-b474-8898226d4280:0:0:0{}{},c8b39244-83c1-4eb3-b474-8898226d4280:0:0:0{}{},c8b39244-83c1-4eb3-b474-8898226d4280:0:0:0{}{},] draw=[fb0683b1-20ac-4dd2-b580-14b502e182f4:0:0:0{}{},d14a50f3-728d-43e1-87f0-ef1b013f6678:0:0:0{}{},19705414-816d-4549-bcf5-866f338a551f:0:0:0{}{},38e70e6a-20f3-4e36-8d31-c5110be07f87:0:0:0{}{},fb0683b1-20ac-4dd2-b580-14b502e182f4:0:0:0{}{},c8b39244-83c1-4eb3-b474-8898226d4280:0:0:0{}{},fb0683b1-20ac-4dd2-b580-14b502e182f4:0:0:0{}{},fb0683b1-20ac-4dd2-b580-14b502e182f4:0:0:0{}{},c8b39244-83c1-4eb3-b474-8898226d4280:0:0:0{}{},] discard=[] discardBuffer=[] exhausted=[] eaten=[] purged=[] heroes=[ShieldGuardT1_BasicNonAttack@0:0:0:5/5:0{statuses:armor:25:1:1::0;spikes:2:1:0::0}{equipment:}{upgrades:},MageT1_Junker@0:1:1:1/1:0{statuses:}{equipment:}{upgrades:},] monsters=[PyreHeartStarter@3:0:45:80/80:0{statuses:immobile:1:0:0::0;immune:1:0:0::0;relentless:1:0:0::0;sweep:1:0:0::0}{equipment:}{upgrades:},TrainStewardBig@0:0:8:25/25:0{statuses:}{equipment:}{upgrades:},] rooms=[0:5/5:0:3/5:0:0/4{},1:0/5:0:0/5:0:0/4{},2:0/5:0:0/5:0:0/4{},3:0/5:0:2/5:0:0/4{},]
[Info   :Monster Train 2 Isolation Probe] SMOKE-RNG source-1 Master={s0:-905267014,s1:1653247403,s2:48924428,s3:-588248859,} NonDeterministic={s0:1310329490,s1:1774748382,s2:474224074,s3:1924823780,} SetupRun={s0:1522012100,s1:408987559,s2:572290056,s3:1818533109,} Spawning={s0:1059462400,s1:445542657,s2:934485606,s3:-1313237953,} Chatter={s0:2064987292,s1:-706515631,s2:1779982319,s3:-913559485,} CardDraw={s0:297753370,s1:1770761320,s2:-920053149,s3:-120956702,} Battle={s0:152371493,s1:1994997914,s2:2043602627,s3:1534354928,} BossActions={s0:106642708,s1:1899678949,s2:1511809882,s3:1842633859,} Merchant={s0:1648720830,s1:2127855607,s2:1980935028,s3:860534981,} StoryEvents={s0:2097849429,s1:1635209866,s2:-922391949,s3:-1572894112,} Rewards={s0:1974875670,s1:-1234232145,s2:217643020,s3:-333908116,} Trials={s0:56341503,s1:-428180836,s2:-1540105331,s3:97457058,} BossGeneration={s0:1242216635,s1:-466357048,s2:-403268887,s3:93376238,} BattleTest={s0:1653247403,s1:170354552,s2:-1942812071,s3:1964750366,} AutoselectTrainPath={s0:48924428,s1:1780528061,s2:88215186,s3:1792663963,} HellforgedShardEnemy={s0:1559234790,s1:1707120831,s2:-135038372,s3:1208910413,}
[Info   :Monster Train 2 Isolation Probe] DEPTH-CHECKPOINT turn=1 replayCount=5
[Info   :Monster Train 2 Isolation Probe] SMOKE-SNAPSHOT source-2 turn=2 phase=MonsterTurn scenario=Level1BattleJunker pyre=80/80 energy=3 gold=50 forge=0 hoard=0 drawMod=0 spawnPhase=2 hand=[c8b39244-83c1-4eb3-b474-8898226d4280:0:0:0{}{},fb0683b1-20ac-4dd2-b580-14b502e182f4:0:0:0{}{},fb0683b1-20ac-4dd2-b580-14b502e182f4:0:0:0{}{},c8b39244-83c1-4eb3-b474-8898226d4280:0:0:0{}{},62cc5532-5fa0-4e66-9fec-85be573af359:0:0:0{}{},] draw=[fb0683b1-20ac-4dd2-b580-14b502e182f4:0:0:0{}{},d14a50f3-728d-43e1-87f0-ef1b013f6678:0:0:0{}{},19705414-816d-4549-bcf5-866f338a551f:0:0:0{}{},38e70e6a-20f3-4e36-8d31-c5110be07f87:0:0:0{}{},fb0683b1-20ac-4dd2-b580-14b502e182f4:0:0:0{}{},] discard=[c8b39244-83c1-4eb3-b474-8898226d4280:0:0:0{}{},c8b39244-83c1-4eb3-b474-8898226d4280:0:0:0{}{},c8b39244-83c1-4eb3-b474-8898226d4280:0:0:0{}{},38e70e6a-20f3-4e36-8d31-c5110be07f87:0:0:0{}{},fb0683b1-20ac-4dd2-b580-14b502e182f4:0:0:0{}{},] discardBuffer=[] exhausted=[] eaten=[] purged=[] heroes=[ShieldGuardT1_BasicNonAttack@1:0:0:5/5:0{statuses:armor:17:1:1::0;spikes:2:1:0::0}{equipment:}{upgrades:},MageT1_Junker@1:1:1:1/1:0{statuses:}{equipment:}{upgrades:},HeavyT1_Basic@0:0:4:45/45:0{statuses:}{equipment:}{upgrades:},MageT1_Junker@0:1:1:1/1:0{statuses:}{equipment:}{upgrades:},TreasureBagLvl1Gold@1:2:0:1/1:0{statuses:}{equipment:}{upgrades:},] monsters=[PyreHeartStarter@3:0:45:80/80:0{statuses:immobile:1:0:0::0;immune:1:0:0::0;relentless:1:0:0::0;sweep:1:0:0::0}{equipment:}{upgrades:},TrainStewardBig@0:0:8:22/25:0{statuses:}{equipment:}{upgrades:},] rooms=[0:4/5:0:3/5:0:0/4{},1:7/5:0:0/5:0:0/4{},2:0/5:0:0/5:0:0/4{},3:0/5:0:2/5:0:0/4{},]
[Info   :Monster Train 2 Isolation Probe] SMOKE-RNG source-2 Master={s0:-905267014,s1:1653247403,s2:48924428,s3:-588248859,} NonDeterministic={s0:1271880306,s1:174912832,s2:1069689548,s3:1063023325,} SetupRun={s0:1522012100,s1:408987559,s2:572290056,s3:1818533109,} Spawning={s0:1059462401,s1:-2036991386,s2:1022779455,s3:477016028,} Chatter={s0:1559996673,s1:1388982445,s2:-1512085677,s3:-478329532,} CardDraw={s0:297753370,s1:1770761320,s2:-920053149,s3:-120956702,} Battle={s0:1994997914,s1:2043602627,s2:1534354928,s3:-87467118,} BossActions={s0:106642708,s1:1899678949,s2:1511809882,s3:1842633859,} Merchant={s0:1648720830,s1:2127855607,s2:1980935028,s3:860534981,} StoryEvents={s0:2097849429,s1:1635209866,s2:-922391949,s3:-1572894112,} Rewards={s0:1974875670,s1:-1234232145,s2:217643020,s3:-333908116,} Trials={s0:56341503,s1:-428180836,s2:-1540105331,s3:97457058,} BossGeneration={s0:1242216635,s1:-466357048,s2:-403268887,s3:93376238,} BattleTest={s0:1653247403,s1:170354552,s2:-1942812071,s3:1964750366,} AutoselectTrainPath={s0:48924428,s1:1780528061,s2:88215186,s3:1792663963,} HellforgedShardEnemy={s0:1559234790,s1:1707120831,s2:-135038372,s3:1208910413,}
[Info   :Monster Train 2 Isolation Probe] DEPTH-CHECKPOINT turn=2 replayCount=6
[Info   :Monster Train 2 Isolation Probe] DEPTH-WAIT stage=WaitingTurn pass=Source turn=2 sequence=InBattle loading=False
[Info   :Monster Train 2 Isolation Probe] DEPTH-WAIT stage=WaitingTurn pass=Source turn=3 sequence=InBattle loading=False
[Info   :Monster Train 2 Isolation Probe] SMOKE-SNAPSHOT source-3 turn=3 phase=MonsterTurn scenario=Level1BattleJunker pyre=80/80 energy=3 gold=50 forge=0 hoard=0 drawMod=0 spawnPhase=3 hand=[19705414-816d-4549-bcf5-866f338a551f:0:0:0{}{},38e70e6a-20f3-4e36-8d31-c5110be07f87:0:0:0{}{},fb0683b1-20ac-4dd2-b580-14b502e182f4:0:0:0{}{},62cc5532-5fa0-4e66-9fec-85be573af359:0:0:0{}{},62cc5532-5fa0-4e66-9fec-85be573af359:0:0:0{}{},] draw=[fb0683b1-20ac-4dd2-b580-14b502e182f4:0:0:0{}{},d14a50f3-728d-43e1-87f0-ef1b013f6678:0:0:0{}{},] discard=[c8b39244-83c1-4eb3-b474-8898226d4280:0:0:0{}{},c8b39244-83c1-4eb3-b474-8898226d4280:0:0:0{}{},c8b39244-83c1-4eb3-b474-8898226d4280:0:0:0{}{},38e70e6a-20f3-4e36-8d31-c5110be07f87:0:0:0{}{},fb0683b1-20ac-4dd2-b580-14b502e182f4:0:0:0{}{},62cc5532-5fa0-4e66-9fec-85be573af359:0:0:0{}{},c8b39244-83c1-4eb3-b474-8898226d4280:0:0:0{}{},fb0683b1-20ac-4dd2-b580-14b502e182f4:0:0:0{}{},fb0683b1-20ac-4dd2-b580-14b502e182f4:0:0:0{}{},c8b39244-83c1-4eb3-b474-8898226d4280:0:0:0{}{},] discardBuffer=[] exhausted=[] eaten=[] purged=[] heroes=[ShieldGuardT1_BasicNonAttack@2:0:0:5/5:0{statuses:armor:17:1:1::0;spikes:2:1:0::0}{equipment:}{upgrades:},MageT1_Junker@2:1:1:1/1:0{statuses:}{equipment:}{upgrades:},HeavyT1_Basic@1:0:4:37/45:0{statuses:}{equipment:}{upgrades:},MageT1_Junker@1:1:1:1/1:0{statuses:}{equipment:}{upgrades:},] monsters=[PyreHeartStarter@3:0:45:80/80:0{statuses:immobile:1:0:0::0;immune:1:0:0::0;relentless:1:0:0::0;sweep:1:0:0::0}{equipment:}{upgrades:},TrainStewardBig@0:0:8:17/25:0{statuses:}{equipment:}{upgrades:},] rooms=[0:0/5:0:3/5:0:0/4{},1:4/5:0:0/5:0:0/4{},2:5/5:0:0/5:0:0/4{},3:0/5:0:2/5:0:0/4{},]
[Info   :Monster Train 2 Isolation Probe] SMOKE-RNG source-3 Master={s0:-905267014,s1:1653247403,s2:48924428,s3:-588248859,} NonDeterministic={s0:-1467660686,s1:611810853,s2:-1889840259,s3:1844865629,} SetupRun={s0:1522012100,s1:408987559,s2:572290056,s3:1818533109,} Spawning={s0:1059462402,s1:-224558133,s2:1111073304,s3:-2027697287,} Chatter={s0:-1689992066,s1:-925938365,s2:1265766401,s3:-1372190323,} CardDraw={s0:297753370,s1:1770761320,s2:-920053149,s3:-120956702,} Battle={s0:1534354928,s1:-87467118,s2:-971490879,s3:-923916481,} BossActions={s0:106642708,s1:1899678949,s2:1511809882,s3:1842633859,} Merchant={s0:1648720830,s1:2127855607,s2:1980935028,s3:860534981,} StoryEvents={s0:2097849429,s1:1635209866,s2:-922391949,s3:-1572894112,} Rewards={s0:1974875670,s1:-1234232145,s2:217643020,s3:-333908116,} Trials={s0:56341503,s1:-428180836,s2:-1540105331,s3:97457058,} BossGeneration={s0:1242216635,s1:-466357048,s2:-403268887,s3:93376238,} BattleTest={s0:1653247403,s1:170354552,s2:-1942812071,s3:1964750366,} AutoselectTrainPath={s0:48924428,s1:1780528061,s2:88215186,s3:1792663963,} HellforgedShardEnemy={s0:1559234790,s1:1707120831,s2:-135038372,s3:1208910413,}
[Info   :Monster Train 2 Isolation Probe] DEPTH-CHECKPOINT turn=3 replayCount=7
[Info   :Monster Train 2 Isolation Probe] DEPTH-WAIT stage=WaitingTurn pass=Source turn=3 sequence=InBattle loading=False
[Info   :Monster Train 2 Isolation Probe] SMOKE-SNAPSHOT source-4 turn=4 phase=MonsterTurn scenario=Level1BattleJunker pyre=77/80 energy=3 gold=50 forge=0 hoard=0 drawMod=0 spawnPhase=4 hand=[c8b39244-83c1-4eb3-b474-8898226d4280:0:0:0{}{},fb0683b1-20ac-4dd2-b580-14b502e182f4:0:0:0{}{},d14a50f3-728d-43e1-87f0-ef1b013f6678:0:0:0{}{},62cc5532-5fa0-4e66-9fec-85be573af359:0:0:0{}{},62cc5532-5fa0-4e66-9fec-85be573af359:0:0:0{}{},] draw=[fb0683b1-20ac-4dd2-b580-14b502e182f4:0:0:0{}{},c8b39244-83c1-4eb3-b474-8898226d4280:0:0:0{}{},62cc5532-5fa0-4e66-9fec-85be573af359:0:0:0{}{},38e70e6a-20f3-4e36-8d31-c5110be07f87:0:0:0{}{},c8b39244-83c1-4eb3-b474-8898226d4280:0:0:0{}{},fb0683b1-20ac-4dd2-b580-14b502e182f4:0:0:0{}{},62cc5532-5fa0-4e66-9fec-85be573af359:0:0:0{}{},c8b39244-83c1-4eb3-b474-8898226d4280:0:0:0{}{},fb0683b1-20ac-4dd2-b580-14b502e182f4:0:0:0{}{},c8b39244-83c1-4eb3-b474-8898226d4280:0:0:0{}{},62cc5532-5fa0-4e66-9fec-85be573af359:0:0:0{}{},19705414-816d-4549-bcf5-866f338a551f:0:0:0{}{},38e70e6a-20f3-4e36-8d31-c5110be07f87:0:0:0{}{},fb0683b1-20ac-4dd2-b580-14b502e182f4:0:0:0{}{},] discard=[] discardBuffer=[] exhausted=[] eaten=[] purged=[] heroes=[HeavyT1_Basic@2:0:4:37/45:0{statuses:}{equipment:}{upgrades:},MageT1_Junker@2:1:1:1/1:0{statuses:}{equipment:}{upgrades:},ShieldGuardT1_BasicNonAttack@0:0:0:5/5:0{statuses:armor:25:1:1::0;spikes:2:1:0::0}{equipment:}{upgrades:},Boss_Level1_Basic@0:1:7:125/125:0{statuses:relentless:1:0:0::0}{equipment:}{upgrades:},] monsters=[PyreHeartStarter@3:0:45:77/80:0{statuses:immobile:1:0:0::0;immune:1:0:0::0;relentless:1:0:0::0;sweep:1:0:0::0}{equipment:}{upgrades:},TrainStewardBig@0:0:8:17/25:0{statuses:}{equipment:}{upgrades:},] rooms=[0:8/5:0:3/5:0:0/4{},1:0/5:0:0/5:0:0/4{},2:4/5:0:0/5:0:0/4{},3:0/5:0:2/5:0:0/4{},]
[Info   :Monster Train 2 Isolation Probe] SMOKE-RNG source-4 Master={s0:-905267014,s1:1653247403,s2:48924428,s3:-588248859,} NonDeterministic={s0:197228987,s1:-628356469,s2:-1922436922,s3:492180740,} SetupRun={s0:1522012100,s1:408987559,s2:572290056,s3:1818533109,} Spawning={s0:1059462403,s1:1587875120,s2:1199367153,s3:-237443306,} Chatter={s0:-14618815,s1:1063769301,s2:549025396,s3:1689744791,} CardDraw={s0:219949761,s1:1865561619,s2:-742148280,s3:1571284635,} Battle={s0:-971490879,s1:-923916481,s2:810385463,s3:-2132256665,} BossActions={s0:106642708,s1:1899678949,s2:1511809882,s3:1842633859,} Merchant={s0:1648720830,s1:2127855607,s2:1980935028,s3:860534981,} StoryEvents={s0:2097849429,s1:1635209866,s2:-922391949,s3:-1572894112,} Rewards={s0:1974875670,s1:-1234232145,s2:217643020,s3:-333908116,} Trials={s0:56341503,s1:-428180836,s2:-1540105331,s3:97457058,} BossGeneration={s0:1242216635,s1:-466357048,s2:-403268887,s3:93376238,} BattleTest={s0:1653247403,s1:170354552,s2:-1942812071,s3:1964750366,} AutoselectTrainPath={s0:48924428,s1:1780528061,s2:88215186,s3:1792663963,} HellforgedShardEnemy={s0:1559234790,s1:1707120831,s2:-135038372,s3:1208910413,}
[Info   :Monster Train 2 Isolation Probe] DEPTH-CHECKPOINT turn=4 replayCount=8
[Info   :Monster Train 2 Isolation Probe] DEPTH-RESTART-START entries=8
[Info   :Monster Train 2 Isolation Probe] AppManager.Awake reached with isolated save-root patch active.
Unloading 5 Unused Serialized files (Serialized files now loaded: 28)
Unloading 449 unused Assets to reduce memory usage. Loaded Objects now: 103857.
Total: 61.569100 ms (FindLiveObjects: 7.248700 ms CreateObjectMapping: 4.546200 ms MarkObjects: 46.705600 ms  DeleteObjects: 3.068100 ms)

Unloading 7 Unused Serialized files (Serialized files now loaded: 29)
Unloading 3 unused Assets to reduce memory usage. Loaded Objects now: 104284.
Total: 54.270300 ms (FindLiveObjects: 6.877200 ms CreateObjectMapping: 4.670800 ms MarkObjects: 42.561200 ms  DeleteObjects: 0.160500 ms)

[Info   :Monster Train 2 Isolation Probe] AppManager.Awake reached with isolated save-root patch active.
Unloading 8 Unused Serialized files (Serialized files now loaded: 29)
Unloading 283 unused Assets to reduce memory usage. Loaded Objects now: 122831.
Total: 57.174100 ms (FindLiveObjects: 8.987600 ms CreateObjectMapping: 4.903900 ms MarkObjects: 41.867300 ms  DeleteObjects: 1.414500 ms)

[Info   :Monster Train 2 Isolation Probe] DEPTH-RESTART-MS 2803
[Info   :Monster Train 2 Isolation Probe] SMOKE-SNAPSHOT restarted-0 turn=0 phase=MonsterTurn scenario=Level1BattleJunker pyre=80/80 energy=4 gold=50 forge=0 hoard=0 drawMod=0 spawnPhase=0 hand=[d14a50f3-728d-43e1-87f0-ef1b013f6678:0:0:0{}{},d14a50f3-728d-43e1-87f0-ef1b013f6678:0:0:0{}{},19705414-816d-4549-bcf5-866f338a551f:0:0:0{}{},] draw=[fb0683b1-20ac-4dd2-b580-14b502e182f4:0:0:0{}{},fb0683b1-20ac-4dd2-b580-14b502e182f4:0:0:0{}{},fb0683b1-20ac-4dd2-b580-14b502e182f4:0:0:0{}{},c8b39244-83c1-4eb3-b474-8898226d4280:0:0:0{}{},fb0683b1-20ac-4dd2-b580-14b502e182f4:0:0:0{}{},fb0683b1-20ac-4dd2-b580-14b502e182f4:0:0:0{}{},c8b39244-83c1-4eb3-b474-8898226d4280:0:0:0{}{},38e70e6a-20f3-4e36-8d31-c5110be07f87:0:0:0{}{},38e70e6a-20f3-4e36-8d31-c5110be07f87:0:0:0{}{},c8b39244-83c1-4eb3-b474-8898226d4280:0:0:0{}{},c8b39244-83c1-4eb3-b474-8898226d4280:0:0:0{}{},c8b39244-83c1-4eb3-b474-8898226d4280:0:0:0{}{},] discard=[] discardBuffer=[] exhausted=[] eaten=[] purged=[] heroes=[] monsters=[PyreHeartStarter@3:0:45:80/80:0{statuses:immobile:1:0:0::0;immune:1:0:0::0;relentless:1:0:0::0;sweep:1:0:0::0}{equipment:}{upgrades:},] rooms=[0:0/5:0:0/5:0:0/4{},1:0/5:0:0/5:0:0/4{},2:0/5:0:0/5:0:0/4{},3:0/5:0:2/5:0:0/4{},]
[Info   :Monster Train 2 Isolation Probe] SMOKE-RNG restarted-0 Master={s0:-905267014,s1:1653247403,s2:48924428,s3:-588248859,} NonDeterministic={s0:-1275543131,s1:-194042702,s2:1340313110,s3:1921009920,} SetupRun={s0:1522012100,s1:408987559,s2:572290056,s3:1818533109,} Spawning={s0:1059462399,s1:-1366890596,s2:846191757,s3:1191475362,} Chatter={s0:110906590,s1:48177559,s2:706940820,s3:1077369189,} CardDraw={s0:1404201429,s1:-99922742,s2:-90414896,s3:942939367,} Battle={s0:152371493,s1:1994997914,s2:2043602627,s3:1534354928,} BossActions={s0:106642708,s1:1899678949,s2:1511809882,s3:1842633859,} Merchant={s0:1648720830,s1:2127855607,s2:1980935028,s3:860534981,} StoryEvents={s0:2097849429,s1:1635209866,s2:-922391949,s3:-1572894112,} Rewards={s0:1974875670,s1:-1234232145,s2:217643020,s3:-333908116,} Trials={s0:56341503,s1:-428180836,s2:-1540105331,s3:97457058,} BossGeneration={s0:1242216635,s1:-466357048,s2:-403268887,s3:93376238,} BattleTest={s0:1653247403,s1:170354552,s2:-1942812071,s3:1964750366,} AutoselectTrainPath={s0:48924428,s1:1780528061,s2:88215186,s3:1792663963,} HellforgedShardEnemy={s0:1559234790,s1:1707120831,s2:-135038372,s3:1208910413,}
[Info   :Monster Train 2 Isolation Probe] DEPTH-REPLAY-START skip=3 targetCount=7 fullCount=8
[Info   :Monster Train 2 Isolation Probe] DEPTH-WAIT stage=Replaying pass=Source turn=2 sequence=InBattle loading=False
[Info   :Monster Train 2 Isolation Probe] DEPTH-WAIT stage=Replaying pass=Source turn=3 sequence=InBattle loading=False
[Info   :Monster Train 2 Isolation Probe] DEPTH-REPLAY-MS 12101
[Info   :Monster Train 2 Isolation Probe] SMOKE-SNAPSHOT replayed-3 turn=3 phase=MonsterTurn scenario=Level1BattleJunker pyre=80/80 energy=3 gold=50 forge=0 hoard=0 drawMod=0 spawnPhase=3 hand=[19705414-816d-4549-bcf5-866f338a551f:0:0:0{}{},38e70e6a-20f3-4e36-8d31-c5110be07f87:0:0:0{}{},fb0683b1-20ac-4dd2-b580-14b502e182f4:0:0:0{}{},62cc5532-5fa0-4e66-9fec-85be573af359:0:0:0{}{},62cc5532-5fa0-4e66-9fec-85be573af359:0:0:0{}{},] draw=[fb0683b1-20ac-4dd2-b580-14b502e182f4:0:0:0{}{},d14a50f3-728d-43e1-87f0-ef1b013f6678:0:0:0{}{},] discard=[c8b39244-83c1-4eb3-b474-8898226d4280:0:0:0{}{},c8b39244-83c1-4eb3-b474-8898226d4280:0:0:0{}{},c8b39244-83c1-4eb3-b474-8898226d4280:0:0:0{}{},38e70e6a-20f3-4e36-8d31-c5110be07f87:0:0:0{}{},fb0683b1-20ac-4dd2-b580-14b502e182f4:0:0:0{}{},62cc5532-5fa0-4e66-9fec-85be573af359:0:0:0{}{},c8b39244-83c1-4eb3-b474-8898226d4280:0:0:0{}{},fb0683b1-20ac-4dd2-b580-14b502e182f4:0:0:0{}{},fb0683b1-20ac-4dd2-b580-14b502e182f4:0:0:0{}{},c8b39244-83c1-4eb3-b474-8898226d4280:0:0:0{}{},] discardBuffer=[] exhausted=[] eaten=[] purged=[] heroes=[ShieldGuardT1_BasicNonAttack@2:0:0:5/5:0{statuses:armor:17:1:1::0;spikes:2:1:0::0}{equipment:}{upgrades:},MageT1_Junker@2:1:1:1/1:0{statuses:}{equipment:}{upgrades:},HeavyT1_Basic@1:0:4:37/45:0{statuses:}{equipment:}{upgrades:},MageT1_Junker@1:1:1:1/1:0{statuses:}{equipment:}{upgrades:},] monsters=[PyreHeartStarter@3:0:45:80/80:0{statuses:immobile:1:0:0::0;immune:1:0:0::0;relentless:1:0:0::0;sweep:1:0:0::0}{equipment:}{upgrades:},TrainStewardBig@0:0:8:17/25:0{statuses:}{equipment:}{upgrades:},] rooms=[0:0/5:0:3/5:0:0/4{},1:4/5:0:0/5:0:0/4{},2:5/5:0:0/5:0:0/4{},3:0/5:0:2/5:0:0/4{},]
[Info   :Monster Train 2 Isolation Probe] SMOKE-RNG replayed-3 Master={s0:-905267014,s1:1653247403,s2:48924428,s3:-588248859,} NonDeterministic={s0:-1397059646,s1:1483332075,s2:511344692,s3:441539248,} SetupRun={s0:1522012100,s1:408987559,s2:572290056,s3:1818533109,} Spawning={s0:1059462402,s1:-224558133,s2:1111073304,s3:-2027697287,} Chatter={s0:-32898811,s1:-243927690,s2:-517702376,s3:-116159670,} CardDraw={s0:297753370,s1:1770761320,s2:-920053149,s3:-120956702,} Battle={s0:1534354928,s1:-87467118,s2:-971490879,s3:-923916481,} BossActions={s0:106642708,s1:1899678949,s2:1511809882,s3:1842633859,} Merchant={s0:1648720830,s1:2127855607,s2:1980935028,s3:860534981,} StoryEvents={s0:2097849429,s1:1635209866,s2:-922391949,s3:-1572894112,} Rewards={s0:1974875670,s1:-1234232145,s2:217643020,s3:-333908116,} Trials={s0:56341503,s1:-428180836,s2:-1540105331,s3:97457058,} BossGeneration={s0:1242216635,s1:-466357048,s2:-403268887,s3:93376238,} BattleTest={s0:1653247403,s1:170354552,s2:-1942812071,s3:1964750366,} AutoselectTrainPath={s0:48924428,s1:1780528061,s2:88215186,s3:1792663963,} HellforgedShardEnemy={s0:1559234790,s1:1707120831,s2:-135038372,s3:1208910413,}
[Error  :Monster Train 2 Isolation Probe] DEPTH-FAIL Native replay state differed at turn 3.
Input System module state changed to: ShutdownInProgress.
Input System polling thread exited.
Input System module state changed to: Shutdown.
Memory Statistics:
[ALLOC_TEMP_TLS] TLS Allocator
  StackAllocators : 
    [ALLOC_TEMP_MAIN]
      Peak usage frame count: [0-1.0 KB]: 2147 frames, [1.0 KB-2.0 KB]: 1 frames, [2.0 KB-4.0 KB]: 42 frames, [4.0 KB-8.0 KB]: 3088 frames, [8.0 KB-16.0 KB]: 10196 frames, [16.0 KB-32.0 KB]: 1843 frames, [32.0 KB-64.0 KB]: 2323 frames, [64.0 KB-128.0 KB]: 38959 frames, [128.0 KB-256.0 KB]: 7 frames, [256.0 KB-0.5 MB]: 28 frames, [0.5 MB-1.0 MB]: 20 frames, [2.0 MB-4.0 MB]: 1 frames, [4.0 MB-8.0 MB]: 24 frames
      Initial Block Size 4.0 MB
      Current Block Size 8.0 MB
      Peak Allocated Bytes 8.0 MB
      Overflow Count 85
    [ALLOC_TEMP_Loading.AsyncRead]
      Initial Block Size 64.0 KB
      Current Block Size 124.0 KB
      Peak Allocated Bytes 123.1 KB
      Overflow Count 0
    [ALLOC_TEMP_Loading.PreloadManager]
      Initial Block Size 256.0 KB
      Current Block Size 0.5 MB
      Peak Allocated Bytes 505.8 KB
      Overflow Count 166724
    [ALLOC_TEMP_Background Job.Worker 8]
      Initial Block Size 32.0 KB
      Current Block Size 32.0 KB
      Peak Allocated Bytes 54 B
      Overflow Count 0
    [ALLOC_TEMP_Job.Worker 6]
      Initial Block Size 256.0 KB
      Current Block Size 256.0 KB
      Peak Allocated Bytes 35.9 KB
      Overflow Count 0
    [ALLOC_TEMP_Job.Worker 0]
      Initial Block Size 256.0 KB
      Current Block Size 256.0 KB
      Peak Allocated Bytes 420 B
      Overflow Count 0
    [ALLOC_TEMP_Background Job.Worker 10]
      Initial Block Size 32.0 KB
      Current Block Size 32.0 KB
      Peak Allocated Bytes 54 B
      Overflow Count 0
    [ALLOC_TEMP_Background Job.Worker 9]
      Initial Block Size 32.0 KB
      Current Block Size 32.0 KB
      Peak Allocated Bytes 54 B
      Overflow Count 0
    [ALLOC_TEMP_Job.Worker 5]
      Initial Block Size 256.0 KB
      Current Block Size 256.0 KB
      Peak Allocated Bytes 43.4 KB
      Overflow Count 0
    [ALLOC_TEMP_Background Job.Worker 14]
      Initial Block Size 32.0 KB
      Current Block Size 32.0 KB
      Peak Allocated Bytes 54 B
      Overflow Count 0
    [ALLOC_TEMP_Background Job.Worker 6]
      Initial Block Size 32.0 KB
      Current Block Size 32.0 KB
      Peak Allocated Bytes 54 B
      Overflow Count 0
    [ALLOC_TEMP_Job.Worker 4]
      Initial Block Size 256.0 KB
      Current Block Size 256.0 KB
      Peak Allocated Bytes 47.7 KB
      Overflow Count 0
    [ALLOC_TEMP_Job.Worker 14]
      Initial Block Size 256.0 KB
      Current Block Size 256.0 KB
      Peak Allocated Bytes 420 B
      Overflow Count 0
    [ALLOC_TEMP_Job.Worker 3]
      Initial Block Size 256.0 KB
      Current Block Size 256.0 KB
      Peak Allocated Bytes 53.8 KB
      Overflow Count 0
    [ALLOC_TEMP_Job.Worker 13]
      Initial Block Size 256.0 KB
      Current Block Size 256.0 KB
      Peak Allocated Bytes 7.4 KB
      Overflow Count 0
    [ALLOC_TEMP_Background Job.Worker 12]
      Initial Block Size 32.0 KB
      Current Block Size 32.0 KB
      Peak Allocated Bytes 54 B
      Overflow Count 0
    [ALLOC_TEMP_EnlightenWorker] x 8
      Initial Block Size 64.0 KB
      Current Block Size 64.0 KB
      Peak Allocated Bytes 54 B
      Overflow Count 0
    [ALLOC_TEMP_Background Job.Worker 15]
      Initial Block Size 32.0 KB
      Current Block Size 32.0 KB
      Peak Allocated Bytes 54 B
      Overflow Count 0
    [ALLOC_TEMP_Background Job.Worker 1]
      Initial Block Size 32.0 KB
      Current Block Size 32.0 KB
      Peak Allocated Bytes 23.9 KB
      Overflow Count 0
    [ALLOC_TEMP_Background Job.Worker 2]
      Initial Block Size 32.0 KB
      Current Block Size 32.0 KB
      Peak Allocated Bytes 21.0 KB
      Overflow Count 0
    [ALLOC_TEMP_Background Job.Worker 7]
      Initial Block Size 32.0 KB
      Current Block Size 32.0 KB
      Peak Allocated Bytes 54 B
      Overflow Count 0
    [ALLOC_TEMP_UnityGfxDeviceWorker]
      Initial Block Size 256.0 KB
      Current Block Size 256.0 KB
      Peak Allocated Bytes 25.6 KB
      Overflow Count 0
    [ALLOC_TEMP_AssetGarbageCollectorHelper] x 15
      Initial Block Size 64.0 KB
      Current Block Size 64.0 KB
      Peak Allocated Bytes 138 B
      Overflow Count 0
    [ALLOC_TEMP_Background Job.Worker 5]
      Initial Block Size 32.0 KB
      Current Block Size 32.0 KB
      Peak Allocated Bytes 54 B
      Overflow Count 0
    [ALLOC_TEMP_Job.Worker 9]
      Initial Block Size 256.0 KB
      Current Block Size 256.0 KB
      Peak Allocated Bytes 31.6 KB
      Overflow Count 0
    [ALLOC_TEMP_Background Job.Worker 13]
      Initial Block Size 32.0 KB
      Current Block Size 32.0 KB
      Peak Allocated Bytes 54 B
      Overflow Count 0
    [ALLOC_TEMP_Job.Worker 8]
      Initial Block Size 256.0 KB
      Current Block Size 256.0 KB
      Peak Allocated Bytes 31.7 KB
      Overflow Count 0
    [ALLOC_TEMP_Job.Worker 7]
      Initial Block Size 256.0 KB
      Current Block Size 256.0 KB
      Peak Allocated Bytes 55.9 KB
      Overflow Count 0
    [ALLOC_TEMP_Job.Worker 1]
      Initial Block Size 256.0 KB
      Current Block Size 256.0 KB
      Peak Allocated Bytes 55.9 KB
      Overflow Count 0
    [ALLOC_TEMP_Background Job.Worker 11]
      Initial Block Size 32.0 KB
      Current Block Size 32.0 KB
      Peak Allocated Bytes 54 B
      Overflow Count 0
    [ALLOC_TEMP_Background Job.Worker 3]
      Initial Block Size 32.0 KB
      Current Block Size 32.0 KB
      Peak Allocated Bytes 2.6 KB
      Overflow Count 0
    [ALLOC_TEMP_Job.Worker 2]
      Initial Block Size 256.0 KB
      Current Block Size 256.0 KB
      Peak Allocated Bytes 55.5 KB
      Overflow Count 0
    [ALLOC_TEMP_Background Job.Worker 0]
      Initial Block Size 32.0 KB
      Current Block Size 32.0 KB
      Peak Allocated Bytes 54 B
      Overflow Count 0
    [ALLOC_TEMP_Job.Worker 10]
      Initial Block Size 256.0 KB
      Current Block Size 256.0 KB
      Peak Allocated Bytes 16.7 KB
      Overflow Count 0
    [ALLOC_TEMP_Job.Worker 11]
      Initial Block Size 256.0 KB
      Current Block Size 256.0 KB
      Peak Allocated Bytes 8.3 KB
      Overflow Count 0
    [ALLOC_TEMP_Job.Worker 12]
      Initial Block Size 256.0 KB
      Current Block Size 256.0 KB
      Peak Allocated Bytes 22.8 KB
      Overflow Count 0
    [ALLOC_TEMP_Background Job.Worker 4]
      Initial Block Size 32.0 KB
      Current Block Size 32.0 KB
      Peak Allocated Bytes 54 B
      Overflow Count 0
    [ALLOC_TEMP_BatchDeleteObjects]
      Initial Block Size 64.0 KB
      Current Block Size 64.0 KB
      Peak Allocated Bytes 54 B
      Overflow Count 0
[ALLOC_DEFAULT] Dual Thread Allocator
  Peak main deferred allocation count 49346
    [ALLOC_BUCKET]
      Large Block size 4.0 MB
      Used Block count 1
      Peak Allocated bytes 4.0 MB
      Failed Allocations. Bucket layout:
        16B: 21 Subsections = 21504 buckets. Failed count: 276381
        32B: 28 Subsections = 14336 buckets. Failed count: 237583
        48B: 120 Subsections = 40960 buckets. Failed count: 6028445
        64B: 37 Subsections = 9472 buckets. Failed count: 181760
        80B: 33 Subsections = 6758 buckets. Failed count: 30059
        96B: 4 Subsections = 682 buckets. Failed count: 43829
        112B: 6 Subsections = 877 buckets. Failed count: 28279
        128B: 7 Subsections = 896 buckets. Failed count: 82254
    [ALLOC_DEFAULT_MAIN]
      Peak usage frame count: [16.0 MB-32.0 MB]: 2045 frames, [32.0 MB-64.0 MB]: 4244 frames, [64.0 MB-128.0 MB]: 52390 frames
      Requested Block Size 16.0 MB
      Peak Block count 7
      Peak Allocated memory 108.4 MB
      Peak Large allocation bytes 20.0 MB
    [ALLOC_DEFAULT_THREAD]
      Peak usage frame count: [32.0 MB-64.0 MB]: 16975 frames, [64.0 MB-128.0 MB]: 41704 frames
      Requested Block Size 16.0 MB
      Peak Block count 7
      Peak Allocated memory 93.3 MB
      Peak Large allocation bytes 0 B
[ALLOC_TEMP_JOB_1_FRAME]
  Initial Block Size 2.0 MB
  Used Block Count 0
  Overflow Count (too large) 0
  Overflow Count (full) 0
[ALLOC_TEMP_JOB_2_FRAMES]
  Initial Block Size 2.0 MB
  Used Block Count 0
  Overflow Count (too large) 0
  Overflow Count (full) 0
[ALLOC_TEMP_JOB_4_FRAMES (JobTemp)]
  Initial Block Size 2.0 MB
  Used Block Count 1
  Overflow Count (too large) 0
  Overflow Count (full) 0
[ALLOC_TEMP_JOB_ASYNC (Background)]
  Initial Block Size 1.0 MB
  Used Block Count 1
  Overflow Count (too large) 0
  Overflow Count (full) 0
[ALLOC_GFX] Dual Thread Allocator
  Peak main deferred allocation count 29
    [ALLOC_BUCKET]
      Large Block size 4.0 MB
      Used Block count 1
      Peak Allocated bytes 4.0 MB
      Failed Allocations. Bucket layout:
        16B: 21 Subsections = 21504 buckets. Failed count: 276381
        32B: 28 Subsections = 14336 buckets. Failed count: 237583
        48B: 120 Subsections = 40960 buckets. Failed count: 6028445
        64B: 37 Subsections = 9472 buckets. Failed count: 181760
        80B: 33 Subsections = 6758 buckets. Failed count: 30059
        96B: 4 Subsections = 682 buckets. Failed count: 43829
        112B: 6 Subsections = 877 buckets. Failed count: 28279
        128B: 7 Subsections = 896 buckets. Failed count: 82254
    [ALLOC_GFX_MAIN]
      Peak usage frame count: [0.5 MB-1.0 MB]: 5099 frames, [1.0 MB-2.0 MB]: 7942 frames, [2.0 MB-4.0 MB]: 45638 frames
      Requested Block Size 16.0 MB
      Peak Block count 1
      Peak Allocated memory 3.1 MB
      Peak Large allocation bytes 0 B
    [ALLOC_GFX_THREAD]
      Peak usage frame count: [2.0 MB-4.0 MB]: 5403 frames, [4.0 MB-8.0 MB]: 53276 frames
      Requested Block Size 16.0 MB
      Peak Block count 1
      Peak Allocated memory 5.7 MB
      Peak Large allocation bytes 0 B
[ALLOC_CACHEOBJECTS] Dual Thread Allocator
  Peak main deferred allocation count 867
    [ALLOC_BUCKET]
      Large Block size 4.0 MB
      Used Block count 1
      Peak Allocated bytes 4.0 MB
      Failed Allocations. Bucket layout:
        16B: 21 Subsections = 21504 buckets. Failed count: 276381
        32B: 28 Subsections = 14336 buckets. Failed count: 237583
        48B: 120 Subsections = 40960 buckets. Failed count: 6028445
        64B: 37 Subsections = 9472 buckets. Failed count: 181760
        80B: 33 Subsections = 6758 buckets. Failed count: 30059
        96B: 4 Subsections = 682 buckets. Failed count: 43829
        112B: 6 Subsections = 877 buckets. Failed count: 28279
        128B: 7 Subsections = 896 buckets. Failed count: 82254
    [ALLOC_CACHEOBJECTS_MAIN]
      Peak usage frame count: [4.0 MB-8.0 MB]: 2484 frames, [8.0 MB-16.0 MB]: 56195 frames
      Requested Block Size 4.0 MB
      Peak Block count 4
      Peak Allocated memory 14.1 MB
      Peak Large allocation bytes 2.0 MB
    [ALLOC_CACHEOBJECTS_THREAD]
      Peak usage frame count: [64.0 MB-128.0 MB]: 4846 frames, [128.0 MB-256.0 MB]: 698 frames, [256.0 MB-0.50 GB]: 53135 frames
      Requested Block Size 4.0 MB
      Peak Block count 46
      Peak Allocated memory 281.0 MB
      Peak Large allocation bytes 117.3 MB
[ALLOC_TYPETREE] Dual Thread Allocator
  Peak main deferred allocation count 1
    [ALLOC_BUCKET]
      Large Block size 4.0 MB
      Used Block count 1
      Peak Allocated bytes 4.0 MB
      Failed Allocations. Bucket layout:
        16B: 21 Subsections = 21504 buckets. Failed count: 276381
        32B: 28 Subsections = 14336 buckets. Failed count: 237583
        48B: 120 Subsections = 40960 buckets. Failed count: 6028445
        64B: 37 Subsections = 9472 buckets. Failed count: 181760
        80B: 33 Subsections = 6758 buckets. Failed count: 30059
        96B: 4 Subsections = 682 buckets. Failed count: 43829
        112B: 6 Subsections = 877 buckets. Failed count: 28279
        128B: 7 Subsections = 896 buckets. Failed count: 82254
    [ALLOC_TYPETREE_MAIN]
      Peak usage frame count: [8.0 KB-16.0 KB]: 1 frames, [16.0 KB-32.0 KB]: 1524 frames, [32.0 KB-64.0 KB]: 3292 frames, [64.0 KB-128.0 KB]: 53862 frames
      Requested Block Size 2.0 MB
      Peak Block count 1
      Peak Allocated memory 93.1 KB
      Peak Large allocation bytes 0 B
    [ALLOC_TYPETREE_THREAD]
      Peak usage frame count: [256.0 KB-0.5 MB]: 4818 frames, [0.5 MB-1.0 MB]: 1 frames, [4.0 MB-8.0 MB]: 46025 frames, [8.0 MB-16.0 MB]: 7835 frames
      Requested Block Size 2.0 MB
      Peak Block count 7
      Peak Allocated memory 13.0 MB
      Peak Large allocation bytes 0 B
