Mono path[0] = 'E:/Workspace/Program/monster-train2-poju/.sandbox-game/MonsterTrain2_Data/Managed'
Mono config path = 'E:/Workspace/Program/monster-train2-poju/.sandbox-game/MonoBleedingEdge/etc'
Fallback handler could not load library E:/Workspace/Program/monster-train2-poju/.sandbox-game/MonsterTrain2_Data/MonoBleedingEdge/data-0000022504972090.dll
Fallback handler could not load library E:/Workspace/Program/monster-train2-poju/.sandbox-game/MonsterTrain2_Data/MonoBleedingEdge/data-000002250A0C4040.dll
Input System module state changed to: Initialized.
[PhysX] Initialized MultithreadedTaskDispatcher with 16 workers.
Initialize engine version: 2022.3.62f2 (7670c08855a9)
[Subsystems] Discovering subsystems at path E:/Workspace/Program/monster-train2-poju/.sandbox-game/MonsterTrain2_Data/UnitySubsystems
GfxDevice: creating device client; threaded=1; jobified=0
Direct3D:
    Version:  Direct3D 11.0 [level 11.1]
    Renderer: NVIDIA GeForce RTX 5070 (ID=0x2f04)
    Vendor:   NVIDIA
    VRAM:     11944 MB
    Driver:   32.0.16.1692
Begin MonoManager ReloadAssembly
- Loaded All Assemblies, in  0.088 seconds
- Finished resetting the current domain, in  0.001 seconds
<RI> Initializing input.
<RI> Input initialized.
<RI> Initialized touch support.
[Message:   BepInEx] BepInEx 5.4.21.0 - MonsterTrain2 (2025/11/9 17:30:30)
[Info   :   BepInEx] Running under Unity v2022.3.62.7762112
[Info   :   BepInEx] CLR runtime version: 4.0.30319.42000
[Info   :   BepInEx] Supports SRE: True
[Info   :   BepInEx] System platform: Bits64, Windows
[Message:   BepInEx] Preloader started
[Info   :   BepInEx] Loaded 1 patcher method from [BepInEx.Preloader 5.4.21.0]
[Info   :   BepInEx] 1 patcher plugin loaded
[Info   :   BepInEx] Patching [UnityEngine.CoreModule] with [BepInEx.Chainloader]
[Message:   BepInEx] Preloader finished
[Message:   BepInEx] Chainloader ready
[Message:   BepInEx] Chainloader started
[Info   :   BepInEx] 1 plugins to load
[Info   :   BepInEx] Loading [Monster Train 2 Isolation Probe 0.1.0]
[Info   :Monster Train 2 Isolation Probe] Probe patches installed before AppManager startup; isolated root: E:\Workspace\Program\monster-train2-poju\.probe-runs\run8
[Info   :Monster Train 2 Isolation Probe] Two-turn smoke scenario armed.
[Message:   BepInEx] Chainloader startup complete
[PhysX] Initialized MultithreadedTaskDispatcher with 16 workers.
UnloadTime: 0.472500 ms
[Info   :Monster Train 2 Isolation Probe] AppManager.Awake reached with isolated save-root patch active.
[Info   :Monster Train 2 Isolation Probe] SaveDirStandalone.GetRootDirectory redirected to E:\Workspace\Program\monster-train2-poju\.probe-runs\run8
Unloading 7 Unused Serialized files (Serialized files now loaded: 0)
Unloading 3 unused Assets to reduce memory usage. Loaded Objects now: 27596.
Total: 20.537500 ms (FindLiveObjects: 1.143700 ms CreateObjectMapping: 1.535400 ms MarkObjects: 17.812500 ms  DeleteObjects: 0.045500 ms)

Unloading 14 Unused Serialized files (Serialized files now loaded: 0)
Unloading 15 unused Assets to reduce memory usage. Loaded Objects now: 30368.
Total: 26.268300 ms (FindLiveObjects: 1.529100 ms CreateObjectMapping: 1.704800 ms MarkObjects: 22.955800 ms  DeleteObjects: 0.078300 ms)

Unloading 7 Unused Serialized files (Serialized files now loaded: 0)
Unloading 1 unused Assets to reduce memory usage. Loaded Objects now: 30523.
Total: 29.240800 ms (FindLiveObjects: 1.207900 ms CreateObjectMapping: 1.470600 ms MarkObjects: 26.518400 ms  DeleteObjects: 0.043500 ms)

Unloading 8 Unused Serialized files (Serialized files now loaded: 0)
Unloading 7 unused Assets to reduce memory usage. Loaded Objects now: 32810.
Total: 31.267500 ms (FindLiveObjects: 1.657100 ms CreateObjectMapping: 1.753400 ms MarkObjects: 27.798100 ms  DeleteObjects: 0.058500 ms)

Unloading 10 Unused Serialized files (Serialized files now loaded: 0)
Unloading 2 unused Assets to reduce memory usage. Loaded Objects now: 36896.
Total: 28.440400 ms (FindLiveObjects: 1.892900 ms CreateObjectMapping: 1.677400 ms MarkObjects: 24.811900 ms  DeleteObjects: 0.057600 ms)

Unloading 13 Unused Serialized files (Serialized files now loaded: 0)
Unloading 4 unused Assets to reduce memory usage. Loaded Objects now: 37449.
Total: 29.261700 ms (FindLiveObjects: 2.059400 ms CreateObjectMapping: 1.765200 ms MarkObjects: 25.374200 ms  DeleteObjects: 0.062200 ms)

Unloading 11 Unused Serialized files (Serialized files now loaded: 0)
Unloading 6 unused Assets to reduce memory usage. Loaded Objects now: 45610.
Total: 31.224700 ms (FindLiveObjects: 2.855400 ms CreateObjectMapping: 1.788500 ms MarkObjects: 26.493000 ms  DeleteObjects: 0.087600 ms)

There can be only one active Event System.
[Info   :Monster Train 2 Isolation Probe] AppManager.Awake reached with isolated save-root patch active.
Unloading 8 Unused Serialized files (Serialized files now loaded: 0)
Unloading 4 unused Assets to reduce memory usage. Loaded Objects now: 45860.
Total: 30.833400 ms (FindLiveObjects: 2.636100 ms CreateObjectMapping: 1.638000 ms MarkObjects: 26.481200 ms  DeleteObjects: 0.077800 ms)

[Info   :Monster Train 2 Isolation Probe] Smoke: moved isolated profile from IntroStart to main menu.
[Info   :Monster Train 2 Isolation Probe] Smoke: fixed seed 424242; new run requested.
[Info   :Monster Train 2 Isolation Probe] AppManager.Awake reached with isolated save-root patch active.
Unloading 5 Unused Serialized files (Serialized files now loaded: 0)
Unloading 24 unused Assets to reduce memory usage. Loaded Objects now: 47544.
Total: 27.389100 ms (FindLiveObjects: 3.237300 ms CreateObjectMapping: 1.907100 ms MarkObjects: 21.851600 ms  DeleteObjects: 0.392700 ms)

Unloading 9 Unused Serialized files (Serialized files now loaded: 20)
Unloading 237 unused Assets to reduce memory usage. Loaded Objects now: 73925.
Total: 41.304700 ms (FindLiveObjects: 4.773400 ms CreateObjectMapping: 3.978600 ms MarkObjects: 31.608600 ms  DeleteObjects: 0.943800 ms)

Unloading 5 Unused Serialized files (Serialized files now loaded: 20)
Unloading 3 unused Assets to reduce memory usage. Loaded Objects now: 76963.
Total: 34.313400 ms (FindLiveObjects: 4.256400 ms CreateObjectMapping: 3.341900 ms MarkObjects: 26.598800 ms  DeleteObjects: 0.116000 ms)

Unloading 9 Unused Serialized files (Serialized files now loaded: 20)
Unloading 7 unused Assets to reduce memory usage. Loaded Objects now: 77485.
Total: 40.562500 ms (FindLiveObjects: 5.007800 ms CreateObjectMapping: 3.579000 ms MarkObjects: 31.858900 ms  DeleteObjects: 0.116500 ms)

Unloading 5 Unused Serialized files (Serialized files now loaded: 20)
Unloading 7 unused Assets to reduce memory usage. Loaded Objects now: 93421.
Total: 43.174900 ms (FindLiveObjects: 6.602200 ms CreateObjectMapping: 4.066400 ms MarkObjects: 32.371300 ms  DeleteObjects: 0.134700 ms)

Unloading 7 Unused Serialized files (Serialized files now loaded: 20)
Unloading 4 unused Assets to reduce memory usage. Loaded Objects now: 95607.
Total: 44.954600 ms (FindLiveObjects: 6.626200 ms CreateObjectMapping: 3.775200 ms MarkObjects: 34.411900 ms  DeleteObjects: 0.140900 ms)

Unloading 8 Unused Serialized files (Serialized files now loaded: 20)
Unloading 2 unused Assets to reduce memory usage. Loaded Objects now: 95951.
Total: 44.443700 ms (FindLiveObjects: 6.610500 ms CreateObjectMapping: 3.990300 ms MarkObjects: 33.681500 ms  DeleteObjects: 0.161100 ms)

[Info   :Monster Train 2 Isolation Probe] Smoke: battle requested: Level2BattleSpikes
[Info   :Monster Train 2 Isolation Probe] SMOKE-WAIT stage=Battle managers=True user=UserLoaded menu=False top=Map loading=False sequence=DestinationReached busy=True
[Info   :Monster Train 2 Isolation Probe] SMOKE-WAIT stage=Battle managers=True user=UserLoaded menu=False top=Map loading=False sequence=DestinationReached busy=True
[Info   :Monster Train 2 Isolation Probe] SMOKE-WAIT stage=Battle managers=True user=UserLoaded menu=False top=Map loading=False sequence=DestinationReached busy=True
[Info   :Monster Train 2 Isolation Probe] SMOKE-WAIT stage=Battle managers=True user=UserLoaded menu=False top=Map loading=False sequence=DestinationReached busy=True
[Info   :Monster Train 2 Isolation Probe] SMOKE-WAIT stage=Battle managers=True user=UserLoaded menu=False top=Map loading=False sequence=DestinationReached busy=True
[Info   :Monster Train 2 Isolation Probe] SMOKE-WAIT stage=Battle managers=True user=UserLoaded menu=False top=Map loading=False sequence=DestinationReached busy=True
[Info   :Monster Train 2 Isolation Probe] SMOKE-WAIT stage=Battle managers=True user=UserLoaded menu=False top=Map loading=False sequence=DestinationReached busy=True
[Info   :Monster Train 2 Isolation Probe] SMOKE-WAIT stage=Battle managers=True user=UserLoaded menu=False top=Map loading=False sequence=DestinationReached busy=True
[Info   :Monster Train 2 Isolation Probe] SMOKE-WAIT stage=Battle managers=True user=UserLoaded menu=False top=Map loading=False sequence=DestinationReached busy=True
[Error  :Monster Train 2 Isolation Probe] SMOKE-FAIL Timed out in stage Battle
Input System module state changed to: ShutdownInProgress.
Input System polling thread exited.
Input System module state changed to: Shutdown.
Memory Statistics:
[ALLOC_TEMP_TLS] TLS Allocator
  StackAllocators : 
    [ALLOC_TEMP_MAIN]
      Peak usage frame count: [0-1.0 KB]: 1898 frames, [1.0 KB-2.0 KB]: 1 frames, [2.0 KB-4.0 KB]: 485 frames, [4.0 KB-8.0 KB]: 2707 frames, [8.0 KB-16.0 KB]: 33 frames, [16.0 KB-32.0 KB]: 83361 frames, [32.0 KB-64.0 KB]: 607 frames, [64.0 KB-128.0 KB]: 8 frames, [128.0 KB-256.0 KB]: 6 frames, [256.0 KB-0.5 MB]: 8 frames, [0.5 MB-1.0 MB]: 3 frames, [2.0 MB-4.0 MB]: 1 frames, [4.0 MB-8.0 MB]: 15 frames
      Initial Block Size 4.0 MB
      Current Block Size 7.9 MB
      Peak Allocated Bytes 7.9 MB
      Overflow Count 44
    [ALLOC_TEMP_Loading.AsyncRead]
      Initial Block Size 64.0 KB
      Current Block Size 124.0 KB
      Peak Allocated Bytes 120.5 KB
      Overflow Count 0
    [ALLOC_TEMP_Loading.PreloadManager]
      Initial Block Size 256.0 KB
      Current Block Size 0.5 MB
      Peak Allocated Bytes 511.3 KB
      Overflow Count 104031
    [ALLOC_TEMP_Background Job.Worker 8]
      Initial Block Size 32.0 KB
      Current Block Size 32.0 KB
      Peak Allocated Bytes 54 B
      Overflow Count 0
    [ALLOC_TEMP_Job.Worker 6]
      Initial Block Size 256.0 KB
      Current Block Size 256.0 KB
      Peak Allocated Bytes 26.3 KB
      Overflow Count 0
    [ALLOC_TEMP_Job.Worker 0]
      Initial Block Size 256.0 KB
      Current Block Size 256.0 KB
      Peak Allocated Bytes 26.3 KB
      Overflow Count 0
    [ALLOC_TEMP_Background Job.Worker 10]
      Initial Block Size 32.0 KB
      Current Block Size 32.0 KB
      Peak Allocated Bytes 54 B
      Overflow Count 0
    [ALLOC_TEMP_Background Job.Worker 9]
      Initial Block Size 32.0 KB
      Current Block Size 32.0 KB
      Peak Allocated Bytes 54 B
      Overflow Count 0
    [ALLOC_TEMP_Job.Worker 5]
      Initial Block Size 256.0 KB
      Current Block Size 256.0 KB
      Peak Allocated Bytes 47.3 KB
      Overflow Count 0
    [ALLOC_TEMP_Background Job.Worker 14]
      Initial Block Size 32.0 KB
      Current Block Size 32.0 KB
      Peak Allocated Bytes 54 B
      Overflow Count 0
    [ALLOC_TEMP_Background Job.Worker 6]
      Initial Block Size 32.0 KB
      Current Block Size 32.0 KB
      Peak Allocated Bytes 54 B
      Overflow Count 0
    [ALLOC_TEMP_Job.Worker 4]
      Initial Block Size 256.0 KB
      Current Block Size 256.0 KB
      Peak Allocated Bytes 47.3 KB
      Overflow Count 0
    [ALLOC_TEMP_Job.Worker 14]
      Initial Block Size 256.0 KB
      Current Block Size 256.0 KB
      Peak Allocated Bytes 136 B
      Overflow Count 0
    [ALLOC_TEMP_Job.Worker 3]
      Initial Block Size 256.0 KB
      Current Block Size 256.0 KB
      Peak Allocated Bytes 47.3 KB
      Overflow Count 0
    [ALLOC_TEMP_Job.Worker 13]
      Initial Block Size 256.0 KB
      Current Block Size 256.0 KB
      Peak Allocated Bytes 26.3 KB
      Overflow Count 0
    [ALLOC_TEMP_Background Job.Worker 12]
      Initial Block Size 32.0 KB
      Current Block Size 32.0 KB
      Peak Allocated Bytes 54 B
      Overflow Count 0
    [ALLOC_TEMP_EnlightenWorker] x 8
      Initial Block Size 64.0 KB
      Current Block Size 64.0 KB
      Peak Allocated Bytes 54 B
      Overflow Count 0
    [ALLOC_TEMP_Background Job.Worker 15]
      Initial Block Size 32.0 KB
      Current Block Size 32.0 KB
      Peak Allocated Bytes 54 B
      Overflow Count 0
    [ALLOC_TEMP_Background Job.Worker 1]
      Initial Block Size 32.0 KB
      Current Block Size 32.0 KB
      Peak Allocated Bytes 1.6 KB
      Overflow Count 0
    [ALLOC_TEMP_Background Job.Worker 2]
      Initial Block Size 32.0 KB
      Current Block Size 32.0 KB
      Peak Allocated Bytes 21.0 KB
      Overflow Count 0
    [ALLOC_TEMP_Background Job.Worker 7]
      Initial Block Size 32.0 KB
      Current Block Size 32.0 KB
      Peak Allocated Bytes 54 B
      Overflow Count 0
    [ALLOC_TEMP_UnityGfxDeviceWorker]
      Initial Block Size 256.0 KB
      Current Block Size 256.0 KB
      Peak Allocated Bytes 26.3 KB
      Overflow Count 0
    [ALLOC_TEMP_AssetGarbageCollectorHelper] x 15
      Initial Block Size 64.0 KB
      Current Block Size 64.0 KB
      Peak Allocated Bytes 138 B
      Overflow Count 0
    [ALLOC_TEMP_Background Job.Worker 5]
      Initial Block Size 32.0 KB
      Current Block Size 32.0 KB
      Peak Allocated Bytes 54 B
      Overflow Count 0
    [ALLOC_TEMP_Job.Worker 9]
      Initial Block Size 256.0 KB
      Current Block Size 256.0 KB
      Peak Allocated Bytes 26.3 KB
      Overflow Count 0
    [ALLOC_TEMP_Background Job.Worker 13]
      Initial Block Size 32.0 KB
      Current Block Size 32.0 KB
      Peak Allocated Bytes 54 B
      Overflow Count 0
    [ALLOC_TEMP_Job.Worker 8]
      Initial Block Size 256.0 KB
      Current Block Size 256.0 KB
      Peak Allocated Bytes 26.3 KB
      Overflow Count 0
    [ALLOC_TEMP_Job.Worker 7]
      Initial Block Size 256.0 KB
      Current Block Size 256.0 KB
      Peak Allocated Bytes 26.3 KB
      Overflow Count 0
    [ALLOC_TEMP_Job.Worker 1]
      Initial Block Size 256.0 KB
      Current Block Size 256.0 KB
      Peak Allocated Bytes 49.4 KB
      Overflow Count 0
    [ALLOC_TEMP_Job.Worker 2]
      Initial Block Size 256.0 KB
      Current Block Size 256.0 KB
      Peak Allocated Bytes 47.3 KB
      Overflow Count 0
    [ALLOC_TEMP_Background Job.Worker 3]
      Initial Block Size 32.0 KB
      Current Block Size 32.0 KB
      Peak Allocated Bytes 3.0 KB
      Overflow Count 0
    [ALLOC_TEMP_Background Job.Worker 11]
      Initial Block Size 32.0 KB
      Current Block Size 32.0 KB
      Peak Allocated Bytes 54 B
      Overflow Count 0
    [ALLOC_TEMP_Job.Worker 10]
      Initial Block Size 256.0 KB
      Current Block Size 256.0 KB
      Peak Allocated Bytes 47.3 KB
      Overflow Count 0
    [ALLOC_TEMP_Background Job.Worker 0]
      Initial Block Size 32.0 KB
      Current Block Size 32.0 KB
      Peak Allocated Bytes 54 B
      Overflow Count 0
    [ALLOC_TEMP_Job.Worker 11]
      Initial Block Size 256.0 KB
      Current Block Size 256.0 KB
      Peak Allocated Bytes 47.3 KB
      Overflow Count 0
    [ALLOC_TEMP_Job.Worker 12]
      Initial Block Size 256.0 KB
      Current Block Size 256.0 KB
      Peak Allocated Bytes 26.3 KB
      Overflow Count 0
    [ALLOC_TEMP_Background Job.Worker 4]
      Initial Block Size 32.0 KB
      Current Block Size 32.0 KB
      Peak Allocated Bytes 2.6 KB
      Overflow Count 0
    [ALLOC_TEMP_BatchDeleteObjects]
      Initial Block Size 64.0 KB
      Current Block Size 64.0 KB
      Peak Allocated Bytes 54 B
      Overflow Count 0
[ALLOC_DEFAULT] Dual Thread Allocator
  Peak main deferred allocation count 26456
    [ALLOC_BUCKET]
      Large Block size 4.0 MB
      Used Block count 1
      Peak Allocated bytes 4.0 MB
      Failed Allocations. Bucket layout:
        16B: 21 Subsections = 21504 buckets. Failed count: 117361
        32B: 28 Subsections = 14336 buckets. Failed count: 246131
        48B: 120 Subsections = 40960 buckets. Failed count: 1154628
        64B: 37 Subsections = 9472 buckets. Failed count: 84291
        80B: 33 Subsections = 6758 buckets. Failed count: 16672
        96B: 4 Subsections = 682 buckets. Failed count: 27183
        112B: 6 Subsections = 877 buckets. Failed count: 14162
        128B: 7 Subsections = 896 buckets. Failed count: 44935
    [ALLOC_DEFAULT_MAIN]
      Peak usage frame count: [16.0 MB-32.0 MB]: 1796 frames, [32.0 MB-64.0 MB]: 3502 frames, [64.0 MB-128.0 MB]: 83835 frames
      Requested Block Size 16.0 MB
      Peak Block count 5
      Peak Allocated memory 74.4 MB
      Peak Large allocation bytes 8.0 MB
    [ALLOC_DEFAULT_THREAD]
      Peak usage frame count: [32.0 MB-64.0 MB]: 4908 frames, [64.0 MB-128.0 MB]: 84225 frames
      Requested Block Size 16.0 MB
      Peak Block count 5
      Peak Allocated memory 67.4 MB
      Peak Large allocation bytes 0 B
[ALLOC_TEMP_JOB_1_FRAME]
  Initial Block Size 2.0 MB
  Used Block Count 0
  Overflow Count (too large) 0
  Overflow Count (full) 0
[ALLOC_TEMP_JOB_2_FRAMES]
  Initial Block Size 2.0 MB
  Used Block Count 0
  Overflow Count (too large) 0
  Overflow Count (full) 0
[ALLOC_TEMP_JOB_4_FRAMES (JobTemp)]
  Initial Block Size 2.0 MB
  Used Block Count 1
  Overflow Count (too large) 0
  Overflow Count (full) 0
[ALLOC_TEMP_JOB_ASYNC (Background)]
  Initial Block Size 1.0 MB
  Used Block Count 1
  Overflow Count (too large) 0
  Overflow Count (full) 0
[ALLOC_GFX] Dual Thread Allocator
  Peak main deferred allocation count 17
    [ALLOC_BUCKET]
      Large Block size 4.0 MB
      Used Block count 1
      Peak Allocated bytes 4.0 MB
      Failed Allocations. Bucket layout:
        16B: 21 Subsections = 21504 buckets. Failed count: 117361
        32B: 28 Subsections = 14336 buckets. Failed count: 246131
        48B: 120 Subsections = 40960 buckets. Failed count: 1154628
        64B: 37 Subsections = 9472 buckets. Failed count: 84291
        80B: 33 Subsections = 6758 buckets. Failed count: 16672
        96B: 4 Subsections = 682 buckets. Failed count: 27183
        112B: 6 Subsections = 877 buckets. Failed count: 14162
        128B: 7 Subsections = 896 buckets. Failed count: 44935
    [ALLOC_GFX_MAIN]
      Peak usage frame count: [0.5 MB-1.0 MB]: 4528 frames, [1.0 MB-2.0 MB]: 84605 frames
      Requested Block Size 16.0 MB
      Peak Block count 1
      Peak Allocated memory 1.8 MB
      Peak Large allocation bytes 0 B
    [ALLOC_GFX_THREAD]
      Peak usage frame count: [2.0 MB-4.0 MB]: 4802 frames, [4.0 MB-8.0 MB]: 84331 frames
      Requested Block Size 16.0 MB
      Peak Block count 1
      Peak Allocated memory 4.9 MB
      Peak Large allocation bytes 0 B
[ALLOC_CACHEOBJECTS] Dual Thread Allocator
  Peak main deferred allocation count 150
    [ALLOC_BUCKET]
      Large Block size 4.0 MB
      Used Block count 1
      Peak Allocated bytes 4.0 MB
      Failed Allocations. Bucket layout:
        16B: 21 Subsections = 21504 buckets. Failed count: 117361
        32B: 28 Subsections = 14336 buckets. Failed count: 246131
        48B: 120 Subsections = 40960 buckets. Failed count: 1154628
        64B: 37 Subsections = 9472 buckets. Failed count: 84291
        80B: 33 Subsections = 6758 buckets. Failed count: 16672
        96B: 4 Subsections = 682 buckets. Failed count: 27183
        112B: 6 Subsections = 877 buckets. Failed count: 14162
        128B: 7 Subsections = 896 buckets. Failed count: 44935
    [ALLOC_CACHEOBJECTS_MAIN]
      Peak usage frame count: [4.0 MB-8.0 MB]: 2157 frames, [8.0 MB-16.0 MB]: 86976 frames
      Requested Block Size 4.0 MB
      Peak Block count 4
      Peak Allocated memory 15.8 MB
      Peak Large allocation bytes 2.0 MB
    [ALLOC_CACHEOBJECTS_THREAD]
      Peak usage frame count: [64.0 MB-128.0 MB]: 4577 frames, [128.0 MB-256.0 MB]: 84556 frames
      Requested Block Size 4.0 MB
      Peak Block count 36
      Peak Allocated memory 237.0 MB
      Peak Large allocation bytes 109.3 MB
[ALLOC_TYPETREE] Dual Thread Allocator
  Peak main deferred allocation count 1
    [ALLOC_BUCKET]
      Large Block size 4.0 MB
      Used Block count 1
      Peak Allocated bytes 4.0 MB
      Failed Allocations. Bucket layout:
        16B: 21 Subsections = 21504 buckets. Failed count: 117361
        32B: 28 Subsections = 14336 buckets. Failed count: 246131
        48B: 120 Subsections = 40960 buckets. Failed count: 1154628
        64B: 37 Subsections = 9472 buckets. Failed count: 84291
        80B: 33 Subsections = 6758 buckets. Failed count: 16672
        96B: 4 Subsections = 682 buckets. Failed count: 27183
        112B: 6 Subsections = 877 buckets. Failed count: 14162
        128B: 7 Subsections = 896 buckets. Failed count: 44935
    [ALLOC_TYPETREE_MAIN]
      Peak usage frame count: [8.0 KB-16.0 KB]: 1 frames, [16.0 KB-32.0 KB]: 1255 frames, [32.0 KB-64.0 KB]: 3272 frames, [64.0 KB-128.0 KB]: 84605 frames
      Requested Block Size 2.0 MB
      Peak Block count 1
      Peak Allocated memory 90.3 KB
      Peak Large allocation bytes 0 B
    [ALLOC_TYPETREE_THREAD]
      Peak usage frame count: [256.0 KB-0.5 MB]: 4529 frames, [0.5 MB-1.0 MB]: 1 frames, [2.0 MB-4.0 MB]: 98 frames, [4.0 MB-8.0 MB]: 84505 frames
      Requested Block Size 2.0 MB
      Peak Block count 3
      Peak Allocated memory 5.7 MB
      Peak Large allocation bytes 0 B
